Copyright 1986-2022 Xilinx, Inc. All Rights Reserved. Copyright 2022-2025 Advanced Micro Devices, Inc. All Rights Reserved.
---------------------------------------------------------------------------------------------------------------------------------------------
| Tool Version : Vivado v.2025.2 (win64) Build 6299465 Fri Nov 14 19:35:11 GMT 2025
| Date         : Wed Aug  5 10:40:23 2026
| Host         : Tyler running 64-bit major release  (build 9200)
| Command      : report_drc -file X:/reports/vivado/baselines/mxfp8/impl_drc.rpt
| Design       : gdn_mxfp8_top
| Device       : xcu55c-fsvh2892-2L-e
| Speed File   : -2L
| Design State : Fully Routed
---------------------------------------------------------------------------------------------------------------------------------------------

Report DRC

Table of Contents
-----------------
1. REPORT SUMMARY
2. REPORT DETAILS

1. REPORT SUMMARY
-----------------
            Netlist: netlist
          Floorplan: checkpoint_mxfp8_post_synth
      Design limits: <entire design considered>
           Ruledeck: default
             Max checks: <unlimited>
             Checks found: 6
+-----------+----------+------------------------+--------+
| Rule      | Severity | Description            | Checks |
+-----------+----------+------------------------+--------+
| DPIP-2    | Warning  | Input pipelining       | 2      |
| DPOP-3    | Warning  | PREG Output pipelining | 1      |
| DPOP-4    | Warning  | MREG Output pipelining | 2      |
| RTSTAT-10 | Warning  | No routable loads      | 1      |
+-----------+----------+------------------------+--------+

2. REPORT DETAILS
-----------------
DPIP-2#1 Warning
Input pipelining  
DSP grp_gdn_mxfp8_top_impl_fu_1646/grp_phase3_delta_tile_fu_4425/grp_phase3_delta_tile_Pipeline_delta_mxfp8_lanes_fu_151/mul_32s_16ns_48_2_1_U1458/buff0_reg input grp_gdn_mxfp8_top_impl_fu_1646/grp_phase3_delta_tile_fu_4425/grp_phase3_delta_tile_Pipeline_delta_mxfp8_lanes_fu_151/mul_32s_16ns_48_2_1_U1458/buff0_reg/B[17:0] is not pipelined. Pipelining DSP48 input will improve performance.
Related violations: <none>

DPIP-2#2 Warning
Input pipelining  
DSP grp_gdn_mxfp8_top_impl_fu_1646/grp_phase3_delta_tile_fu_4425/grp_phase3_delta_tile_Pipeline_delta_mxfp8_lanes_fu_151/mul_32s_16ns_48_2_1_U1458/tmp_product input grp_gdn_mxfp8_top_impl_fu_1646/grp_phase3_delta_tile_fu_4425/grp_phase3_delta_tile_Pipeline_delta_mxfp8_lanes_fu_151/mul_32s_16ns_48_2_1_U1458/tmp_product/A[29:0] is not pipelined. Pipelining DSP48 input will improve performance.
Related violations: <none>

DPOP-3#1 Warning
PREG Output pipelining  
DSP grp_gdn_mxfp8_top_impl_fu_1646/grp_phase3_delta_tile_fu_4425/grp_phase3_delta_tile_Pipeline_delta_mxfp8_lanes_fu_151/mul_32s_16ns_48_2_1_U1458/tmp_product output grp_gdn_mxfp8_top_impl_fu_1646/grp_phase3_delta_tile_fu_4425/grp_phase3_delta_tile_Pipeline_delta_mxfp8_lanes_fu_151/mul_32s_16ns_48_2_1_U1458/tmp_product/P[47:0] is not pipelined (PREG=0). Pipelining the DSP48 output will improve performance and often saves power so it is suggested whenever possible to fully pipeline this function.  If this DSP48 function was inferred, it is suggested to describe an additional register stage after this function.  If the DSP48 was instantiated in the design, it is suggested to set the PREG attribute to 1.
Related violations: <none>

DPOP-4#1 Warning
MREG Output pipelining  
DSP grp_gdn_mxfp8_top_impl_fu_1646/grp_phase3_delta_tile_fu_4425/grp_phase3_delta_tile_Pipeline_delta_mxfp8_lanes_fu_151/mul_32s_16ns_48_2_1_U1458/buff0_reg multiplier stage grp_gdn_mxfp8_top_impl_fu_1646/grp_phase3_delta_tile_fu_4425/grp_phase3_delta_tile_Pipeline_delta_mxfp8_lanes_fu_151/mul_32s_16ns_48_2_1_U1458/buff0_reg/P[47:0] is not pipelined (MREG=0). Pipelining the multiplier function will improve performance and will save significant power so it is suggested whenever possible to fully pipeline this function.  If this multiplier was inferred, it is suggested to describe an additional register stage after this function.  If there is no registered adder/accumulator following the multiply function, two pipeline stages are suggested to allow both the MREG and PREG registers to be used.  If the DSP48 was instantiated in the design, it is suggested to set both the MREG and PREG attributes to 1 when performing multiply functions.
Related violations: <none>

DPOP-4#2 Warning
MREG Output pipelining  
DSP grp_gdn_mxfp8_top_impl_fu_1646/grp_phase3_delta_tile_fu_4425/grp_phase3_delta_tile_Pipeline_delta_mxfp8_lanes_fu_151/mul_32s_16ns_48_2_1_U1458/tmp_product multiplier stage grp_gdn_mxfp8_top_impl_fu_1646/grp_phase3_delta_tile_fu_4425/grp_phase3_delta_tile_Pipeline_delta_mxfp8_lanes_fu_151/mul_32s_16ns_48_2_1_U1458/tmp_product/P[47:0] is not pipelined (MREG=0). Pipelining the multiplier function will improve performance and will save significant power so it is suggested whenever possible to fully pipeline this function.  If this multiplier was inferred, it is suggested to describe an additional register stage after this function.  If there is no registered adder/accumulator following the multiply function, two pipeline stages are suggested to allow both the MREG and PREG registers to be used.  If the DSP48 was instantiated in the design, it is suggested to set both the MREG and PREG attributes to 1 when performing multiply functions.
Related violations: <none>

RTSTAT-10#1 Warning
No routable loads  
689 net(s) have no routable loads. The problem bus(es) and/or net(s) are gmem0_m_axi_U/bus_read/rreq_burst_conv/burst_sequential/m_axi_gmem0_ARADDR[0],
gmem0_m_axi_U/bus_read/rreq_burst_conv/burst_sequential/m_axi_gmem0_ARADDR[10],
gmem0_m_axi_U/bus_read/rreq_burst_conv/burst_sequential/m_axi_gmem0_ARADDR[11],
gmem0_m_axi_U/bus_read/rreq_burst_conv/burst_sequential/m_axi_gmem0_ARADDR[12],
gmem0_m_axi_U/bus_read/rreq_burst_conv/burst_sequential/m_axi_gmem0_ARADDR[13],
gmem0_m_axi_U/bus_read/rreq_burst_conv/burst_sequential/m_axi_gmem0_ARADDR[1],
gmem0_m_axi_U/bus_read/rreq_burst_conv/burst_sequential/m_axi_gmem0_ARADDR[2],
gmem0_m_axi_U/bus_read/rreq_burst_conv/burst_sequential/m_axi_gmem0_ARADDR[3],
gmem3_m_axi_U/bus_read/rreq_burst_conv/burst_sequential/Q[0],
gmem3_m_axi_U/bus_read/rreq_burst_conv/burst_sequential/Q[1],
gmem3_m_axi_U/bus_read/rreq_burst_conv/burst_sequential/Q[2],
gmem3_m_axi_U/bus_read/rreq_burst_conv/burst_sequential/Q[3],
gmem5_m_axi_U/bus_write/wreq_throttle/rs_req/data_p1_reg[67]_0[65:0],
gmem6_m_axi_U/bus_write/wreq_throttle/rs_req/data_p1_reg[67]_0[65:0],
gmem7_m_axi_U/bus_write/wreq_throttle/rs_req/data_p1_reg[67]_0[64:0]
 (the first 15 of 245 listed nets/buses).
Related violations: <none>


