Copyright 1986-2022 Xilinx, Inc. All Rights Reserved. Copyright 2022-2025 Advanced Micro Devices, Inc. All Rights Reserved.
---------------------------------------------------------------------------------------------------------------------------------------------
| Tool Version : Vivado v.2025.2 (win64) Build 6299465 Fri Nov 14 19:35:11 GMT 2025
| Date         : Wed Aug  5 10:39:43 2026
| Host         : Tyler running 64-bit major release  (build 9200)
| Command      : report_utilization -hierarchical -file X:/reports/vivado/baselines/mxfp8/impl_util_hierarchical.rpt
| Design       : gdn_mxfp8_top
| Device       : xcu55c-fsvh2892-2L-e
| Speed File   : -2L
| Design State : Routed
---------------------------------------------------------------------------------------------------------------------------------------------

Utilization Design Information

Table of Contents
-----------------
1. Utilization by Hierarchy

1. Utilization by Hierarchy
---------------------------

+--------------------------------------------------------------------------------------------------------+---------------------------------------------------------------------------------------------------+------------+------------+---------+------+-------+--------+--------+------+------------+
|                                                Instance                                                |                                               Module                                              | Total LUTs | Logic LUTs | LUTRAMs | SRLs |  FFs  | RAMB36 | RAMB18 | URAM | DSP Blocks |
+--------------------------------------------------------------------------------------------------------+---------------------------------------------------------------------------------------------------+------------+------------+---------+------+-------+--------+--------+------+------------+
| gdn_mxfp8_top                                                                                          |                                                                                             (top) |      58582 |      46975 |   10949 |  658 | 39807 |    161 |      7 |  576 |          2 |
|   (gdn_mxfp8_top)                                                                                      |                                                                                             (top) |          5 |          0 |       0 |    5 |  1186 |      0 |      0 |    0 |          0 |
|   control_r_s_axi_U                                                                                    |                                                                     gdn_mxfp8_top_control_r_s_axi |       1152 |       1152 |       0 |    0 |  1195 |      0 |      0 |    0 |          0 |
|   control_s_axi_U                                                                                      |                                                                       gdn_mxfp8_top_control_s_axi |         70 |         70 |       0 |    0 |    77 |      0 |      0 |    0 |          0 |
|   gmem0_m_axi_U                                                                                        |                                                                         gdn_mxfp8_top_gmem0_m_axi |        609 |        572 |       0 |   37 |   974 |      0 |      1 |    0 |          0 |
|     bus_read                                                                                           |                                                                    gdn_mxfp8_top_gmem0_m_axi_read |        387 |        387 |       0 |    0 |   631 |      0 |      0 |    0 |          0 |
|       rreq_burst_conv                                                                                  |                                                         gdn_mxfp8_top_gmem0_m_axi_burst_converter |        310 |        310 |       0 |    0 |   529 |      0 |      0 |    0 |          0 |
|         burst_sequential                                                                               |                                                        gdn_mxfp8_top_gmem0_m_axi_burst_sequential |        310 |        310 |       0 |    0 |   529 |      0 |      0 |    0 |          0 |
|           (burst_sequential)                                                                           |                                                        gdn_mxfp8_top_gmem0_m_axi_burst_sequential |        145 |        145 |       0 |    0 |   332 |      0 |      0 |    0 |          0 |
|           rs_req                                                                                       |                                               gdn_mxfp8_top_gmem0_m_axi_reg_slice__parameterized0 |        165 |        165 |       0 |    0 |   197 |      0 |      0 |    0 |          0 |
|       rs_rdata                                                                                         |                                               gdn_mxfp8_top_gmem0_m_axi_reg_slice__parameterized1 |         39 |         39 |       0 |    0 |    71 |      0 |      0 |    0 |          0 |
|     load_unit_0                                                                                        |                                                                    gdn_mxfp8_top_gmem0_m_axi_load |        223 |        186 |       0 |   37 |   343 |      0 |      1 |    0 |          0 |
|       (load_unit_0)                                                                                    |                                                                    gdn_mxfp8_top_gmem0_m_axi_load |          1 |          1 |       0 |    0 |   135 |      0 |      0 |    0 |          0 |
|       bus_wide_gen.rs_rdata_int                                                                        |                                                               gdn_mxfp8_top_gmem0_m_axi_reg_slice |         74 |         74 |       0 |    0 |    71 |      0 |      0 |    0 |          0 |
|       fifo_rreq                                                                                        |                                                    gdn_mxfp8_top_gmem0_m_axi_fifo__parameterized0 |         55 |         22 |       0 |   33 |    79 |      0 |      0 |    0 |          0 |
|         U_fifo_srl                                                                                     |                                                     gdn_mxfp8_top_gmem0_m_axi_srl__parameterized0 |         37 |          4 |       0 |   33 |    65 |      0 |      0 |    0 |          0 |
|   gmem1_m_axi_U                                                                                        |                                                                         gdn_mxfp8_top_gmem1_m_axi |        605 |        568 |       0 |   37 |   974 |      0 |      1 |    0 |          0 |
|     bus_read                                                                                           |                                                                    gdn_mxfp8_top_gmem1_m_axi_read |        385 |        385 |       0 |    0 |   631 |      0 |      0 |    0 |          0 |
|       rreq_burst_conv                                                                                  |                                                         gdn_mxfp8_top_gmem1_m_axi_burst_converter |        308 |        308 |       0 |    0 |   529 |      0 |      0 |    0 |          0 |
|         burst_sequential                                                                               |                                                        gdn_mxfp8_top_gmem1_m_axi_burst_sequential |        308 |        308 |       0 |    0 |   529 |      0 |      0 |    0 |          0 |
|           (burst_sequential)                                                                           |                                                        gdn_mxfp8_top_gmem1_m_axi_burst_sequential |        143 |        143 |       0 |    0 |   332 |      0 |      0 |    0 |          0 |
|           rs_req                                                                                       |                                               gdn_mxfp8_top_gmem1_m_axi_reg_slice__parameterized0 |        165 |        165 |       0 |    0 |   197 |      0 |      0 |    0 |          0 |
|       rs_rdata                                                                                         |                                               gdn_mxfp8_top_gmem1_m_axi_reg_slice__parameterized1 |         39 |         39 |       0 |    0 |    71 |      0 |      0 |    0 |          0 |
|     load_unit_0                                                                                        |                                                                    gdn_mxfp8_top_gmem1_m_axi_load |        221 |        184 |       0 |   37 |   343 |      0 |      1 |    0 |          0 |
|       (load_unit_0)                                                                                    |                                                                    gdn_mxfp8_top_gmem1_m_axi_load |          0 |          0 |       0 |    0 |   135 |      0 |      0 |    0 |          0 |
|       bus_wide_gen.rs_rdata_int                                                                        |                                                               gdn_mxfp8_top_gmem1_m_axi_reg_slice |         75 |         75 |       0 |    0 |    71 |      0 |      0 |    0 |          0 |
|       fifo_rreq                                                                                        |                                                    gdn_mxfp8_top_gmem1_m_axi_fifo__parameterized0 |         56 |         23 |       0 |   33 |    79 |      0 |      0 |    0 |          0 |
|         U_fifo_srl                                                                                     |                                                     gdn_mxfp8_top_gmem1_m_axi_srl__parameterized0 |         37 |          4 |       0 |   33 |    65 |      0 |      0 |    0 |          0 |
|   gmem2_m_axi_U                                                                                        |                                                                         gdn_mxfp8_top_gmem2_m_axi |        605 |        568 |       0 |   37 |   974 |      0 |      1 |    0 |          0 |
|     bus_read                                                                                           |                                                                    gdn_mxfp8_top_gmem2_m_axi_read |        385 |        385 |       0 |    0 |   631 |      0 |      0 |    0 |          0 |
|       rreq_burst_conv                                                                                  |                                                         gdn_mxfp8_top_gmem2_m_axi_burst_converter |        308 |        308 |       0 |    0 |   529 |      0 |      0 |    0 |          0 |
|         burst_sequential                                                                               |                                                        gdn_mxfp8_top_gmem2_m_axi_burst_sequential |        308 |        308 |       0 |    0 |   529 |      0 |      0 |    0 |          0 |
|           (burst_sequential)                                                                           |                                                        gdn_mxfp8_top_gmem2_m_axi_burst_sequential |        143 |        143 |       0 |    0 |   332 |      0 |      0 |    0 |          0 |
|           rs_req                                                                                       |                                               gdn_mxfp8_top_gmem2_m_axi_reg_slice__parameterized0 |        165 |        165 |       0 |    0 |   197 |      0 |      0 |    0 |          0 |
|       rs_rdata                                                                                         |                                               gdn_mxfp8_top_gmem2_m_axi_reg_slice__parameterized1 |         39 |         39 |       0 |    0 |    71 |      0 |      0 |    0 |          0 |
|     load_unit_0                                                                                        |                                                                    gdn_mxfp8_top_gmem2_m_axi_load |        221 |        184 |       0 |   37 |   343 |      0 |      1 |    0 |          0 |
|       (load_unit_0)                                                                                    |                                                                    gdn_mxfp8_top_gmem2_m_axi_load |          1 |          1 |       0 |    0 |   135 |      0 |      0 |    0 |          0 |
|       bus_wide_gen.rs_rdata_int                                                                        |                                                               gdn_mxfp8_top_gmem2_m_axi_reg_slice |         75 |         75 |       0 |    0 |    71 |      0 |      0 |    0 |          0 |
|       fifo_rreq                                                                                        |                                                    gdn_mxfp8_top_gmem2_m_axi_fifo__parameterized0 |         55 |         22 |       0 |   33 |    79 |      0 |      0 |    0 |          0 |
|         U_fifo_srl                                                                                     |                                                     gdn_mxfp8_top_gmem2_m_axi_srl__parameterized0 |         37 |          4 |       0 |   33 |    65 |      0 |      0 |    0 |          0 |
|   gmem3_m_axi_U                                                                                        |                                                                         gdn_mxfp8_top_gmem3_m_axi |        601 |        566 |       0 |   35 |   964 |      0 |      1 |    0 |          0 |
|     bus_read                                                                                           |                                                                    gdn_mxfp8_top_gmem3_m_axi_read |        409 |        409 |       0 |    0 |   627 |      0 |      0 |    0 |          0 |
|       rreq_burst_conv                                                                                  |                                                         gdn_mxfp8_top_gmem3_m_axi_burst_converter |        334 |        334 |       0 |    0 |   525 |      0 |      0 |    0 |          0 |
|         burst_sequential                                                                               |                                                        gdn_mxfp8_top_gmem3_m_axi_burst_sequential |        334 |        334 |       0 |    0 |   525 |      0 |      0 |    0 |          0 |
|           (burst_sequential)                                                                           |                                                        gdn_mxfp8_top_gmem3_m_axi_burst_sequential |        147 |        147 |       0 |    0 |   332 |      0 |      0 |    0 |          0 |
|           rs_req                                                                                       |                                               gdn_mxfp8_top_gmem3_m_axi_reg_slice__parameterized0 |        187 |        187 |       0 |    0 |   193 |      0 |      0 |    0 |          0 |
|       rs_rdata                                                                                         |                                               gdn_mxfp8_top_gmem3_m_axi_reg_slice__parameterized1 |         40 |         40 |       0 |    0 |    71 |      0 |      0 |    0 |          0 |
|     load_unit_0                                                                                        |                                                                    gdn_mxfp8_top_gmem3_m_axi_load |        192 |        157 |       0 |   35 |   337 |      0 |      1 |    0 |          0 |
|       (load_unit_0)                                                                                    |                                                                    gdn_mxfp8_top_gmem3_m_axi_load |          1 |          1 |       0 |    0 |   132 |      0 |      0 |    0 |          0 |
|       bus_wide_gen.rs_rdata_int                                                                        |                                                               gdn_mxfp8_top_gmem3_m_axi_reg_slice |         60 |         60 |       0 |    0 |    71 |      0 |      0 |    0 |          0 |
|       fifo_rreq                                                                                        |                                                    gdn_mxfp8_top_gmem3_m_axi_fifo__parameterized0 |         52 |         19 |       0 |   33 |    78 |      0 |      0 |    0 |          0 |
|         U_fifo_srl                                                                                     |                                                     gdn_mxfp8_top_gmem3_m_axi_srl__parameterized0 |         36 |          3 |       0 |   33 |    64 |      0 |      0 |    0 |          0 |
|   gmem4_m_axi_U                                                                                        |                                                                         gdn_mxfp8_top_gmem4_m_axi |        607 |        570 |       0 |   37 |   974 |      0 |      1 |    0 |          0 |
|     bus_read                                                                                           |                                                                    gdn_mxfp8_top_gmem4_m_axi_read |        386 |        386 |       0 |    0 |   631 |      0 |      0 |    0 |          0 |
|       rreq_burst_conv                                                                                  |                                                         gdn_mxfp8_top_gmem4_m_axi_burst_converter |        309 |        309 |       0 |    0 |   529 |      0 |      0 |    0 |          0 |
|         burst_sequential                                                                               |                                                        gdn_mxfp8_top_gmem4_m_axi_burst_sequential |        309 |        309 |       0 |    0 |   529 |      0 |      0 |    0 |          0 |
|           (burst_sequential)                                                                           |                                                        gdn_mxfp8_top_gmem4_m_axi_burst_sequential |        144 |        144 |       0 |    0 |   332 |      0 |      0 |    0 |          0 |
|           rs_req                                                                                       |                                               gdn_mxfp8_top_gmem4_m_axi_reg_slice__parameterized0 |        165 |        165 |       0 |    0 |   197 |      0 |      0 |    0 |          0 |
|       rs_rdata                                                                                         |                                               gdn_mxfp8_top_gmem4_m_axi_reg_slice__parameterized1 |         39 |         39 |       0 |    0 |    71 |      0 |      0 |    0 |          0 |
|     load_unit_0                                                                                        |                                                                    gdn_mxfp8_top_gmem4_m_axi_load |        222 |        185 |       0 |   37 |   343 |      0 |      1 |    0 |          0 |
|       (load_unit_0)                                                                                    |                                                                    gdn_mxfp8_top_gmem4_m_axi_load |          1 |          1 |       0 |    0 |   135 |      0 |      0 |    0 |          0 |
|       bus_wide_gen.rs_rdata_int                                                                        |                                                               gdn_mxfp8_top_gmem4_m_axi_reg_slice |         75 |         75 |       0 |    0 |    71 |      0 |      0 |    0 |          0 |
|       fifo_rreq                                                                                        |                                                    gdn_mxfp8_top_gmem4_m_axi_fifo__parameterized0 |         56 |         23 |       0 |   33 |    79 |      0 |      0 |    0 |          0 |
|         U_fifo_srl                                                                                     |                                                     gdn_mxfp8_top_gmem4_m_axi_srl__parameterized0 |         37 |          4 |       0 |   33 |    65 |      0 |      0 |    0 |          0 |
|   gmem5_m_axi_U                                                                                        |                                                                         gdn_mxfp8_top_gmem5_m_axi |        661 |        553 |       0 |  108 |  1105 |      0 |      0 |    0 |          0 |
|     bus_write                                                                                          |                                                                   gdn_mxfp8_top_gmem5_m_axi_write |        464 |        431 |       0 |   33 |   820 |      0 |      0 |    0 |          0 |
|       wreq_burst_conv                                                                                  |                                                         gdn_mxfp8_top_gmem5_m_axi_burst_converter |        288 |        288 |       0 |    0 |   521 |      0 |      0 |    0 |          0 |
|         burst_sequential                                                                               |                                                        gdn_mxfp8_top_gmem5_m_axi_burst_sequential |        288 |        288 |       0 |    0 |   521 |      0 |      0 |    0 |          0 |
|           (burst_sequential)                                                                           |                                                        gdn_mxfp8_top_gmem5_m_axi_burst_sequential |        141 |        141 |       0 |    0 |   332 |      0 |      0 |    0 |          0 |
|           rs_req                                                                                       |                                                               gdn_mxfp8_top_gmem5_m_axi_reg_slice |        147 |        147 |       0 |    0 |   189 |      0 |      0 |    0 |          0 |
|       wreq_throttle                                                                                    |                                                                gdn_mxfp8_top_gmem5_m_axi_throttle |        151 |        119 |       0 |   32 |   276 |      0 |      0 |    0 |          0 |
|         rs_req                                                                                         |                                               gdn_mxfp8_top_gmem5_m_axi_reg_slice__parameterized1 |         74 |         74 |       0 |    0 |   137 |      0 |      0 |    0 |          0 |
|         fifo_burst_gen[0].fifo_req                                                                     |                                                    gdn_mxfp8_top_gmem5_m_axi_fifo__parameterized4 |         52 |         20 |       0 |   32 |    79 |      0 |      0 |    0 |          0 |
|           U_fifo_srl                                                                                   |                                                     gdn_mxfp8_top_gmem5_m_axi_srl__parameterized4 |         33 |          1 |       0 |   32 |    62 |      0 |      0 |    0 |          0 |
|     store_unit_0                                                                                       |                                                                   gdn_mxfp8_top_gmem5_m_axi_store |        198 |        123 |       0 |   75 |   285 |      0 |      0 |    0 |          0 |
|       (store_unit_0)                                                                                   |                                                                   gdn_mxfp8_top_gmem5_m_axi_store |          2 |          2 |       0 |    0 |   106 |      0 |      0 |    0 |          0 |
|       buff_wdata                                                                                       |                                                    gdn_mxfp8_top_gmem5_m_axi_fifo__parameterized1 |         65 |         29 |       0 |   36 |    56 |      0 |      0 |    0 |          0 |
|       fifo_wreq                                                                                        |                                                    gdn_mxfp8_top_gmem5_m_axi_fifo__parameterized0 |         53 |         19 |       0 |   34 |    75 |      0 |      0 |    0 |          0 |
|         U_fifo_srl                                                                                     |                                                     gdn_mxfp8_top_gmem5_m_axi_srl__parameterized0 |         40 |          6 |       0 |   34 |    64 |      0 |      0 |    0 |          0 |
|   gmem6_m_axi_U                                                                                        |                                                                         gdn_mxfp8_top_gmem6_m_axi |        827 |        700 |       0 |  127 |  1307 |      0 |      0 |    0 |          0 |
|     bus_write                                                                                          |                                                                   gdn_mxfp8_top_gmem6_m_axi_write |        488 |        455 |       0 |   33 |   828 |      0 |      0 |    0 |          0 |
|       wreq_burst_conv                                                                                  |                                                         gdn_mxfp8_top_gmem6_m_axi_burst_converter |        309 |        309 |       0 |    0 |   529 |      0 |      0 |    0 |          0 |
|         burst_sequential                                                                               |                                                        gdn_mxfp8_top_gmem6_m_axi_burst_sequential |        309 |        309 |       0 |    0 |   529 |      0 |      0 |    0 |          0 |
|           (burst_sequential)                                                                           |                                                        gdn_mxfp8_top_gmem6_m_axi_burst_sequential |        144 |        144 |       0 |    0 |   332 |      0 |      0 |    0 |          0 |
|           rs_req                                                                                       |                                                               gdn_mxfp8_top_gmem6_m_axi_reg_slice |        166 |        166 |       0 |    0 |   197 |      0 |      0 |    0 |          0 |
|       wreq_throttle                                                                                    |                                                                gdn_mxfp8_top_gmem6_m_axi_throttle |        153 |        121 |       0 |   32 |   276 |      0 |      0 |    0 |          0 |
|         rs_req                                                                                         |                                               gdn_mxfp8_top_gmem6_m_axi_reg_slice__parameterized1 |         75 |         75 |       0 |    0 |   137 |      0 |      0 |    0 |          0 |
|         fifo_burst_gen[0].fifo_req                                                                     |                                                    gdn_mxfp8_top_gmem6_m_axi_fifo__parameterized6 |         52 |         20 |       0 |   32 |    79 |      0 |      0 |    0 |          0 |
|           U_fifo_srl                                                                                   |                                                     gdn_mxfp8_top_gmem6_m_axi_srl__parameterized6 |         33 |          1 |       0 |   32 |    62 |      0 |      0 |    0 |          0 |
|     store_unit_0                                                                                       |                                                                   gdn_mxfp8_top_gmem6_m_axi_store |        341 |        247 |       0 |   94 |   479 |      0 |      0 |    0 |          0 |
|       (store_unit_0)                                                                                   |                                                                   gdn_mxfp8_top_gmem6_m_axi_store |         56 |         56 |       0 |    0 |   219 |      0 |      0 |    0 |          0 |
|       buff_wdata                                                                                       |                                                    gdn_mxfp8_top_gmem6_m_axi_fifo__parameterized3 |         47 |         27 |       0 |   20 |    53 |      0 |      0 |    0 |          0 |
|       bus_wide_gen.buff_wdata_in                                                                       |                                                    gdn_mxfp8_top_gmem6_m_axi_fifo__parameterized1 |         69 |         51 |       0 |   18 |    32 |      0 |      0 |    0 |          0 |
|       bus_wide_gen.wreq_offset                                                                         |                                                    gdn_mxfp8_top_gmem6_m_axi_fifo__parameterized0 |         46 |         28 |       0 |   18 |    51 |      0 |      0 |    0 |          0 |
|       fifo_wreq                                                                                        |                                                    gdn_mxfp8_top_gmem6_m_axi_fifo__parameterized2 |         49 |         16 |       0 |   33 |    76 |      0 |      0 |    0 |          0 |
|         U_fifo_srl                                                                                     |                                                     gdn_mxfp8_top_gmem6_m_axi_srl__parameterized2 |         37 |          4 |       0 |   33 |    65 |      0 |      0 |    0 |          0 |
|   gmem7_m_axi_U                                                                                        |                                                                         gdn_mxfp8_top_gmem7_m_axi |        739 |        595 |       0 |  144 |  1160 |      0 |      0 |    0 |          0 |
|     bus_write                                                                                          |                                                                   gdn_mxfp8_top_gmem7_m_axi_write |        456 |        423 |       0 |   33 |   842 |      0 |      0 |    0 |          0 |
|       wreq_burst_conv                                                                                  |                                                         gdn_mxfp8_top_gmem7_m_axi_burst_converter |        277 |        277 |       0 |    0 |   510 |      0 |      0 |    0 |          0 |
|         burst_sequential                                                                               |                                                        gdn_mxfp8_top_gmem7_m_axi_burst_sequential |        277 |        277 |       0 |    0 |   510 |      0 |      0 |    0 |          0 |
|           (burst_sequential)                                                                           |                                                        gdn_mxfp8_top_gmem7_m_axi_burst_sequential |        133 |        133 |       0 |    0 |   325 |      0 |      0 |    0 |          0 |
|           rs_req                                                                                       |                                                               gdn_mxfp8_top_gmem7_m_axi_reg_slice |        144 |        144 |       0 |    0 |   185 |      0 |      0 |    0 |          0 |
|       wreq_throttle                                                                                    |                                                                gdn_mxfp8_top_gmem7_m_axi_throttle |        154 |        122 |       0 |   32 |   309 |      0 |      0 |    0 |          0 |
|         (wreq_throttle)                                                                                |                                                                gdn_mxfp8_top_gmem7_m_axi_throttle |          7 |          7 |       0 |    0 |    83 |      0 |      0 |    0 |          0 |
|         fifo_burst_gen[0].fifo_req                                                                     |                                                    gdn_mxfp8_top_gmem7_m_axi_fifo__parameterized4 |         55 |         23 |       0 |   32 |    78 |      0 |      0 |    0 |          0 |
|           U_fifo_srl                                                                                   |                                                     gdn_mxfp8_top_gmem7_m_axi_srl__parameterized4 |         33 |          1 |       0 |   32 |    61 |      0 |      0 |    0 |          0 |
|         rs_req                                                                                         |                                               gdn_mxfp8_top_gmem7_m_axi_reg_slice__parameterized1 |         72 |         72 |       0 |    0 |   135 |      0 |      0 |    0 |          0 |
|     store_unit_0                                                                                       |                                                                   gdn_mxfp8_top_gmem7_m_axi_store |        285 |        174 |       0 |  111 |   318 |      0 |      0 |    0 |          0 |
|       (store_unit_0)                                                                                   |                                                                   gdn_mxfp8_top_gmem7_m_axi_store |          2 |          2 |       0 |    0 |   104 |      0 |      0 |    0 |          0 |
|       buff_wdata                                                                                       |                                                    gdn_mxfp8_top_gmem7_m_axi_fifo__parameterized1 |        101 |         29 |       0 |   72 |    92 |      0 |      0 |    0 |          0 |
|         U_fifo_srl                                                                                     |                                                     gdn_mxfp8_top_gmem7_m_axi_srl__parameterized1 |         73 |          1 |       0 |   72 |    72 |      0 |      0 |    0 |          0 |
|       fifo_wreq                                                                                        |                                                    gdn_mxfp8_top_gmem7_m_axi_fifo__parameterized0 |         89 |         55 |       0 |   34 |    74 |      0 |      0 |    0 |          0 |
|         U_fifo_srl                                                                                     |                                                     gdn_mxfp8_top_gmem7_m_axi_srl__parameterized0 |         56 |         22 |       0 |   34 |    63 |      0 |      0 |    0 |          0 |
|   grp_gdn_mxfp8_top_impl_fu_1646                                                                       |                                                                  gdn_mxfp8_top_gdn_mxfp8_top_impl |      52109 |      41069 |   10949 |   91 | 28917 |    161 |      2 |  576 |          2 |
|     (grp_gdn_mxfp8_top_impl_fu_1646)                                                                   |                                                                  gdn_mxfp8_top_gdn_mxfp8_top_impl |       1794 |       1777 |       0 |   17 |  4233 |      0 |      0 |    0 |          0 |
|     gdn_mxfp8_top_impl_unsigned_char_unsigned_short_unsigned_char_unsigned_char_ap_u_35_U              |    gdn_mxfp8_top_gdn_mxfp8_top_impl_gdn_mxfp8_top_impl_unsigned_char_unsigned_short_unsigned_cbkb |        112 |         48 |      64 |    0 |    64 |      0 |      0 |    0 |          0 |
|     gdn_mxfp8_top_impl_unsigned_char_unsigned_short_unsigned_char_unsigned_char_ap_u_52_U              | gdn_mxfp8_top_gdn_mxfp8_top_impl_gdn_mxfp8_top_impl_unsigned_char_unsigned_short_unsigned_cbkb_54 |        108 |         44 |      64 |    0 |    64 |      0 |      0 |    0 |          0 |
|     gdn_mxfp8_top_impl_unsigned_char_unsigned_short_unsigned_char_unsigned_char_ap_u_53_U              | gdn_mxfp8_top_gdn_mxfp8_top_impl_gdn_mxfp8_top_impl_unsigned_char_unsigned_short_unsigned_cbkb_55 |        128 |         64 |      64 |    0 |    64 |      0 |      0 |    0 |          0 |
|     gdn_mxfp8_top_impl_unsigned_char_unsigned_short_unsigned_char_unsigned_char_ap_u_54_U              | gdn_mxfp8_top_gdn_mxfp8_top_impl_gdn_mxfp8_top_impl_unsigned_char_unsigned_short_unsigned_cbkb_56 |        111 |         47 |      64 |    0 |    64 |      0 |      0 |    0 |          0 |
|     gdn_mxfp8_top_impl_unsigned_char_unsigned_short_unsigned_char_unsigned_char_ap_u_55_U              | gdn_mxfp8_top_gdn_mxfp8_top_impl_gdn_mxfp8_top_impl_unsigned_char_unsigned_short_unsigned_cbkb_57 |        128 |         64 |      64 |    0 |    64 |      0 |      0 |    0 |          0 |
|     gdn_mxfp8_top_impl_unsigned_char_unsigned_short_unsigned_char_unsigned_char_ap_u_56_U              | gdn_mxfp8_top_gdn_mxfp8_top_impl_gdn_mxfp8_top_impl_unsigned_char_unsigned_short_unsigned_cbkb_58 |        127 |         63 |      64 |    0 |    64 |      0 |      0 |    0 |          0 |
|     gdn_mxfp8_top_impl_unsigned_char_unsigned_short_unsigned_char_unsigned_char_ap_u_57_U              | gdn_mxfp8_top_gdn_mxfp8_top_impl_gdn_mxfp8_top_impl_unsigned_char_unsigned_short_unsigned_cbkb_59 |        128 |         64 |      64 |    0 |    64 |      0 |      0 |    0 |          0 |
|     gdn_mxfp8_top_impl_unsigned_char_unsigned_short_unsigned_char_unsigned_char_ap_u_58_U              | gdn_mxfp8_top_gdn_mxfp8_top_impl_gdn_mxfp8_top_impl_unsigned_char_unsigned_short_unsigned_cbkb_60 |        131 |         67 |      64 |    0 |    64 |      0 |      0 |    0 |          0 |
|     gdn_mxfp8_top_impl_unsigned_char_unsigned_short_unsigned_char_unsigned_char_ap_u_59_U              | gdn_mxfp8_top_gdn_mxfp8_top_impl_gdn_mxfp8_top_impl_unsigned_char_unsigned_short_unsigned_cbkb_61 |        127 |         63 |      64 |    0 |    64 |      0 |      0 |    0 |          0 |
|     grp_gdn_mxfp8_top_impl_Outline_output_mxfp8_lanes_fu_5813                                          |                                       gdn_mxfp8_top_gdn_mxfp8_top_impl_Outline_output_mxfp8_lanes |       4007 |       3565 |     436 |    6 |  1975 |      0 |      0 |    0 |          0 |
|       (grp_gdn_mxfp8_top_impl_Outline_output_mxfp8_lanes_fu_5813)                                      |                                       gdn_mxfp8_top_gdn_mxfp8_top_impl_Outline_output_mxfp8_lanes |        172 |        172 |       0 |    0 |   311 |      0 |      0 |    0 |          0 |
|       grp_aligned_sum_fu_1377                                                                          |                                                                     gdn_mxfp8_top_aligned_sum_766 |       1245 |       1243 |       0 |    2 |   622 |      0 |      0 |    0 |          0 |
|         (grp_aligned_sum_fu_1377)                                                                      |                                                                     gdn_mxfp8_top_aligned_sum_766 |          6 |          6 |       0 |    0 |   202 |      0 |      0 |    0 |          0 |
|         grp_aligned_sum_Pipeline_align_and_sum_fu_224                                                  |                                              gdn_mxfp8_top_aligned_sum_Pipeline_align_and_sum_783 |        986 |        984 |       0 |    2 |   385 |      0 |      0 |    0 |          0 |
|           (grp_aligned_sum_Pipeline_align_and_sum_fu_224)                                              |                                              gdn_mxfp8_top_aligned_sum_Pipeline_align_and_sum_783 |        893 |        891 |       0 |    2 |   383 |      0 |      0 |    0 |          0 |
|           flow_control_loop_pipe_sequential_init_U                                                     |                                          gdn_mxfp8_top_flow_control_loop_pipe_sequential_init_786 |         93 |         93 |       0 |    0 |     2 |      0 |      0 |    0 |          0 |
|         grp_aligned_sum_Pipeline_find_dominant_fu_154                                                  |                                              gdn_mxfp8_top_aligned_sum_Pipeline_find_dominant_784 |        254 |        254 |       0 |    0 |    35 |      0 |      0 |    0 |          0 |
|           (grp_aligned_sum_Pipeline_find_dominant_fu_154)                                              |                                              gdn_mxfp8_top_aligned_sum_Pipeline_find_dominant_784 |        223 |        223 |       0 |    0 |    33 |      0 |      0 |    0 |          0 |
|       grp_gdn_mxfp8_top_impl_Pipeline_build_mxfp8_output_terms_fu_821                                  |                                gdn_mxfp8_top_gdn_mxfp8_top_impl_Pipeline_build_mxfp8_output_terms |       2080 |       2076 |       0 |    4 |   210 |      0 |      0 |    0 |          0 |
|         (grp_gdn_mxfp8_top_impl_Pipeline_build_mxfp8_output_terms_fu_821)                              |                                gdn_mxfp8_top_gdn_mxfp8_top_impl_Pipeline_build_mxfp8_output_terms |       2002 |       1998 |       0 |    4 |   208 |      0 |      0 |    0 |          0 |
|         flow_control_loop_pipe_sequential_init_U                                                       |                                          gdn_mxfp8_top_flow_control_loop_pipe_sequential_init_782 |         79 |         79 |       0 |    0 |     2 |      0 |      0 |    0 |          0 |
|     grp_gdn_mxfp8_top_impl_Pipeline_clear_output_exponent_heads_clear_output_exponent_va_fu_3280       |    gdn_mxfp8_top_gdn_mxfp8_top_impl_Pipeline_clear_output_exponent_heads_clear_output_exponent_va |        145 |        144 |       0 |    1 |   107 |      0 |      0 |    0 |          0 |
|       (grp_gdn_mxfp8_top_impl_Pipeline_clear_output_exponent_heads_clear_output_exponent_va_fu_3280)   |    gdn_mxfp8_top_gdn_mxfp8_top_impl_Pipeline_clear_output_exponent_heads_clear_output_exponent_va |         97 |         96 |       0 |    1 |   105 |      0 |      0 |    0 |          0 |
|       flow_control_loop_pipe_sequential_init_U                                                         |                                          gdn_mxfp8_top_flow_control_loop_pipe_sequential_init_750 |         55 |         55 |       0 |    0 |     2 |      0 |      0 |    0 |          0 |
|     grp_gdn_mxfp8_top_impl_Pipeline_readback_lanes_fu_6643                                             |                                          gdn_mxfp8_top_gdn_mxfp8_top_impl_Pipeline_readback_lanes |        187 |        186 |       0 |    1 |    99 |      0 |      0 |    0 |          0 |
|       (grp_gdn_mxfp8_top_impl_Pipeline_readback_lanes_fu_6643)                                         |                                          gdn_mxfp8_top_gdn_mxfp8_top_impl_Pipeline_readback_lanes |         84 |         83 |       0 |    1 |    97 |      0 |      0 |    0 |          0 |
|       flow_control_loop_pipe_sequential_init_U                                                         |                                          gdn_mxfp8_top_flow_control_loop_pipe_sequential_init_748 |        103 |        103 |       0 |    0 |     2 |      0 |      0 |    0 |          0 |
|     grp_gdn_mxfp8_top_impl_Pipeline_reset_heads_reset_rows_reset_blocks_fu_3288                        |                     gdn_mxfp8_top_gdn_mxfp8_top_impl_Pipeline_reset_heads_reset_rows_reset_blocks |        318 |        318 |       0 |    0 |    94 |      0 |      0 |    0 |          0 |
|       (grp_gdn_mxfp8_top_impl_Pipeline_reset_heads_reset_rows_reset_blocks_fu_3288)                    |                     gdn_mxfp8_top_gdn_mxfp8_top_impl_Pipeline_reset_heads_reset_rows_reset_blocks |        152 |        152 |       0 |    0 |    92 |      0 |      0 |    0 |          0 |
|       flow_control_loop_pipe_sequential_init_U                                                         |                                          gdn_mxfp8_top_flow_control_loop_pipe_sequential_init_747 |        166 |        166 |       0 |    0 |     2 |      0 |      0 |    0 |          0 |
|     grp_gdn_mxfp8_top_impl_Pipeline_store_resident_tile_pack_resident_lanes_fu_6344                    |                 gdn_mxfp8_top_gdn_mxfp8_top_impl_Pipeline_store_resident_tile_pack_resident_lanes |       1396 |       1396 |       0 |    0 |   588 |      0 |      0 |    0 |          0 |
|       (grp_gdn_mxfp8_top_impl_Pipeline_store_resident_tile_pack_resident_lanes_fu_6344)                |                 gdn_mxfp8_top_gdn_mxfp8_top_impl_Pipeline_store_resident_tile_pack_resident_lanes |       1359 |       1359 |       0 |    0 |   586 |      0 |      0 |    0 |          0 |
|     grp_gdn_mxfp8_top_impl_Pipeline_unpack_resident_lanes_fu_3333                                      |                                   gdn_mxfp8_top_gdn_mxfp8_top_impl_Pipeline_unpack_resident_lanes |         96 |         96 |       0 |    0 |     8 |      0 |      0 |    0 |          0 |
|       flow_control_loop_pipe_sequential_init_U                                                         |                                          gdn_mxfp8_top_flow_control_loop_pipe_sequential_init_745 |         96 |         96 |       0 |    0 |     2 |      0 |      0 |    0 |          0 |
|     grp_phase1_validate_token_fu_3297                                                                  |                                                               gdn_mxfp8_top_phase1_validate_token |        395 |        388 |       0 |    7 |   800 |      0 |      0 |    0 |          0 |
|     grp_phase2_decay_predict_tile_fu_3596                                                              |                                                           gdn_mxfp8_top_phase2_decay_predict_tile |       2679 |       2507 |     160 |   12 |  1477 |      0 |      0 |    0 |          0 |
|       (grp_phase2_decay_predict_tile_fu_3596)                                                          |                                                           gdn_mxfp8_top_phase2_decay_predict_tile |         10 |         10 |       0 |    0 |   135 |      0 |      0 |    0 |          0 |
|       grp_aligned_sum_fu_2636                                                                          |                                                                         gdn_mxfp8_top_aligned_sum |        945 |        943 |       0 |    2 |   544 |      0 |      0 |    0 |          0 |
|         (grp_aligned_sum_fu_2636)                                                                      |                                                                         gdn_mxfp8_top_aligned_sum |         13 |         13 |       0 |    0 |   194 |      0 |      0 |    0 |          0 |
|         grp_aligned_sum_Pipeline_align_and_sum_fu_224                                                  |                                                  gdn_mxfp8_top_aligned_sum_Pipeline_align_and_sum |        804 |        802 |       0 |    2 |   323 |      0 |      0 |    0 |          0 |
|           (grp_aligned_sum_Pipeline_align_and_sum_fu_224)                                              |                                                  gdn_mxfp8_top_aligned_sum_Pipeline_align_and_sum |        733 |        731 |       0 |    2 |   321 |      0 |      0 |    0 |          0 |
|           flow_control_loop_pipe_sequential_init_U                                                     |                                          gdn_mxfp8_top_flow_control_loop_pipe_sequential_init_744 |         71 |         71 |       0 |    0 |     2 |      0 |      0 |    0 |          0 |
|         grp_aligned_sum_Pipeline_find_dominant_fu_154                                                  |                                                  gdn_mxfp8_top_aligned_sum_Pipeline_find_dominant |        128 |        128 |       0 |    0 |    27 |      0 |      0 |    0 |          0 |
|           (grp_aligned_sum_Pipeline_find_dominant_fu_154)                                              |                                                  gdn_mxfp8_top_aligned_sum_Pipeline_find_dominant |        109 |        109 |       0 |    0 |    25 |      0 |      0 |    0 |          0 |
|       grp_phase2_decay_predict_tile_Pipeline_build_mxfp8_prediction_terms_fu_2080                      |                     gdn_mxfp8_top_phase2_decay_predict_tile_Pipeline_build_mxfp8_prediction_terms |        684 |        683 |       0 |    1 |    91 |      0 |      0 |    0 |          0 |
|         (grp_phase2_decay_predict_tile_Pipeline_build_mxfp8_prediction_terms_fu_2080)                  |                     gdn_mxfp8_top_phase2_decay_predict_tile_Pipeline_build_mxfp8_prediction_terms |        611 |        610 |       0 |    1 |    89 |      0 |      0 |    0 |          0 |
|         flow_control_loop_pipe_sequential_init_U                                                       |                                          gdn_mxfp8_top_flow_control_loop_pipe_sequential_init_742 |         73 |         73 |       0 |    0 |     2 |      0 |      0 |    0 |          0 |
|       grp_phase2_decay_predict_tile_Pipeline_decode_decay_mxfp8_rows_decode_decay_mxfp8_la_fu_1274     |    gdn_mxfp8_top_phase2_decay_predict_tile_Pipeline_decode_decay_mxfp8_rows_decode_decay_mxfp8_la |        881 |        872 |       0 |    9 |   387 |      0 |      0 |    0 |          0 |
|         (grp_phase2_decay_predict_tile_Pipeline_decode_decay_mxfp8_rows_decode_decay_mxfp8_la_fu_1274) |    gdn_mxfp8_top_phase2_decay_predict_tile_Pipeline_decode_decay_mxfp8_rows_decode_decay_mxfp8_la |        688 |        679 |       0 |    9 |   385 |      0 |      0 |    0 |          0 |
|         flow_control_loop_pipe_sequential_init_U                                                       |                                          gdn_mxfp8_top_flow_control_loop_pipe_sequential_init_741 |        107 |        107 |       0 |    0 |     2 |      0 |      0 |    0 |          0 |
|         mul_5s_16ns_21_1_1_U179                                                                        |                                                                  gdn_mxfp8_top_mul_5s_16ns_21_1_1 |         86 |         86 |       0 |    0 |     0 |      0 |      0 |    0 |          0 |
|     grp_phase3_delta_tile_fu_4425                                                                      |                                                                   gdn_mxfp8_top_phase3_delta_tile |       1181 |       1170 |       0 |   11 |   766 |      0 |      0 |    0 |          2 |
|       (grp_phase3_delta_tile_fu_4425)                                                                  |                                                                   gdn_mxfp8_top_phase3_delta_tile |         27 |         27 |       0 |    0 |    63 |      0 |      0 |    0 |          0 |
|       grp_phase3_delta_tile_Pipeline_delta_mxfp8_lanes_fu_151                                          |                                        gdn_mxfp8_top_phase3_delta_tile_Pipeline_delta_mxfp8_lanes |       1160 |       1149 |       0 |   11 |   703 |      0 |      0 |    0 |          2 |
|         (grp_phase3_delta_tile_Pipeline_delta_mxfp8_lanes_fu_151)                                      |                                        gdn_mxfp8_top_phase3_delta_tile_Pipeline_delta_mxfp8_lanes |       1118 |       1107 |       0 |   11 |   684 |      0 |      0 |    0 |          0 |
|     grp_phase4_update_state_tile_fu_4471                                                               |                                                            gdn_mxfp8_top_phase4_update_state_tile |      18436 |      18208 |     192 |   36 |  7942 |      0 |      0 |    0 |          0 |
|       (grp_phase4_update_state_tile_fu_4471)                                                           |                                                            gdn_mxfp8_top_phase4_update_state_tile |      13378 |      13378 |       0 |    0 |  5929 |      0 |      0 |    0 |          0 |
|       grp_phase4_update_state_tile_Pipeline_requantize_mxfp8_lanes_fu_3609                             |                            gdn_mxfp8_top_phase4_update_state_tile_Pipeline_requantize_mxfp8_lanes |       2078 |       2052 |       0 |   26 |   742 |      0 |      0 |    0 |          0 |
|         (grp_phase4_update_state_tile_Pipeline_requantize_mxfp8_lanes_fu_3609)                         |                            gdn_mxfp8_top_phase4_update_state_tile_Pipeline_requantize_mxfp8_lanes |       2053 |       2027 |       0 |   26 |   740 |      0 |      0 |    0 |          0 |
|       grp_phase4_update_state_tile_Pipeline_update_mxfp8_lanes_fu_2520                                 |                                gdn_mxfp8_top_phase4_update_state_tile_Pipeline_update_mxfp8_lanes |       2028 |       2018 |       0 |   10 |   887 |      0 |      0 |    0 |          0 |
|         (grp_phase4_update_state_tile_Pipeline_update_mxfp8_lanes_fu_2520)                             |                                gdn_mxfp8_top_phase4_update_state_tile_Pipeline_update_mxfp8_lanes |       1989 |       1979 |       0 |   10 |   885 |      0 |      0 |    0 |          0 |
|       row_mantissas_10_U                                                                               |                            gdn_mxfp8_top_phase4_update_state_tile_row_mantissas_RAM_AUTO_1R1W_701 |         83 |         67 |      16 |    0 |    32 |      0 |      0 |    0 |          0 |
|       row_mantissas_11_U                                                                               |                            gdn_mxfp8_top_phase4_update_state_tile_row_mantissas_RAM_AUTO_1R1W_702 |         89 |         73 |      16 |    0 |    32 |      0 |      0 |    0 |          0 |
|       row_mantissas_12_U                                                                               |                            gdn_mxfp8_top_phase4_update_state_tile_row_mantissas_RAM_AUTO_1R1W_703 |         91 |         75 |      16 |    0 |    32 |      0 |      0 |    0 |          0 |
|       row_mantissas_13_U                                                                               |                            gdn_mxfp8_top_phase4_update_state_tile_row_mantissas_RAM_AUTO_1R1W_704 |         89 |         73 |      16 |    0 |    32 |      0 |      0 |    0 |          0 |
|       row_mantissas_14_U                                                                               |                            gdn_mxfp8_top_phase4_update_state_tile_row_mantissas_RAM_AUTO_1R1W_705 |         91 |         75 |      16 |    0 |    32 |      0 |      0 |    0 |          0 |
|       row_mantissas_8_U                                                                                |                            gdn_mxfp8_top_phase4_update_state_tile_row_mantissas_RAM_AUTO_1R1W_706 |         90 |         74 |      16 |    0 |    32 |      0 |      0 |    0 |          0 |
|       row_mantissas_9_U                                                                                |                            gdn_mxfp8_top_phase4_update_state_tile_row_mantissas_RAM_AUTO_1R1W_707 |         82 |         66 |      16 |    0 |    32 |      0 |      0 |    0 |          0 |
|       row_mantissas_U                                                                                  |                            gdn_mxfp8_top_phase4_update_state_tile_row_mantissas_RAM_AUTO_1R1W_708 |         84 |         68 |      16 |    0 |    32 |      0 |      0 |    0 |          0 |
|     partset_256ns_256ns_8ns_8ns_256_1_1_U3781                                                          |                                                 gdn_mxfp8_top_partset_256ns_256ns_8ns_8ns_256_1_1 |        258 |        258 |       0 |    0 |     0 |      0 |      0 |    0 |          0 |
|     resident_scales_U                                                                                  |                                gdn_mxfp8_top_gdn_mxfp8_top_impl_resident_scales_RAM_T2P_BRAM_1R1W |        195 |        195 |       0 |    0 |     6 |    160 |      0 |    0 |          0 |
|     resident_state_U                                                                                   |                                 gdn_mxfp8_top_gdn_mxfp8_top_impl_resident_state_RAM_T2P_URAM_1R1W |      10261 |      10261 |       0 |    0 |   189 |      0 |      0 |  576 |          0 |
+--------------------------------------------------------------------------------------------------------+---------------------------------------------------------------------------------------------------+------------+------------+---------+------+-------+--------+--------+------+------------+
* Note: The sum of lower-level cells may be larger than their parent cells total, due to cross-hierarchy LUT combining


