Copyright 1986-2022 Xilinx, Inc. All Rights Reserved. Copyright 2022-2025 Advanced Micro Devices, Inc. All Rights Reserved.
----------------------------------------------------------------------------------------------------------------------------------------------------------------------------------------
| Tool Version      : Vivado v.2025.2 (win64) Build 6299465 Fri Nov 14 19:35:11 GMT 2025
| Date              : Thu Aug  6 07:19:20 2026
| Host              : Tyler running 64-bit major release  (build 9200)
| Command           : report_timing -delay_type max -max_paths 100 -nworst 1 -path_type summary -file X:/reports/vivado/corrected/rs2_current/timing_analysis/worst_100_setup_paths.rpt
| Design            : gdn_rs2_top
| Device            : xcu55c-fsvh2892
| Speed File        : -2L  PRODUCTION 1.30 05-01-2022
| Design State      : Routed
| Temperature Grade : E
----------------------------------------------------------------------------------------------------------------------------------------------------------------------------------------

Timing Report

Startpoint                     Endpoint                       Slack(ns)     
----------------------------------------------------------------------------
grp_gdn_rs2_top_impl_fu_562/icmp_ln1440_reg_13979_reg[0]_replica/C
                               grp_gdn_rs2_top_impl_fu_562/resident_residual_U/ram_reg_uram_129/BWE_B[3]
                                                              -1.736        
grp_gdn_rs2_top_impl_fu_562/icmp_ln1440_reg_13979_reg[0]_replica/C
                               grp_gdn_rs2_top_impl_fu_562/resident_residual_U/ram_reg_uram_95/BWE_B[7]
                                                              -1.733        
grp_gdn_rs2_top_impl_fu_562/icmp_ln1440_reg_13979_reg[0]_replica/C
                               grp_gdn_rs2_top_impl_fu_562/resident_residual_U/ram_reg_uram_129/BWE_B[2]
                                                              -1.733        
grp_gdn_rs2_top_impl_fu_562/icmp_ln1440_reg_13979_reg[0]_replica/C
                               grp_gdn_rs2_top_impl_fu_562/resident_residual_U/ram_reg_uram_129/BWE_B[5]
                                                              -1.732        
grp_gdn_rs2_top_impl_fu_562/icmp_ln1440_reg_13979_reg[0]_replica/C
                               grp_gdn_rs2_top_impl_fu_562/resident_residual_U/ram_reg_uram_65/EN_B
                                                              -1.731        
gmem5_m_axi_U/load_unit_0/fifo_rreq/full_n_reg_replica/C
                               grp_gdn_rs2_top_impl_fu_562/resident_residual_U/ram_reg_uram_150/EN_B
                                                              -1.731        
gmem5_m_axi_U/load_unit_0/fifo_rreq/full_n_reg_replica/C
                               grp_gdn_rs2_top_impl_fu_562/resident_residual_U/ram_reg_uram_260/EN_A
                                                              -1.729        
grp_gdn_rs2_top_impl_fu_562/icmp_ln1440_reg_13979_reg[0]_replica/C
                               grp_gdn_rs2_top_impl_fu_562/resident_residual_U/ram_reg_uram_129/BWE_B[4]
                                                              -1.725        
grp_gdn_rs2_top_impl_fu_562/icmp_ln1440_reg_13979_reg[0]_replica/C
                               grp_gdn_rs2_top_impl_fu_562/resident_residual_U/ram_reg_uram_38/EN_B
                                                              -1.723        
grp_gdn_rs2_top_impl_fu_562/icmp_ln1440_reg_13979_reg[0]_replica/C
                               grp_gdn_rs2_top_impl_fu_562/resident_residual_U/ram_reg_uram_95/BWE_B[8]
                                                              -1.719        
grp_gdn_rs2_top_impl_fu_562/icmp_ln1440_reg_13979_reg[0]_replica/C
                               grp_gdn_rs2_top_impl_fu_562/resident_residual_U/ram_reg_uram_253/EN_A
                                                              -1.718        
grp_gdn_rs2_top_impl_fu_562/icmp_ln1440_reg_13979_reg[0]_replica/C
                               grp_gdn_rs2_top_impl_fu_562/resident_residual_U/ram_reg_uram_28/EN_B
                                                              -1.717        
grp_gdn_rs2_top_impl_fu_562/icmp_ln1440_reg_13979_reg[0]_replica/C
                               grp_gdn_rs2_top_impl_fu_562/resident_residual_U/ram_reg_uram_95/BWE_B[0]
                                                              -1.716        
grp_gdn_rs2_top_impl_fu_562/icmp_ln1440_reg_13979_reg[0]_replica/C
                               grp_gdn_rs2_top_impl_fu_562/resident_residual_U/ram_reg_uram_129/BWE_B[1]
                                                              -1.714        
grp_gdn_rs2_top_impl_fu_562/icmp_ln1440_reg_13979_reg[0]_replica/C
                               grp_gdn_rs2_top_impl_fu_562/resident_residual_U/ram_reg_uram_129/BWE_B[7]
                                                              -1.714        
grp_gdn_rs2_top_impl_fu_562/icmp_ln1440_reg_13979_reg[0]_replica/C
                               grp_gdn_rs2_top_impl_fu_562/resident_residual_U/ram_reg_uram_262/EN_A
                                                              -1.712        
gmem5_m_axi_U/load_unit_0/fifo_rreq/full_n_reg_replica/C
                               grp_gdn_rs2_top_impl_fu_562/resident_residual_U/ram_reg_uram_150/EN_A
                                                              -1.711        
grp_gdn_rs2_top_impl_fu_562/icmp_ln1440_reg_13979_reg[0]_replica/C
                               grp_gdn_rs2_top_impl_fu_562/resident_residual_U/ram_reg_uram_65/EN_A
                                                              -1.710        
grp_gdn_rs2_top_impl_fu_562/icmp_ln1440_reg_13979_reg[0]_replica/C
                               grp_gdn_rs2_top_impl_fu_562/resident_residual_U/ram_reg_uram_129/BWE_B[8]
                                                              -1.709        
grp_gdn_rs2_top_impl_fu_562/icmp_ln1440_reg_13979_reg[0]_replica/C
                               grp_gdn_rs2_top_impl_fu_562/resident_residual_U/ram_reg_uram_129/BWE_B[0]
                                                              -1.708        
grp_gdn_rs2_top_impl_fu_562/icmp_ln1440_reg_13979_reg[0]_replica/C
                               grp_gdn_rs2_top_impl_fu_562/resident_residual_U/ram_reg_uram_112/EN_B
                                                              -1.706        
grp_gdn_rs2_top_impl_fu_562/icmp_ln1440_reg_13979_reg[0]_replica/C
                               grp_gdn_rs2_top_impl_fu_562/resident_residual_U/ram_reg_uram_250/EN_A
                                                              -1.706        
grp_gdn_rs2_top_impl_fu_562/grp_p_anonymous_namespace_fold_log_fu_9668/grp_p_anonymous_namespace_quantize_fold_block_fu_8160/grp_p_anonymous_namespace_quantize_fold_block_Pipeline_quantize_fold_residual_fu_2665/icmp_ln122_reg_7326_pp0_iter21_reg_reg[0]/C
                               grp_gdn_rs2_top_impl_fu_562/grp_p_anonymous_namespace_fold_log_fu_9668/grp_p_anonymous_namespace_quantize_fold_block_fu_8160/grp_p_anonymous_namespace_quantize_fold_block_Pipeline_quantize_fold_residual_fu_2665/residual_word_fu_444_reg[11]/D
                                                              -1.703        
grp_gdn_rs2_top_impl_fu_562/grp_p_anonymous_namespace_fold_log_fu_9668/grp_p_anonymous_namespace_quantize_fold_block_fu_8160/grp_p_anonymous_namespace_quantize_fold_block_Pipeline_quantize_fold_residual_fu_2665/icmp_ln122_reg_7326_pp0_iter21_reg_reg[0]/C
                               grp_gdn_rs2_top_impl_fu_562/grp_p_anonymous_namespace_fold_log_fu_9668/grp_p_anonymous_namespace_quantize_fold_block_fu_8160/grp_p_anonymous_namespace_quantize_fold_block_Pipeline_quantize_fold_residual_fu_2665/residual_word_fu_444_reg[15]/D
                                                              -1.700        
grp_gdn_rs2_top_impl_fu_562/icmp_ln1440_reg_13979_reg[0]_replica/C
                               grp_gdn_rs2_top_impl_fu_562/resident_residual_U/ram_reg_uram_95/BWE_B[5]
                                                              -1.699        
gmem5_m_axi_U/load_unit_0/fifo_rreq/full_n_reg_replica/C
                               grp_gdn_rs2_top_impl_fu_562/resident_residual_U/ram_reg_uram_302/EN_A
                                                              -1.699        
gmem5_m_axi_U/load_unit_0/fifo_rreq/full_n_reg_replica/C
                               grp_gdn_rs2_top_impl_fu_562/resident_residual_U/ram_reg_uram_136/EN_A
                                                              -1.699        
grp_gdn_rs2_top_impl_fu_562/icmp_ln1440_reg_13979_reg[0]_replica/C
                               grp_gdn_rs2_top_impl_fu_562/resident_residual_U/ram_reg_uram_95/BWE_B[3]
                                                              -1.698        
grp_gdn_rs2_top_impl_fu_562/icmp_ln1440_reg_13979_reg[0]_replica/C
                               grp_gdn_rs2_top_impl_fu_562/resident_residual_U/ram_reg_uram_95/BWE_B[1]
                                                              -1.696        
grp_gdn_rs2_top_impl_fu_562/icmp_ln1440_reg_13979_reg[0]_replica/C
                               grp_gdn_rs2_top_impl_fu_562/resident_residual_U/ram_reg_uram_129/BWE_B[6]
                                                              -1.696        
grp_gdn_rs2_top_impl_fu_562/icmp_ln1440_reg_13979_reg[0]_replica/C
                               grp_gdn_rs2_top_impl_fu_562/resident_residual_U/ram_reg_uram_95/BWE_B[2]
                                                              -1.695        
grp_gdn_rs2_top_impl_fu_562/icmp_ln1440_reg_13979_reg[0]_replica/C
                               grp_gdn_rs2_top_impl_fu_562/resident_residual_U/ram_reg_uram_28/EN_A
                                                              -1.691        
grp_gdn_rs2_top_impl_fu_562/icmp_ln1440_reg_13979_reg[0]_replica/C
                               grp_gdn_rs2_top_impl_fu_562/resident_residual_U/ram_reg_uram_27/EN_A
                                                              -1.689        
grp_gdn_rs2_top_impl_fu_562/icmp_ln1440_reg_13979_reg[0]_replica/C
                               grp_gdn_rs2_top_impl_fu_562/resident_residual_U/ram_reg_uram_38/EN_A
                                                              -1.688        
gmem5_m_axi_U/load_unit_0/fifo_rreq/full_n_reg_replica/C
                               grp_gdn_rs2_top_impl_fu_562/resident_residual_U/ram_reg_uram_136/EN_B
                                                              -1.687        
grp_gdn_rs2_top_impl_fu_562/icmp_ln1440_reg_13979_reg[0]_replica/C
                               grp_gdn_rs2_top_impl_fu_562/resident_residual_U/ram_reg_uram_181/EN_A
                                                              -1.684        
grp_gdn_rs2_top_impl_fu_562/icmp_ln1440_reg_13979_reg[0]_replica/C
                               grp_gdn_rs2_top_impl_fu_562/resident_residual_U/ram_reg_uram_284/EN_A
                                                              -1.684        
grp_gdn_rs2_top_impl_fu_562/icmp_ln1440_reg_13979_reg[0]_replica/C
                               grp_gdn_rs2_top_impl_fu_562/resident_residual_U/ram_reg_uram_132/EN_A
                                                              -1.682        
grp_gdn_rs2_top_impl_fu_562/icmp_ln1440_reg_13979_reg[0]_replica/C
                               grp_gdn_rs2_top_impl_fu_562/resident_residual_U/ram_reg_uram_95/BWE_B[4]
                                                              -1.682        
grp_gdn_rs2_top_impl_fu_562/icmp_ln1440_reg_13979_reg[0]_replica/C
                               grp_gdn_rs2_top_impl_fu_562/resident_residual_U/ram_reg_uram_95/BWE_B[6]
                                                              -1.682        
grp_gdn_rs2_top_impl_fu_562/icmp_ln1440_reg_13979_reg[0]_replica/C
                               grp_gdn_rs2_top_impl_fu_562/resident_residual_U/ram_reg_uram_40/EN_A
                                                              -1.681        
grp_gdn_rs2_top_impl_fu_562/grp_p_anonymous_namespace_fold_log_fu_9668/grp_p_anonymous_namespace_quantize_fold_block_fu_8160/grp_p_anonymous_namespace_quantize_fold_block_Pipeline_quantize_fold_residual_fu_2665/trunc_ln576_reg_5646_pp0_iter21_reg_reg[0]__0/C
                               grp_gdn_rs2_top_impl_fu_562/grp_p_anonymous_namespace_fold_log_fu_9668/grp_p_anonymous_namespace_quantize_fold_block_fu_8160/grp_p_anonymous_namespace_quantize_fold_block_Pipeline_quantize_fold_residual_fu_2665/residual_word_fu_444_reg[36]/D
                                                              -1.680        
grp_gdn_rs2_top_impl_fu_562/icmp_ln1440_reg_13979_reg[0]_replica/C
                               grp_gdn_rs2_top_impl_fu_562/resident_residual_U/ram_reg_uram_112/EN_A
                                                              -1.680        
gmem5_m_axi_U/load_unit_0/fifo_rreq/full_n_reg_replica/C
                               grp_gdn_rs2_top_impl_fu_562/resident_residual_U/ram_reg_uram_143/EN_A
                                                              -1.678        
grp_gdn_rs2_top_impl_fu_562/icmp_ln1440_reg_13979_reg[0]_replica/C
                               grp_gdn_rs2_top_impl_fu_562/resident_residual_U/ram_reg_uram_133/EN_B
                                                              -1.678        
gmem5_m_axi_U/load_unit_0/fifo_rreq/full_n_reg_replica/C
                               grp_gdn_rs2_top_impl_fu_562/resident_residual_U/ram_reg_uram_276/EN_A
                                                              -1.676        
grp_gdn_rs2_top_impl_fu_562/icmp_ln1440_reg_13979_reg[0]_replica/C
                               grp_gdn_rs2_top_impl_fu_562/resident_residual_U/ram_reg_uram_263/EN_A
                                                              -1.674        
gmem5_m_axi_U/load_unit_0/fifo_rreq/full_n_reg_replica/C
                               grp_gdn_rs2_top_impl_fu_562/resident_residual_U/ram_reg_uram_271/BWE_B[1]
                                                              -1.670        
gmem5_m_axi_U/load_unit_0/fifo_rreq/full_n_reg_replica/C
                               grp_gdn_rs2_top_impl_fu_562/resident_residual_U/ram_reg_uram_271/BWE_B[2]
                                                              -1.670        
grp_gdn_rs2_top_impl_fu_562/icmp_ln1440_reg_13979_reg[0]_replica/C
                               grp_gdn_rs2_top_impl_fu_562/resident_residual_U/ram_reg_uram_95/EN_B
                                                              -1.670        
gmem5_m_axi_U/load_unit_0/fifo_rreq/full_n_reg_replica/C
                               grp_gdn_rs2_top_impl_fu_562/resident_residual_U/ram_reg_uram_271/BWE_B[3]
                                                              -1.669        
gmem5_m_axi_U/load_unit_0/fifo_rreq/full_n_reg_replica/C
                               grp_gdn_rs2_top_impl_fu_562/resident_residual_U/ram_reg_uram_166/BWE_B[1]
                                                              -1.668        
grp_gdn_rs2_top_impl_fu_562/icmp_ln1440_reg_13979_reg[0]_replica/C
                               grp_gdn_rs2_top_impl_fu_562/resident_residual_U/ram_reg_uram_17/EN_A
                                                              -1.667        
grp_gdn_rs2_top_impl_fu_562/icmp_ln1440_reg_13979_reg[0]_replica/C
                               grp_gdn_rs2_top_impl_fu_562/resident_residual_U/ram_reg_uram_15/EN_A
                                                              -1.667        
grp_gdn_rs2_top_impl_fu_562/icmp_ln1440_reg_13979_reg[0]_replica/C
                               grp_gdn_rs2_top_impl_fu_562/resident_residual_U/ram_reg_uram_283/EN_A
                                                              -1.666        
gmem5_m_axi_U/load_unit_0/fifo_rreq/full_n_reg_replica/C
                               grp_gdn_rs2_top_impl_fu_562/resident_residual_U/ram_reg_uram_271/BWE_B[5]
                                                              -1.666        
grp_gdn_rs2_top_impl_fu_562/icmp_ln1440_reg_13979_reg[0]_replica/C
                               grp_gdn_rs2_top_impl_fu_562/resident_residual_U/ram_reg_uram_133/EN_A
                                                              -1.665        
gmem5_m_axi_U/load_unit_0/fifo_rreq/full_n_reg_replica/C
                               grp_gdn_rs2_top_impl_fu_562/resident_residual_U/ram_reg_uram_271/BWE_B[0]
                                                              -1.664        
gmem5_m_axi_U/load_unit_0/fifo_rreq/full_n_reg_replica/C
                               grp_gdn_rs2_top_impl_fu_562/resident_residual_U/ram_reg_uram_166/BWE_B[8]
                                                              -1.662        
gmem5_m_axi_U/load_unit_0/fifo_rreq/full_n_reg_replica/C
                               grp_gdn_rs2_top_impl_fu_562/resident_residual_U/ram_reg_uram_271/BWE_B[4]
                                                              -1.661        
gmem5_m_axi_U/load_unit_0/fifo_rreq/full_n_reg_replica/C
                               grp_gdn_rs2_top_impl_fu_562/resident_residual_U/ram_reg_uram_271/BWE_B[6]
                                                              -1.660        
grp_gdn_rs2_top_impl_fu_562/grp_p_anonymous_namespace_fold_log_fu_9668/grp_p_anonymous_namespace_quantize_fold_block_fu_8160/grp_p_anonymous_namespace_quantize_fold_block_Pipeline_quantize_fold_residual_fu_2665/trunc_ln576_reg_5646_pp0_iter21_reg_reg[0]__0/C
                               grp_gdn_rs2_top_impl_fu_562/grp_p_anonymous_namespace_fold_log_fu_9668/grp_p_anonymous_namespace_quantize_fold_block_fu_8160/grp_p_anonymous_namespace_quantize_fold_block_Pipeline_quantize_fold_residual_fu_2665/residual_word_fu_444_reg[55]/D
                                                              -1.660        
gmem5_m_axi_U/load_unit_0/fifo_rreq/full_n_reg_replica/C
                               grp_gdn_rs2_top_impl_fu_562/resident_residual_U/ram_reg_uram_271/BWE_B[7]
                                                              -1.656        
gmem5_m_axi_U/load_unit_0/fifo_rreq/full_n_reg_replica/C
                               grp_gdn_rs2_top_impl_fu_562/resident_residual_U/ram_reg_uram_145/EN_A
                                                              -1.656        
grp_gdn_rs2_top_impl_fu_562/icmp_ln1440_reg_13979_reg[0]_replica/C
                               grp_gdn_rs2_top_impl_fu_562/resident_residual_U/ram_reg_uram_53/EN_B
                                                              -1.656        
grp_gdn_rs2_top_impl_fu_562/icmp_ln1440_reg_13979_reg[0]_replica/C
                               grp_gdn_rs2_top_impl_fu_562/resident_residual_U/ram_reg_uram_281/EN_B
                                                              -1.654        
grp_gdn_rs2_top_impl_fu_562/icmp_ln1440_reg_13979_reg[0]_replica/C
                               grp_gdn_rs2_top_impl_fu_562/resident_residual_U/ram_reg_uram_95/EN_A
                                                              -1.654        
gmem5_m_axi_U/load_unit_0/fifo_rreq/full_n_reg_replica/C
                               grp_gdn_rs2_top_impl_fu_562/resident_residual_U/ram_reg_uram_148/EN_A
                                                              -1.654        
gmem5_m_axi_U/load_unit_0/fifo_rreq/full_n_reg_replica/C
                               grp_gdn_rs2_top_impl_fu_562/resident_residual_U/ram_reg_uram_148/BWE_B[5]
                                                              -1.654        
gmem5_m_axi_U/load_unit_0/fifo_rreq/full_n_reg_replica/C
                               grp_gdn_rs2_top_impl_fu_562/resident_residual_U/ram_reg_uram_148/BWE_B[3]
                                                              -1.653        
grp_gdn_rs2_top_impl_fu_562/icmp_ln1440_reg_13979_reg[0]_replica/C
                               grp_gdn_rs2_top_impl_fu_562/resident_residual_U/ram_reg_uram_264/EN_A
                                                              -1.653        
grp_gdn_rs2_top_impl_fu_562/icmp_ln1440_reg_13979_reg[0]_replica/C
                               grp_gdn_rs2_top_impl_fu_562/resident_residual_U/ram_reg_uram_40/EN_B
                                                              -1.652        
gmem5_m_axi_U/load_unit_0/fifo_rreq/full_n_reg_replica/C
                               grp_gdn_rs2_top_impl_fu_562/resident_residual_U/ram_reg_uram_143/EN_B
                                                              -1.652        
grp_gdn_rs2_top_impl_fu_562/icmp_ln1440_reg_13979_reg[0]_replica/C
                               grp_gdn_rs2_top_impl_fu_562/resident_residual_U/ram_reg_uram_183/EN_A
                                                              -1.651        
gmem5_m_axi_U/load_unit_0/fifo_rreq/full_n_reg_replica/C
                               grp_gdn_rs2_top_impl_fu_562/resident_residual_U/ram_reg_uram_271/BWE_B[8]
                                                              -1.651        
gmem5_m_axi_U/load_unit_0/fifo_rreq/full_n_reg_replica/C
                               grp_gdn_rs2_top_impl_fu_562/resident_residual_U/ram_reg_uram_148/BWE_B[2]
                                                              -1.651        
grp_gdn_rs2_top_impl_fu_562/icmp_ln1440_reg_13979_reg[0]_replica/C
                               grp_gdn_rs2_top_impl_fu_562/resident_residual_U/ram_reg_uram_17/EN_B
                                                              -1.650        
gmem5_m_axi_U/load_unit_0/fifo_rreq/full_n_reg_replica/C
                               grp_gdn_rs2_top_impl_fu_562/resident_residual_U/ram_reg_uram_148/BWE_B[6]
                                                              -1.648        
grp_gdn_rs2_top_impl_fu_562/icmp_ln1440_reg_13979_reg[0]_replica/C
                               grp_gdn_rs2_top_impl_fu_562/resident_residual_U/ram_reg_uram_53/EN_A
                                                              -1.646        
grp_gdn_rs2_top_impl_fu_562/icmp_ln1440_reg_13979_reg[0]_replica/C
                               grp_gdn_rs2_top_impl_fu_562/resident_residual_U/ram_reg_uram_129/EN_B
                                                              -1.645        
gmem5_m_axi_U/load_unit_0/fifo_rreq/full_n_reg_replica/C
                               grp_gdn_rs2_top_impl_fu_562/resident_residual_U/ram_reg_uram_148/BWE_B[4]
                                                              -1.645        
gmem5_m_axi_U/load_unit_0/fifo_rreq/full_n_reg_replica/C
                               grp_gdn_rs2_top_impl_fu_562/resident_residual_U/ram_reg_uram_148/BWE_B[1]
                                                              -1.643        
grp_gdn_rs2_top_impl_fu_562/icmp_ln1440_reg_13979_reg[0]_replica/C
                               grp_gdn_rs2_top_impl_fu_562/resident_residual_U/ram_reg_uram_27/EN_B
                                                              -1.643        
grp_gdn_rs2_top_impl_fu_562/icmp_ln1440_reg_13979_reg[0]_replica/C
                               grp_gdn_rs2_top_impl_fu_562/resident_residual_U/ram_reg_uram_99/BWE_B[0]
                                                              -1.643        
gmem5_m_axi_U/load_unit_0/fifo_rreq/full_n_reg_replica/C
                               grp_gdn_rs2_top_impl_fu_562/resident_residual_U/ram_reg_uram_298/EN_A
                                                              -1.642        
grp_gdn_rs2_top_impl_fu_562/grp_p_anonymous_namespace_fold_log_fu_9668/grp_p_anonymous_namespace_quantize_fold_block_fu_8160/grp_p_anonymous_namespace_quantize_fold_block_Pipeline_quantize_fold_residual_fu_2665/trunc_ln576_reg_5646_pp0_iter21_reg_reg[0]__0/C
                               grp_gdn_rs2_top_impl_fu_562/grp_p_anonymous_namespace_fold_log_fu_9668/grp_p_anonymous_namespace_quantize_fold_block_fu_8160/grp_p_anonymous_namespace_quantize_fold_block_Pipeline_quantize_fold_residual_fu_2665/residual_word_fu_444_reg[51]/D
                                                              -1.640        
grp_gdn_rs2_top_impl_fu_562/icmp_ln1440_reg_13979_reg[0]_replica/C
                               grp_gdn_rs2_top_impl_fu_562/resident_residual_U/ram_reg_uram_99/BWE_B[7]
                                                              -1.639        
grp_gdn_rs2_top_impl_fu_562/resident_residual_U/ram_reg_uram_85/CLK
                               grp_gdn_rs2_top_impl_fu_562/grp_p_anonymous_namespace_read_snapshot_fu_9702/resident_residual_load_reg_1223_reg[71]/D
                                                              -1.638        
grp_gdn_rs2_top_impl_fu_562/icmp_ln1440_reg_13979_reg[0]_replica/C
                               grp_gdn_rs2_top_impl_fu_562/resident_residual_U/ram_reg_uram_15/EN_B
                                                              -1.638        
gmem5_m_axi_U/load_unit_0/fifo_rreq/full_n_reg_replica/C
                               grp_gdn_rs2_top_impl_fu_562/resident_residual_U/ram_reg_uram_148/BWE_B[0]
                                                              -1.637        
gmem5_m_axi_U/load_unit_0/fifo_rreq/full_n_reg_replica/C
                               grp_gdn_rs2_top_impl_fu_562/resident_residual_U/ram_reg_uram_148/BWE_B[7]
                                                              -1.637        
grp_gdn_rs2_top_impl_fu_562/icmp_ln1440_reg_13979_reg[0]_replica/C
                               grp_gdn_rs2_top_impl_fu_562/resident_residual_U/ram_reg_uram_104/EN_A
                                                              -1.637        
gmem5_m_axi_U/load_unit_0/fifo_rreq/full_n_reg_replica/C
                               grp_gdn_rs2_top_impl_fu_562/resident_residual_U/ram_reg_uram_148/EN_B
                                                              -1.637        
grp_gdn_rs2_top_impl_fu_562/grp_p_anonymous_namespace_fold_log_fu_9668/grp_p_anonymous_namespace_quantize_fold_block_fu_8160/grp_p_anonymous_namespace_quantize_fold_block_Pipeline_quantize_fold_residual_fu_2665/trunc_ln576_reg_5646_pp0_iter21_reg_reg[0]__0/C
                               grp_gdn_rs2_top_impl_fu_562/grp_p_anonymous_namespace_fold_log_fu_9668/grp_p_anonymous_namespace_quantize_fold_block_fu_8160/grp_p_anonymous_namespace_quantize_fold_block_Pipeline_quantize_fold_residual_fu_2665/residual_word_fu_444_reg[43]/D
                                                              -1.636        
grp_gdn_rs2_top_impl_fu_562/icmp_ln1440_reg_13979_reg[0]_replica/C
                               grp_gdn_rs2_top_impl_fu_562/resident_residual_U/ram_reg_uram_99/BWE_B[8]
                                                              -1.633        
gmem5_m_axi_U/load_unit_0/fifo_rreq/full_n_reg_replica/C
                               grp_gdn_rs2_top_impl_fu_562/resident_residual_U/ram_reg_uram_148/BWE_B[8]
                                                              -1.632        
grp_gdn_rs2_top_impl_fu_562/icmp_ln1440_reg_13979_reg[0]_replica/C
                               grp_gdn_rs2_top_impl_fu_562/resident_residual_U/ram_reg_uram_99/BWE_B[6]
                                                              -1.632        
grp_gdn_rs2_top_impl_fu_562/icmp_ln1440_reg_13979_reg[0]_replica/C
                               grp_gdn_rs2_top_impl_fu_562/resident_residual_U/ram_reg_uram_287/EN_A
                                                              -1.632        
grp_gdn_rs2_top_impl_fu_562/icmp_ln1440_reg_13979_reg[0]_replica/C
                               grp_gdn_rs2_top_impl_fu_562/resident_residual_U/ram_reg_uram_281/EN_A
                                                              -1.631        
gmem5_m_axi_U/load_unit_0/fifo_rreq/full_n_reg_replica/C
                               grp_gdn_rs2_top_impl_fu_562/resident_residual_U/ram_reg_uram_74/EN_A
                                                              -1.631        



