Copyright 1986-2022 Xilinx, Inc. All Rights Reserved. Copyright 2022-2025 Advanced Micro Devices, Inc. All Rights Reserved.
---------------------------------------------------------------------------------------------------------------------------------------------------------------------------------------------------------
| Tool Version      : Vivado v.2025.2 (win64) Build 6299465 Fri Nov 14 19:35:11 GMT 2025
| Date              : Mon Aug 10 14:57:20 2026
| Host              : Tyler running 64-bit major release  (build 9200)
| Command           : report_timing_summary -delay_type min_max -report_unconstrained -check_timing_verbose -file X:/reports/vivado/experiments/rs2_fold_write_contiguous_banks_20260810/impl_timing.rpt
| Design            : gdn_rs2_top
| Device            : xcu55c-fsvh2892
| Speed File        : -2L  PRODUCTION 1.30 05-01-2022
| Design State      : Routed
| Temperature Grade : E
---------------------------------------------------------------------------------------------------------------------------------------------------------------------------------------------------------

Timing Summary Report

------------------------------------------------------------------------------------------------
| Timer Settings
| --------------
------------------------------------------------------------------------------------------------

  Enable Multi Corner Analysis               :  Yes
  Enable Pessimism Removal                   :  Yes
  Pessimism Removal Resolution               :  Nearest Common Node
  Enable Input Delay Default Clock           :  No
  Enable Preset / Clear Arcs                 :  No
  Disable Flight Delays                      :  No
  Ignore I/O Paths                           :  No
  Timing Early Launch at Borrowing Latches   :  No
  Borrow Time for Max Delay Exceptions       :  Yes
  Merge Timing Exceptions                    :  Yes
  Inter-SLR Compensation                     :  Conservative

  Corner  Analyze    Analyze    
  Name    Max Paths  Min Paths  
  ------  ---------  ---------  
  Slow    Yes        Yes        
  Fast    Yes        Yes        


------------------------------------------------------------------------------------------------
| Report Methodology
| ------------------
------------------------------------------------------------------------------------------------

No report available as report_methodology has not been run prior. Run report_methodology on the current design for the summary of methodology violations.



check_timing report

Table of Contents
-----------------
1. checking no_clock (0)
2. checking constant_clock (0)
3. checking pulse_width_clock (0)
4. checking unconstrained_internal_endpoints (0)
5. checking no_input_delay (0)
6. checking no_output_delay (0)
7. checking multiple_clock (0)
8. checking generated_clocks (0)
9. checking loops (0)
10. checking partial_input_delay (0)
11. checking partial_output_delay (0)
12. checking latch_loops (0)

1. checking no_clock (0)
------------------------
 There are 0 register/latch pins with no clock.


2. checking constant_clock (0)
------------------------------
 There are 0 register/latch pins with constant_clock.


3. checking pulse_width_clock (0)
---------------------------------
 There are 0 register/latch pins which need pulse_width check


4. checking unconstrained_internal_endpoints (0)
------------------------------------------------
 There are 0 pins that are not constrained for maximum delay.

 There are 0 pins that are not constrained for maximum delay due to constant clock.


5. checking no_input_delay (0)
------------------------------
 There are 0 input ports with no input delay specified.

 There are 0 input ports with no input delay but user has a false path constraint.


6. checking no_output_delay (0)
-------------------------------
 There are 0 ports with no output delay specified.

 There are 0 ports with no output delay but user has a false path constraint

 There are 0 ports with no output delay but with a timing clock defined on it or propagating through it


7. checking multiple_clock (0)
------------------------------
 There are 0 register/latch pins with multiple clocks.


8. checking generated_clocks (0)
--------------------------------
 There are 0 generated clocks that are not connected to a clock source.


9. checking loops (0)
---------------------
 There are 0 combinational loops in the design.


10. checking partial_input_delay (0)
------------------------------------
 There are 0 input ports with partial input delay specified.


11. checking partial_output_delay (0)
-------------------------------------
 There are 0 ports with partial output delay specified.


12. checking latch_loops (0)
----------------------------
 There are 0 combinational latch loops in the design through latch input



------------------------------------------------------------------------------------------------
| Design Timing Summary
| ---------------------
------------------------------------------------------------------------------------------------

    WNS(ns)      TNS(ns)  TNS Failing Endpoints  TNS Total Endpoints      WHS(ns)      THS(ns)  THS Failing Endpoints  THS Total Endpoints     WPWS(ns)     TPWS(ns)  TPWS Failing Endpoints  TPWS Total Endpoints  
    -------      -------  ---------------------  -------------------      -------      -------  ---------------------  -------------------     --------     --------  ----------------------  --------------------  
     -2.966   -66301.594                  64439               226798        0.010        0.000                      0               226385        1.300        0.000                       0                 78247  


Timing constraints are not met.


------------------------------------------------------------------------------------------------
| Clock Summary
| -------------
------------------------------------------------------------------------------------------------

Clock   Waveform(ns)         Period(ns)      Frequency(MHz)
-----   ------------         ----------      --------------
ap_clk  {0.000 2.000}        4.000           250.000         


------------------------------------------------------------------------------------------------
| Intra Clock Table
| -----------------
------------------------------------------------------------------------------------------------

Clock             WNS(ns)      TNS(ns)  TNS Failing Endpoints  TNS Total Endpoints      WHS(ns)      THS(ns)  THS Failing Endpoints  THS Total Endpoints     WPWS(ns)     TPWS(ns)  TPWS Failing Endpoints  TPWS Total Endpoints  
-----             -------      -------  ---------------------  -------------------      -------      -------  ---------------------  -------------------     --------     --------  ----------------------  --------------------  
ap_clk             -2.966   -66301.594                  64439               226798        0.010        0.000                      0               226385        1.300        0.000                       0                 78247  


------------------------------------------------------------------------------------------------
| Inter Clock Table
| -----------------
------------------------------------------------------------------------------------------------

From Clock    To Clock          WNS(ns)      TNS(ns)  TNS Failing Endpoints  TNS Total Endpoints      WHS(ns)      THS(ns)  THS Failing Endpoints  THS Total Endpoints  
----------    --------          -------      -------  ---------------------  -------------------      -------      -------  ---------------------  -------------------  


------------------------------------------------------------------------------------------------
| Other Path Groups Table
| -----------------------
------------------------------------------------------------------------------------------------

Path Group    From Clock    To Clock          WNS(ns)      TNS(ns)  TNS Failing Endpoints  TNS Total Endpoints      WHS(ns)      THS(ns)  THS Failing Endpoints  THS Total Endpoints  
----------    ----------    --------          -------      -------  ---------------------  -------------------      -------      -------  ---------------------  -------------------  


------------------------------------------------------------------------------------------------
| User Ignored Path Table
| -----------------------
------------------------------------------------------------------------------------------------

Path Group    From Clock    To Clock    
----------    ----------    --------    
(none)        ap_clk        ap_clk        


------------------------------------------------------------------------------------------------
| Unconstrained Path Table
| ------------------------
------------------------------------------------------------------------------------------------

Path Group    From Clock    To Clock    
----------    ----------    --------    


------------------------------------------------------------------------------------------------
| Timing Details
| --------------
------------------------------------------------------------------------------------------------


---------------------------------------------------------------------------------------------------
From Clock:  ap_clk
  To Clock:  ap_clk

Setup :        64439  Failing Endpoints,  Worst Slack       -2.966ns,  Total Violation   -66301.596ns
Hold  :            0  Failing Endpoints,  Worst Slack        0.010ns,  Total Violation        0.000ns
PW    :            0  Failing Endpoints,  Worst Slack        1.300ns,  Total Violation        0.000ns
---------------------------------------------------------------------------------------------------


Max Delay Paths
--------------------------------------------------------------------------------------
Slack (VIOLATED) :        -2.966ns  (required time - arrival time)
  Source:                 gmem4_m_axi_U/load_unit_0/fifo_rreq/full_n_reg_replica_2/C
                            (rising edge-triggered cell FDSE clocked by ap_clk  {rise@0.000ns fall@2.000ns period=4.000ns})
  Destination:            grp_gdn_rs2_top_impl_fu_566/gdn_rs2_top_impl_unsigned_char_unsigned_short_unsigned_char_unsigned_char_ap_uin_1_U/ram_reg_uram_111/EN_A
                            (rising edge-triggered cell URAM288 clocked by ap_clk  {rise@0.000ns fall@2.000ns period=4.000ns})
  Path Group:             ap_clk
  Path Type:              Setup (Max at Slow Process Corner)
  Requirement:            4.000ns  (ap_clk rise@4.000ns - ap_clk rise@0.000ns)
  Data Path Delay:        6.377ns  (logic 0.203ns (3.183%)  route 6.174ns (96.817%))
  Logic Levels:           3  (LUT3=1 LUT6=2)
  Clock Path Skew:        0.199ns (DCD - SCD + CPR)
    Destination Clock Delay (DCD):    3.541ns = ( 7.541 - 4.000 ) 
    Source Clock Delay      (SCD):    3.506ns
    Clock Pessimism Removal (CPR):    0.164ns
  Clock Uncertainty:      0.035ns  ((TSJ^2 + TIJ^2)^1/2 + DJ) / 2 + PE
    Total System Jitter     (TSJ):    0.071ns
    Total Input Jitter      (TIJ):    0.000ns
    Discrete Jitter          (DJ):    0.000ns
    Phase Error              (PE):    0.000ns
  Inter-SLR Compensation: 0.295ns  ((DCD - CCD) * PF)
    Destination Clock Delay (DCD):    3.541ns
    Common Clock Delay      (CCD):    1.577ns
    Prorating Factor         (PF):    0.150
  Clock Net Delay (Source):      3.435ns (routing 1.670ns, distribution 1.765ns)
  Clock Net Delay (Destination): 3.481ns (routing 1.517ns, distribution 1.964ns)

    Location             Delay type                Incr(ns)  Path(ns)    Netlist Resource(s)
  -------------------------------------------------------------------    -------------------
                         (clock ap_clk rise edge)     0.000     0.000 r  
                                                      0.000     0.000 r  ap_clk (IN)
                         net (fo=0)                   0.043     0.043    ap_clk
    BUFGCE_X0Y0          BUFGCE (Prop_BUFCE_BUFGCE_I_O)
                                                      0.028     0.071 r  ooc_ap_clk_bufg/O
    X3Y5 (CLOCK_ROOT)    net (fo=78314, routed)       3.435     3.506    gmem4_m_axi_U/load_unit_0/fifo_rreq/ooc_ap_clk_global
    SLICE_X120Y230       FDSE                                         r  gmem4_m_axi_U/load_unit_0/fifo_rreq/full_n_reg_replica_2/C
  -------------------------------------------------------------------    -------------------
    SLICE_X120Y230       FDSE (Prop_BFF2_SLICEL_C_Q)
                                                      0.080     3.586 r  gmem4_m_axi_U/load_unit_0/fifo_rreq/full_n_reg_replica_2/Q
                         net (fo=2, routed)           0.095     3.681    grp_gdn_rs2_top_impl_fu_566/grp_p_anonymous_namespace_load_snapshot_fu_9331/full_n_reg_0_repN_2_alias
    SLICE_X120Y231       LUT3 (Prop_C6LUT_SLICEL_I1_O)
                                                      0.050     3.731 r  grp_gdn_rs2_top_impl_fu_566/grp_p_anonymous_namespace_load_snapshot_fu_9331/ap_CS_fsm[15]_i_1__0/O
                         net (fo=7, routed)           1.978     5.708    grp_gdn_rs2_top_impl_fu_566/grp_p_anonymous_namespace_dot_base_column_fu_9532/grp_p_anonymous_namespace_dot_base_column_Pipeline_dot_base_vector_terms_dot_base_sta_fu_368/grp_p_anonymous_namespace_load_snapshot_fu_9331_gdn_rs2_gdn_rs2_top_impl_unsigned_char_unsigned_short_unsigned_char_unsigned_char_ap_uint_4_const_16_128_ap_uint_8_const_16_4_ap_uint_4_const_16_128_ap_uint_8_const_16_4_ap_uint_4_const_32_128_ap_uint_8_const_32_4_ap_uint_16_const_ap_uint_16_const_ap_uint_4_const_128_128_ap_uint_8_const_128_4_ap_uint_4_const_128_128_ap_uint_8_const_128_4_ap_uint_4_const_2_16_128_ap_uint_8_const_2_16_4_ap_uint_4_const_2_32_128_ap_uint_8_const_2_32_4_ap_uint_16_const_ap_uint_16_const_32_ap_uint_4_ap_int_32_128_ap_int_16_128_ap_uint_4_128_128_ap_uint_8_128_4_ap_uint_4_128_128_ap_uint_8_128_4_ap_uint_4_2_16_128_ap_uint_8_2_16_4_ap_uint_4_2_32_128_ap_uint_8_2_32_4_ap_uint_16_ap_uint_16_32_ap_uint_4_unsigned_char_ap_uint_64_ap_uint_64_ap_uint_64_resident_primary_ce0_alias
    SLR Crossing[0->1]   
    SLICE_X121Y404       LUT6 (Prop_E6LUT_SLICEM_I4_O)
                                                      0.037     5.745 r  grp_gdn_rs2_top_impl_fu_566/grp_p_anonymous_namespace_dot_base_column_fu_9532/grp_p_anonymous_namespace_dot_base_column_Pipeline_dot_base_vector_terms_dot_base_sta_fu_368/ram_reg_mux_sel_79_i_1__2_comp/O
                         net (fo=97, routed)          1.423     7.168    grp_gdn_rs2_top_impl_fu_566/grp_p_anonymous_namespace_fold_log_if_full_fu_9762/grp_p_anonymous_namespace_fold_log_fu_239/grp_p_anonymous_namespace_quantize_fold_block_fu_8191/grp_p_anonymous_namespace_commit_fold_block_fu_2706/ram_reg_uram_144_0
    SLR Crossing[1->2]   
    SLICE_X120Y504       LUT6 (Prop_D6LUT_SLICEL_I0_O)
                                                      0.036     7.204 r  grp_gdn_rs2_top_impl_fu_566/grp_p_anonymous_namespace_fold_log_if_full_fu_9762/grp_p_anonymous_namespace_fold_log_fu_239/grp_p_anonymous_namespace_quantize_fold_block_fu_8191/grp_p_anonymous_namespace_commit_fold_block_fu_2706/ram_reg_uram_32_i_1__0/O
                         net (fo=4, routed)           2.679     9.883    grp_gdn_rs2_top_impl_fu_566/gdn_rs2_top_impl_unsigned_char_unsigned_short_unsigned_char_unsigned_char_ap_uin_1_U/word_34_reg_2095[72]_i_56_2
    URAM288_X0Y169       URAM288                                      r  grp_gdn_rs2_top_impl_fu_566/gdn_rs2_top_impl_unsigned_char_unsigned_short_unsigned_char_unsigned_char_ap_uin_1_U/ram_reg_uram_111/EN_A
  -------------------------------------------------------------------    -------------------

                         (clock ap_clk rise edge)     4.000     4.000 r  
                                                      0.000     4.000 r  ap_clk (IN)
                         net (fo=0)                   0.036     4.036    ap_clk
    BUFGCE_X0Y0          BUFGCE (Prop_BUFCE_BUFGCE_I_O)
                                                      0.024     4.060 r  ooc_ap_clk_bufg/O
    X3Y5 (CLOCK_ROOT)    net (fo=78314, routed)       3.481     7.541    grp_gdn_rs2_top_impl_fu_566/gdn_rs2_top_impl_unsigned_char_unsigned_short_unsigned_char_unsigned_char_ap_uin_1_U/ooc_ap_clk_global
    SLR Crossing[0->2]   
    URAM288_X0Y169       URAM288                                      r  grp_gdn_rs2_top_impl_fu_566/gdn_rs2_top_impl_unsigned_char_unsigned_short_unsigned_char_unsigned_char_ap_uin_1_U/ram_reg_uram_111/CLK
                         clock pessimism              0.164     7.705    
                         inter-SLR compensation      -0.295     7.410    
                         clock uncertainty           -0.035     7.375    
    URAM288_X0Y169       URAM288 (Setup_URAM_288K_INST_URAM288_CLK_EN_A)
                                                     -0.458     6.917    grp_gdn_rs2_top_impl_fu_566/gdn_rs2_top_impl_unsigned_char_unsigned_short_unsigned_char_unsigned_char_ap_uin_1_U/ram_reg_uram_111
  -------------------------------------------------------------------
                         required time                          6.917    
                         arrival time                          -9.883    
  -------------------------------------------------------------------
                         slack                                 -2.966    





Min Delay Paths
--------------------------------------------------------------------------------------
Slack (MET) :             0.010ns  (arrival time - required time)
  Source:                 gmem10_m_axi_U/store_unit_0/tmp_len_reg[10]/C
                            (rising edge-triggered cell FDRE clocked by ap_clk  {rise@0.000ns fall@2.000ns period=4.000ns})
  Destination:            gmem10_m_axi_U/bus_write/wreq_burst_conv/burst_sequential/rs_req/data_p2_reg[74]/D
                            (rising edge-triggered cell FDRE clocked by ap_clk  {rise@0.000ns fall@2.000ns period=4.000ns})
  Path Group:             ap_clk
  Path Type:              Hold (Min at Slow Process Corner)
  Requirement:            0.000ns  (ap_clk rise@0.000ns - ap_clk rise@0.000ns)
  Data Path Delay:        0.182ns  (logic 0.059ns (32.357%)  route 0.123ns (67.643%))
  Logic Levels:           0  
  Clock Path Skew:        0.110ns (DCD - SCD - CPR)
    Destination Clock Delay (DCD):    3.404ns
    Source Clock Delay      (SCD):    3.030ns
    Clock Pessimism Removal (CPR):    0.264ns
  Clock Net Delay (Source):      2.970ns (routing 1.517ns, distribution 1.453ns)
  Clock Net Delay (Destination): 3.333ns (routing 1.670ns, distribution 1.663ns)

    Location             Delay type                Incr(ns)  Path(ns)    Netlist Resource(s)
  -------------------------------------------------------------------    -------------------
                         (clock ap_clk rise edge)     0.000     0.000 r  
                                                      0.000     0.000 r  ap_clk (IN)
                         net (fo=0)                   0.036     0.036    ap_clk
    BUFGCE_X0Y0          BUFGCE (Prop_BUFCE_BUFGCE_I_O)
                                                      0.024     0.060 r  ooc_ap_clk_bufg/O
    X3Y5 (CLOCK_ROOT)    net (fo=78314, routed)       2.970     3.030    gmem10_m_axi_U/store_unit_0/ooc_ap_clk_global
    SLICE_X105Y235       FDRE                                         r  gmem10_m_axi_U/store_unit_0/tmp_len_reg[10]/C
  -------------------------------------------------------------------    -------------------
    SLICE_X105Y235       FDRE (Prop_BFF_SLICEL_C_Q)
                                                      0.059     3.089 r  gmem10_m_axi_U/store_unit_0/tmp_len_reg[10]/Q
                         net (fo=3, routed)           0.123     3.212    gmem10_m_axi_U/bus_write/wreq_burst_conv/burst_sequential/rs_req/data_p2_reg[95]_0[74]
    SLICE_X107Y235       FDRE                                         r  gmem10_m_axi_U/bus_write/wreq_burst_conv/burst_sequential/rs_req/data_p2_reg[74]/D
  -------------------------------------------------------------------    -------------------

                         (clock ap_clk rise edge)     0.000     0.000 r  
                                                      0.000     0.000 r  ap_clk (IN)
                         net (fo=0)                   0.043     0.043    ap_clk
    BUFGCE_X0Y0          BUFGCE (Prop_BUFCE_BUFGCE_I_O)
                                                      0.028     0.071 r  ooc_ap_clk_bufg/O
    X3Y5 (CLOCK_ROOT)    net (fo=78314, routed)       3.333     3.404    gmem10_m_axi_U/bus_write/wreq_burst_conv/burst_sequential/rs_req/ooc_ap_clk_global
    SLICE_X107Y235       FDRE                                         r  gmem10_m_axi_U/bus_write/wreq_burst_conv/burst_sequential/rs_req/data_p2_reg[74]/C
                         clock pessimism             -0.264     3.140    
    SLICE_X107Y235       FDRE (Hold_BFF2_SLICEM_C_D)
                                                      0.062     3.202    gmem10_m_axi_U/bus_write/wreq_burst_conv/burst_sequential/rs_req/data_p2_reg[74]
  -------------------------------------------------------------------
                         required time                         -3.202    
                         arrival time                           3.212    
  -------------------------------------------------------------------
                         slack                                  0.010    





Pulse Width Checks
--------------------------------------------------------------------------------------
Clock Name:         ap_clk
Waveform(ns):       { 0.000 2.000 }
Period(ns):         4.000
Sources:            { ap_clk }

Check Type        Corner  Lib Pin      Reference Pin  Required(ns)  Actual(ns)  Slack(ns)  Location        Pin
Min Period        n/a     URAM288/CLK  n/a            2.000         4.000       2.000      URAM288_X0Y164  grp_gdn_rs2_top_impl_fu_566/gdn_rs2_top_impl_unsigned_char_unsigned_short_unsigned_char_unsigned_char_ap_uin_1_U/ram_reg_uram_10/CLK
Low Pulse Width   Slow    URAM288/CLK  n/a            0.700         2.000       1.300      URAM288_X0Y164  grp_gdn_rs2_top_impl_fu_566/gdn_rs2_top_impl_unsigned_char_unsigned_short_unsigned_char_unsigned_char_ap_uin_1_U/ram_reg_uram_10/CLK
High Pulse Width  Slow    URAM288/CLK  n/a            0.700         2.000       1.300      URAM288_X0Y164  grp_gdn_rs2_top_impl_fu_566/gdn_rs2_top_impl_unsigned_char_unsigned_short_unsigned_char_unsigned_char_ap_uin_1_U/ram_reg_uram_10/CLK



--------------------------------------------------------------------------------------
Path Group:  (none)
From Clock:  ap_clk
  To Clock:  ap_clk

Max Delay         21540 Endpoints
Min Delay         36480 Endpoints
--------------------------------------------------------------------------------------


Max Delay Paths
--------------------------------------------------------------------------------------
Slack:                    inf
  Source:                 ap_rst_n
                            (input port clocked by ap_clk  {rise@0.000ns fall@2.000ns period=4.000ns})
  Destination:            gmem2_m_axi_U/bus_read/rreq_burst_conv/burst_sequential/first_sect_reg/R
                            (rising edge-triggered cell FDRE clocked by ap_clk  {rise@0.000ns fall@2.000ns period=4.000ns})
  Path Group:             (none)
  Path Type:              Setup (Max at Slow Process Corner)
  Data Path Delay:        3.452ns  (logic 0.069ns (1.999%)  route 3.383ns (98.001%))
  Logic Levels:           1  (LUT1=1)
  Input Delay:            1.000ns
  Clock Path Skew:        3.388ns (DCD - SCD + CPR)
    Destination Clock Delay (DCD):    3.388ns
    Source Clock Delay      (SCD):    0.000ns
    Clock Pessimism Removal (CPR):    0.000ns
  Clock Uncertainty:      0.035ns  ((TSJ^2 + TIJ^2)^1/2 + DJ) / 2 + PE
    Total System Jitter     (TSJ):    0.071ns
    Total Input Jitter      (TIJ):    0.000ns
    Discrete Jitter          (DJ):    0.000ns
    Phase Error              (PE):    0.000ns
  Clock Net Delay (Destination): 3.328ns (routing 1.517ns, distribution 1.811ns)
  Timing Exception:       False Path

    Location             Delay type                Incr(ns)  Path(ns)    Netlist Resource(s)
  -------------------------------------------------------------------    -------------------
                         (clock ap_clk rise edge)     0.000     0.000 r  
                         input delay                  1.000     1.000    
                                                      0.000     1.000 f  ap_rst_n (IN)
                         net (fo=20405, unset)        0.000     1.000    grp_gdn_rs2_top_impl_fu_566/grp_p_anonymous_namespace_fold_log_if_full_fu_9762/grp_p_anonymous_namespace_fold_log_fu_239/grp_p_anonymous_namespace_quantize_fold_block_fu_8191/grp_aligned_sum_guarded_2_1_fu_2619/grp_aligned_sum_guarded_2_1_Pipeline_align_terms_fu_144/flow_control_loop_pipe_sequential_init_U/ap_rst_n
    SLICE_X120Y204       LUT1 (Prop_A5LUT_SLICEL_I0_O)
                                                      0.069     1.069 r  grp_gdn_rs2_top_impl_fu_566/grp_p_anonymous_namespace_fold_log_if_full_fu_9762/grp_p_anonymous_namespace_fold_log_fu_239/grp_p_anonymous_namespace_quantize_fold_block_fu_8191/grp_aligned_sum_guarded_2_1_fu_2619/grp_aligned_sum_guarded_2_1_Pipeline_align_terms_fu_144/flow_control_loop_pipe_sequential_init_U/could_multi_bursts.burst_valid_i_1__14/O
                         net (fo=20, routed)          3.383     4.452    gmem2_m_axi_U/bus_read/rreq_burst_conv/burst_sequential/lopt
    SLICE_X195Y210       FDRE                                         r  gmem2_m_axi_U/bus_read/rreq_burst_conv/burst_sequential/first_sect_reg/R
  -------------------------------------------------------------------    -------------------

                         (clock ap_clk rise edge)     0.000     0.000 r  
                                                      0.000     0.000 r  ap_clk (IN)
                         net (fo=0)                   0.036     0.036    ap_clk
    BUFGCE_X0Y0          BUFGCE (Prop_BUFCE_BUFGCE_I_O)
                                                      0.024     0.060 r  ooc_ap_clk_bufg/O
    X3Y5 (CLOCK_ROOT)    net (fo=78314, routed)       3.328     3.388    gmem2_m_axi_U/bus_read/rreq_burst_conv/burst_sequential/ooc_ap_clk_global
    SLICE_X195Y210       FDRE                                         r  gmem2_m_axi_U/bus_read/rreq_burst_conv/burst_sequential/first_sect_reg/C





Min Delay Paths
--------------------------------------------------------------------------------------
Slack:                    inf
  Source:                 s_axi_control_WDATA[0]
                            (input port clocked by ap_clk  {rise@0.000ns fall@2.000ns period=4.000ns})
  Destination:            control_s_axi_U/int_ier_reg[0]/D
                            (rising edge-triggered cell FDRE clocked by ap_clk  {rise@0.000ns fall@2.000ns period=4.000ns})
  Path Group:             (none)
  Path Type:              Hold (Min at Fast Process Corner)
  Data Path Delay:        0.007ns  (logic 0.000ns (0.000%)  route 0.007ns (100.001%))
  Logic Levels:           0  
  Input Delay:            1.000ns
  Clock Path Skew:        2.134ns (DCD - SCD - CPR)
    Destination Clock Delay (DCD):    2.134ns
    Source Clock Delay      (SCD):    0.000ns
    Clock Pessimism Removal (CPR):    -0.000ns
  Clock Uncertainty:      0.035ns  ((TSJ^2 + TIJ^2)^1/2 + DJ) / 2 + PE
    Total System Jitter     (TSJ):    0.071ns
    Total Input Jitter      (TIJ):    0.000ns
    Discrete Jitter          (DJ):    0.000ns
    Phase Error              (PE):    0.000ns
  Clock Net Delay (Destination): 2.085ns (routing 1.023ns, distribution 1.062ns)
  Timing Exception:       False Path

    Location             Delay type                Incr(ns)  Path(ns)    Netlist Resource(s)
  -------------------------------------------------------------------    -------------------
                         (clock ap_clk rise edge)     0.000     0.000 r  
                         input delay                  1.000     1.000    
                                                      0.000     1.000 r  s_axi_control_WDATA[0] (IN)
                         net (fo=7, unset)            0.007     1.007    control_s_axi_U/s_axi_control_WDATA[0]
    SLICE_X89Y181        FDRE                                         r  control_s_axi_U/int_ier_reg[0]/D
  -------------------------------------------------------------------    -------------------

                         (clock ap_clk rise edge)     0.000     0.000 r  
                                                      0.000     0.000 r  ap_clk (IN)
                         net (fo=0)                   0.030     0.030    ap_clk
    BUFGCE_X0Y0          BUFGCE (Prop_BUFCE_BUFGCE_I_O)
                                                      0.019     0.049 r  ooc_ap_clk_bufg/O
    X3Y5 (CLOCK_ROOT)    net (fo=78314, routed)       2.085     2.134    control_s_axi_U/ooc_ap_clk_global
    SLICE_X89Y181        FDRE                                         r  control_s_axi_U/int_ier_reg[0]/C





