Copyright 1986-2022 Xilinx, Inc. All Rights Reserved. Copyright 2022-2024 Advanced Micro Devices, Inc. All Rights Reserved.
--------------------------------------------------------------------------------------------------------------------------------------------------
| Tool Version      : Vivado v.2024.2 (win64) Build 5239630 Fri Nov 08 22:35:27 MST 2024
| Date              : Mon May  4 21:34:06 2026
| Host              : meow running 64-bit major release  (build 9200)
| Command           : report_timing_summary -file reports/vivado/synth_timing.rpt
| Design            : gdn_top
| Device            : xcu55c-fsvh2892
| Speed File        : -2L  PRODUCTION 1.30 05-01-2022
| Design State      : Synthesized
| Temperature Grade : E
--------------------------------------------------------------------------------------------------------------------------------------------------

Timing Summary Report

------------------------------------------------------------------------------------------------
| Timer Settings
| --------------
------------------------------------------------------------------------------------------------

  Enable Multi Corner Analysis               :  Yes
  Enable Pessimism Removal                   :  Yes
  Pessimism Removal Resolution               :  Nearest Common Node
  Enable Input Delay Default Clock           :  No
  Enable Preset / Clear Arcs                 :  No
  Disable Flight Delays                      :  No
  Ignore I/O Paths                           :  No
  Timing Early Launch at Borrowing Latches   :  No
  Borrow Time for Max Delay Exceptions       :  Yes
  Merge Timing Exceptions                    :  Yes
  Inter-SLR Compensation                     :  Conservative

  Corner  Analyze    Analyze    
  Name    Max Paths  Min Paths  
  ------  ---------  ---------  
  Slow    Yes        Yes        
  Fast    Yes        Yes        


------------------------------------------------------------------------------------------------
| Report Methodology
| ------------------
------------------------------------------------------------------------------------------------

No report available as report_methodology has not been run prior. Run report_methodology on the current design for the summary of methodology violations.



check_timing report

Table of Contents
-----------------
1. checking no_clock (0)
2. checking constant_clock (0)
3. checking pulse_width_clock (0)
4. checking unconstrained_internal_endpoints (0)
5. checking no_input_delay (0)
6. checking no_output_delay (0)
7. checking multiple_clock (0)
8. checking generated_clocks (0)
9. checking loops (0)
10. checking partial_input_delay (0)
11. checking partial_output_delay (0)
12. checking latch_loops (0)

1. checking no_clock (0)
------------------------
 There are 0 register/latch pins with no clock.


2. checking constant_clock (0)
------------------------------
 There are 0 register/latch pins with constant_clock.


3. checking pulse_width_clock (0)
---------------------------------
 There are 0 register/latch pins which need pulse_width check


4. checking unconstrained_internal_endpoints (0)
------------------------------------------------
 There are 0 pins that are not constrained for maximum delay.

 There are 0 pins that are not constrained for maximum delay due to constant clock.


5. checking no_input_delay (0)
------------------------------
 There are 0 input ports with no input delay specified.

 There are 0 input ports with no input delay but user has a false path constraint.


6. checking no_output_delay (0)
-------------------------------
 There are 0 ports with no output delay specified.

 There are 0 ports with no output delay but user has a false path constraint

 There are 0 ports with no output delay but with a timing clock defined on it or propagating through it


7. checking multiple_clock (0)
------------------------------
 There are 0 register/latch pins with multiple clocks.


8. checking generated_clocks (0)
--------------------------------
 There are 0 generated clocks that are not connected to a clock source.


9. checking loops (0)
---------------------
 There are 0 combinational loops in the design.


10. checking partial_input_delay (0)
------------------------------------
 There are 0 input ports with partial input delay specified.


11. checking partial_output_delay (0)
-------------------------------------
 There are 0 ports with partial output delay specified.


12. checking latch_loops (0)
----------------------------
 There are 0 combinational latch loops in the design through latch input



------------------------------------------------------------------------------------------------
| Design Timing Summary
| ---------------------
------------------------------------------------------------------------------------------------

    WNS(ns)      TNS(ns)  TNS Failing Endpoints  TNS Total Endpoints      WHS(ns)      THS(ns)  THS Failing Endpoints  THS Total Endpoints     WPWS(ns)     TPWS(ns)  TPWS Failing Endpoints  TPWS Total Endpoints  
    -------      -------  ---------------------  -------------------      -------      -------  ---------------------  -------------------     --------     --------  ----------------------  --------------------  
      1.031        0.000                      0               136063        0.045        0.000                      0               136063        1.458        0.000                       0                 48042  


All user specified timing constraints are met.


------------------------------------------------------------------------------------------------
| Clock Summary
| -------------
------------------------------------------------------------------------------------------------

Clock   Waveform(ns)         Period(ns)      Frequency(MHz)
-----   ------------         ----------      --------------
ap_clk  {0.000 2.000}        4.000           250.000         


------------------------------------------------------------------------------------------------
| Intra Clock Table
| -----------------
------------------------------------------------------------------------------------------------

Clock             WNS(ns)      TNS(ns)  TNS Failing Endpoints  TNS Total Endpoints      WHS(ns)      THS(ns)  THS Failing Endpoints  THS Total Endpoints     WPWS(ns)     TPWS(ns)  TPWS Failing Endpoints  TPWS Total Endpoints  
-----             -------      -------  ---------------------  -------------------      -------      -------  ---------------------  -------------------     --------     --------  ----------------------  --------------------  
ap_clk              1.031        0.000                      0               136063        0.045        0.000                      0               136063        1.458        0.000                       0                 48042  


------------------------------------------------------------------------------------------------
| Inter Clock Table
| -----------------
------------------------------------------------------------------------------------------------

From Clock    To Clock          WNS(ns)      TNS(ns)  TNS Failing Endpoints  TNS Total Endpoints      WHS(ns)      THS(ns)  THS Failing Endpoints  THS Total Endpoints  
----------    --------          -------      -------  ---------------------  -------------------      -------      -------  ---------------------  -------------------  


------------------------------------------------------------------------------------------------
| Other Path Groups Table
| -----------------------
------------------------------------------------------------------------------------------------

Path Group    From Clock    To Clock          WNS(ns)      TNS(ns)  TNS Failing Endpoints  TNS Total Endpoints      WHS(ns)      THS(ns)  THS Failing Endpoints  THS Total Endpoints  
----------    ----------    --------          -------      -------  ---------------------  -------------------      -------      -------  ---------------------  -------------------  


------------------------------------------------------------------------------------------------
| Timing Details
| --------------
------------------------------------------------------------------------------------------------


---------------------------------------------------------------------------------------------------
From Clock:  ap_clk
  To Clock:  ap_clk

Setup :            0  Failing Endpoints,  Worst Slack        1.031ns,  Total Violation        0.000ns
Hold  :            0  Failing Endpoints,  Worst Slack        0.045ns,  Total Violation        0.000ns
PW    :            0  Failing Endpoints,  Worst Slack        1.458ns,  Total Violation        0.000ns
---------------------------------------------------------------------------------------------------


Max Delay Paths
--------------------------------------------------------------------------------------
Slack (MET) :             1.031ns  (required time - arrival time)
  Source:                 grp_gdn_top_impl_fu_252/abs_q3_295_reg_120702_reg[4]/C
                            (rising edge-triggered cell FDRE clocked by ap_clk  {rise@0.000ns fall@2.000ns period=4.000ns})
  Destination:            grp_gdn_top_impl_fu_252/closer_274_reg_124191_reg[0]/D
                            (rising edge-triggered cell FDRE clocked by ap_clk  {rise@0.000ns fall@2.000ns period=4.000ns})
  Path Group:             ap_clk
  Path Type:              Setup (Max at Slow Process Corner)
  Requirement:            4.000ns  (ap_clk rise@4.000ns - ap_clk rise@0.000ns)
  Data Path Delay:        2.952ns  (logic 0.798ns (27.033%)  route 2.154ns (72.967%))
  Logic Levels:           10  (CARRY8=2 LUT4=2 LUT5=2 LUT6=4)
  Clock Path Skew:        -0.007ns (DCD - SCD + CPR)
    Destination Clock Delay (DCD):    0.021ns = ( 4.021 - 4.000 ) 
    Source Clock Delay      (SCD):    0.028ns
    Clock Pessimism Removal (CPR):    0.000ns
  Clock Uncertainty:      0.035ns  ((TSJ^2 + TIJ^2)^1/2 + DJ) / 2 + PE
    Total System Jitter     (TSJ):    0.071ns
    Total Input Jitter      (TIJ):    0.000ns
    Discrete Jitter          (DJ):    0.000ns
    Phase Error              (PE):    0.000ns

    Location             Delay type                Incr(ns)  Path(ns)    Netlist Resource(s)
  -------------------------------------------------------------------    -------------------
                         (clock ap_clk rise edge)     0.000     0.000 r  
                                                      0.000     0.000 r  ap_clk (IN)
                         net (fo=51666, unset)        0.028     0.028    grp_gdn_top_impl_fu_252/ap_clk
                         FDRE                                         r  grp_gdn_top_impl_fu_252/abs_q3_295_reg_120702_reg[4]/C
  -------------------------------------------------------------------    -------------------
                         FDRE (Prop_FDRE_C_Q)         0.077     0.105 f  grp_gdn_top_impl_fu_252/abs_q3_295_reg_120702_reg[4]/Q
                         net (fo=91, unplaced)        0.181     0.286    grp_gdn_top_impl_fu_252/abs_q3_295_reg_120702[4]
                         LUT5 (Prop_LUT5_I0_O)        0.163     0.449 r  grp_gdn_top_impl_fu_252/dist_2490_reg_124186[9]_i_3/O
                         net (fo=4, unplaced)         0.197     0.646    grp_gdn_top_impl_fu_252/dist_2490_reg_124186[9]_i_3_n_0
                         LUT6 (Prop_LUT6_I2_O)        0.038     0.684 r  grp_gdn_top_impl_fu_252/best_dist_548_reg_124181[15]_i_3/O
                         net (fo=7, unplaced)         0.210     0.894    grp_gdn_top_impl_fu_252/best_dist_548_reg_124181[15]_i_3_n_0
                         LUT5 (Prop_LUT5_I4_O)        0.070     0.964 r  grp_gdn_top_impl_fu_252/best_dist_548_reg_124181[3]_i_2/O
                         net (fo=19, unplaced)        0.233     1.197    grp_gdn_top_impl_fu_252/best_dist_548_reg_124181[3]_i_2_n_0
                         LUT4 (Prop_LUT4_I0_O)        0.038     1.235 r  grp_gdn_top_impl_fu_252/best_dist_548_reg_124181[11]_i_6/O
                         net (fo=1, unplaced)         0.185     1.420    grp_gdn_top_impl_fu_252/best_dist_548_reg_124181[11]_i_6_n_0
                         LUT6 (Prop_LUT6_I5_O)        0.038     1.458 f  grp_gdn_top_impl_fu_252/best_dist_548_reg_124181[11]_i_2/O
                         net (fo=3, unplaced)         0.191     1.649    grp_gdn_top_impl_fu_252/best_dist_548_reg_124181[11]_i_2_n_0
                         LUT4 (Prop_LUT4_I2_O)        0.074     1.723 r  grp_gdn_top_impl_fu_252/closer_935_reg_124175[0]_i_4/O
                         net (fo=1, unplaced)         0.238     1.961    grp_gdn_top_impl_fu_252/closer_935_reg_124175[0]_i_4_n_0
                         CARRY8 (Prop_CARRY8_DI[5]_CO[7])
                                                      0.097     2.058 r  grp_gdn_top_impl_fu_252/closer_935_reg_124175_reg[0]_i_1/CO[7]
                         net (fo=26, unplaced)        0.268     2.326    grp_gdn_top_impl_fu_252/closer_935_reg_124175_reg[0]_i_1_n_0
                         LUT6 (Prop_LUT6_I5_O)        0.038     2.364 r  grp_gdn_top_impl_fu_252/best_dist_548_reg_124181[3]_i_1/O
                         net (fo=4, unplaced)         0.197     2.561    grp_gdn_top_impl_fu_252/best_dist_548_fu_39875_p3[3]
                         LUT6 (Prop_LUT6_I5_O)        0.038     2.599 r  grp_gdn_top_impl_fu_252/closer_274_reg_124191[0]_i_8/O
                         net (fo=1, unplaced)         0.210     2.809    grp_gdn_top_impl_fu_252/closer_274_reg_124191[0]_i_8_n_0
                         CARRY8 (Prop_CARRY8_DI[1]_CO[7])
                                                      0.127     2.936 r  grp_gdn_top_impl_fu_252/closer_274_reg_124191_reg[0]_i_1/CO[7]
                         net (fo=1, unplaced)         0.044     2.980    grp_gdn_top_impl_fu_252/closer_274_fu_39909_p2
                         FDRE                                         r  grp_gdn_top_impl_fu_252/closer_274_reg_124191_reg[0]/D
  -------------------------------------------------------------------    -------------------

                         (clock ap_clk rise edge)     4.000     4.000 r  
                                                      0.000     4.000 r  ap_clk (IN)
                         net (fo=51666, unset)        0.021     4.021    grp_gdn_top_impl_fu_252/ap_clk
                         FDRE                                         r  grp_gdn_top_impl_fu_252/closer_274_reg_124191_reg[0]/C
                         clock pessimism              0.000     4.021    
                         clock uncertainty           -0.035     3.986    
                         FDRE (Setup_FDRE_C_D)        0.025     4.011    grp_gdn_top_impl_fu_252/closer_274_reg_124191_reg[0]
  -------------------------------------------------------------------
                         required time                          4.011    
                         arrival time                          -2.980    
  -------------------------------------------------------------------
                         slack                                  1.031    





Min Delay Paths
--------------------------------------------------------------------------------------
Slack (MET) :             0.045ns  (arrival time - required time)
  Source:                 gmem0_m_axi_U/load_unit_0/buff_rdata/U_fifo_mem/raddr_reg_reg[4]/C
                            (rising edge-triggered cell FDRE clocked by ap_clk  {rise@0.000ns fall@2.000ns period=4.000ns})
  Destination:            gmem0_m_axi_U/load_unit_0/buff_rdata/U_fifo_mem/mem_reg/ADDRARDADDR[9]
                            (rising edge-triggered cell RAMB18E2 clocked by ap_clk  {rise@0.000ns fall@2.000ns period=4.000ns})
  Path Group:             ap_clk
  Path Type:              Hold (Min at Fast Process Corner)
  Requirement:            0.000ns  (ap_clk rise@0.000ns - ap_clk rise@0.000ns)
  Data Path Delay:        0.092ns  (logic 0.038ns (41.304%)  route 0.054ns (58.696%))
  Logic Levels:           0  
  Clock Path Skew:        0.041ns (DCD - SCD - CPR)
    Destination Clock Delay (DCD):    0.053ns
    Source Clock Delay      (SCD):    0.012ns
    Clock Pessimism Removal (CPR):    -0.000ns

    Location             Delay type                Incr(ns)  Path(ns)    Netlist Resource(s)
  -------------------------------------------------------------------    -------------------
                         (clock ap_clk rise edge)     0.000     0.000 r  
                                                      0.000     0.000 r  ap_clk (IN)
                         net (fo=51666, unset)        0.012     0.012    gmem0_m_axi_U/load_unit_0/buff_rdata/U_fifo_mem/ap_clk
                         FDRE                                         r  gmem0_m_axi_U/load_unit_0/buff_rdata/U_fifo_mem/raddr_reg_reg[4]/C
  -------------------------------------------------------------------    -------------------
                         FDRE (Prop_FDRE_C_Q)         0.038     0.050 r  gmem0_m_axi_U/load_unit_0/buff_rdata/U_fifo_mem/raddr_reg_reg[4]/Q
                         net (fo=1, unplaced)         0.054     0.104    gmem0_m_axi_U/load_unit_0/buff_rdata/U_fifo_mem/raddr_reg[4]
                         RAMB18E2                                     r  gmem0_m_axi_U/load_unit_0/buff_rdata/U_fifo_mem/mem_reg/ADDRARDADDR[9]
  -------------------------------------------------------------------    -------------------

                         (clock ap_clk rise edge)     0.000     0.000 r  
                                                      0.000     0.000 r  ap_clk (IN)
                         net (fo=51666, unset)        0.053     0.053    gmem0_m_axi_U/load_unit_0/buff_rdata/U_fifo_mem/ap_clk
                         RAMB18E2                                     r  gmem0_m_axi_U/load_unit_0/buff_rdata/U_fifo_mem/mem_reg/CLKARDCLK
                         clock pessimism              0.000     0.053    
                         RAMB18E2 (Hold_RAMB18E2_CLKARDCLK_ADDRARDADDR[9])
                                                      0.006     0.059    gmem0_m_axi_U/load_unit_0/buff_rdata/U_fifo_mem/mem_reg
  -------------------------------------------------------------------
                         required time                         -0.059    
                         arrival time                           0.104    
  -------------------------------------------------------------------
                         slack                                  0.045    





Pulse Width Checks
--------------------------------------------------------------------------------------
Clock Name:         ap_clk
Waveform(ns):       { 0.000 2.000 }
Period(ns):         4.000
Sources:            { ap_clk }

Check Type        Corner  Lib Pin             Reference Pin  Required(ns)  Actual(ns)  Slack(ns)  Location  Pin
Min Period        n/a     RAMB18E2/CLKARDCLK  n/a            1.569         4.000       2.431                gmem0_m_axi_U/load_unit_0/buff_rdata/U_fifo_mem/mem_reg/CLKARDCLK
Low Pulse Width   Slow    RAMB18E2/CLKARDCLK  n/a            0.542         2.000       1.458                gmem0_m_axi_U/load_unit_0/buff_rdata/U_fifo_mem/mem_reg/CLKARDCLK
High Pulse Width  Slow    RAMB18E2/CLKARDCLK  n/a            0.542         2.000       1.458                gmem0_m_axi_U/load_unit_0/buff_rdata/U_fifo_mem/mem_reg/CLKARDCLK



