Copyright 1986-2022 Xilinx, Inc. All Rights Reserved. Copyright 2022-2025 Advanced Micro Devices, Inc. All Rights Reserved.
-------------------------------------------------------------------------------------------------------------------------------------------------------------------
| Tool Version      : Vivado v.2025.2 (win64) Build 6299465 Fri Nov 14 19:35:11 GMT 2025
| Date              : Mon Aug  3 23:21:46 2026
| Host              : Tyler running 64-bit major release  (build 9200)
| Command           : report_timing_summary -delay_type min_max -report_unconstrained -check_timing_verbose -file X:/reports/vivado/corrected/e2m0/impl_timing.rpt
| Design            : gdn_e2m0_top
| Device            : xcu55c-fsvh2892
| Speed File        : -2L  PRODUCTION 1.30 05-01-2022
| Design State      : Routed
| Temperature Grade : E
-------------------------------------------------------------------------------------------------------------------------------------------------------------------

Timing Summary Report

------------------------------------------------------------------------------------------------
| Timer Settings
| --------------
------------------------------------------------------------------------------------------------

  Enable Multi Corner Analysis               :  Yes
  Enable Pessimism Removal                   :  Yes
  Pessimism Removal Resolution               :  Nearest Common Node
  Enable Input Delay Default Clock           :  No
  Enable Preset / Clear Arcs                 :  No
  Disable Flight Delays                      :  No
  Ignore I/O Paths                           :  No
  Timing Early Launch at Borrowing Latches   :  No
  Borrow Time for Max Delay Exceptions       :  Yes
  Merge Timing Exceptions                    :  Yes
  Inter-SLR Compensation                     :  Conservative

  Corner  Analyze    Analyze    
  Name    Max Paths  Min Paths  
  ------  ---------  ---------  
  Slow    Yes        Yes        
  Fast    Yes        Yes        


------------------------------------------------------------------------------------------------
| Report Methodology
| ------------------
------------------------------------------------------------------------------------------------

No report available as report_methodology has not been run prior. Run report_methodology on the current design for the summary of methodology violations.



check_timing report

Table of Contents
-----------------
1. checking no_clock (0)
2. checking constant_clock (0)
3. checking pulse_width_clock (0)
4. checking unconstrained_internal_endpoints (0)
5. checking no_input_delay (0)
6. checking no_output_delay (0)
7. checking multiple_clock (0)
8. checking generated_clocks (0)
9. checking loops (0)
10. checking partial_input_delay (0)
11. checking partial_output_delay (0)
12. checking latch_loops (0)

1. checking no_clock (0)
------------------------
 There are 0 register/latch pins with no clock.


2. checking constant_clock (0)
------------------------------
 There are 0 register/latch pins with constant_clock.


3. checking pulse_width_clock (0)
---------------------------------
 There are 0 register/latch pins which need pulse_width check


4. checking unconstrained_internal_endpoints (0)
------------------------------------------------
 There are 0 pins that are not constrained for maximum delay.

 There are 0 pins that are not constrained for maximum delay due to constant clock.


5. checking no_input_delay (0)
------------------------------
 There are 0 input ports with no input delay specified.

 There are 0 input ports with no input delay but user has a false path constraint.


6. checking no_output_delay (0)
-------------------------------
 There are 0 ports with no output delay specified.

 There are 0 ports with no output delay but user has a false path constraint

 There are 0 ports with no output delay but with a timing clock defined on it or propagating through it


7. checking multiple_clock (0)
------------------------------
 There are 0 register/latch pins with multiple clocks.


8. checking generated_clocks (0)
--------------------------------
 There are 0 generated clocks that are not connected to a clock source.


9. checking loops (0)
---------------------
 There are 0 combinational loops in the design.


10. checking partial_input_delay (0)
------------------------------------
 There are 0 input ports with partial input delay specified.


11. checking partial_output_delay (0)
-------------------------------------
 There are 0 ports with partial output delay specified.


12. checking latch_loops (0)
----------------------------
 There are 0 combinational latch loops in the design through latch input



------------------------------------------------------------------------------------------------
| Design Timing Summary
| ---------------------
------------------------------------------------------------------------------------------------

    WNS(ns)      TNS(ns)  TNS Failing Endpoints  TNS Total Endpoints      WHS(ns)      THS(ns)  THS Failing Endpoints  THS Total Endpoints     WPWS(ns)     TPWS(ns)  TPWS Failing Endpoints  TPWS Total Endpoints  
    -------      -------  ---------------------  -------------------      -------      -------  ---------------------  -------------------     --------     --------  ----------------------  --------------------  
     -7.934   -81368.453                  70305               324457       -3.020   -55625.488                  20849               324457        1.300        0.000                       0                116842  


Timing constraints are not met.


------------------------------------------------------------------------------------------------
| Clock Summary
| -------------
------------------------------------------------------------------------------------------------

Clock   Waveform(ns)         Period(ns)      Frequency(MHz)
-----   ------------         ----------      --------------
ap_clk  {0.000 2.000}        4.000           250.000         


------------------------------------------------------------------------------------------------
| Intra Clock Table
| -----------------
------------------------------------------------------------------------------------------------

Clock             WNS(ns)      TNS(ns)  TNS Failing Endpoints  TNS Total Endpoints      WHS(ns)      THS(ns)  THS Failing Endpoints  THS Total Endpoints     WPWS(ns)     TPWS(ns)  TPWS Failing Endpoints  TPWS Total Endpoints  
-----             -------      -------  ---------------------  -------------------      -------      -------  ---------------------  -------------------     --------     --------  ----------------------  --------------------  
ap_clk             -7.934   -81368.453                  70305               324457       -3.020   -55625.488                  20849               324457        1.300        0.000                       0                116842  


------------------------------------------------------------------------------------------------
| Inter Clock Table
| -----------------
------------------------------------------------------------------------------------------------

From Clock    To Clock          WNS(ns)      TNS(ns)  TNS Failing Endpoints  TNS Total Endpoints      WHS(ns)      THS(ns)  THS Failing Endpoints  THS Total Endpoints  
----------    --------          -------      -------  ---------------------  -------------------      -------      -------  ---------------------  -------------------  


------------------------------------------------------------------------------------------------
| Other Path Groups Table
| -----------------------
------------------------------------------------------------------------------------------------

Path Group    From Clock    To Clock          WNS(ns)      TNS(ns)  TNS Failing Endpoints  TNS Total Endpoints      WHS(ns)      THS(ns)  THS Failing Endpoints  THS Total Endpoints  
----------    ----------    --------          -------      -------  ---------------------  -------------------      -------      -------  ---------------------  -------------------  


------------------------------------------------------------------------------------------------
| User Ignored Path Table
| -----------------------
------------------------------------------------------------------------------------------------

Path Group    From Clock    To Clock    
----------    ----------    --------    


------------------------------------------------------------------------------------------------
| Unconstrained Path Table
| ------------------------
------------------------------------------------------------------------------------------------

Path Group    From Clock    To Clock    
----------    ----------    --------    


------------------------------------------------------------------------------------------------
| Timing Details
| --------------
------------------------------------------------------------------------------------------------


---------------------------------------------------------------------------------------------------
From Clock:  ap_clk
  To Clock:  ap_clk

Setup :        70305  Failing Endpoints,  Worst Slack       -7.934ns,  Total Violation   -81368.453ns
Hold  :        20849  Failing Endpoints,  Worst Slack       -3.020ns,  Total Violation   -55625.489ns
PW    :            0  Failing Endpoints,  Worst Slack        1.300ns,  Total Violation        0.000ns
---------------------------------------------------------------------------------------------------


Max Delay Paths
--------------------------------------------------------------------------------------
Slack (VIOLATED) :        -7.934ns  (required time - arrival time)
  Source:                 gmem11_m_axi_U/store_unit_0/buff_wdata/dout_vld_reg/C
                            (rising edge-triggered cell FDRE clocked by ap_clk  {rise@0.000ns fall@2.000ns period=4.000ns})
  Destination:            gmem11_m_axi_U/bus_write/wreq_throttle/num_beat_cnt_reg[1]/R
                            (rising edge-triggered cell FDRE clocked by ap_clk  {rise@0.000ns fall@2.000ns period=4.000ns})
  Path Group:             ap_clk
  Path Type:              Setup (Max at Slow Process Corner)
  Requirement:            4.000ns  (ap_clk rise@4.000ns - ap_clk rise@0.000ns)
  Data Path Delay:        11.723ns  (logic 0.345ns (2.943%)  route 11.378ns (97.057%))
  Logic Levels:           3  (LUT2=1 LUT5=1 LUT6=1)
  Clock Path Skew:        -0.102ns (DCD - SCD + CPR)
    Destination Clock Delay (DCD):    3.421ns = ( 7.421 - 4.000 ) 
    Source Clock Delay      (SCD):    3.827ns
    Clock Pessimism Removal (CPR):    0.304ns
  Clock Uncertainty:      0.035ns  ((TSJ^2 + TIJ^2)^1/2 + DJ) / 2 + PE
    Total System Jitter     (TSJ):    0.071ns
    Total Input Jitter      (TIJ):    0.000ns
    Discrete Jitter          (DJ):    0.000ns
    Phase Error              (PE):    0.000ns

    Location             Delay type                Incr(ns)  Path(ns)    Netlist Resource(s)
  -------------------------------------------------------------------    -------------------
                         (clock ap_clk rise edge)     0.000     0.000 r  
                                                      0.000     0.000 r  ap_clk (IN)
                         net (fo=117030, unset)       3.827     3.827    gmem11_m_axi_U/store_unit_0/buff_wdata/ap_clk
    SLICE_X173Y426       FDRE                                         r  gmem11_m_axi_U/store_unit_0/buff_wdata/dout_vld_reg/C
  -------------------------------------------------------------------    -------------------
    SLICE_X173Y426       FDRE (Prop_DFF_SLICEL_C_Q)
                                                      0.079     3.906 r  gmem11_m_axi_U/store_unit_0/buff_wdata/dout_vld_reg/Q
                         net (fo=4, routed)           0.115     4.021    gmem11_m_axi_U/bus_write/wreq_throttle/rs_req/local_CHN_WVALID[0]
    SLICE_X173Y426       LUT6 (Prop_G6LUT_SLICEL_I0_O)
                                                      0.149     4.170 r  gmem11_m_axi_U/bus_write/wreq_throttle/rs_req/num_beat_cnt[7]_i_2__3/O
                         net (fo=19, routed)          2.612     6.782    gmem11_m_axi_U/bus_write/wreq_throttle/rs_burst/dout_vld_reg_0
    SLICE_X172Y427       LUT5 (Prop_B6LUT_SLICEL_I0_O)
                                                      0.051     6.833 r  gmem11_m_axi_U/bus_write/wreq_throttle/rs_burst/local_BUS_WLAST_i_2__3/O
                         net (fo=11, routed)          2.645     9.478    gmem11_m_axi_U/bus_write/wreq_throttle/rs_burst/num_beat_cnt_reg[6]
    SLICE_X171Y427       LUT2 (Prop_H5LUT_SLICEM_I1_O)
                                                      0.066     9.544 r  gmem11_m_axi_U/bus_write/wreq_throttle/rs_burst/num_beat_cnt[7]_i_1__1/O
                         net (fo=8, routed)           6.005    15.550    gmem11_m_axi_U/bus_write/wreq_throttle/rs_burst_n_12
    SLICE_X172Y426       FDRE                                         r  gmem11_m_axi_U/bus_write/wreq_throttle/num_beat_cnt_reg[1]/R
  -------------------------------------------------------------------    -------------------

                         (clock ap_clk rise edge)     4.000     4.000 r  
                                                      0.000     4.000 r  ap_clk (IN)
                         net (fo=117030, unset)       3.421     7.421    gmem11_m_axi_U/bus_write/wreq_throttle/ap_clk
    SLICE_X172Y426       FDRE                                         r  gmem11_m_axi_U/bus_write/wreq_throttle/num_beat_cnt_reg[1]/C
                         clock pessimism              0.304     7.725    
                         clock uncertainty           -0.035     7.690    
    SLICE_X172Y426       FDRE (Setup_DFF_SLICEL_C_R)
                                                     -0.074     7.616    gmem11_m_axi_U/bus_write/wreq_throttle/num_beat_cnt_reg[1]
  -------------------------------------------------------------------
                         required time                          7.616    
                         arrival time                         -15.550    
  -------------------------------------------------------------------
                         slack                                 -7.934    





Min Delay Paths
--------------------------------------------------------------------------------------
Slack (VIOLATED) :        -3.020ns  (arrival time - required time)
  Source:                 ap_rst_n
                            (input port clocked by ap_clk  {rise@0.000ns fall@2.000ns period=4.000ns})
  Destination:            grp_gdn_e2m0_top_impl_fu_550/grp_p_anonymous_namespace_fold_log_fu_9590/grp_p_anonymous_namespace_quantize_fold_block_fu_8537/ap_CS_fsm_reg[123]/R
                            (rising edge-triggered cell FDRE clocked by ap_clk  {rise@0.000ns fall@2.000ns period=4.000ns})
  Path Group:             ap_clk
  Path Type:              Hold (Min at Slow Process Corner)
  Requirement:            0.000ns  (ap_clk rise@0.000ns - ap_clk rise@0.000ns)
  Data Path Delay:        0.017ns  (logic 0.000ns (0.000%)  route 0.017ns (100.000%))
  Logic Levels:           0  
  Input Delay:            1.000ns
  Clock Path Skew:        4.049ns (DCD - SCD - CPR)
    Destination Clock Delay (DCD):    4.049ns
    Source Clock Delay      (SCD):    0.000ns
    Clock Pessimism Removal (CPR):    -0.000ns
  Inter-SLR Compensation: 0.003ns  (DPD * PF)
    Data Path Delay         (DPD):    0.017ns
    Prorating Factor         (PF):    0.150

    Location             Delay type                Incr(ns)  Path(ns)    Netlist Resource(s)
  -------------------------------------------------------------------    -------------------
                         (clock ap_clk rise edge)     0.000     0.000 r  
                         input delay                  1.000     1.000    
                                                      0.000     1.000 f  ap_rst_n (IN)
                         net (fo=17874, unset)        0.017     1.017    grp_gdn_e2m0_top_impl_fu_550/grp_p_anonymous_namespace_fold_log_fu_9590/grp_p_anonymous_namespace_quantize_fold_block_fu_8537/ap_rst_n_0
    SLICE_X225Y346       FDRE                                         r  grp_gdn_e2m0_top_impl_fu_550/grp_p_anonymous_namespace_fold_log_fu_9590/grp_p_anonymous_namespace_quantize_fold_block_fu_8537/ap_CS_fsm_reg[123]/R  (IS_INVERTED)
  -------------------------------------------------------------------    -------------------

                         (clock ap_clk rise edge)     0.000     0.000 r  
                                                      0.000     0.000 r  ap_clk (IN)
                         net (fo=117030, unset)       4.049     4.049    grp_gdn_e2m0_top_impl_fu_550/grp_p_anonymous_namespace_fold_log_fu_9590/grp_p_anonymous_namespace_quantize_fold_block_fu_8537/ap_clk
    SLICE_X225Y346       FDRE                                         r  grp_gdn_e2m0_top_impl_fu_550/grp_p_anonymous_namespace_fold_log_fu_9590/grp_p_anonymous_namespace_quantize_fold_block_fu_8537/ap_CS_fsm_reg[123]/C
                         clock pessimism              0.000     4.049    
                         inter-SLR compensation       0.003     4.052    
    SLICE_X225Y346       FDRE (Hold_EFF_SLICEM_C_R)
                                                     -0.015     4.037    grp_gdn_e2m0_top_impl_fu_550/grp_p_anonymous_namespace_fold_log_fu_9590/grp_p_anonymous_namespace_quantize_fold_block_fu_8537/ap_CS_fsm_reg[123]
  -------------------------------------------------------------------
                         required time                         -4.037    
                         arrival time                           1.017    
  -------------------------------------------------------------------
                         slack                                 -3.020    





Pulse Width Checks
--------------------------------------------------------------------------------------
Clock Name:         ap_clk
Waveform(ns):       { 0.000 2.000 }
Period(ns):         4.000
Sources:            { ap_clk }

Check Type        Corner  Lib Pin      Reference Pin  Required(ns)  Actual(ns)  Slack(ns)  Location        Pin
Min Period        n/a     URAM288/CLK  n/a            2.000         4.000       2.000      URAM288_X1Y104  grp_gdn_e2m0_top_impl_fu_550/resident_keys_U/ram_reg_uram_10/CLK
Low Pulse Width   Slow    URAM288/CLK  n/a            0.700         2.000       1.300      URAM288_X1Y104  grp_gdn_e2m0_top_impl_fu_550/resident_keys_U/ram_reg_uram_10/CLK
High Pulse Width  Slow    URAM288/CLK  n/a            0.700         2.000       1.300      URAM288_X1Y104  grp_gdn_e2m0_top_impl_fu_550/resident_keys_U/ram_reg_uram_10/CLK



