Copyright 1986-2022 Xilinx, Inc. All Rights Reserved. Copyright 2022-2025 Advanced Micro Devices, Inc. All Rights Reserved.
-----------------------------------------------------------------------------------------------------------------------------------------------------------------------------------------------------
| Tool Version      : Vivado v.2025.2 (win64) Build 6299465 Fri Nov 14 19:35:11 GMT 2025
| Date              : Mon Aug 10 13:17:41 2026
| Host              : Tyler running 64-bit major release  (build 9200)
| Command           : report_timing_summary -delay_type min_max -report_unconstrained -check_timing_verbose -file X:/reports/vivado/experiments/rs2_snapshot_write_unbanked_20260810/impl_timing.rpt
| Design            : gdn_rs2_top
| Device            : xcu55c-fsvh2892
| Speed File        : -2L  PRODUCTION 1.30 05-01-2022
| Design State      : Routed
| Temperature Grade : E
-----------------------------------------------------------------------------------------------------------------------------------------------------------------------------------------------------

Timing Summary Report

------------------------------------------------------------------------------------------------
| Timer Settings
| --------------
------------------------------------------------------------------------------------------------

  Enable Multi Corner Analysis               :  Yes
  Enable Pessimism Removal                   :  Yes
  Pessimism Removal Resolution               :  Nearest Common Node
  Enable Input Delay Default Clock           :  No
  Enable Preset / Clear Arcs                 :  No
  Disable Flight Delays                      :  No
  Ignore I/O Paths                           :  No
  Timing Early Launch at Borrowing Latches   :  No
  Borrow Time for Max Delay Exceptions       :  Yes
  Merge Timing Exceptions                    :  Yes
  Inter-SLR Compensation                     :  Conservative

  Corner  Analyze    Analyze    
  Name    Max Paths  Min Paths  
  ------  ---------  ---------  
  Slow    Yes        Yes        
  Fast    Yes        Yes        


------------------------------------------------------------------------------------------------
| Report Methodology
| ------------------
------------------------------------------------------------------------------------------------

No report available as report_methodology has not been run prior. Run report_methodology on the current design for the summary of methodology violations.



check_timing report

Table of Contents
-----------------
1. checking no_clock (0)
2. checking constant_clock (0)
3. checking pulse_width_clock (0)
4. checking unconstrained_internal_endpoints (0)
5. checking no_input_delay (0)
6. checking no_output_delay (0)
7. checking multiple_clock (0)
8. checking generated_clocks (0)
9. checking loops (0)
10. checking partial_input_delay (0)
11. checking partial_output_delay (0)
12. checking latch_loops (0)

1. checking no_clock (0)
------------------------
 There are 0 register/latch pins with no clock.


2. checking constant_clock (0)
------------------------------
 There are 0 register/latch pins with constant_clock.


3. checking pulse_width_clock (0)
---------------------------------
 There are 0 register/latch pins which need pulse_width check


4. checking unconstrained_internal_endpoints (0)
------------------------------------------------
 There are 0 pins that are not constrained for maximum delay.

 There are 0 pins that are not constrained for maximum delay due to constant clock.


5. checking no_input_delay (0)
------------------------------
 There are 0 input ports with no input delay specified.

 There are 0 input ports with no input delay but user has a false path constraint.


6. checking no_output_delay (0)
-------------------------------
 There are 0 ports with no output delay specified.

 There are 0 ports with no output delay but user has a false path constraint

 There are 0 ports with no output delay but with a timing clock defined on it or propagating through it


7. checking multiple_clock (0)
------------------------------
 There are 0 register/latch pins with multiple clocks.


8. checking generated_clocks (0)
--------------------------------
 There are 0 generated clocks that are not connected to a clock source.


9. checking loops (0)
---------------------
 There are 0 combinational loops in the design.


10. checking partial_input_delay (0)
------------------------------------
 There are 0 input ports with partial input delay specified.


11. checking partial_output_delay (0)
-------------------------------------
 There are 0 ports with partial output delay specified.


12. checking latch_loops (0)
----------------------------
 There are 0 combinational latch loops in the design through latch input



------------------------------------------------------------------------------------------------
| Design Timing Summary
| ---------------------
------------------------------------------------------------------------------------------------

    WNS(ns)      TNS(ns)  TNS Failing Endpoints  TNS Total Endpoints      WHS(ns)      THS(ns)  THS Failing Endpoints  THS Total Endpoints     WPWS(ns)     TPWS(ns)  TPWS Failing Endpoints  TPWS Total Endpoints  
    -------      -------  ---------------------  -------------------      -------      -------  ---------------------  -------------------     --------     --------  ----------------------  --------------------  
     -1.494   -26161.480                  43246               223433        0.010        0.000                      0               223020        1.300        0.000                       0                 76502  


Timing constraints are not met.


------------------------------------------------------------------------------------------------
| Clock Summary
| -------------
------------------------------------------------------------------------------------------------

Clock   Waveform(ns)         Period(ns)      Frequency(MHz)
-----   ------------         ----------      --------------
ap_clk  {0.000 2.000}        4.000           250.000         


------------------------------------------------------------------------------------------------
| Intra Clock Table
| -----------------
------------------------------------------------------------------------------------------------

Clock             WNS(ns)      TNS(ns)  TNS Failing Endpoints  TNS Total Endpoints      WHS(ns)      THS(ns)  THS Failing Endpoints  THS Total Endpoints     WPWS(ns)     TPWS(ns)  TPWS Failing Endpoints  TPWS Total Endpoints  
-----             -------      -------  ---------------------  -------------------      -------      -------  ---------------------  -------------------     --------     --------  ----------------------  --------------------  
ap_clk             -1.494   -26161.480                  43246               223433        0.010        0.000                      0               223020        1.300        0.000                       0                 76502  


------------------------------------------------------------------------------------------------
| Inter Clock Table
| -----------------
------------------------------------------------------------------------------------------------

From Clock    To Clock          WNS(ns)      TNS(ns)  TNS Failing Endpoints  TNS Total Endpoints      WHS(ns)      THS(ns)  THS Failing Endpoints  THS Total Endpoints  
----------    --------          -------      -------  ---------------------  -------------------      -------      -------  ---------------------  -------------------  


------------------------------------------------------------------------------------------------
| Other Path Groups Table
| -----------------------
------------------------------------------------------------------------------------------------

Path Group    From Clock    To Clock          WNS(ns)      TNS(ns)  TNS Failing Endpoints  TNS Total Endpoints      WHS(ns)      THS(ns)  THS Failing Endpoints  THS Total Endpoints  
----------    ----------    --------          -------      -------  ---------------------  -------------------      -------      -------  ---------------------  -------------------  


------------------------------------------------------------------------------------------------
| User Ignored Path Table
| -----------------------
------------------------------------------------------------------------------------------------

Path Group    From Clock    To Clock    
----------    ----------    --------    
(none)        ap_clk        ap_clk        


------------------------------------------------------------------------------------------------
| Unconstrained Path Table
| ------------------------
------------------------------------------------------------------------------------------------

Path Group    From Clock    To Clock    
----------    ----------    --------    


------------------------------------------------------------------------------------------------
| Timing Details
| --------------
------------------------------------------------------------------------------------------------


---------------------------------------------------------------------------------------------------
From Clock:  ap_clk
  To Clock:  ap_clk

Setup :        43246  Failing Endpoints,  Worst Slack       -1.494ns,  Total Violation   -26161.480ns
Hold  :            0  Failing Endpoints,  Worst Slack        0.010ns,  Total Violation        0.000ns
PW    :            0  Failing Endpoints,  Worst Slack        1.300ns,  Total Violation        0.000ns
---------------------------------------------------------------------------------------------------


Max Delay Paths
--------------------------------------------------------------------------------------
Slack (VIOLATED) :        -1.494ns  (required time - arrival time)
  Source:                 grp_gdn_rs2_top_impl_fu_562/ap_CS_fsm_reg[253]_rep/C
                            (rising edge-triggered cell FDRE clocked by ap_clk  {rise@0.000ns fall@2.000ns period=4.000ns})
  Destination:            grp_gdn_rs2_top_impl_fu_562/resident_primary_U/ram_reg_uram_120/EN_A
                            (rising edge-triggered cell URAM288 clocked by ap_clk  {rise@0.000ns fall@2.000ns period=4.000ns})
  Path Group:             ap_clk
  Path Type:              Setup (Max at Slow Process Corner)
  Requirement:            4.000ns  (ap_clk rise@4.000ns - ap_clk rise@0.000ns)
  Data Path Delay:        5.226ns  (logic 0.363ns (6.946%)  route 4.863ns (93.054%))
  Logic Levels:           5  (LUT2=2 LUT3=1 LUT5=1 LUT6=1)
  Clock Path Skew:        0.540ns (DCD - SCD + CPR)
    Destination Clock Delay (DCD):    3.630ns = ( 7.630 - 4.000 ) 
    Source Clock Delay      (SCD):    3.252ns
    Clock Pessimism Removal (CPR):    0.162ns
  Clock Uncertainty:      0.035ns  ((TSJ^2 + TIJ^2)^1/2 + DJ) / 2 + PE
    Total System Jitter     (TSJ):    0.071ns
    Total Input Jitter      (TIJ):    0.000ns
    Discrete Jitter          (DJ):    0.000ns
    Phase Error              (PE):    0.000ns
  Inter-SLR Compensation: 0.314ns  ((DCD - CCD) * PF)
    Destination Clock Delay (DCD):    3.630ns
    Common Clock Delay      (CCD):    1.538ns
    Prorating Factor         (PF):    0.150
  Clock Net Delay (Source):      3.181ns (routing 1.629ns, distribution 1.552ns)
  Clock Net Delay (Destination): 3.570ns (routing 1.478ns, distribution 2.092ns)

    Location             Delay type                Incr(ns)  Path(ns)    Netlist Resource(s)
  -------------------------------------------------------------------    -------------------
                         (clock ap_clk rise edge)     0.000     0.000 r  
                                                      0.000     0.000 r  ap_clk (IN)
                         net (fo=0)                   0.043     0.043    ap_clk
    BUFGCE_X0Y0          BUFGCE (Prop_BUFCE_BUFGCE_I_O)
                                                      0.028     0.071 r  ooc_ap_clk_bufg/O
    X4Y6 (CLOCK_ROOT)    net (fo=76560, routed)       3.181     3.252    grp_gdn_rs2_top_impl_fu_562/ooc_ap_clk_global
    SLR Crossing[0->1]   
    SLICE_X123Y380       FDRE                                         r  grp_gdn_rs2_top_impl_fu_562/ap_CS_fsm_reg[253]_rep/C
  -------------------------------------------------------------------    -------------------
    SLICE_X123Y380       FDRE (Prop_BFF_SLICEL_C_Q)
                                                      0.079     3.331 r  grp_gdn_rs2_top_impl_fu_562/ap_CS_fsm_reg[253]_rep/Q
                         net (fo=76, routed)          0.045     3.376    grp_gdn_rs2_top_impl_fu_562/resident_residual_scales_U/reg_9864_reg[0]
    SLICE_X123Y380       LUT2 (Prop_B6LUT_SLICEL_I0_O)
                                                      0.051     3.427 r  grp_gdn_rs2_top_impl_fu_562/resident_residual_scales_U/reg_9879[63]_i_1/O
                         net (fo=569, routed)         0.576     4.003    grp_gdn_rs2_top_impl_fu_562/grp_p_anonymous_namespace_reset_slot_fu_9193/resident_primary_scales_address01
    SLICE_X125Y420       LUT6 (Prop_B6LUT_SLICEL_I5_O)
                                                      0.098     4.101 f  grp_gdn_rs2_top_impl_fu_562/grp_p_anonymous_namespace_reset_slot_fu_9193/ram_reg_mux_sel_153_i_1__0_comp/O
                         net (fo=259, routed)         0.432     4.534    grp_gdn_rs2_top_impl_fu_562/grp_p_anonymous_namespace_reset_slot_fu_9193/tmp_s_reg_2071_reg[13]
    SLICE_X123Y447       LUT2 (Prop_F6LUT_SLICEL_I0_O)
                                                      0.049     4.583 f  grp_gdn_rs2_top_impl_fu_562/grp_p_anonymous_namespace_reset_slot_fu_9193/ram_reg_uram_64_i_3/O
                         net (fo=16, routed)          0.096     4.679    grp_gdn_rs2_top_impl_fu_562/grp_p_anonymous_namespace_reset_slot_fu_9193/ram_reg_uram_64_i_3_n_0
    SLICE_X123Y449       LUT5 (Prop_E6LUT_SLICEL_I4_O)
                                                      0.051     4.730 r  grp_gdn_rs2_top_impl_fu_562/grp_p_anonymous_namespace_reset_slot_fu_9193/ram_reg_uram_120_i_3_rewire_replica/O
                         net (fo=2, routed)           1.624     6.354    grp_gdn_rs2_top_impl_fu_562/grp_p_anonymous_namespace_reset_slot_fu_9193/ram_reg_uram_120_i_3_n_0_repN
    SLR Crossing[1->2]   
    SLICE_X120Y584       LUT3 (Prop_G6LUT_SLICEL_I2_O)
                                                      0.035     6.389 r  grp_gdn_rs2_top_impl_fu_562/grp_p_anonymous_namespace_reset_slot_fu_9193/ram_reg_uram_120_i_1_replica_rewire/O
                         net (fo=2, routed)           2.090     8.479    grp_gdn_rs2_top_impl_fu_562/resident_primary_U/ap_CS_fsm_reg[283]_78_repN_alias
    URAM288_X0Y168       URAM288                                      r  grp_gdn_rs2_top_impl_fu_562/resident_primary_U/ram_reg_uram_120/EN_A
  -------------------------------------------------------------------    -------------------

                         (clock ap_clk rise edge)     4.000     4.000 r  
                                                      0.000     4.000 r  ap_clk (IN)
                         net (fo=0)                   0.036     4.036    ap_clk
    BUFGCE_X0Y0          BUFGCE (Prop_BUFCE_BUFGCE_I_O)
                                                      0.024     4.060 r  ooc_ap_clk_bufg/O
    X4Y6 (CLOCK_ROOT)    net (fo=76560, routed)       3.570     7.630    grp_gdn_rs2_top_impl_fu_562/resident_primary_U/ooc_ap_clk_global
    SLR Crossing[0->2]   
    URAM288_X0Y168       URAM288                                      r  grp_gdn_rs2_top_impl_fu_562/resident_primary_U/ram_reg_uram_120/CLK
                         clock pessimism              0.162     7.792    
                         inter-SLR compensation      -0.314     7.478    
                         clock uncertainty           -0.035     7.443    
    URAM288_X0Y168       URAM288 (Setup_URAM_288K_INST_URAM288_CLK_EN_A)
                                                     -0.458     6.985    grp_gdn_rs2_top_impl_fu_562/resident_primary_U/ram_reg_uram_120
  -------------------------------------------------------------------
                         required time                          6.985    
                         arrival time                          -8.479    
  -------------------------------------------------------------------
                         slack                                 -1.494    





Min Delay Paths
--------------------------------------------------------------------------------------
Slack (MET) :             0.010ns  (arrival time - required time)
  Source:                 gmem12_m_axi_U/bus_write/wreq_burst_conv/burst_sequential/could_multi_bursts.burst_addr_base_reg[9]/C
                            (rising edge-triggered cell FDRE clocked by ap_clk  {rise@0.000ns fall@2.000ns period=4.000ns})
  Destination:            gmem12_m_axi_U/bus_write/wreq_throttle/fifo_burst_gen[0].fifo_req/U_fifo_srl/mem_reg[14][21]_srl15/D
                            (rising edge-triggered cell SRL16E clocked by ap_clk  {rise@0.000ns fall@2.000ns period=4.000ns})
  Path Group:             ap_clk
  Path Type:              Hold (Min at Slow Process Corner)
  Requirement:            0.000ns  (ap_clk rise@0.000ns - ap_clk rise@0.000ns)
  Data Path Delay:        0.140ns  (logic 0.058ns (41.429%)  route 0.082ns (58.571%))
  Logic Levels:           0  
  Clock Path Skew:        0.102ns (DCD - SCD - CPR)
    Destination Clock Delay (DCD):    3.373ns
    Source Clock Delay      (SCD):    2.961ns
    Clock Pessimism Removal (CPR):    0.310ns
  Clock Net Delay (Source):      2.901ns (routing 1.478ns, distribution 1.423ns)
  Clock Net Delay (Destination): 3.302ns (routing 1.629ns, distribution 1.673ns)

    Location             Delay type                Incr(ns)  Path(ns)    Netlist Resource(s)
  -------------------------------------------------------------------    -------------------
                         (clock ap_clk rise edge)     0.000     0.000 r  
                                                      0.000     0.000 r  ap_clk (IN)
                         net (fo=0)                   0.036     0.036    ap_clk
    BUFGCE_X0Y0          BUFGCE (Prop_BUFCE_BUFGCE_I_O)
                                                      0.024     0.060 r  ooc_ap_clk_bufg/O
    X4Y6 (CLOCK_ROOT)    net (fo=76560, routed)       2.901     2.961    gmem12_m_axi_U/bus_write/wreq_burst_conv/burst_sequential/ooc_ap_clk_global
    SLR Crossing[0->1]   
    SLICE_X129Y322       FDRE                                         r  gmem12_m_axi_U/bus_write/wreq_burst_conv/burst_sequential/could_multi_bursts.burst_addr_base_reg[9]/C
  -------------------------------------------------------------------    -------------------
    SLICE_X129Y322       FDRE (Prop_EFF_SLICEM_C_Q)
                                                      0.058     3.019 r  gmem12_m_axi_U/bus_write/wreq_burst_conv/burst_sequential/could_multi_bursts.burst_addr_base_reg[9]/Q
                         net (fo=1, routed)           0.082     3.101    gmem12_m_axi_U/bus_write/wreq_throttle/fifo_burst_gen[0].fifo_req/U_fifo_srl/in[19]
    SLICE_X129Y321       SRL16E                                       r  gmem12_m_axi_U/bus_write/wreq_throttle/fifo_burst_gen[0].fifo_req/U_fifo_srl/mem_reg[14][21]_srl15/D
  -------------------------------------------------------------------    -------------------

                         (clock ap_clk rise edge)     0.000     0.000 r  
                                                      0.000     0.000 r  ap_clk (IN)
                         net (fo=0)                   0.043     0.043    ap_clk
    BUFGCE_X0Y0          BUFGCE (Prop_BUFCE_BUFGCE_I_O)
                                                      0.028     0.071 r  ooc_ap_clk_bufg/O
    X4Y6 (CLOCK_ROOT)    net (fo=76560, routed)       3.302     3.373    gmem12_m_axi_U/bus_write/wreq_throttle/fifo_burst_gen[0].fifo_req/U_fifo_srl/ooc_ap_clk_global
    SLR Crossing[0->1]   
    SLICE_X129Y321       SRL16E                                       r  gmem12_m_axi_U/bus_write/wreq_throttle/fifo_burst_gen[0].fifo_req/U_fifo_srl/mem_reg[14][21]_srl15/CLK
                         clock pessimism             -0.310     3.063    
    SLICE_X129Y321       SRL16E (Hold_D6LUT_SLICEM_CLK_D)
                                                      0.028     3.091    gmem12_m_axi_U/bus_write/wreq_throttle/fifo_burst_gen[0].fifo_req/U_fifo_srl/mem_reg[14][21]_srl15
  -------------------------------------------------------------------
                         required time                         -3.091    
                         arrival time                           3.101    
  -------------------------------------------------------------------
                         slack                                  0.010    





Pulse Width Checks
--------------------------------------------------------------------------------------
Clock Name:         ap_clk
Waveform(ns):       { 0.000 2.000 }
Period(ns):         4.000
Sources:            { ap_clk }

Check Type        Corner  Lib Pin      Reference Pin  Required(ns)  Actual(ns)  Slack(ns)  Location        Pin
Min Period        n/a     URAM288/CLK  n/a            2.000         4.000       2.000      URAM288_X4Y100  grp_gdn_rs2_top_impl_fu_562/resident_keys_U/ram_reg_uram_12/CLK
Low Pulse Width   Slow    URAM288/CLK  n/a            0.700         2.000       1.300      URAM288_X4Y100  grp_gdn_rs2_top_impl_fu_562/resident_keys_U/ram_reg_uram_12/CLK
High Pulse Width  Slow    URAM288/CLK  n/a            0.700         2.000       1.300      URAM288_X4Y100  grp_gdn_rs2_top_impl_fu_562/resident_keys_U/ram_reg_uram_12/CLK



--------------------------------------------------------------------------------------
Path Group:  (none)
From Clock:  ap_clk
  To Clock:  ap_clk

Max Delay         21193 Endpoints
Min Delay         36133 Endpoints
--------------------------------------------------------------------------------------


Max Delay Paths
--------------------------------------------------------------------------------------
Slack:                    inf
  Source:                 ap_rst_n
                            (input port clocked by ap_clk  {rise@0.000ns fall@2.000ns period=4.000ns})
  Destination:            gmem12_m_axi_U/bus_write/wreq_burst_conv/burst_sequential/first_sect_reg/R
                            (rising edge-triggered cell FDRE clocked by ap_clk  {rise@0.000ns fall@2.000ns period=4.000ns})
  Path Group:             (none)
  Path Type:              Setup (Max at Slow Process Corner)
  Data Path Delay:        3.348ns  (logic 0.070ns (2.091%)  route 3.278ns (97.909%))
  Logic Levels:           1  (LUT1=1)
  Input Delay:            1.000ns
  Clock Path Skew:        2.965ns (DCD - SCD + CPR)
    Destination Clock Delay (DCD):    2.965ns
    Source Clock Delay      (SCD):    0.000ns
    Clock Pessimism Removal (CPR):    0.000ns
  Clock Uncertainty:      0.035ns  ((TSJ^2 + TIJ^2)^1/2 + DJ) / 2 + PE
    Total System Jitter     (TSJ):    0.071ns
    Total Input Jitter      (TIJ):    0.000ns
    Discrete Jitter          (DJ):    0.000ns
    Phase Error              (PE):    0.000ns
  Clock Net Delay (Destination): 2.905ns (routing 1.478ns, distribution 1.427ns)
  Timing Exception:       False Path

    Location             Delay type                Incr(ns)  Path(ns)    Netlist Resource(s)
  -------------------------------------------------------------------    -------------------
                         (clock ap_clk rise edge)     0.000     0.000 r  
                         input delay                  1.000     1.000    
                                                      0.000     1.000 f  ap_rst_n (IN)
                         net (fo=20059, unset)        0.000     1.000    grp_gdn_rs2_top_impl_fu_562/grp_p_anonymous_namespace_fold_log_if_full_fu_9368/grp_p_anonymous_namespace_fold_log_fu_207/grp_aligned_sum_guarded_4_s_fu_8326/grp_aligned_sum_guarded_4_Pipeline_align_terms_fu_182/flow_control_loop_pipe_sequential_init_U/ap_rst_n
    SLICE_X88Y333        LUT1 (Prop_A5LUT_SLICEM_I0_O)
                                                      0.070     1.070 r  grp_gdn_rs2_top_impl_fu_562/grp_p_anonymous_namespace_fold_log_if_full_fu_9368/grp_p_anonymous_namespace_fold_log_fu_207/grp_aligned_sum_guarded_4_s_fu_8326/grp_aligned_sum_guarded_4_Pipeline_align_terms_fu_182/flow_control_loop_pipe_sequential_init_U/could_multi_bursts.burst_valid_i_1__13/O
                         net (fo=20, routed)          3.278     4.348    gmem12_m_axi_U/bus_write/wreq_burst_conv/burst_sequential/lopt
    SLICE_X138Y329       FDRE                                         r  gmem12_m_axi_U/bus_write/wreq_burst_conv/burst_sequential/first_sect_reg/R
  -------------------------------------------------------------------    -------------------

                         (clock ap_clk rise edge)     0.000     0.000 r  
                                                      0.000     0.000 r  ap_clk (IN)
                         net (fo=0)                   0.036     0.036    ap_clk
    BUFGCE_X0Y0          BUFGCE (Prop_BUFCE_BUFGCE_I_O)
                                                      0.024     0.060 r  ooc_ap_clk_bufg/O
    X4Y6 (CLOCK_ROOT)    net (fo=76560, routed)       2.905     2.965    gmem12_m_axi_U/bus_write/wreq_burst_conv/burst_sequential/ooc_ap_clk_global
    SLR Crossing[0->1]   
    SLICE_X138Y329       FDRE                                         r  gmem12_m_axi_U/bus_write/wreq_burst_conv/burst_sequential/first_sect_reg/C





Min Delay Paths
--------------------------------------------------------------------------------------
Slack:                    inf
  Source:                 s_axi_control_r_AWADDR[4]
                            (input port clocked by ap_clk  {rise@0.000ns fall@2.000ns period=4.000ns})
  Destination:            control_r_s_axi_U/waddr_reg[4]/D
                            (rising edge-triggered cell FDRE clocked by ap_clk  {rise@0.000ns fall@2.000ns period=4.000ns})
  Path Group:             (none)
  Path Type:              Hold (Min at Fast Process Corner)
  Data Path Delay:        0.007ns  (logic 0.000ns (0.000%)  route 0.007ns (100.001%))
  Logic Levels:           0  
  Input Delay:            1.000ns
  Clock Path Skew:        2.113ns (DCD - SCD - CPR)
    Destination Clock Delay (DCD):    2.113ns
    Source Clock Delay      (SCD):    0.000ns
    Clock Pessimism Removal (CPR):    -0.000ns
  Clock Uncertainty:      0.035ns  ((TSJ^2 + TIJ^2)^1/2 + DJ) / 2 + PE
    Total System Jitter     (TSJ):    0.071ns
    Total Input Jitter      (TIJ):    0.000ns
    Discrete Jitter          (DJ):    0.000ns
    Phase Error              (PE):    0.000ns
  Clock Net Delay (Destination): 2.064ns (routing 1.007ns, distribution 1.057ns)
  Timing Exception:       False Path

    Location             Delay type                Incr(ns)  Path(ns)    Netlist Resource(s)
  -------------------------------------------------------------------    -------------------
                         (clock ap_clk rise edge)     0.000     0.000 r  
                         input delay                  1.000     1.000    
                                                      0.000     1.000 r  s_axi_control_r_AWADDR[4] (IN)
                         net (fo=0)                   0.007     1.007    control_r_s_axi_U/s_axi_control_r_AWADDR[2]
    SLICE_X97Y327        FDRE                                         r  control_r_s_axi_U/waddr_reg[4]/D
  -------------------------------------------------------------------    -------------------

                         (clock ap_clk rise edge)     0.000     0.000 r  
                                                      0.000     0.000 r  ap_clk (IN)
                         net (fo=0)                   0.030     0.030    ap_clk
    BUFGCE_X0Y0          BUFGCE (Prop_BUFCE_BUFGCE_I_O)
                                                      0.019     0.049 r  ooc_ap_clk_bufg/O
    X4Y6 (CLOCK_ROOT)    net (fo=76560, routed)       2.064     2.113    control_r_s_axi_U/ooc_ap_clk_global
    SLR Crossing[0->1]   
    SLICE_X97Y327        FDRE                                         r  control_r_s_axi_U/waddr_reg[4]/C





