Copyright 1986-2022 Xilinx, Inc. All Rights Reserved. Copyright 2022-2025 Advanced Micro Devices, Inc. All Rights Reserved.
---------------------------------------------------------------------------------------------------------------------------------------------
| Tool Version : Vivado v.2025.2 (win64) Build 6299465 Fri Nov 14 19:35:11 GMT 2025
| Date         : Mon Aug 10 13:18:04 2026
| Host         : Tyler running 64-bit major release  (build 9200)
| Command      : report_drc -file X:/reports/vivado/experiments/rs2_snapshot_write_unbanked_20260810/impl_drc.rpt
| Design       : gdn_rs2_top
| Device       : xcu55c-fsvh2892-2L-e
| Speed File   : -2L
| Design State : Fully Routed
---------------------------------------------------------------------------------------------------------------------------------------------

Report DRC

Table of Contents
-----------------
1. REPORT SUMMARY
2. REPORT DETAILS

1. REPORT SUMMARY
-----------------
            Netlist: gdn_rs2_top
          Floorplan: design_1
      Design limits: <entire design considered>
           Ruledeck: default
             Max checks: <unlimited>
             Checks found: 26
+-----------+----------+------------------------+--------+
| Rule      | Severity | Description            | Checks |
+-----------+----------+------------------------+--------+
| DPIP-2    | Warning  | Input pipelining       | 6      |
| DPOP-3    | Warning  | PREG Output pipelining | 7      |
| DPOP-4    | Warning  | MREG Output pipelining | 12     |
| RTSTAT-10 | Warning  | No routable loads      | 1      |
+-----------+----------+------------------------+--------+

2. REPORT DETAILS
-----------------
DPIP-2#1 Warning
Input pipelining  
DSP grp_gdn_rs2_top_impl_fu_562/grp_p_anonymous_namespace_dot_base_column_fu_9403/mul_32s_16ns_48_2_1_U568/buff0_reg input grp_gdn_rs2_top_impl_fu_562/grp_p_anonymous_namespace_dot_base_column_fu_9403/mul_32s_16ns_48_2_1_U568/buff0_reg/B[17:0] is not pipelined. Pipelining DSP48 input will improve performance.
Related violations: <none>

DPIP-2#2 Warning
Input pipelining  
DSP grp_gdn_rs2_top_impl_fu_562/grp_p_anonymous_namespace_dot_base_column_fu_9403/mul_32s_16ns_48_2_1_U568/tmp_product input grp_gdn_rs2_top_impl_fu_562/grp_p_anonymous_namespace_dot_base_column_fu_9403/mul_32s_16ns_48_2_1_U568/tmp_product/A[29:0] is not pipelined. Pipelining DSP48 input will improve performance.
Related violations: <none>

DPIP-2#3 Warning
Input pipelining  
DSP grp_gdn_rs2_top_impl_fu_562/mul_32s_16ns_48_2_1_U1584/buff0_reg input grp_gdn_rs2_top_impl_fu_562/mul_32s_16ns_48_2_1_U1584/buff0_reg/A[29:0] is not pipelined. Pipelining DSP48 input will improve performance.
Related violations: <none>

DPIP-2#4 Warning
Input pipelining  
DSP grp_gdn_rs2_top_impl_fu_562/mul_32s_16ns_48_2_1_U1584/buff0_reg input grp_gdn_rs2_top_impl_fu_562/mul_32s_16ns_48_2_1_U1584/buff0_reg/B[17:0] is not pipelined. Pipelining DSP48 input will improve performance.
Related violations: <none>

DPIP-2#5 Warning
Input pipelining  
DSP grp_gdn_rs2_top_impl_fu_562/mul_32s_16ns_48_2_1_U1584/tmp_product input grp_gdn_rs2_top_impl_fu_562/mul_32s_16ns_48_2_1_U1584/tmp_product/A[29:0] is not pipelined. Pipelining DSP48 input will improve performance.
Related violations: <none>

DPIP-2#6 Warning
Input pipelining  
DSP grp_gdn_rs2_top_impl_fu_562/mul_32s_16ns_48_2_1_U1584/tmp_product input grp_gdn_rs2_top_impl_fu_562/mul_32s_16ns_48_2_1_U1584/tmp_product/B[17:0] is not pipelined. Pipelining DSP48 input will improve performance.
Related violations: <none>

DPOP-3#1 Warning
PREG Output pipelining  
DSP grp_gdn_rs2_top_impl_fu_562/grp_gdn_rs2_top_impl_Outline_decay_coefficients_heads_fu_9263/mul_16ns_16ns_32_1_1_U245/tmp_product output grp_gdn_rs2_top_impl_fu_562/grp_gdn_rs2_top_impl_Outline_decay_coefficients_heads_fu_9263/mul_16ns_16ns_32_1_1_U245/tmp_product/P[47:0] is not pipelined (PREG=0). Pipelining the DSP48 output will improve performance and often saves power so it is suggested whenever possible to fully pipeline this function.  If this DSP48 function was inferred, it is suggested to describe an additional register stage after this function.  If the DSP48 was instantiated in the design, it is suggested to set the PREG attribute to 1.
Related violations: <none>

DPOP-3#2 Warning
PREG Output pipelining  
DSP grp_gdn_rs2_top_impl_fu_562/grp_gdn_rs2_top_impl_Outline_decay_coefficients_heads_fu_9263/mul_16ns_16ns_32_1_1_U246/tmp_product output grp_gdn_rs2_top_impl_fu_562/grp_gdn_rs2_top_impl_Outline_decay_coefficients_heads_fu_9263/mul_16ns_16ns_32_1_1_U246/tmp_product/P[47:0] is not pipelined (PREG=0). Pipelining the DSP48 output will improve performance and often saves power so it is suggested whenever possible to fully pipeline this function.  If this DSP48 function was inferred, it is suggested to describe an additional register stage after this function.  If the DSP48 was instantiated in the design, it is suggested to set the PREG attribute to 1.
Related violations: <none>

DPOP-3#3 Warning
PREG Output pipelining  
DSP grp_gdn_rs2_top_impl_fu_562/grp_p_anonymous_namespace_combine_action_fu_9584/mul_32s_16ns_48_2_1_U654/tmp_product output grp_gdn_rs2_top_impl_fu_562/grp_p_anonymous_namespace_combine_action_fu_9584/mul_32s_16ns_48_2_1_U654/tmp_product/P[47:0] is not pipelined (PREG=0). Pipelining the DSP48 output will improve performance and often saves power so it is suggested whenever possible to fully pipeline this function.  If this DSP48 function was inferred, it is suggested to describe an additional register stage after this function.  If the DSP48 was instantiated in the design, it is suggested to set the PREG attribute to 1.
Related violations: <none>

DPOP-3#4 Warning
PREG Output pipelining  
DSP grp_gdn_rs2_top_impl_fu_562/grp_p_anonymous_namespace_combine_action_fu_9584/mul_32s_16ns_48_2_1_U655/tmp_product output grp_gdn_rs2_top_impl_fu_562/grp_p_anonymous_namespace_combine_action_fu_9584/mul_32s_16ns_48_2_1_U655/tmp_product/P[47:0] is not pipelined (PREG=0). Pipelining the DSP48 output will improve performance and often saves power so it is suggested whenever possible to fully pipeline this function.  If this DSP48 function was inferred, it is suggested to describe an additional register stage after this function.  If the DSP48 was instantiated in the design, it is suggested to set the PREG attribute to 1.
Related violations: <none>

DPOP-3#5 Warning
PREG Output pipelining  
DSP grp_gdn_rs2_top_impl_fu_562/grp_p_anonymous_namespace_combine_action_fu_9584/mul_32s_16ns_48_2_1_U656/tmp_product output grp_gdn_rs2_top_impl_fu_562/grp_p_anonymous_namespace_combine_action_fu_9584/mul_32s_16ns_48_2_1_U656/tmp_product/P[47:0] is not pipelined (PREG=0). Pipelining the DSP48 output will improve performance and often saves power so it is suggested whenever possible to fully pipeline this function.  If this DSP48 function was inferred, it is suggested to describe an additional register stage after this function.  If the DSP48 was instantiated in the design, it is suggested to set the PREG attribute to 1.
Related violations: <none>

DPOP-3#6 Warning
PREG Output pipelining  
DSP grp_gdn_rs2_top_impl_fu_562/grp_p_anonymous_namespace_dot_base_column_fu_9403/mul_32s_16ns_48_2_1_U568/tmp_product output grp_gdn_rs2_top_impl_fu_562/grp_p_anonymous_namespace_dot_base_column_fu_9403/mul_32s_16ns_48_2_1_U568/tmp_product/P[47:0] is not pipelined (PREG=0). Pipelining the DSP48 output will improve performance and often saves power so it is suggested whenever possible to fully pipeline this function.  If this DSP48 function was inferred, it is suggested to describe an additional register stage after this function.  If the DSP48 was instantiated in the design, it is suggested to set the PREG attribute to 1.
Related violations: <none>

DPOP-3#7 Warning
PREG Output pipelining  
DSP grp_gdn_rs2_top_impl_fu_562/mul_32s_16ns_48_2_1_U1584/tmp_product output grp_gdn_rs2_top_impl_fu_562/mul_32s_16ns_48_2_1_U1584/tmp_product/P[47:0] is not pipelined (PREG=0). Pipelining the DSP48 output will improve performance and often saves power so it is suggested whenever possible to fully pipeline this function.  If this DSP48 function was inferred, it is suggested to describe an additional register stage after this function.  If the DSP48 was instantiated in the design, it is suggested to set the PREG attribute to 1.
Related violations: <none>

DPOP-4#1 Warning
MREG Output pipelining  
DSP grp_gdn_rs2_top_impl_fu_562/grp_gdn_rs2_top_impl_Outline_decay_coefficients_heads_fu_9263/mul_16ns_16ns_32_1_1_U245/tmp_product multiplier stage grp_gdn_rs2_top_impl_fu_562/grp_gdn_rs2_top_impl_Outline_decay_coefficients_heads_fu_9263/mul_16ns_16ns_32_1_1_U245/tmp_product/P[47:0] is not pipelined (MREG=0). Pipelining the multiplier function will improve performance and will save significant power so it is suggested whenever possible to fully pipeline this function.  If this multiplier was inferred, it is suggested to describe an additional register stage after this function.  If there is no registered adder/accumulator following the multiply function, two pipeline stages are suggested to allow both the MREG and PREG registers to be used.  If the DSP48 was instantiated in the design, it is suggested to set both the MREG and PREG attributes to 1 when performing multiply functions.
Related violations: <none>

DPOP-4#2 Warning
MREG Output pipelining  
DSP grp_gdn_rs2_top_impl_fu_562/grp_gdn_rs2_top_impl_Outline_decay_coefficients_heads_fu_9263/mul_16ns_16ns_32_1_1_U246/tmp_product multiplier stage grp_gdn_rs2_top_impl_fu_562/grp_gdn_rs2_top_impl_Outline_decay_coefficients_heads_fu_9263/mul_16ns_16ns_32_1_1_U246/tmp_product/P[47:0] is not pipelined (MREG=0). Pipelining the multiplier function will improve performance and will save significant power so it is suggested whenever possible to fully pipeline this function.  If this multiplier was inferred, it is suggested to describe an additional register stage after this function.  If there is no registered adder/accumulator following the multiply function, two pipeline stages are suggested to allow both the MREG and PREG registers to be used.  If the DSP48 was instantiated in the design, it is suggested to set both the MREG and PREG attributes to 1 when performing multiply functions.
Related violations: <none>

DPOP-4#3 Warning
MREG Output pipelining  
DSP grp_gdn_rs2_top_impl_fu_562/grp_p_anonymous_namespace_combine_action_fu_9584/mul_32s_16ns_48_2_1_U654/buff0_reg multiplier stage grp_gdn_rs2_top_impl_fu_562/grp_p_anonymous_namespace_combine_action_fu_9584/mul_32s_16ns_48_2_1_U654/buff0_reg/P[47:0] is not pipelined (MREG=0). Pipelining the multiplier function will improve performance and will save significant power so it is suggested whenever possible to fully pipeline this function.  If this multiplier was inferred, it is suggested to describe an additional register stage after this function.  If there is no registered adder/accumulator following the multiply function, two pipeline stages are suggested to allow both the MREG and PREG registers to be used.  If the DSP48 was instantiated in the design, it is suggested to set both the MREG and PREG attributes to 1 when performing multiply functions.
Related violations: <none>

DPOP-4#4 Warning
MREG Output pipelining  
DSP grp_gdn_rs2_top_impl_fu_562/grp_p_anonymous_namespace_combine_action_fu_9584/mul_32s_16ns_48_2_1_U654/tmp_product multiplier stage grp_gdn_rs2_top_impl_fu_562/grp_p_anonymous_namespace_combine_action_fu_9584/mul_32s_16ns_48_2_1_U654/tmp_product/P[47:0] is not pipelined (MREG=0). Pipelining the multiplier function will improve performance and will save significant power so it is suggested whenever possible to fully pipeline this function.  If this multiplier was inferred, it is suggested to describe an additional register stage after this function.  If there is no registered adder/accumulator following the multiply function, two pipeline stages are suggested to allow both the MREG and PREG registers to be used.  If the DSP48 was instantiated in the design, it is suggested to set both the MREG and PREG attributes to 1 when performing multiply functions.
Related violations: <none>

DPOP-4#5 Warning
MREG Output pipelining  
DSP grp_gdn_rs2_top_impl_fu_562/grp_p_anonymous_namespace_combine_action_fu_9584/mul_32s_16ns_48_2_1_U655/buff0_reg multiplier stage grp_gdn_rs2_top_impl_fu_562/grp_p_anonymous_namespace_combine_action_fu_9584/mul_32s_16ns_48_2_1_U655/buff0_reg/P[47:0] is not pipelined (MREG=0). Pipelining the multiplier function will improve performance and will save significant power so it is suggested whenever possible to fully pipeline this function.  If this multiplier was inferred, it is suggested to describe an additional register stage after this function.  If there is no registered adder/accumulator following the multiply function, two pipeline stages are suggested to allow both the MREG and PREG registers to be used.  If the DSP48 was instantiated in the design, it is suggested to set both the MREG and PREG attributes to 1 when performing multiply functions.
Related violations: <none>

DPOP-4#6 Warning
MREG Output pipelining  
DSP grp_gdn_rs2_top_impl_fu_562/grp_p_anonymous_namespace_combine_action_fu_9584/mul_32s_16ns_48_2_1_U655/tmp_product multiplier stage grp_gdn_rs2_top_impl_fu_562/grp_p_anonymous_namespace_combine_action_fu_9584/mul_32s_16ns_48_2_1_U655/tmp_product/P[47:0] is not pipelined (MREG=0). Pipelining the multiplier function will improve performance and will save significant power so it is suggested whenever possible to fully pipeline this function.  If this multiplier was inferred, it is suggested to describe an additional register stage after this function.  If there is no registered adder/accumulator following the multiply function, two pipeline stages are suggested to allow both the MREG and PREG registers to be used.  If the DSP48 was instantiated in the design, it is suggested to set both the MREG and PREG attributes to 1 when performing multiply functions.
Related violations: <none>

DPOP-4#7 Warning
MREG Output pipelining  
DSP grp_gdn_rs2_top_impl_fu_562/grp_p_anonymous_namespace_combine_action_fu_9584/mul_32s_16ns_48_2_1_U656/buff0_reg multiplier stage grp_gdn_rs2_top_impl_fu_562/grp_p_anonymous_namespace_combine_action_fu_9584/mul_32s_16ns_48_2_1_U656/buff0_reg/P[47:0] is not pipelined (MREG=0). Pipelining the multiplier function will improve performance and will save significant power so it is suggested whenever possible to fully pipeline this function.  If this multiplier was inferred, it is suggested to describe an additional register stage after this function.  If there is no registered adder/accumulator following the multiply function, two pipeline stages are suggested to allow both the MREG and PREG registers to be used.  If the DSP48 was instantiated in the design, it is suggested to set both the MREG and PREG attributes to 1 when performing multiply functions.
Related violations: <none>

DPOP-4#8 Warning
MREG Output pipelining  
DSP grp_gdn_rs2_top_impl_fu_562/grp_p_anonymous_namespace_combine_action_fu_9584/mul_32s_16ns_48_2_1_U656/tmp_product multiplier stage grp_gdn_rs2_top_impl_fu_562/grp_p_anonymous_namespace_combine_action_fu_9584/mul_32s_16ns_48_2_1_U656/tmp_product/P[47:0] is not pipelined (MREG=0). Pipelining the multiplier function will improve performance and will save significant power so it is suggested whenever possible to fully pipeline this function.  If this multiplier was inferred, it is suggested to describe an additional register stage after this function.  If there is no registered adder/accumulator following the multiply function, two pipeline stages are suggested to allow both the MREG and PREG registers to be used.  If the DSP48 was instantiated in the design, it is suggested to set both the MREG and PREG attributes to 1 when performing multiply functions.
Related violations: <none>

DPOP-4#9 Warning
MREG Output pipelining  
DSP grp_gdn_rs2_top_impl_fu_562/grp_p_anonymous_namespace_dot_base_column_fu_9403/mul_32s_16ns_48_2_1_U568/buff0_reg multiplier stage grp_gdn_rs2_top_impl_fu_562/grp_p_anonymous_namespace_dot_base_column_fu_9403/mul_32s_16ns_48_2_1_U568/buff0_reg/P[47:0] is not pipelined (MREG=0). Pipelining the multiplier function will improve performance and will save significant power so it is suggested whenever possible to fully pipeline this function.  If this multiplier was inferred, it is suggested to describe an additional register stage after this function.  If there is no registered adder/accumulator following the multiply function, two pipeline stages are suggested to allow both the MREG and PREG registers to be used.  If the DSP48 was instantiated in the design, it is suggested to set both the MREG and PREG attributes to 1 when performing multiply functions.
Related violations: <none>

DPOP-4#10 Warning
MREG Output pipelining  
DSP grp_gdn_rs2_top_impl_fu_562/grp_p_anonymous_namespace_dot_base_column_fu_9403/mul_32s_16ns_48_2_1_U568/tmp_product multiplier stage grp_gdn_rs2_top_impl_fu_562/grp_p_anonymous_namespace_dot_base_column_fu_9403/mul_32s_16ns_48_2_1_U568/tmp_product/P[47:0] is not pipelined (MREG=0). Pipelining the multiplier function will improve performance and will save significant power so it is suggested whenever possible to fully pipeline this function.  If this multiplier was inferred, it is suggested to describe an additional register stage after this function.  If there is no registered adder/accumulator following the multiply function, two pipeline stages are suggested to allow both the MREG and PREG registers to be used.  If the DSP48 was instantiated in the design, it is suggested to set both the MREG and PREG attributes to 1 when performing multiply functions.
Related violations: <none>

DPOP-4#11 Warning
MREG Output pipelining  
DSP grp_gdn_rs2_top_impl_fu_562/mul_32s_16ns_48_2_1_U1584/buff0_reg multiplier stage grp_gdn_rs2_top_impl_fu_562/mul_32s_16ns_48_2_1_U1584/buff0_reg/P[47:0] is not pipelined (MREG=0). Pipelining the multiplier function will improve performance and will save significant power so it is suggested whenever possible to fully pipeline this function.  If this multiplier was inferred, it is suggested to describe an additional register stage after this function.  If there is no registered adder/accumulator following the multiply function, two pipeline stages are suggested to allow both the MREG and PREG registers to be used.  If the DSP48 was instantiated in the design, it is suggested to set both the MREG and PREG attributes to 1 when performing multiply functions.
Related violations: <none>

DPOP-4#12 Warning
MREG Output pipelining  
DSP grp_gdn_rs2_top_impl_fu_562/mul_32s_16ns_48_2_1_U1584/tmp_product multiplier stage grp_gdn_rs2_top_impl_fu_562/mul_32s_16ns_48_2_1_U1584/tmp_product/P[47:0] is not pipelined (MREG=0). Pipelining the multiplier function will improve performance and will save significant power so it is suggested whenever possible to fully pipeline this function.  If this multiplier was inferred, it is suggested to describe an additional register stage after this function.  If there is no registered adder/accumulator following the multiply function, two pipeline stages are suggested to allow both the MREG and PREG registers to be used.  If the DSP48 was instantiated in the design, it is suggested to set both the MREG and PREG attributes to 1 when performing multiply functions.
Related violations: <none>

RTSTAT-10#1 Warning
No routable loads  
1619 net(s) have no routable loads. The problem bus(es) and/or net(s) are gmem11_m_axi_U/bus_write/wreq_throttle/rs_req/data_p1_reg[67]_0[65:0],
gmem12_m_axi_U/bus_write/wreq_throttle/rs_req/data_p1_reg[67]_0[65:0],
gmem13_m_axi_U/bus_write/wreq_throttle/rs_req/data_p1_reg[67]_0[65:0],
gmem14_m_axi_U/bus_write/wreq_throttle/rs_req/data_p1_reg[67]_0[65:0],
gmem15_m_axi_U/bus_write/wreq_throttle/rs_req/data_p1_reg[67]_0[64:0],
gmem19_m_axi_U/bus_write/wreq_throttle/rs_req/data_p1_reg[67]_0[65:0],
gmem3_m_axi_U/bus_read/rreq_burst_conv/burst_sequential/Q[0],
gmem3_m_axi_U/bus_read/rreq_burst_conv/burst_sequential/Q[1],
gmem3_m_axi_U/bus_read/rreq_burst_conv/burst_sequential/Q[2],
gmem3_m_axi_U/bus_read/rreq_burst_conv/burst_sequential/Q[3],
gmem8_m_axi_U/bus_read/rreq_burst_conv/burst_sequential/Q[0],
gmem8_m_axi_U/bus_read/rreq_burst_conv/burst_sequential/Q[1],
gmem8_m_axi_U/bus_read/rreq_burst_conv/burst_sequential/Q[2],
gmem8_m_axi_U/bus_read/rreq_burst_conv/burst_sequential/Q[3],
gmem9_m_axi_U/bus_write/wreq_throttle/rs_req/data_p1_reg[67]_0[65:0]
 (the first 15 of 608 listed).
Related violations: <none>


