Copyright 1986-2022 Xilinx, Inc. All Rights Reserved. Copyright 2022-2025 Advanced Micro Devices, Inc. All Rights Reserved.
--------------------------------------------------------------------------------------------------------------------------------------------------------------------------------------
| Tool Version      : Vivado v.2025.2 (win64) Build 6299465 Fri Nov 14 19:35:11 GMT 2025
| Date              : Tue Aug  4 03:15:39 2026
| Host              : Tyler running 64-bit major release  (build 9200)
| Command           : report_timing_summary -delay_type min_max -report_unconstrained -check_timing_verbose -file X:/reports/vivado/corrected/e2m0/postroute_sweep/timing_6p000ns.rpt
| Design            : gdn_e2m0_top
| Device            : xcu55c-fsvh2892
| Speed File        : -2L  PRODUCTION 1.30 05-01-2022
| Design State      : Routed
| Temperature Grade : E
--------------------------------------------------------------------------------------------------------------------------------------------------------------------------------------

Timing Summary Report

------------------------------------------------------------------------------------------------
| Timer Settings
| --------------
------------------------------------------------------------------------------------------------

  Enable Multi Corner Analysis               :  Yes
  Enable Pessimism Removal                   :  Yes
  Pessimism Removal Resolution               :  Nearest Common Node
  Enable Input Delay Default Clock           :  No
  Enable Preset / Clear Arcs                 :  No
  Disable Flight Delays                      :  No
  Ignore I/O Paths                           :  No
  Timing Early Launch at Borrowing Latches   :  No
  Borrow Time for Max Delay Exceptions       :  Yes
  Merge Timing Exceptions                    :  Yes
  Inter-SLR Compensation                     :  Conservative

  Corner  Analyze    Analyze    
  Name    Max Paths  Min Paths  
  ------  ---------  ---------  
  Slow    Yes        Yes        
  Fast    Yes        Yes        


------------------------------------------------------------------------------------------------
| Report Methodology
| ------------------
------------------------------------------------------------------------------------------------

Rule       Severity  Description                               Violations  
---------  --------  ----------------------------------------  ----------  
TIMING-16  Warning   Large setup violation                     1000        
XDCH-2     Warning   Same min and max delay values on IO port  4780        

Note: This report is based on the most recent report_methodology run and may not be up-to-date. Run report_methodology on the current design for the latest report.



check_timing report

Table of Contents
-----------------
1. checking no_clock (0)
2. checking constant_clock (0)
3. checking pulse_width_clock (0)
4. checking unconstrained_internal_endpoints (0)
5. checking no_input_delay (0)
6. checking no_output_delay (0)
7. checking multiple_clock (0)
8. checking generated_clocks (0)
9. checking loops (0)
10. checking partial_input_delay (0)
11. checking partial_output_delay (0)
12. checking latch_loops (0)

1. checking no_clock (0)
------------------------
 There are 0 register/latch pins with no clock.


2. checking constant_clock (0)
------------------------------
 There are 0 register/latch pins with constant_clock.


3. checking pulse_width_clock (0)
---------------------------------
 There are 0 register/latch pins which need pulse_width check


4. checking unconstrained_internal_endpoints (0)
------------------------------------------------
 There are 0 pins that are not constrained for maximum delay.

 There are 0 pins that are not constrained for maximum delay due to constant clock.


5. checking no_input_delay (0)
------------------------------
 There are 0 input ports with no input delay specified.

 There are 0 input ports with no input delay but user has a false path constraint.


6. checking no_output_delay (0)
-------------------------------
 There are 0 ports with no output delay specified.

 There are 0 ports with no output delay but user has a false path constraint

 There are 0 ports with no output delay but with a timing clock defined on it or propagating through it


7. checking multiple_clock (0)
------------------------------
 There are 0 register/latch pins with multiple clocks.


8. checking generated_clocks (0)
--------------------------------
 There are 0 generated clocks that are not connected to a clock source.


9. checking loops (0)
---------------------
 There are 0 combinational loops in the design.


10. checking partial_input_delay (0)
------------------------------------
 There are 0 input ports with partial input delay specified.


11. checking partial_output_delay (0)
-------------------------------------
 There are 0 ports with partial output delay specified.


12. checking latch_loops (0)
----------------------------
 There are 0 combinational latch loops in the design through latch input



------------------------------------------------------------------------------------------------
| Design Timing Summary
| ---------------------
------------------------------------------------------------------------------------------------

    WNS(ns)      TNS(ns)  TNS Failing Endpoints  TNS Total Endpoints      WHS(ns)      THS(ns)  THS Failing Endpoints  THS Total Endpoints     WPWS(ns)     TPWS(ns)  TPWS Failing Endpoints  TPWS Total Endpoints  
    -------      -------  ---------------------  -------------------      -------      -------  ---------------------  -------------------     --------     --------  ----------------------  --------------------  
      0.460        0.000                      0               306869        0.010        0.000                      0               306555        2.300        0.000                       0                116980  


All user specified timing constraints are met.


------------------------------------------------------------------------------------------------
| Clock Summary
| -------------
------------------------------------------------------------------------------------------------

Clock   Waveform(ns)         Period(ns)      Frequency(MHz)
-----   ------------         ----------      --------------
ap_clk  {0.000 3.000}        6.000           166.667         


------------------------------------------------------------------------------------------------
| Intra Clock Table
| -----------------
------------------------------------------------------------------------------------------------

Clock             WNS(ns)      TNS(ns)  TNS Failing Endpoints  TNS Total Endpoints      WHS(ns)      THS(ns)  THS Failing Endpoints  THS Total Endpoints     WPWS(ns)     TPWS(ns)  TPWS Failing Endpoints  TPWS Total Endpoints  
-----             -------      -------  ---------------------  -------------------      -------      -------  ---------------------  -------------------     --------     --------  ----------------------  --------------------  
ap_clk              0.460        0.000                      0               306869        0.010        0.000                      0               306555        2.300        0.000                       0                116980  


------------------------------------------------------------------------------------------------
| Inter Clock Table
| -----------------
------------------------------------------------------------------------------------------------

From Clock    To Clock          WNS(ns)      TNS(ns)  TNS Failing Endpoints  TNS Total Endpoints      WHS(ns)      THS(ns)  THS Failing Endpoints  THS Total Endpoints  
----------    --------          -------      -------  ---------------------  -------------------      -------      -------  ---------------------  -------------------  


------------------------------------------------------------------------------------------------
| Other Path Groups Table
| -----------------------
------------------------------------------------------------------------------------------------

Path Group    From Clock    To Clock          WNS(ns)      TNS(ns)  TNS Failing Endpoints  TNS Total Endpoints      WHS(ns)      THS(ns)  THS Failing Endpoints  THS Total Endpoints  
----------    ----------    --------          -------      -------  ---------------------  -------------------      -------      -------  ---------------------  -------------------  


------------------------------------------------------------------------------------------------
| User Ignored Path Table
| -----------------------
------------------------------------------------------------------------------------------------

Path Group    From Clock    To Clock    
----------    ----------    --------    
(none)        ap_clk        ap_clk        


------------------------------------------------------------------------------------------------
| Unconstrained Path Table
| ------------------------
------------------------------------------------------------------------------------------------

Path Group    From Clock    To Clock    
----------    ----------    --------    


------------------------------------------------------------------------------------------------
| Timing Details
| --------------
------------------------------------------------------------------------------------------------


---------------------------------------------------------------------------------------------------
From Clock:  ap_clk
  To Clock:  ap_clk

Setup :            0  Failing Endpoints,  Worst Slack        0.460ns,  Total Violation        0.000ns
Hold  :            0  Failing Endpoints,  Worst Slack        0.010ns,  Total Violation        0.000ns
PW    :            0  Failing Endpoints,  Worst Slack        2.300ns,  Total Violation        0.000ns
---------------------------------------------------------------------------------------------------


Max Delay Paths
--------------------------------------------------------------------------------------
Slack (MET) :             0.460ns  (required time - arrival time)
  Source:                 grp_gdn_e2m0_top_impl_fu_550/icmp_ln1459_reg_13948_reg[0]_replica_5/C
                            (rising edge-triggered cell FDRE clocked by ap_clk  {rise@0.000ns fall@3.000ns period=6.000ns})
  Destination:            grp_gdn_e2m0_top_impl_fu_550/resident_primary_U/ram_reg_uram_79/EN_A
                            (rising edge-triggered cell URAM288 clocked by ap_clk  {rise@0.000ns fall@3.000ns period=6.000ns})
  Path Group:             ap_clk
  Path Type:              Setup (Max at Slow Process Corner)
  Requirement:            6.000ns  (ap_clk rise@6.000ns - ap_clk rise@0.000ns)
  Data Path Delay:        4.971ns  (logic 0.375ns (7.544%)  route 4.596ns (92.456%))
  Logic Levels:           5  (LUT2=1 LUT5=1 LUT6=3)
  Clock Path Skew:        0.202ns (DCD - SCD + CPR)
    Destination Clock Delay (DCD):    3.477ns = ( 9.477 - 6.000 ) 
    Source Clock Delay      (SCD):    3.443ns
    Clock Pessimism Removal (CPR):    0.168ns
  Clock Uncertainty:      0.035ns  ((TSJ^2 + TIJ^2)^1/2 + DJ) / 2 + PE
    Total System Jitter     (TSJ):    0.071ns
    Total Input Jitter      (TIJ):    0.000ns
    Discrete Jitter          (DJ):    0.000ns
    Phase Error              (PE):    0.000ns
  Inter-SLR Compensation: 0.278ns  ((DCD - CCD) * PF)
    Destination Clock Delay (DCD):    3.477ns
    Common Clock Delay      (CCD):    1.622ns
    Prorating Factor         (PF):    0.150
  Clock Net Delay (Source):      3.372ns (routing 1.670ns, distribution 1.702ns)
  Clock Net Delay (Destination): 3.417ns (routing 1.517ns, distribution 1.900ns)

    Location             Delay type                Incr(ns)  Path(ns)    Netlist Resource(s)
  -------------------------------------------------------------------    -------------------
                         (clock ap_clk rise edge)     0.000     0.000 r  
                                                      0.000     0.000 r  ap_clk (IN)
                         net (fo=0)                   0.043     0.043    ap_clk
    BUFGCE_X0Y0          BUFGCE (Prop_BUFCE_BUFGCE_I_O)
                                                      0.028     0.071 r  ooc_ap_clk_bufg/O
    X3Y5 (CLOCK_ROOT)    net (fo=117168, routed)      3.372     3.443    grp_gdn_e2m0_top_impl_fu_550/ooc_ap_clk_global
    SLR Crossing[0->1]   
    SLICE_X125Y343       FDRE                                         r  grp_gdn_e2m0_top_impl_fu_550/icmp_ln1459_reg_13948_reg[0]_replica_5/C
  -------------------------------------------------------------------    -------------------
    SLICE_X125Y343       FDRE (Prop_BFF_SLICEL_C_Q)
                                                      0.079     3.522 r  grp_gdn_e2m0_top_impl_fu_550/icmp_ln1459_reg_13948_reg[0]_replica_5/Q
                         net (fo=8, routed)           0.110     3.632    grp_gdn_e2m0_top_impl_fu_550/resident_primary_U/icmp_ln1459_reg_13948[0]_repN_5_alias
    SLICE_X123Y343       LUT2 (Prop_A6LUT_SLICEL_I1_O)
                                                      0.035     3.667 r  grp_gdn_e2m0_top_impl_fu_550/resident_primary_U/ram_reg_uram_8_i_100__0/O
                         net (fo=143, routed)         0.530     4.197    grp_gdn_e2m0_top_impl_fu_550/grp_p_anonymous_namespace_reset_slot_fu_9394/ram_reg_mux_sel_reg_152
    SLICE_X122Y301       LUT5 (Prop_G6LUT_SLICEM_I3_O)
                                                      0.037     4.234 f  grp_gdn_e2m0_top_impl_fu_550/grp_p_anonymous_namespace_reset_slot_fu_9394/ram_reg_mux_sel_155_i_2/O
                         net (fo=6, routed)           0.434     4.668    grp_gdn_e2m0_top_impl_fu_550/grp_p_anonymous_namespace_reset_slot_fu_9394/ram_reg_mux_sel_155_i_2_n_0
    SLICE_X123Y259       LUT6 (Prop_E6LUT_SLICEL_I2_O)
                                                      0.035     4.703 f  grp_gdn_e2m0_top_impl_fu_550/grp_p_anonymous_namespace_reset_slot_fu_9394/ram_reg_mux_sel_155_i_1_replica_3/O
                         net (fo=1, routed)           0.040     4.743    grp_gdn_e2m0_top_impl_fu_550/grp_p_anonymous_namespace_reset_slot_fu_9394/ap_CS_fsm_reg[239]_2_repN_3
    SLICE_X123Y259       LUT6 (Prop_D6LUT_SLICEL_I3_O)
                                                      0.089     4.832 f  grp_gdn_e2m0_top_impl_fu_550/grp_p_anonymous_namespace_reset_slot_fu_9394/ram_reg_uram_47_i_3_comp/O
                         net (fo=7, routed)           1.187     6.019    grp_gdn_e2m0_top_impl_fu_550/grp_p_anonymous_namespace_reset_slot_fu_9394/ram_reg_uram_47_i_3_n_0
    SLR Crossing[1->0]   
    SLICE_X122Y179       LUT6 (Prop_A6LUT_SLICEM_I4_O)
                                                      0.100     6.119 r  grp_gdn_e2m0_top_impl_fu_550/grp_p_anonymous_namespace_reset_slot_fu_9394/ram_reg_uram_79_i_1/O
                         net (fo=4, routed)           2.295     8.414    grp_gdn_e2m0_top_impl_fu_550/resident_primary_U/word_reg_18399[0]_i_47_0
    URAM288_X1Y1         URAM288                                      r  grp_gdn_e2m0_top_impl_fu_550/resident_primary_U/ram_reg_uram_79/EN_A
  -------------------------------------------------------------------    -------------------

                         (clock ap_clk rise edge)     6.000     6.000 r  
                                                      0.000     6.000 r  ap_clk (IN)
                         net (fo=0)                   0.036     6.036    ap_clk
    BUFGCE_X0Y0          BUFGCE (Prop_BUFCE_BUFGCE_I_O)
                                                      0.024     6.060 r  ooc_ap_clk_bufg/O
    X3Y5 (CLOCK_ROOT)    net (fo=117168, routed)      3.417     9.477    grp_gdn_e2m0_top_impl_fu_550/resident_primary_U/ooc_ap_clk_global
    URAM288_X1Y1         URAM288                                      r  grp_gdn_e2m0_top_impl_fu_550/resident_primary_U/ram_reg_uram_79/CLK
                         clock pessimism              0.168     9.645    
                         inter-SLR compensation      -0.278     9.367    
                         clock uncertainty           -0.035     9.331    
    URAM288_X1Y1         URAM288 (Setup_URAM_288K_INST_URAM288_CLK_EN_A)
                                                     -0.458     8.873    grp_gdn_e2m0_top_impl_fu_550/resident_primary_U/ram_reg_uram_79
  -------------------------------------------------------------------
                         required time                          8.873    
                         arrival time                          -8.414    
  -------------------------------------------------------------------
                         slack                                  0.460    





Min Delay Paths
--------------------------------------------------------------------------------------
Slack (MET) :             0.010ns  (arrival time - required time)
  Source:                 grp_gdn_e2m0_top_impl_fu_550/trunc_ln16_reg_14119_reg[7]/C
                            (rising edge-triggered cell FDRE clocked by ap_clk  {rise@0.000ns fall@3.000ns period=6.000ns})
  Destination:            grp_gdn_e2m0_top_impl_fu_550/sext_ln1426_reg_14304_reg[7]/D
                            (rising edge-triggered cell FDRE clocked by ap_clk  {rise@0.000ns fall@3.000ns period=6.000ns})
  Path Group:             ap_clk
  Path Type:              Hold (Min at Slow Process Corner)
  Requirement:            0.000ns  (ap_clk rise@0.000ns - ap_clk rise@0.000ns)
  Data Path Delay:        0.170ns  (logic 0.058ns (34.118%)  route 0.112ns (65.882%))
  Logic Levels:           0  
  Clock Path Skew:        0.098ns (DCD - SCD - CPR)
    Destination Clock Delay (DCD):    3.433ns
    Source Clock Delay      (SCD):    3.070ns
    Clock Pessimism Removal (CPR):    0.264ns
  Clock Net Delay (Source):      3.010ns (routing 1.517ns, distribution 1.493ns)
  Clock Net Delay (Destination): 3.362ns (routing 1.670ns, distribution 1.692ns)

    Location             Delay type                Incr(ns)  Path(ns)    Netlist Resource(s)
  -------------------------------------------------------------------    -------------------
                         (clock ap_clk rise edge)     0.000     0.000 r  
                                                      0.000     0.000 r  ap_clk (IN)
                         net (fo=0)                   0.036     0.036    ap_clk
    BUFGCE_X0Y0          BUFGCE (Prop_BUFCE_BUFGCE_I_O)
                                                      0.024     0.060 r  ooc_ap_clk_bufg/O
    X3Y5 (CLOCK_ROOT)    net (fo=117168, routed)      3.010     3.070    grp_gdn_e2m0_top_impl_fu_550/ooc_ap_clk_global
    SLR Crossing[0->1]   
    SLICE_X70Y265        FDRE                                         r  grp_gdn_e2m0_top_impl_fu_550/trunc_ln16_reg_14119_reg[7]/C
  -------------------------------------------------------------------    -------------------
    SLICE_X70Y265        FDRE (Prop_CFF_SLICEL_C_Q)
                                                      0.058     3.128 r  grp_gdn_e2m0_top_impl_fu_550/trunc_ln16_reg_14119_reg[7]/Q
                         net (fo=1, routed)           0.112     3.240    grp_gdn_e2m0_top_impl_fu_550/trunc_ln16_reg_14119[7]
    SLICE_X71Y264        FDRE                                         r  grp_gdn_e2m0_top_impl_fu_550/sext_ln1426_reg_14304_reg[7]/D
  -------------------------------------------------------------------    -------------------

                         (clock ap_clk rise edge)     0.000     0.000 r  
                                                      0.000     0.000 r  ap_clk (IN)
                         net (fo=0)                   0.043     0.043    ap_clk
    BUFGCE_X0Y0          BUFGCE (Prop_BUFCE_BUFGCE_I_O)
                                                      0.028     0.071 r  ooc_ap_clk_bufg/O
    X3Y5 (CLOCK_ROOT)    net (fo=117168, routed)      3.362     3.433    grp_gdn_e2m0_top_impl_fu_550/ooc_ap_clk_global
    SLR Crossing[0->1]   
    SLICE_X71Y264        FDRE                                         r  grp_gdn_e2m0_top_impl_fu_550/sext_ln1426_reg_14304_reg[7]/C
                         clock pessimism             -0.264     3.169    
    SLICE_X71Y264        FDRE (Hold_AFF2_SLICEM_C_D)
                                                      0.062     3.231    grp_gdn_e2m0_top_impl_fu_550/sext_ln1426_reg_14304_reg[7]
  -------------------------------------------------------------------
                         required time                         -3.231    
                         arrival time                           3.240    
  -------------------------------------------------------------------
                         slack                                  0.010    





Pulse Width Checks
--------------------------------------------------------------------------------------
Clock Name:         ap_clk
Waveform(ns):       { 0.000 3.000 }
Period(ns):         6.000
Sources:            { ap_clk }

Check Type        Corner  Lib Pin      Reference Pin  Required(ns)  Actual(ns)  Slack(ns)  Location       Pin
Min Period        n/a     URAM288/CLK  n/a            2.000         6.000       4.000      URAM288_X0Y68  grp_gdn_e2m0_top_impl_fu_550/resident_keys_U/ram_reg_uram_10/CLK
Low Pulse Width   Slow    URAM288/CLK  n/a            0.700         3.000       2.300      URAM288_X0Y68  grp_gdn_e2m0_top_impl_fu_550/resident_keys_U/ram_reg_uram_10/CLK
High Pulse Width  Slow    URAM288/CLK  n/a            0.700         3.000       2.300      URAM288_X0Y68  grp_gdn_e2m0_top_impl_fu_550/resident_keys_U/ram_reg_uram_10/CLK



--------------------------------------------------------------------------------------
Path Group:  (none)
From Clock:  ap_clk
  To Clock:  ap_clk

Max Delay         18942 Endpoints
Min Delay         31584 Endpoints
--------------------------------------------------------------------------------------


Max Delay Paths
--------------------------------------------------------------------------------------
Slack:                    inf
  Source:                 ap_rst_n
                            (input port clocked by ap_clk  {rise@0.000ns fall@3.000ns period=6.000ns})
  Destination:            gmem3_m_axi_U/bus_read/rreq_burst_conv/burst_sequential/first_sect_reg/R
                            (rising edge-triggered cell FDRE clocked by ap_clk  {rise@0.000ns fall@3.000ns period=6.000ns})
  Path Group:             (none)
  Path Type:              Setup (Max at Slow Process Corner)
  Data Path Delay:        2.826ns  (logic 0.050ns (1.769%)  route 2.776ns (98.231%))
  Logic Levels:           1  (LUT1=1)
  Input Delay:            1.000ns
  Clock Path Skew:        3.357ns (DCD - SCD + CPR)
    Destination Clock Delay (DCD):    3.357ns
    Source Clock Delay      (SCD):    0.000ns
    Clock Pessimism Removal (CPR):    0.000ns
  Clock Uncertainty:      0.035ns  ((TSJ^2 + TIJ^2)^1/2 + DJ) / 2 + PE
    Total System Jitter     (TSJ):    0.071ns
    Total Input Jitter      (TIJ):    0.000ns
    Discrete Jitter          (DJ):    0.000ns
    Phase Error              (PE):    0.000ns
  Clock Net Delay (Destination): 3.297ns (routing 1.517ns, distribution 1.780ns)
  Timing Exception:       False Path

    Location             Delay type                Incr(ns)  Path(ns)    Netlist Resource(s)
  -------------------------------------------------------------------    -------------------
                         (clock ap_clk rise edge)     0.000     0.000 r  
                         input delay                  1.000     1.000    
                                                      0.000     1.000 f  ap_rst_n (IN)
                         net (fo=17966, unset)        0.000     1.000    grp_gdn_e2m0_top_impl_fu_550/grp_p_anonymous_namespace_fold_log_fu_9590/grp_p_anonymous_namespace_quantize_fold_block_fu_8537/grp_p_anonymous_namespace_quantize_fold_block_Pipeline_compare_scale_sse_fu_21586/flow_control_loop_pipe_sequential_init_U/ap_rst_n
    SLICE_X82Y249        LUT1 (Prop_C6LUT_SLICEL_I0_O)
                                                      0.050     1.050 r  grp_gdn_e2m0_top_impl_fu_550/grp_p_anonymous_namespace_fold_log_fu_9590/grp_p_anonymous_namespace_quantize_fold_block_fu_8537/grp_p_anonymous_namespace_quantize_fold_block_Pipeline_compare_scale_sse_fu_21586/flow_control_loop_pipe_sequential_init_U/could_multi_bursts.burst_valid_i_1__12/O
                         net (fo=16, routed)          2.776     3.826    gmem3_m_axi_U/bus_read/rreq_burst_conv/burst_sequential/lopt
    SLICE_X8Y361         FDRE                                         r  gmem3_m_axi_U/bus_read/rreq_burst_conv/burst_sequential/first_sect_reg/R
  -------------------------------------------------------------------    -------------------

                         (clock ap_clk rise edge)     0.000     0.000 r  
                                                      0.000     0.000 r  ap_clk (IN)
                         net (fo=0)                   0.036     0.036    ap_clk
    BUFGCE_X0Y0          BUFGCE (Prop_BUFCE_BUFGCE_I_O)
                                                      0.024     0.060 r  ooc_ap_clk_bufg/O
    X3Y5 (CLOCK_ROOT)    net (fo=117168, routed)      3.297     3.357    gmem3_m_axi_U/bus_read/rreq_burst_conv/burst_sequential/ooc_ap_clk_global
    SLR Crossing[0->1]   
    SLICE_X8Y361         FDRE                                         r  gmem3_m_axi_U/bus_read/rreq_burst_conv/burst_sequential/first_sect_reg/C





Min Delay Paths
--------------------------------------------------------------------------------------
Slack:                    inf
  Source:                 m_axi_gmem0_RDATA[0]
                            (input port clocked by ap_clk  {rise@0.000ns fall@3.000ns period=6.000ns})
  Destination:            gmem0_m_axi_U/bus_read/rs_rdata/data_p2_reg[0]/D
                            (rising edge-triggered cell FDRE clocked by ap_clk  {rise@0.000ns fall@3.000ns period=6.000ns})
  Path Group:             (none)
  Path Type:              Hold (Min at Fast Process Corner)
  Data Path Delay:        0.007ns  (logic 0.000ns (0.000%)  route 0.007ns (100.001%))
  Logic Levels:           0  
  Input Delay:            1.000ns
  Clock Path Skew:        2.082ns (DCD - SCD - CPR)
    Destination Clock Delay (DCD):    2.082ns
    Source Clock Delay      (SCD):    0.000ns
    Clock Pessimism Removal (CPR):    -0.000ns
  Clock Uncertainty:      0.035ns  ((TSJ^2 + TIJ^2)^1/2 + DJ) / 2 + PE
    Total System Jitter     (TSJ):    0.071ns
    Total Input Jitter      (TIJ):    0.000ns
    Discrete Jitter          (DJ):    0.000ns
    Phase Error              (PE):    0.000ns
  Clock Net Delay (Destination): 2.033ns (routing 1.023ns, distribution 1.010ns)
  Timing Exception:       False Path

    Location             Delay type                Incr(ns)  Path(ns)    Netlist Resource(s)
  -------------------------------------------------------------------    -------------------
                         (clock ap_clk rise edge)     0.000     0.000 r  
                         input delay                  1.000     1.000    
                                                      0.000     1.000 r  m_axi_gmem0_RDATA[0] (IN)
                         net (fo=1, unset)            0.007     1.007    gmem0_m_axi_U/bus_read/rs_rdata/D[0]
    SLICE_X90Y240        FDRE                                         r  gmem0_m_axi_U/bus_read/rs_rdata/data_p2_reg[0]/D
  -------------------------------------------------------------------    -------------------

                         (clock ap_clk rise edge)     0.000     0.000 r  
                                                      0.000     0.000 r  ap_clk (IN)
                         net (fo=0)                   0.030     0.030    ap_clk
    BUFGCE_X0Y0          BUFGCE (Prop_BUFCE_BUFGCE_I_O)
                                                      0.019     0.049 r  ooc_ap_clk_bufg/O
    X3Y5 (CLOCK_ROOT)    net (fo=117168, routed)      2.033     2.082    gmem0_m_axi_U/bus_read/rs_rdata/ooc_ap_clk_global
    SLR Crossing[0->1]   
    SLICE_X90Y240        FDRE                                         r  gmem0_m_axi_U/bus_read/rs_rdata/data_p2_reg[0]/C





