	Command being timed: "stdbuf -oL -eL /tmp/gdn_rs2_fast_cache_4dc58ac571e0ed398008/obj/Vrs2_fast_wrapper assets 64"
	User time (seconds): 55313.63
	System time (seconds): 0.64
	Percent of CPU this job got: 399%
	Elapsed (wall clock) time (h:mm:ss or m:ss): 3:50:29
	Average shared text size (kbytes): 0
	Average unshared data size (kbytes): 0
	Average stack size (kbytes): 0
	Average total size (kbytes): 0
	Maximum resident set size (kbytes): 62328
	Average resident set size (kbytes): 0
	Major (requiring I/O) page faults: 0
	Minor (reclaiming a frame) page faults: 15610
	Voluntary context switches: 1248
	Involuntary context switches: 64207
	Swaps: 0
	File system inputs: 0
	File system outputs: 0
	Socket messages sent: 0
	Socket messages received: 0
	Signals delivered: 0
	Page size (bytes): 4096
	Exit status: 0
