

================================================================
== Vitis HLS Report for 'aligned_sum_Pipeline_align_and_sum'
================================================================
* Date:           Tue Aug  4 23:13:52 2026

* Version:        2025.2 (Build 6295257 on Nov 14 2025)
* Project:        gdn_mxfp8_hls
* Solution:       u55c_250mhz (Vivado IP Flow Target)
* Product family: virtexuplusHBM
* Target device:  xcu55c-fsvh2892-2L-e


================================================================
== Performance Estimates
================================================================
+ Timing: 
    * Summary: 
    +--------+---------+----------+------------+
    |  Clock |  Target | Estimated| Uncertainty|
    +--------+---------+----------+------------+
    |ap_clk  |  4.00 ns|  2.761 ns|     1.08 ns|
    +--------+---------+----------+------------+

+ Latency: 
    * Summary: 
    +---------+---------+----------+----------+-----+-----+-------------------+
    |  Latency (cycles) |  Latency (absolute) |  Interval |      Pipeline     |
    |   min   |   max   |    min   |    max   | min | max |        Type       |
    +---------+---------+----------+----------+-----+-----+-------------------+
    |      133|      133|  0.532 us|  0.532 us|    0|    0|  loop pipeline stp|
    +---------+---------+----------+----------+-----+-----+-------------------+

    + Detail: 
        * Instance: 
        N/A

        * Loop: 
        +-----------------+---------+---------+----------+-----------+-----------+------+----------+
        |                 |  Latency (cycles) | Iteration|  Initiation Interval  | Trip |          |
        |    Loop Name    |   min   |   max   |  Latency |  achieved |   target  | Count| Pipelined|
        +-----------------+---------+---------+----------+-----------+-----------+------+----------+
        |- align_and_sum  |      131|      131|         5|          1|          1|   128|       yes|
        +-----------------+---------+---------+----------+-----------+-----------+------+----------+



================================================================
== Utilization Estimates
================================================================
* Summary: 
+---------------------+---------+------+---------+---------+-----+
|         Name        | BRAM_18K|  DSP |    FF   |   LUT   | URAM|
+---------------------+---------+------+---------+---------+-----+
|DSP                  |        -|     -|        -|        -|    -|
|Expression           |        -|     -|        0|     1477|    -|
|FIFO                 |        -|     -|        -|        -|    -|
|Instance             |        -|     -|        0|      162|    -|
|Memory               |        -|     -|        -|        -|    -|
|Multiplexer          |        -|     -|        0|       63|    -|
|Register             |        -|     -|      517|       32|    -|
+---------------------+---------+------+---------+---------+-----+
|Total                |        0|     0|      517|     1734|    0|
+---------------------+---------+------+---------+---------+-----+
|Available SLR        |     1344|  3008|   869120|   434560|  320|
+---------------------+---------+------+---------+---------+-----+
|Utilization SLR (%)  |        0|     0|       ~0|       ~0|    0|
+---------------------+---------+------+---------+---------+-----+
|Available            |     4032|  9024|  2607360|  1303680|  960|
+---------------------+---------+------+---------+---------+-----+
|Utilization (%)      |        0|     0|       ~0|       ~0|    0|
+---------------------+---------+------+---------+---------+-----+

+ Detail: 
    * Instance: 
    +----------------------------+-----------------------+---------+----+---+----+-----+
    |          Instance          |         Module        | BRAM_18K| DSP| FF| LUT| URAM|
    +----------------------------+-----------------------+---------+----+---+----+-----+
    |sparsemux_33_4_16_1_1_U955  |sparsemux_33_4_16_1_1  |        0|   0|  0|  65|    0|
    |sparsemux_33_4_36_1_1_U954  |sparsemux_33_4_36_1_1  |        0|   0|  0|  65|    0|
    |sparsemux_7_2_24_1_1_U957   |sparsemux_7_2_24_1_1   |        0|   0|  0|   9|    0|
    |sparsemux_7_2_37_1_1_U956   |sparsemux_7_2_37_1_1   |        0|   0|  0|   9|    0|
    |sparsemux_9_3_32_1_1_U958   |sparsemux_9_3_32_1_1   |        0|   0|  0|  14|    0|
    +----------------------------+-----------------------+---------+----+---+----+-----+
    |Total                       |                       |        0|   0|  0| 162|    0|
    +----------------------------+-----------------------+---------+----+---+----+-----+

    * DSP: 
    N/A

    * Memory: 
    N/A

    * FIFO: 
    N/A

    * Expression: 
    +-------------------------+----------+----+---+-----+------------+------------+
    |      Variable Name      | Operation| DSP| FF| LUT | Bitwidth P0| Bitwidth P1|
    +-------------------------+----------+----+---+-----+------------+------------+
    |add_ln23_fu_1029_p2      |         +|   0|  0|   24|          17|           2|
    |add_ln37_fu_1213_p2      |         +|   0|  0|   31|          24|           1|
    |add_ln82_fu_734_p2       |         +|   0|  0|   15|           8|           1|
    |add_ln93_fu_1174_p2      |         +|   0|  0|   31|          24|           1|
    |add_ln96_fu_1192_p2      |         +|   0|  0|   44|          37|          37|
    |mask_fu_1017_p2          |         +|   0|  0|   43|          36|           2|
    |quotient_27_fu_1083_p2   |         +|   0|  0|   43|          36|           1|
    |shift_fu_941_p2          |         -|   0|  0|   24|          17|          17|
    |sub_ln15_fu_975_p2       |         -|   0|  0|   43|           1|          36|
    |sub_ln29_fu_1105_p2      |         -|   0|  0|   44|           1|          37|
    |and_ln17_fu_1123_p2      |       and|   0|  0|    2|           1|           1|
    |and_ln25_fu_1077_p2      |       and|   0|  0|    2|           1|           1|
    |and_ln36_fu_1234_p2      |       and|   0|  0|    2|           1|           1|
    |and_ln40_fu_1303_p2      |       and|   0|  0|    2|           1|           1|
    |and_ln92_fu_1169_p2      |       and|   0|  0|    2|           1|           1|
    |remainder_fu_1023_p2     |       and|   0|  0|   36|          36|          36|
    |icmp_ln10_fu_970_p2      |      icmp|   0|  0|   24|          17|           1|
    |icmp_ln17_fu_964_p2      |      icmp|   0|  0|   18|          11|           1|
    |icmp_ln24_fu_1067_p2     |      icmp|   0|  0|   71|          64|          64|
    |icmp_ln25_fu_1072_p2     |      icmp|   0|  0|   71|          64|          64|
    |icmp_ln36_fu_1207_p2     |      icmp|   0|  0|   13|           6|           1|
    |icmp_ln40_fu_1219_p2     |      icmp|   0|  0|   44|          37|          33|
    |icmp_ln82_fu_728_p2      |      icmp|   0|  0|   16|           8|           9|
    |icmp_ln86_fu_1056_p2     |      icmp|   0|  0|   43|          36|           1|
    |icmp_ln92_1_fu_1048_p2   |      icmp|   0|  0|   24|          17|           1|
    |icmp_ln92_fu_1164_p2     |      icmp|   0|  0|   44|          37|           1|
    |quotient_fu_997_p2       |      lshr|   0|  0|  182|          64|          64|
    |or_ln25_fu_1088_p2       |        or|   0|  0|    2|           1|           1|
    |or_ln36_fu_1292_p2       |        or|   0|  0|    2|           1|           1|
    |or_ln40_1_fu_1252_p2     |        or|   0|  0|    2|           1|           1|
    |or_ln40_fu_1240_p2       |        or|   0|  0|    2|           1|           1|
    |aligned_fu_1135_p6       |    select|   0|  0|   37|           1|          37|
    |counters_3_2_fu_1285_p3  |    select|   0|  0|   24|           1|          24|
    |magnitude_fu_980_p3      |    select|   0|  0|   36|           1|          36|
    |quotient_28_fu_1094_p3   |    select|   0|  0|   36|           1|          36|
    |select_ln92_fu_1180_p3   |    select|   0|  0|   24|           1|          24|
    |halfway_fu_1042_p2       |       shl|   0|  0|  182|           1|          64|
    |shl_ln21_fu_1007_p2      |       shl|   0|  0|  182|           1|          64|
    |ap_enable_pp0            |       xor|   0|  0|    2|           1|           2|
    |xor_ln10_fu_1118_p2      |       xor|   0|  0|    2|           1|           2|
    |xor_ln36_fu_1297_p2      |       xor|   0|  0|    2|           1|           2|
    |xor_ln40_fu_1246_p2      |       xor|   0|  0|    2|           1|           2|
    |xor_ln86_fu_1229_p2      |       xor|   0|  0|    2|           1|           2|
    +-------------------------+----------+----+---+-----+------------+------------+
    |Total                    |          |   0|  0| 1477|         619|         715|
    +-------------------------+----------+----+---+-----+------------+------------+

    * Multiplexer: 
    +-------------------------+----+-----------+-----+-----------+
    |           Name          | LUT| Input Size| Bits| Total Bits|
    +-------------------------+----+-----------+-----+-----------+
    |accumulator_fu_230       |   9|          2|   32|         64|
    |ap_done_int              |   9|          2|    1|          2|
    |ap_enable_reg_pp0_iter1  |   9|          2|    1|          2|
    |ap_sig_allocacmp_index   |   9|          2|    8|         16|
    |counters_1_0_fu_242      |   9|          2|   24|         48|
    |counters_3_0_fu_238      |   9|          2|   24|         48|
    |index_1_fu_234           |   9|          2|    8|         16|
    +-------------------------+----+-----------+-----+-----------+
    |Total                    |  63|         14|   98|        196|
    +-------------------------+----+-----------+-----+-----------+

    * Register: 
    +------------------------------------+----+----+-----+-----------+
    |                Name                | FF | LUT| Bits| Const Bits|
    +------------------------------------+----+----+-----+-----------+
    |accumulator_fu_230                  |  32|   0|   32|          0|
    |aligned_reg_1644                    |  37|   0|   37|          0|
    |ap_CS_fsm                           |   1|   0|    1|          0|
    |ap_done_reg                         |   1|   0|    1|          0|
    |ap_enable_reg_pp0_iter1             |   1|   0|    1|          0|
    |ap_enable_reg_pp0_iter2             |   1|   0|    1|          0|
    |ap_enable_reg_pp0_iter3             |   1|   0|    1|          0|
    |ap_enable_reg_pp0_iter4             |   1|   0|    1|          0|
    |ap_loop_exit_ready_pp0_iter1_reg    |   1|   0|    1|          0|
    |ap_loop_exit_ready_pp0_iter2_reg    |   1|   0|    1|          0|
    |ap_loop_exit_ready_pp0_iter3_reg    |   1|   0|    1|          0|
    |counters_1_0_fu_242                 |  24|   0|   24|          0|
    |counters_3_0_fu_238                 |  24|   0|   24|          0|
    |halfway_reg_1624                    |  64|   0|   64|          0|
    |icmp_ln10_reg_1602                  |   1|   0|    1|          0|
    |icmp_ln17_reg_1597                  |   1|   0|    1|          0|
    |icmp_ln17_reg_1597_pp0_iter2_reg    |   1|   0|    1|          0|
    |icmp_ln82_reg_1405                  |   1|   0|    1|          0|
    |icmp_ln86_reg_1635                  |   1|   0|    1|          0|
    |icmp_ln92_1_reg_1630                |   1|   0|    1|          0|
    |icmp_ln92_1_reg_1630_pp0_iter3_reg  |   1|   0|    1|          0|
    |index_1_fu_234                      |   8|   0|    8|          0|
    |negative_reg_1591                   |   1|   0|    1|          0|
    |negative_reg_1591_pp0_iter2_reg     |   1|   0|    1|          0|
    |quotient_reg_1608                   |  64|   0|   64|          0|
    |raw_reg_1575                        |  36|   0|   36|          0|
    |raw_reg_1575_pp0_iter2_reg          |  36|   0|   36|          0|
    |remainder_reg_1619                  |  36|   0|   36|          0|
    |sext_ln82_cast_reg_1400             |  17|   0|   17|          0|
    |shift_reg_1583                      |  17|   0|   17|          0|
    |trunc_ln20_reg_1613                 |  36|   0|   36|          0|
    |trunc_ln82_reg_1409                 |   4|   0|    4|          0|
    |icmp_ln82_reg_1405                  |  64|  32|    1|          0|
    +------------------------------------+----+----+-----+-----------+
    |Total                               | 517|  32|  454|          0|
    +------------------------------------+----+----+-----+-----------+



================================================================
== Interface
================================================================
* Summary: 
+-------------------------+-----+-----+------------+------------------------------------+--------------+
|        RTL Ports        | Dir | Bits|  Protocol  |            Source Object           |    C Type    |
+-------------------------+-----+-----+------------+------------------------------------+--------------+
|ap_clk                   |   in|    1|  ap_ctrl_hs|  aligned_sum_Pipeline_align_and_sum|  return value|
|ap_rst                   |   in|    1|  ap_ctrl_hs|  aligned_sum_Pipeline_align_and_sum|  return value|
|ap_start                 |   in|    1|  ap_ctrl_hs|  aligned_sum_Pipeline_align_and_sum|  return value|
|ap_done                  |  out|    1|  ap_ctrl_hs|  aligned_sum_Pipeline_align_and_sum|  return value|
|ap_idle                  |  out|    1|  ap_ctrl_hs|  aligned_sum_Pipeline_align_and_sum|  return value|
|ap_ready                 |  out|    1|  ap_ctrl_hs|  aligned_sum_Pipeline_align_and_sum|  return value|
|counters_read            |   in|   24|     ap_none|                       counters_read|        scalar|
|counters_read_14         |   in|   24|     ap_none|                    counters_read_14|        scalar|
|mantissas_0_address0     |  out|    3|   ap_memory|                         mantissas_0|         array|
|mantissas_0_ce0          |  out|    1|   ap_memory|                         mantissas_0|         array|
|mantissas_0_q0           |   in|   36|   ap_memory|                         mantissas_0|         array|
|mantissas_1_address0     |  out|    3|   ap_memory|                         mantissas_1|         array|
|mantissas_1_ce0          |  out|    1|   ap_memory|                         mantissas_1|         array|
|mantissas_1_q0           |   in|   36|   ap_memory|                         mantissas_1|         array|
|mantissas_2_address0     |  out|    3|   ap_memory|                         mantissas_2|         array|
|mantissas_2_ce0          |  out|    1|   ap_memory|                         mantissas_2|         array|
|mantissas_2_q0           |   in|   36|   ap_memory|                         mantissas_2|         array|
|mantissas_3_address0     |  out|    3|   ap_memory|                         mantissas_3|         array|
|mantissas_3_ce0          |  out|    1|   ap_memory|                         mantissas_3|         array|
|mantissas_3_q0           |   in|   36|   ap_memory|                         mantissas_3|         array|
|mantissas_4_address0     |  out|    3|   ap_memory|                         mantissas_4|         array|
|mantissas_4_ce0          |  out|    1|   ap_memory|                         mantissas_4|         array|
|mantissas_4_q0           |   in|   36|   ap_memory|                         mantissas_4|         array|
|mantissas_5_address0     |  out|    3|   ap_memory|                         mantissas_5|         array|
|mantissas_5_ce0          |  out|    1|   ap_memory|                         mantissas_5|         array|
|mantissas_5_q0           |   in|   36|   ap_memory|                         mantissas_5|         array|
|mantissas_6_address0     |  out|    3|   ap_memory|                         mantissas_6|         array|
|mantissas_6_ce0          |  out|    1|   ap_memory|                         mantissas_6|         array|
|mantissas_6_q0           |   in|   36|   ap_memory|                         mantissas_6|         array|
|mantissas_7_address0     |  out|    3|   ap_memory|                         mantissas_7|         array|
|mantissas_7_ce0          |  out|    1|   ap_memory|                         mantissas_7|         array|
|mantissas_7_q0           |   in|   36|   ap_memory|                         mantissas_7|         array|
|mantissas_8_address0     |  out|    3|   ap_memory|                         mantissas_8|         array|
|mantissas_8_ce0          |  out|    1|   ap_memory|                         mantissas_8|         array|
|mantissas_8_q0           |   in|   36|   ap_memory|                         mantissas_8|         array|
|mantissas_9_address0     |  out|    3|   ap_memory|                         mantissas_9|         array|
|mantissas_9_ce0          |  out|    1|   ap_memory|                         mantissas_9|         array|
|mantissas_9_q0           |   in|   36|   ap_memory|                         mantissas_9|         array|
|mantissas_10_address0    |  out|    3|   ap_memory|                        mantissas_10|         array|
|mantissas_10_ce0         |  out|    1|   ap_memory|                        mantissas_10|         array|
|mantissas_10_q0          |   in|   36|   ap_memory|                        mantissas_10|         array|
|mantissas_11_address0    |  out|    3|   ap_memory|                        mantissas_11|         array|
|mantissas_11_ce0         |  out|    1|   ap_memory|                        mantissas_11|         array|
|mantissas_11_q0          |   in|   36|   ap_memory|                        mantissas_11|         array|
|mantissas_12_address0    |  out|    3|   ap_memory|                        mantissas_12|         array|
|mantissas_12_ce0         |  out|    1|   ap_memory|                        mantissas_12|         array|
|mantissas_12_q0          |   in|   36|   ap_memory|                        mantissas_12|         array|
|mantissas_13_address0    |  out|    3|   ap_memory|                        mantissas_13|         array|
|mantissas_13_ce0         |  out|    1|   ap_memory|                        mantissas_13|         array|
|mantissas_13_q0          |   in|   36|   ap_memory|                        mantissas_13|         array|
|mantissas_14_address0    |  out|    3|   ap_memory|                        mantissas_14|         array|
|mantissas_14_ce0         |  out|    1|   ap_memory|                        mantissas_14|         array|
|mantissas_14_q0          |   in|   36|   ap_memory|                        mantissas_14|         array|
|mantissas_15_address0    |  out|    3|   ap_memory|                        mantissas_15|         array|
|mantissas_15_ce0         |  out|    1|   ap_memory|                        mantissas_15|         array|
|mantissas_15_q0          |   in|   36|   ap_memory|                        mantissas_15|         array|
|exponents_0_address0     |  out|    3|   ap_memory|                         exponents_0|         array|
|exponents_0_ce0          |  out|    1|   ap_memory|                         exponents_0|         array|
|exponents_0_q0           |   in|   16|   ap_memory|                         exponents_0|         array|
|exponents_1_address0     |  out|    3|   ap_memory|                         exponents_1|         array|
|exponents_1_ce0          |  out|    1|   ap_memory|                         exponents_1|         array|
|exponents_1_q0           |   in|   16|   ap_memory|                         exponents_1|         array|
|exponents_2_address0     |  out|    3|   ap_memory|                         exponents_2|         array|
|exponents_2_ce0          |  out|    1|   ap_memory|                         exponents_2|         array|
|exponents_2_q0           |   in|   16|   ap_memory|                         exponents_2|         array|
|exponents_3_address0     |  out|    3|   ap_memory|                         exponents_3|         array|
|exponents_3_ce0          |  out|    1|   ap_memory|                         exponents_3|         array|
|exponents_3_q0           |   in|   16|   ap_memory|                         exponents_3|         array|
|exponents_4_address0     |  out|    3|   ap_memory|                         exponents_4|         array|
|exponents_4_ce0          |  out|    1|   ap_memory|                         exponents_4|         array|
|exponents_4_q0           |   in|   16|   ap_memory|                         exponents_4|         array|
|exponents_5_address0     |  out|    3|   ap_memory|                         exponents_5|         array|
|exponents_5_ce0          |  out|    1|   ap_memory|                         exponents_5|         array|
|exponents_5_q0           |   in|   16|   ap_memory|                         exponents_5|         array|
|exponents_6_address0     |  out|    3|   ap_memory|                         exponents_6|         array|
|exponents_6_ce0          |  out|    1|   ap_memory|                         exponents_6|         array|
|exponents_6_q0           |   in|   16|   ap_memory|                         exponents_6|         array|
|exponents_7_address0     |  out|    3|   ap_memory|                         exponents_7|         array|
|exponents_7_ce0          |  out|    1|   ap_memory|                         exponents_7|         array|
|exponents_7_q0           |   in|   16|   ap_memory|                         exponents_7|         array|
|exponents_8_address0     |  out|    3|   ap_memory|                         exponents_8|         array|
|exponents_8_ce0          |  out|    1|   ap_memory|                         exponents_8|         array|
|exponents_8_q0           |   in|   16|   ap_memory|                         exponents_8|         array|
|exponents_9_address0     |  out|    3|   ap_memory|                         exponents_9|         array|
|exponents_9_ce0          |  out|    1|   ap_memory|                         exponents_9|         array|
|exponents_9_q0           |   in|   16|   ap_memory|                         exponents_9|         array|
|exponents_10_address0    |  out|    3|   ap_memory|                        exponents_10|         array|
|exponents_10_ce0         |  out|    1|   ap_memory|                        exponents_10|         array|
|exponents_10_q0          |   in|   16|   ap_memory|                        exponents_10|         array|
|exponents_11_address0    |  out|    3|   ap_memory|                        exponents_11|         array|
|exponents_11_ce0         |  out|    1|   ap_memory|                        exponents_11|         array|
|exponents_11_q0          |   in|   16|   ap_memory|                        exponents_11|         array|
|exponents_12_address0    |  out|    3|   ap_memory|                        exponents_12|         array|
|exponents_12_ce0         |  out|    1|   ap_memory|                        exponents_12|         array|
|exponents_12_q0          |   in|   16|   ap_memory|                        exponents_12|         array|
|exponents_13_address0    |  out|    3|   ap_memory|                        exponents_13|         array|
|exponents_13_ce0         |  out|    1|   ap_memory|                        exponents_13|         array|
|exponents_13_q0          |   in|   16|   ap_memory|                        exponents_13|         array|
|exponents_14_address0    |  out|    3|   ap_memory|                        exponents_14|         array|
|exponents_14_ce0         |  out|    1|   ap_memory|                        exponents_14|         array|
|exponents_14_q0          |   in|   16|   ap_memory|                        exponents_14|         array|
|exponents_15_address0    |  out|    3|   ap_memory|                        exponents_15|         array|
|exponents_15_ce0         |  out|    1|   ap_memory|                        exponents_15|         array|
|exponents_15_q0          |   in|   16|   ap_memory|                        exponents_15|         array|
|sext_ln82                |   in|   16|     ap_none|                           sext_ln82|        scalar|
|counters_1_0_out         |  out|   24|      ap_vld|                    counters_1_0_out|       pointer|
|counters_1_0_out_ap_vld  |  out|    1|      ap_vld|                    counters_1_0_out|       pointer|
|counters_3_0_out         |  out|   24|      ap_vld|                    counters_3_0_out|       pointer|
|counters_3_0_out_ap_vld  |  out|    1|      ap_vld|                    counters_3_0_out|       pointer|
|accumulator_out          |  out|   32|      ap_vld|                     accumulator_out|       pointer|
|accumulator_out_ap_vld   |  out|    1|      ap_vld|                     accumulator_out|       pointer|
+-------------------------+-----+-----+------------+------------------------------------+--------------+

