================================================================
== Design Size Report
================================================================

* Total Instructions per Compilation Phase
+---------------+----------------------------+--------------+----------------------------------------------------------------------------------------+
| Phase         | Step                       | Instructions | Description                                                                            |
+---------------+----------------------------+--------------+----------------------------------------------------------------------------------------+
| Compile/Link  |                            |  6,366       | After all functions are compiled and linked into a single design                       |
|               |                            |              |                                                                                        |
| Unroll/Inline |                            |              | After user unroll and inline pragmas are applied                                       |
|               | (1) unroll                 |  9,394       | user unroll pragmas are applied                                                        |
|               | (2) simplification         |  5,800       | simplification of applied user unroll pragmas                                          |
|               | (3) inline                 |  5,756       | user inline pragmas are applied                                                        |
|               | (4) simplification         |  5,739       | simplification of applied user inline pragmas                                          |
|               |                            |              |                                                                                        |
| Array/Struct  |                            |              | After user array partition and struct aggregate/disaggregate pragmas are applied       |
|               | (1) array partition        | 16,090       | user array partition pragmas are applied                                               |
|               | (2) simplification         | 14,528       | simplification of applied user array partition & struct aggregate/disaggregate pragmas |
|               | (3) aggregate/disaggregate | 14,540       | user struct aggregate/disaggregate pragmas are applied                                 |
|               | (4) array reshape          | 14,536       | apply array reshape pragmas                                                            |
|               | (5) access patterns        | 14,458       | array access pattern optmizations                                                      |
|               |                            |              |                                                                                        |
| Performance   |                            |              | After transformations are applied to meet performance pragma targets                   |
|               | (1) loop simplification    | 14,428       | loop and instruction simplification                                                    |
|               | (2) parallelization        | 14,409       | loops are unrolled or pipelined to meet performance targets                            |
|               | (3) array partition        | 14,418       | arrays are partitioned to meet performance targets                                     |
|               | (4) simplification         | 14,418       | simplification of design after performance transformations                             |
|               |                            |              |                                                                                        |
| HW Transforms |                            |              | After hardware transfomations                                                          |
|               | (1) lowering               | 14,618       | initial conversion to HW specific instructions                                         |
|               | (2) optimizations          | 14,454       | high level synthesis optimizations                                                     |
+---------------+----------------------------+--------------+----------------------------------------------------------------------------------------+

* Instructions per Function for each Compilation Phase
+-------------------------------+---------------------------+-----------------+---------------+--------------+-------------+---------------+
| Function                      | Location                  | Compile/Link    | Unroll/Inline | Array/Struct | Performance | HW Transforms |
+-------------------------------+---------------------------+-----------------+---------------+--------------+-------------+---------------+
| + gdn_mxfp8_top               | gdn_top.cpp:593           | 6,366           | 5,739         | 14,458       | 14,418      | 14,454        |
|  + gdn_mxfp8_top_impl         | gdn_top.cpp:180           | 6,341           | 5,696         | 14,397       | 14,347      | 14,376        |
|     clear_command_counters    | gdn_top.cpp:105           |   37            |               |              |             |               |
|     clear_counters            | gdn_top.cpp:96            |   26 (2 calls)  |               |              |             |               |
|     payload_status            | gdn_top.cpp:161           |   36            |               |              |             |               |
|     accumulate_counters       | gdn_top.cpp:134           |  168 (7 calls)  |               |              |             |               |
|   + publish_result            | gdn_top.cpp:145           |  495 (11 calls) |               |              |             |               |
|      copy_command_counters    | gdn_top.cpp:123           |  242 (11 calls) |               |              |             |               |
|      copy_counters            | gdn_top.cpp:114           |  176 (11 calls) |               |              |             |               |
|   + phase1_validate_token     | phase1_prepare.cpp:7      |  500            |  191          |   161        |   142       |   199         |
|      to_u8                    | mx_types.hpp:51           |   60 (6 calls)  |               |              |             |               |
|    + valid_e4m3               | e4m3_arithmetic.cpp:80    |   66 (3 calls)  |               |              |             |               |
|       raw_e4m3                | e4m3_arithmetic.cpp:75    |   30 (3 calls)  |               |              |             |               |
|      raw_e4m3                 | e4m3_arithmetic.cpp:75    |   30 (3 calls)  |               |              |             |               |
|     unpack_state_scale        | gdn_top.cpp:41            |  108 (2 calls)  |               |              |             |               |
|     unpack_state_element      | gdn_top.cpp:24            |  110 (2 calls)  |               |              |             |               |
|   + phase2_decay_predict_tile | phase2_state_read.cpp:8   |  691            |  290          | 2,863        | 2,859       | 2,782         |
|    + decode_e4m3_mantissa     | e4m3_arithmetic.cpp:86    |   33            |               |              |             |               |
|       raw_e4m3                | e4m3_arithmetic.cpp:75    |   10            |               |              |             |               |
|    + multiply_q1_15           | block_exp_align.cpp:47    |  129            |               |              |             |               |
|       round_shift_rne         | block_exp_align.cpp:8     |   45            |               |              |             |               |
|       saturate_int32          | block_exp_align.cpp:32    |   78            |               |              |             |               |
|    + decode_e4m3_exponent     | e4m3_arithmetic.cpp:97    |   80 (2 calls)  |               |              |             |               |
|       raw_e4m3                | e4m3_arithmetic.cpp:75    |   20 (2 calls)  |               |              |             |               |
|       to_u8                   | mx_types.hpp:51           |   20 (2 calls)  |               |              |             |               |
|    + scale_by_e4m3            | e4m3_arithmetic.cpp:105   |   77            |               |              |             |               |
|     + decode_e4m3_mantissa    | e4m3_arithmetic.cpp:86    |   33            |               |              |             |               |
|        raw_e4m3               | e4m3_arithmetic.cpp:75    |   10            |               |              |             |               |
|    + aligned_sum              | block_exp_align.cpp:58    |  235            |  105          |   234        |   230       |   240         |
|       round_shift_rne         | block_exp_align.cpp:8     |   45            |               |              |             |               |
|       saturate_int32          | block_exp_align.cpp:32    |   78            |               |              |             |               |
|   + phase3_delta_tile         | phase3_update.cpp:10      |  609            |  229          |   315        |   314       |   318         |
|    + decode_e4m3_mantissa     | e4m3_arithmetic.cpp:86    |   33            |               |              |             |               |
|       raw_e4m3                | e4m3_arithmetic.cpp:75    |   10            |               |              |             |               |
|    + decode_e4m3_exponent     | e4m3_arithmetic.cpp:97    |   40            |               |              |             |               |
|       raw_e4m3                | e4m3_arithmetic.cpp:75    |   10            |               |              |             |               |
|       to_u8                   | mx_types.hpp:51           |   10            |               |              |             |               |
|    + aligned_pair             | block_exp_align.cpp:101   |  307            |               |              |             |               |
|       round_shift_rne         | block_exp_align.cpp:8     |   90 (2 calls)  |               |              |             |               |
|       saturate_int32          | block_exp_align.cpp:32    |  156 (2 calls)  |               |              |             |               |
|    + multiply_q1_15           | block_exp_align.cpp:47    |  129            |               |              |             |               |
|       round_shift_rne         | block_exp_align.cpp:8     |   45            |               |              |             |               |
|       saturate_int32          | block_exp_align.cpp:32    |   78            |               |              |             |               |
|   + phase4_update_state_tile  | phase4_state_write.cpp:10 | 1,586           | 3,843         | 5,746        | 5,741       | 5,705         |
|    + scale_by_e4m3            | e4m3_arithmetic.cpp:105   |   77            |               |              |             |               |
|     + decode_e4m3_mantissa    | e4m3_arithmetic.cpp:86    |   33            |               |              |             |               |
|        raw_e4m3               | e4m3_arithmetic.cpp:75    |   10            |               |              |             |               |
|    + decode_e4m3_exponent     | e4m3_arithmetic.cpp:97    |   40            |               |              |             |               |
|       raw_e4m3                | e4m3_arithmetic.cpp:75    |   10            |               |              |             |               |
|       to_u8                   | mx_types.hpp:51           |   10            |               |              |             |               |
|    + aligned_pair             | block_exp_align.cpp:101   |  307            |               |              |             |               |
|       round_shift_rne         | block_exp_align.cpp:8     |   90 (2 calls)  |               |              |             |               |
|       saturate_int32          | block_exp_align.cpp:32    |  156 (2 calls)  |               |              |             |               |
|    + select_scale_power_e4m3  | e4m3_arithmetic.cpp:119   |  343            |               |              |             |               |
|       magnitude_u32           | e4m3_arithmetic.cpp:11    |    9            |               |              |             |               |
|       bit_length              | e4m3_arithmetic.cpp:18    |   46            |               |              |             |               |
|     + exceeds_e4m3_max        | e4m3_arithmetic.cpp:52    |  165            |               |              |             |               |
|      + greater_abs_scaled     | e4m3_arithmetic.cpp:33    |  161            |               |              |             |               |
|         magnitude_u32         | e4m3_arithmetic.cpp:11    |   18 (2 calls)  |               |              |             |               |
|         bit_length            | e4m3_arithmetic.cpp:18    |   92 (2 calls)  |               |              |             |               |
|      to_u8                    | mx_types.hpp:51           |   10            |               |              |             |               |
|    + quantize_exact_e4m3      | e4m3_arithmetic.cpp:149   |  563            |               |              |             |               |
|       magnitude_u32           | e4m3_arithmetic.cpp:11    |    9            |               |              |             |               |
|     + exceeds_e4m3_max        | e4m3_arithmetic.cpp:52    |  165            |               |              |             |               |
|      + greater_abs_scaled     | e4m3_arithmetic.cpp:33    |  161            |               |              |             |               |
|         magnitude_u32         | e4m3_arithmetic.cpp:11    |   18 (2 calls)  |               |              |             |               |
|         bit_length            | e4m3_arithmetic.cpp:18    |   92 (2 calls)  |               |              |             |               |
|       bit_length              | e4m3_arithmetic.cpp:18    |   46            |               |              |             |               |
|     + rounded_grid_magnitude  | e4m3_arithmetic.cpp:59    |  126 (2 calls)  |               |              |             |               |
|        round_shift_rne        | block_exp_align.cpp:8     |   90 (2 calls)  |               |              |             |               |
|   + phase5_output_tile        | phase5_output.cpp:8       |  441            |               |              |             |               |
|    + scale_by_e4m3            | e4m3_arithmetic.cpp:105   |   77            |               |              |             |               |
|     + decode_e4m3_mantissa    | e4m3_arithmetic.cpp:86    |   33            |               |              |             |               |
|        raw_e4m3               | e4m3_arithmetic.cpp:75    |   10            |               |              |             |               |
|    + decode_e4m3_exponent     | e4m3_arithmetic.cpp:97    |   40            |               |              |             |               |
|       raw_e4m3                | e4m3_arithmetic.cpp:75    |   10            |               |              |             |               |
|       to_u8                   | mx_types.hpp:51           |   10            |               |              |             |               |
|    + aligned_sum              | block_exp_align.cpp:58    |  235            |               |              |             |               |
|       round_shift_rne         | block_exp_align.cpp:8     |   45            |               |              |             |               |
|       saturate_int32          | block_exp_align.cpp:32    |   78            |               |              |             |               |
|     pack_state_element        | gdn_top.cpp:31            |  132 (2 calls)  |               |              |             |               |
|     pack_state_scale          | gdn_top.cpp:46            |  130 (2 calls)  |               |              |             |               |
|   + phase1_validate_state     | phase1_prepare.cpp:82     |  168            |               |              |             |               |
|      to_u8                    | mx_types.hpp:51           |   20 (2 calls)  |               |              |             |               |
|    + valid_e4m3               | e4m3_arithmetic.cpp:80    |   22            |               |              |             |               |
|       raw_e4m3                | e4m3_arithmetic.cpp:75    |   10            |               |              |             |               |
|      raw_e4m3                 | e4m3_arithmetic.cpp:75    |   10            |               |              |             |               |
|   + canonical_scale_word      | gdn_top.cpp:85            |   97            |               |              |             |               |
|      pack_state_scale         | gdn_top.cpp:46            |   65            |               |              |             |               |
|     aligned_sum               | block_exp_align.cpp:58    |                 |  105          |   234        |   230       |   240         |
+-------------------------------+---------------------------+-----------------+---------------+--------------+-------------+---------------+

* Design Size Message Settings
+---------------------------------------------+--------+------------------------------------------------------------------+
| Message Setting                             | Value  | Description                                                      |
+---------------------------------------------+--------+------------------------------------------------------------------+
| config_compile -design_size_maximum_warning | 100000 | Show a warning when total design instructions exceeds this value |
+---------------------------------------------+--------+------------------------------------------------------------------+


