

================================================================
== Vitis HLS Report for 'gdn_mxfp8_top_impl_Pipeline_reset_heads_reset_rows_reset_blocks'
================================================================
* Date:           Tue Aug  4 23:13:49 2026

* Version:        2025.2 (Build 6295257 on Nov 14 2025)
* Project:        gdn_mxfp8_hls
* Solution:       u55c_250mhz (Vivado IP Flow Target)
* Product family: virtexuplusHBM
* Target device:  xcu55c-fsvh2892-2L-e


================================================================
== Performance Estimates
================================================================
+ Timing: 
    * Summary: 
    +--------+---------+----------+------------+
    |  Clock |  Target | Estimated| Uncertainty|
    +--------+---------+----------+------------+
    |ap_clk  |  4.00 ns|  2.780 ns|     1.08 ns|
    +--------+---------+----------+------------+

+ Latency: 
    * Summary: 
    +---------+---------+-----------+-----------+-----+-----+-------------------+
    |  Latency (cycles) |   Latency (absolute)  |  Interval |      Pipeline     |
    |   min   |   max   |    min    |    max    | min | max |        Type       |
    +---------+---------+-----------+-----------+-----+-----+-------------------+
    |    16387|    16387|  65.548 us|  65.548 us|    0|    0|  loop pipeline stp|
    +---------+---------+-----------+-----------+-----+-----+-------------------+

    + Detail: 
        * Instance: 
        N/A

        * Loop: 
        +---------------------------------------+---------+---------+----------+-----------+-----------+-------+----------+
        |                                       |  Latency (cycles) | Iteration|  Initiation Interval  |  Trip |          |
        |               Loop Name               |   min   |   max   |  Latency |  achieved |   target  | Count | Pipelined|
        +---------------------------------------+---------+---------+----------+-----------+-----------+-------+----------+
        |- reset_heads_reset_rows_reset_blocks  |    16385|    16385|         3|          1|          1|  16384|       yes|
        +---------------------------------------+---------+---------+----------+-----------+-----------+-------+----------+



================================================================
== Utilization Estimates
================================================================
* Summary: 
+---------------------+---------+------+---------+---------+-----+
|         Name        | BRAM_18K|  DSP |    FF   |   LUT   | URAM|
+---------------------+---------+------+---------+---------+-----+
|DSP                  |        -|     -|        -|        -|    -|
|Expression           |        -|     -|        0|      255|    -|
|FIFO                 |        -|     -|        -|        -|    -|
|Instance             |        -|     -|        -|        -|    -|
|Memory               |        -|     -|        -|        -|    -|
|Multiplexer          |        -|     -|        0|       72|    -|
|Register             |        -|     -|       87|        -|    -|
+---------------------+---------+------+---------+---------+-----+
|Total                |        0|     0|       87|      327|    0|
+---------------------+---------+------+---------+---------+-----+
|Available SLR        |     1344|  3008|   869120|   434560|  320|
+---------------------+---------+------+---------+---------+-----+
|Utilization SLR (%)  |        0|     0|       ~0|       ~0|    0|
+---------------------+---------+------+---------+---------+-----+
|Available            |     4032|  9024|  2607360|  1303680|  960|
+---------------------+---------+------+---------+---------+-----+
|Utilization (%)      |        0|     0|       ~0|       ~0|    0|
+---------------------+---------+------+---------+---------+-----+

+ Detail: 
    * Instance: 
    N/A

    * DSP: 
    N/A

    * Memory: 
    N/A

    * FIFO: 
    N/A

    * Expression: 
    +--------------------------+----------+----+---+----+------------+------------+
    |       Variable Name      | Operation| DSP| FF| LUT| Bitwidth P0| Bitwidth P1|
    +--------------------------+----------+----+---+----+------------+------------+
    |add_ln300_1_fu_171_p2     |         +|   0|  0|  22|          15|           1|
    |add_ln300_fu_186_p2       |         +|   0|  0|  13|           6|           1|
    |add_ln302_1_fu_272_p2     |         +|   0|  0|  18|          11|           1|
    |add_ln302_fu_232_p2       |         +|   0|  0|  15|           8|           1|
    |add_ln303_1_fu_330_p2     |         +|   0|  0|  25|          18|          18|
    |add_ln303_fu_314_p2       |         +|   0|  0|  18|          11|          11|
    |add_ln306_fu_266_p2       |         +|   0|  0|  10|           3|           1|
    |add_ln308_fu_352_p2       |         +|   0|  0|  27|          20|          20|
    |and_ln300_fu_218_p2       |       and|   0|  0|   2|           1|           1|
    |first_iter_1_fu_260_p2    |      icmp|   0|  0|  10|           3|           1|
    |icmp_ln300_fu_165_p2      |      icmp|   0|  0|  23|          15|          16|
    |icmp_ln302_fu_192_p2      |      icmp|   0|  0|  18|          11|          10|
    |icmp_ln306_fu_212_p2      |      icmp|   0|  0|  12|           3|           4|
    |empty_fu_238_p2           |        or|   0|  0|   2|           1|           1|
    |block_mid2_fu_244_p3      |    select|   0|  0|   3|           1|           1|
    |select_ln300_1_fu_224_p3  |    select|   0|  0|   6|           1|           6|
    |select_ln300_fu_198_p3    |    select|   0|  0|   8|           1|           1|
    |select_ln302_1_fu_278_p3  |    select|   0|  0|  11|           1|           1|
    |select_ln302_fu_252_p3    |    select|   0|  0|   8|           1|           8|
    |ap_enable_pp0             |       xor|   0|  0|   2|           1|           2|
    |xor_ln300_fu_206_p2       |       xor|   0|  0|   2|           1|           2|
    +--------------------------+----------+----+---+----+------------+------------+
    |Total                     |          |   0|  0| 255|         133|         108|
    +--------------------------+----------+----+---+----+------------+------------+

    * Multiplexer: 
    +-------------------------+----+-----------+-----+-----------+
    |           Name          | LUT| Input Size| Bits| Total Bits|
    +-------------------------+----+-----------+-----+-----------+
    |ap_done_int              |   9|          2|    1|          2|
    |ap_enable_reg_pp0_iter1  |   9|          2|    1|          2|
    |ap_enable_reg_pp0_iter2  |   9|          2|    1|          2|
    |block_fu_80              |   9|          2|    3|          6|
    |head_4_fu_92             |   9|          2|    6|         12|
    |indvar_flatten248_fu_88  |   9|          2|   11|         22|
    |indvar_flatten261_fu_96  |   9|          2|   15|         30|
    |row_fu_84                |   9|          2|    8|         16|
    +-------------------------+----+-----------+-----+-----------+
    |Total                    |  72|         16|   46|         92|
    +-------------------------+----+-----------+-----+-----------+

    * Register: 
    +----------------------------------+----+----+-----+-----------+
    |               Name               | FF | LUT| Bits| Const Bits|
    +----------------------------------+----+----+-----+-----------+
    |add_ln308_reg_425                 |  20|   0|   20|          0|
    |ap_CS_fsm                         |   1|   0|    1|          0|
    |ap_done_reg                       |   1|   0|    1|          0|
    |ap_enable_reg_pp0_iter1           |   1|   0|    1|          0|
    |ap_enable_reg_pp0_iter2           |   1|   0|    1|          0|
    |ap_enable_reg_pp0_iter3           |   1|   0|    1|          0|
    |ap_loop_exit_ready_pp0_iter2_reg  |   1|   0|    1|          0|
    |block_fu_80                       |   3|   0|    3|          0|
    |block_mid2_reg_411                |   3|   0|    3|          0|
    |first_iter_1_reg_421              |   1|   0|    1|          0|
    |head_4_fu_92                      |   6|   0|    6|          0|
    |indvar_flatten248_fu_88           |  11|   0|   11|          0|
    |indvar_flatten261_fu_96           |  15|   0|   15|          0|
    |row_fu_84                         |   8|   0|    8|          0|
    |select_ln300_1_reg_406            |   6|   0|    6|          0|
    |select_ln302_reg_416              |   8|   0|    8|          0|
    +----------------------------------+----+----+-----+-----------+
    |Total                             |  87|   0|   87|          0|
    +----------------------------------+----+----+-----+-----------+



================================================================
== Interface
================================================================
* Summary: 
+--------------------------+-----+-----+------------+-----------------------------------------------------------------+--------------+
|         RTL Ports        | Dir | Bits|  Protocol  |                          Source Object                          |    C Type    |
+--------------------------+-----+-----+------------+-----------------------------------------------------------------+--------------+
|ap_clk                    |   in|    1|  ap_ctrl_hs|  gdn_mxfp8_top_impl_Pipeline_reset_heads_reset_rows_reset_blocks|  return value|
|ap_rst                    |   in|    1|  ap_ctrl_hs|  gdn_mxfp8_top_impl_Pipeline_reset_heads_reset_rows_reset_blocks|  return value|
|ap_start                  |   in|    1|  ap_ctrl_hs|  gdn_mxfp8_top_impl_Pipeline_reset_heads_reset_rows_reset_blocks|  return value|
|ap_done                   |  out|    1|  ap_ctrl_hs|  gdn_mxfp8_top_impl_Pipeline_reset_heads_reset_rows_reset_blocks|  return value|
|ap_idle                   |  out|    1|  ap_ctrl_hs|  gdn_mxfp8_top_impl_Pipeline_reset_heads_reset_rows_reset_blocks|  return value|
|ap_ready                  |  out|    1|  ap_ctrl_hs|  gdn_mxfp8_top_impl_Pipeline_reset_heads_reset_rows_reset_blocks|  return value|
|zext_ln303                |   in|   11|     ap_none|                                                       zext_ln303|        scalar|
|resident_state_address0   |  out|   20|   ap_memory|                                                   resident_state|         array|
|resident_state_ce0        |  out|    1|   ap_memory|                                                   resident_state|         array|
|resident_state_we0        |  out|    1|   ap_memory|                                                   resident_state|         array|
|resident_state_d0         |  out|  256|   ap_memory|                                                   resident_state|         array|
|resident_scales_address0  |  out|   18|   ap_memory|                                                  resident_scales|         array|
|resident_scales_ce0       |  out|    1|   ap_memory|                                                  resident_scales|         array|
|resident_scales_we0       |  out|    1|   ap_memory|                                                  resident_scales|         array|
|resident_scales_d0        |  out|   32|   ap_memory|                                                  resident_scales|         array|
+--------------------------+-----+-----+------------+-----------------------------------------------------------------+--------------+

