

================================================================
== Vitis HLS Report for 'gdn_mxfp8_top'
================================================================
* Date:           Tue Aug  4 23:14:05 2026

* Version:        2025.2 (Build 6295257 on Nov 14 2025)
* Project:        gdn_mxfp8_hls
* Solution:       u55c_250mhz (Vivado IP Flow Target)
* Product family: virtexuplusHBM
* Target device:  xcu55c-fsvh2892-2L-e


================================================================
== Performance Estimates
================================================================
+ Timing: 
    * Summary: 
    +--------+---------+----------+------------+
    |  Clock |  Target | Estimated| Uncertainty|
    +--------+---------+----------+------------+
    |ap_clk  |  4.00 ns|  2.920 ns|     1.08 ns|
    +--------+---------+----------+------------+

+ Latency: 
    * Summary: 
    +---------+----------+-----------+-----------+------+----------+---------+
    |  Latency (cycles)  |   Latency (absolute)  |     Interval    | Pipeline|
    |   min   |    max   |    min    |    max    |  min |    max   |   Type  |
    +---------+----------+-----------+-----------+------+----------+---------+
    |     8238|  12202887|  32.952 us|  48.812 ms|  8239|  12202888|       no|
    +---------+----------+-----------+-----------+------+----------+---------+

    + Detail: 
        * Instance: 
        +--------------------------------+--------------------+---------+----------+-----------+-----------+------+----------+---------+
        |                                |                    |  Latency (cycles)  |   Latency (absolute)  |     Interval    | Pipeline|
        |            Instance            |       Module       |   min   |    max   |    min    |    max    |  min |    max   |   Type  |
        +--------------------------------+--------------------+---------+----------+-----------+-----------+------+----------+---------+
        |grp_gdn_mxfp8_top_impl_fu_1646  |gdn_mxfp8_top_impl  |     8236|  12202885|  32.944 us|  48.812 ms|  8236|  12202885|       no|
        +--------------------------------+--------------------+---------+----------+-----------+-----------+------+----------+---------+

        * Loop: 
        N/A



================================================================
== Utilization Estimates
================================================================
* Summary: 
+---------------------+---------+------+---------+---------+-----+
|         Name        | BRAM_18K|  DSP |    FF   |   LUT   | URAM|
+---------------------+---------+------+---------+---------+-----+
|DSP                  |        -|     -|        -|        -|    -|
|Expression           |        -|     -|        -|        -|    -|
|FIFO                 |        -|     -|        -|        -|    -|
|Instance             |       25|     3|    43519|   142893|   64|
|Memory               |        -|     -|        -|        -|    -|
|Multiplexer          |        -|     -|        0|      191|    -|
|Register             |        -|     -|     1196|        -|    -|
+---------------------+---------+------+---------+---------+-----+
|Total                |       25|     3|    44715|   143084|   64|
+---------------------+---------+------+---------+---------+-----+
|Available SLR        |     1344|  3008|   869120|   434560|  320|
+---------------------+---------+------+---------+---------+-----+
|Utilization SLR (%)  |        1|    ~0|        5|       32|   20|
+---------------------+---------+------+---------+---------+-----+
|Available            |     4032|  9024|  2607360|  1303680|  960|
+---------------------+---------+------+---------+---------+-----+
|Utilization (%)      |       ~0|    ~0|        1|       10|    6|
+---------------------+---------+------+---------+---------+-----+

+ Detail: 
    * Instance: 
    +--------------------------------+--------------------+---------+----+-------+--------+-----+
    |            Instance            |       Module       | BRAM_18K| DSP|   FF  |   LUT  | URAM|
    +--------------------------------+--------------------+---------+----+-------+--------+-----+
    |control_r_s_axi_U               |control_r_s_axi     |        0|   0|   1290|    2344|    0|
    |control_s_axi_U                 |control_s_axi       |        0|   0|    100|     120|    0|
    |grp_gdn_mxfp8_top_impl_fu_1646  |gdn_mxfp8_top_impl  |       20|   3|  37291|  134398|   64|
    |gmem0_m_axi_U                   |gmem0_m_axi         |        1|   0|    640|     770|    0|
    |gmem1_m_axi_U                   |gmem1_m_axi         |        1|   0|    640|     770|    0|
    |gmem2_m_axi_U                   |gmem2_m_axi         |        1|   0|    640|     770|    0|
    |gmem3_m_axi_U                   |gmem3_m_axi         |        1|   0|    629|     747|    0|
    |gmem4_m_axi_U                   |gmem4_m_axi         |        1|   0|    640|     770|    0|
    |gmem5_m_axi_U                   |gmem5_m_axi         |        0|   0|    520|     630|    0|
    |gmem6_m_axi_U                   |gmem6_m_axi         |        0|   0|    555|     724|    0|
    |gmem7_m_axi_U                   |gmem7_m_axi         |        0|   0|    574|     850|    0|
    +--------------------------------+--------------------+---------+----+-------+--------+-----+
    |Total                           |                    |       25|   3|  43519|  142893|   64|
    +--------------------------------+--------------------+---------+----+-------+--------+-----+

    * DSP: 
    N/A

    * Memory: 
    N/A

    * FIFO: 
    N/A

    * Expression: 
    N/A

    * Multiplexer: 
    +-----------------+----+-----------+-----+-----------+
    |       Name      | LUT| Input Size| Bits| Total Bits|
    +-----------------+----+-----------+-----+-----------+
    |ap_NS_fsm        |  20|          4|    1|          4|
    |gmem0_0_ARVALID  |   9|          2|    1|          2|
    |gmem0_0_RREADY   |   9|          2|    1|          2|
    |gmem1_0_ARVALID  |   9|          2|    1|          2|
    |gmem1_0_RREADY   |   9|          2|    1|          2|
    |gmem2_0_ARVALID  |   9|          2|    1|          2|
    |gmem2_0_RREADY   |   9|          2|    1|          2|
    |gmem3_0_ARVALID  |   9|          2|    1|          2|
    |gmem3_0_RREADY   |   9|          2|    1|          2|
    |gmem4_0_ARVALID  |   9|          2|    1|          2|
    |gmem4_0_RREADY   |   9|          2|    1|          2|
    |gmem5_0_AWVALID  |   9|          2|    1|          2|
    |gmem5_0_BREADY   |   9|          2|    1|          2|
    |gmem5_0_WVALID   |   9|          2|    1|          2|
    |gmem6_0_AWVALID  |   9|          2|    1|          2|
    |gmem6_0_BREADY   |   9|          2|    1|          2|
    |gmem6_0_WVALID   |   9|          2|    1|          2|
    |gmem7_0_AWVALID  |   9|          2|    1|          2|
    |gmem7_0_BREADY   |   9|          2|    1|          2|
    |gmem7_0_WVALID   |   9|          2|    1|          2|
    +-----------------+----+-----------+-----+-----------+
    |Total            | 191|         42|   20|         42|
    +-----------------+----+-----------+-----+-----------+

    * Register: 
    +---------------------------------------------+----+----+-----+-----------+
    |                     Name                    | FF | LUT| Bits| Const Bits|
    +---------------------------------------------+----+----+-----+-----------+
    |alpha_read_reg_3095                          |  64|   0|   64|          0|
    |ap_CS_fsm                                    |   3|   0|    3|          0|
    |beta_read_reg_3090                           |  64|   0|   64|          0|
    |command_counters_out_read_reg_3045           |  64|   0|   64|          0|
    |command_read_reg_3145                        |   8|   0|    8|          0|
    |cumulative_counters_out_read_reg_3040        |  64|   0|   64|          0|
    |generation_out_read_reg_3050                 |  64|   0|   64|          0|
    |grp_gdn_mxfp8_top_impl_fu_1646_ap_start_reg  |   1|   0|    1|          0|
    |k_read_reg_3115                              |  64|   0|   64|          0|
    |k_scales_read_reg_3110                       |  64|   0|   64|          0|
    |layer_id_read_reg_3135                       |   8|   0|    8|          0|
    |output_exponents_read_reg_3070               |  64|   0|   64|          0|
    |output_mantissas_read_reg_3075               |  64|   0|   64|          0|
    |payload_flags_read_reg_3130                  |   8|   0|    8|          0|
    |q_read_reg_3125                              |  64|   0|   64|          0|
    |q_scales_read_reg_3120                       |  64|   0|   64|          0|
    |sequence_id_read_reg_3140                    |  16|   0|   16|          0|
    |state_in_read_reg_3085                       |  64|   0|   64|          0|
    |state_out_read_reg_3065                      |  64|   0|   64|          0|
    |state_scales_in_read_reg_3080                |  64|   0|   64|          0|
    |state_scales_out_read_reg_3060               |  64|   0|   64|          0|
    |status_out_read_reg_3055                     |  64|   0|   64|          0|
    |v_read_reg_3105                              |  64|   0|   64|          0|
    |v_scales_read_reg_3100                       |  64|   0|   64|          0|
    +---------------------------------------------+----+----+-----+-----------+
    |Total                                        |1196|   0| 1196|          0|
    +---------------------------------------------+----+----+-----+-----------+



================================================================
== Interface
================================================================
* Summary: 
+-------------------------+-----+-----+------------+---------------+--------------+
|        RTL Ports        | Dir | Bits|  Protocol  | Source Object |    C Type    |
+-------------------------+-----+-----+------------+---------------+--------------+
|s_axi_control_AWVALID    |   in|    1|       s_axi|        control|        scalar|
|s_axi_control_AWREADY    |  out|    1|       s_axi|        control|        scalar|
|s_axi_control_AWADDR     |   in|    6|       s_axi|        control|        scalar|
|s_axi_control_WVALID     |   in|    1|       s_axi|        control|        scalar|
|s_axi_control_WREADY     |  out|    1|       s_axi|        control|        scalar|
|s_axi_control_WDATA      |   in|   32|       s_axi|        control|        scalar|
|s_axi_control_WSTRB      |   in|    4|       s_axi|        control|        scalar|
|s_axi_control_ARVALID    |   in|    1|       s_axi|        control|        scalar|
|s_axi_control_ARREADY    |  out|    1|       s_axi|        control|        scalar|
|s_axi_control_ARADDR     |   in|    6|       s_axi|        control|        scalar|
|s_axi_control_RVALID     |  out|    1|       s_axi|        control|        scalar|
|s_axi_control_RREADY     |   in|    1|       s_axi|        control|        scalar|
|s_axi_control_RDATA      |  out|   32|       s_axi|        control|        scalar|
|s_axi_control_RRESP      |  out|    2|       s_axi|        control|        scalar|
|s_axi_control_BVALID     |  out|    1|       s_axi|        control|        scalar|
|s_axi_control_BREADY     |   in|    1|       s_axi|        control|        scalar|
|s_axi_control_BRESP      |  out|    2|       s_axi|        control|        scalar|
|s_axi_control_r_AWVALID  |   in|    1|       s_axi|      control_r|        scalar|
|s_axi_control_r_AWREADY  |  out|    1|       s_axi|      control_r|        scalar|
|s_axi_control_r_AWADDR   |   in|    8|       s_axi|      control_r|        scalar|
|s_axi_control_r_WVALID   |   in|    1|       s_axi|      control_r|        scalar|
|s_axi_control_r_WREADY   |  out|    1|       s_axi|      control_r|        scalar|
|s_axi_control_r_WDATA    |   in|   32|       s_axi|      control_r|        scalar|
|s_axi_control_r_WSTRB    |   in|    4|       s_axi|      control_r|        scalar|
|s_axi_control_r_ARVALID  |   in|    1|       s_axi|      control_r|        scalar|
|s_axi_control_r_ARREADY  |  out|    1|       s_axi|      control_r|        scalar|
|s_axi_control_r_ARADDR   |   in|    8|       s_axi|      control_r|        scalar|
|s_axi_control_r_RVALID   |  out|    1|       s_axi|      control_r|        scalar|
|s_axi_control_r_RREADY   |   in|    1|       s_axi|      control_r|        scalar|
|s_axi_control_r_RDATA    |  out|   32|       s_axi|      control_r|        scalar|
|s_axi_control_r_RRESP    |  out|    2|       s_axi|      control_r|        scalar|
|s_axi_control_r_BVALID   |  out|    1|       s_axi|      control_r|        scalar|
|s_axi_control_r_BREADY   |   in|    1|       s_axi|      control_r|        scalar|
|s_axi_control_r_BRESP    |  out|    2|       s_axi|      control_r|        scalar|
|ap_clk                   |   in|    1|  ap_ctrl_hs|  gdn_mxfp8_top|  return value|
|ap_rst_n                 |   in|    1|  ap_ctrl_hs|  gdn_mxfp8_top|  return value|
|interrupt                |  out|    1|  ap_ctrl_hs|  gdn_mxfp8_top|  return value|
|m_axi_gmem0_AWVALID      |  out|    1|       m_axi|          gmem0|       pointer|
|m_axi_gmem0_AWREADY      |   in|    1|       m_axi|          gmem0|       pointer|
|m_axi_gmem0_AWADDR       |  out|   64|       m_axi|          gmem0|       pointer|
|m_axi_gmem0_AWID         |  out|    1|       m_axi|          gmem0|       pointer|
|m_axi_gmem0_AWLEN        |  out|    8|       m_axi|          gmem0|       pointer|
|m_axi_gmem0_AWSIZE       |  out|    3|       m_axi|          gmem0|       pointer|
|m_axi_gmem0_AWBURST      |  out|    2|       m_axi|          gmem0|       pointer|
|m_axi_gmem0_AWLOCK       |  out|    2|       m_axi|          gmem0|       pointer|
|m_axi_gmem0_AWCACHE      |  out|    4|       m_axi|          gmem0|       pointer|
|m_axi_gmem0_AWPROT       |  out|    3|       m_axi|          gmem0|       pointer|
|m_axi_gmem0_AWQOS        |  out|    4|       m_axi|          gmem0|       pointer|
|m_axi_gmem0_AWREGION     |  out|    4|       m_axi|          gmem0|       pointer|
|m_axi_gmem0_AWUSER       |  out|    1|       m_axi|          gmem0|       pointer|
|m_axi_gmem0_WVALID       |  out|    1|       m_axi|          gmem0|       pointer|
|m_axi_gmem0_WREADY       |   in|    1|       m_axi|          gmem0|       pointer|
|m_axi_gmem0_WDATA        |  out|   32|       m_axi|          gmem0|       pointer|
|m_axi_gmem0_WSTRB        |  out|    4|       m_axi|          gmem0|       pointer|
|m_axi_gmem0_WLAST        |  out|    1|       m_axi|          gmem0|       pointer|
|m_axi_gmem0_WID          |  out|    1|       m_axi|          gmem0|       pointer|
|m_axi_gmem0_WUSER        |  out|    1|       m_axi|          gmem0|       pointer|
|m_axi_gmem0_ARVALID      |  out|    1|       m_axi|          gmem0|       pointer|
|m_axi_gmem0_ARREADY      |   in|    1|       m_axi|          gmem0|       pointer|
|m_axi_gmem0_ARADDR       |  out|   64|       m_axi|          gmem0|       pointer|
|m_axi_gmem0_ARID         |  out|    1|       m_axi|          gmem0|       pointer|
|m_axi_gmem0_ARLEN        |  out|    8|       m_axi|          gmem0|       pointer|
|m_axi_gmem0_ARSIZE       |  out|    3|       m_axi|          gmem0|       pointer|
|m_axi_gmem0_ARBURST      |  out|    2|       m_axi|          gmem0|       pointer|
|m_axi_gmem0_ARLOCK       |  out|    2|       m_axi|          gmem0|       pointer|
|m_axi_gmem0_ARCACHE      |  out|    4|       m_axi|          gmem0|       pointer|
|m_axi_gmem0_ARPROT       |  out|    3|       m_axi|          gmem0|       pointer|
|m_axi_gmem0_ARQOS        |  out|    4|       m_axi|          gmem0|       pointer|
|m_axi_gmem0_ARREGION     |  out|    4|       m_axi|          gmem0|       pointer|
|m_axi_gmem0_ARUSER       |  out|    1|       m_axi|          gmem0|       pointer|
|m_axi_gmem0_RVALID       |   in|    1|       m_axi|          gmem0|       pointer|
|m_axi_gmem0_RREADY       |  out|    1|       m_axi|          gmem0|       pointer|
|m_axi_gmem0_RDATA        |   in|   32|       m_axi|          gmem0|       pointer|
|m_axi_gmem0_RLAST        |   in|    1|       m_axi|          gmem0|       pointer|
|m_axi_gmem0_RID          |   in|    1|       m_axi|          gmem0|       pointer|
|m_axi_gmem0_RUSER        |   in|    1|       m_axi|          gmem0|       pointer|
|m_axi_gmem0_RRESP        |   in|    2|       m_axi|          gmem0|       pointer|
|m_axi_gmem0_BVALID       |   in|    1|       m_axi|          gmem0|       pointer|
|m_axi_gmem0_BREADY       |  out|    1|       m_axi|          gmem0|       pointer|
|m_axi_gmem0_BRESP        |   in|    2|       m_axi|          gmem0|       pointer|
|m_axi_gmem0_BID          |   in|    1|       m_axi|          gmem0|       pointer|
|m_axi_gmem0_BUSER        |   in|    1|       m_axi|          gmem0|       pointer|
|m_axi_gmem1_AWVALID      |  out|    1|       m_axi|          gmem1|       pointer|
|m_axi_gmem1_AWREADY      |   in|    1|       m_axi|          gmem1|       pointer|
|m_axi_gmem1_AWADDR       |  out|   64|       m_axi|          gmem1|       pointer|
|m_axi_gmem1_AWID         |  out|    1|       m_axi|          gmem1|       pointer|
|m_axi_gmem1_AWLEN        |  out|    8|       m_axi|          gmem1|       pointer|
|m_axi_gmem1_AWSIZE       |  out|    3|       m_axi|          gmem1|       pointer|
|m_axi_gmem1_AWBURST      |  out|    2|       m_axi|          gmem1|       pointer|
|m_axi_gmem1_AWLOCK       |  out|    2|       m_axi|          gmem1|       pointer|
|m_axi_gmem1_AWCACHE      |  out|    4|       m_axi|          gmem1|       pointer|
|m_axi_gmem1_AWPROT       |  out|    3|       m_axi|          gmem1|       pointer|
|m_axi_gmem1_AWQOS        |  out|    4|       m_axi|          gmem1|       pointer|
|m_axi_gmem1_AWREGION     |  out|    4|       m_axi|          gmem1|       pointer|
|m_axi_gmem1_AWUSER       |  out|    1|       m_axi|          gmem1|       pointer|
|m_axi_gmem1_WVALID       |  out|    1|       m_axi|          gmem1|       pointer|
|m_axi_gmem1_WREADY       |   in|    1|       m_axi|          gmem1|       pointer|
|m_axi_gmem1_WDATA        |  out|   32|       m_axi|          gmem1|       pointer|
|m_axi_gmem1_WSTRB        |  out|    4|       m_axi|          gmem1|       pointer|
|m_axi_gmem1_WLAST        |  out|    1|       m_axi|          gmem1|       pointer|
|m_axi_gmem1_WID          |  out|    1|       m_axi|          gmem1|       pointer|
|m_axi_gmem1_WUSER        |  out|    1|       m_axi|          gmem1|       pointer|
|m_axi_gmem1_ARVALID      |  out|    1|       m_axi|          gmem1|       pointer|
|m_axi_gmem1_ARREADY      |   in|    1|       m_axi|          gmem1|       pointer|
|m_axi_gmem1_ARADDR       |  out|   64|       m_axi|          gmem1|       pointer|
|m_axi_gmem1_ARID         |  out|    1|       m_axi|          gmem1|       pointer|
|m_axi_gmem1_ARLEN        |  out|    8|       m_axi|          gmem1|       pointer|
|m_axi_gmem1_ARSIZE       |  out|    3|       m_axi|          gmem1|       pointer|
|m_axi_gmem1_ARBURST      |  out|    2|       m_axi|          gmem1|       pointer|
|m_axi_gmem1_ARLOCK       |  out|    2|       m_axi|          gmem1|       pointer|
|m_axi_gmem1_ARCACHE      |  out|    4|       m_axi|          gmem1|       pointer|
|m_axi_gmem1_ARPROT       |  out|    3|       m_axi|          gmem1|       pointer|
|m_axi_gmem1_ARQOS        |  out|    4|       m_axi|          gmem1|       pointer|
|m_axi_gmem1_ARREGION     |  out|    4|       m_axi|          gmem1|       pointer|
|m_axi_gmem1_ARUSER       |  out|    1|       m_axi|          gmem1|       pointer|
|m_axi_gmem1_RVALID       |   in|    1|       m_axi|          gmem1|       pointer|
|m_axi_gmem1_RREADY       |  out|    1|       m_axi|          gmem1|       pointer|
|m_axi_gmem1_RDATA        |   in|   32|       m_axi|          gmem1|       pointer|
|m_axi_gmem1_RLAST        |   in|    1|       m_axi|          gmem1|       pointer|
|m_axi_gmem1_RID          |   in|    1|       m_axi|          gmem1|       pointer|
|m_axi_gmem1_RUSER        |   in|    1|       m_axi|          gmem1|       pointer|
|m_axi_gmem1_RRESP        |   in|    2|       m_axi|          gmem1|       pointer|
|m_axi_gmem1_BVALID       |   in|    1|       m_axi|          gmem1|       pointer|
|m_axi_gmem1_BREADY       |  out|    1|       m_axi|          gmem1|       pointer|
|m_axi_gmem1_BRESP        |   in|    2|       m_axi|          gmem1|       pointer|
|m_axi_gmem1_BID          |   in|    1|       m_axi|          gmem1|       pointer|
|m_axi_gmem1_BUSER        |   in|    1|       m_axi|          gmem1|       pointer|
|m_axi_gmem2_AWVALID      |  out|    1|       m_axi|          gmem2|       pointer|
|m_axi_gmem2_AWREADY      |   in|    1|       m_axi|          gmem2|       pointer|
|m_axi_gmem2_AWADDR       |  out|   64|       m_axi|          gmem2|       pointer|
|m_axi_gmem2_AWID         |  out|    1|       m_axi|          gmem2|       pointer|
|m_axi_gmem2_AWLEN        |  out|    8|       m_axi|          gmem2|       pointer|
|m_axi_gmem2_AWSIZE       |  out|    3|       m_axi|          gmem2|       pointer|
|m_axi_gmem2_AWBURST      |  out|    2|       m_axi|          gmem2|       pointer|
|m_axi_gmem2_AWLOCK       |  out|    2|       m_axi|          gmem2|       pointer|
|m_axi_gmem2_AWCACHE      |  out|    4|       m_axi|          gmem2|       pointer|
|m_axi_gmem2_AWPROT       |  out|    3|       m_axi|          gmem2|       pointer|
|m_axi_gmem2_AWQOS        |  out|    4|       m_axi|          gmem2|       pointer|
|m_axi_gmem2_AWREGION     |  out|    4|       m_axi|          gmem2|       pointer|
|m_axi_gmem2_AWUSER       |  out|    1|       m_axi|          gmem2|       pointer|
|m_axi_gmem2_WVALID       |  out|    1|       m_axi|          gmem2|       pointer|
|m_axi_gmem2_WREADY       |   in|    1|       m_axi|          gmem2|       pointer|
|m_axi_gmem2_WDATA        |  out|   32|       m_axi|          gmem2|       pointer|
|m_axi_gmem2_WSTRB        |  out|    4|       m_axi|          gmem2|       pointer|
|m_axi_gmem2_WLAST        |  out|    1|       m_axi|          gmem2|       pointer|
|m_axi_gmem2_WID          |  out|    1|       m_axi|          gmem2|       pointer|
|m_axi_gmem2_WUSER        |  out|    1|       m_axi|          gmem2|       pointer|
|m_axi_gmem2_ARVALID      |  out|    1|       m_axi|          gmem2|       pointer|
|m_axi_gmem2_ARREADY      |   in|    1|       m_axi|          gmem2|       pointer|
|m_axi_gmem2_ARADDR       |  out|   64|       m_axi|          gmem2|       pointer|
|m_axi_gmem2_ARID         |  out|    1|       m_axi|          gmem2|       pointer|
|m_axi_gmem2_ARLEN        |  out|    8|       m_axi|          gmem2|       pointer|
|m_axi_gmem2_ARSIZE       |  out|    3|       m_axi|          gmem2|       pointer|
|m_axi_gmem2_ARBURST      |  out|    2|       m_axi|          gmem2|       pointer|
|m_axi_gmem2_ARLOCK       |  out|    2|       m_axi|          gmem2|       pointer|
|m_axi_gmem2_ARCACHE      |  out|    4|       m_axi|          gmem2|       pointer|
|m_axi_gmem2_ARPROT       |  out|    3|       m_axi|          gmem2|       pointer|
|m_axi_gmem2_ARQOS        |  out|    4|       m_axi|          gmem2|       pointer|
|m_axi_gmem2_ARREGION     |  out|    4|       m_axi|          gmem2|       pointer|
|m_axi_gmem2_ARUSER       |  out|    1|       m_axi|          gmem2|       pointer|
|m_axi_gmem2_RVALID       |   in|    1|       m_axi|          gmem2|       pointer|
|m_axi_gmem2_RREADY       |  out|    1|       m_axi|          gmem2|       pointer|
|m_axi_gmem2_RDATA        |   in|   32|       m_axi|          gmem2|       pointer|
|m_axi_gmem2_RLAST        |   in|    1|       m_axi|          gmem2|       pointer|
|m_axi_gmem2_RID          |   in|    1|       m_axi|          gmem2|       pointer|
|m_axi_gmem2_RUSER        |   in|    1|       m_axi|          gmem2|       pointer|
|m_axi_gmem2_RRESP        |   in|    2|       m_axi|          gmem2|       pointer|
|m_axi_gmem2_BVALID       |   in|    1|       m_axi|          gmem2|       pointer|
|m_axi_gmem2_BREADY       |  out|    1|       m_axi|          gmem2|       pointer|
|m_axi_gmem2_BRESP        |   in|    2|       m_axi|          gmem2|       pointer|
|m_axi_gmem2_BID          |   in|    1|       m_axi|          gmem2|       pointer|
|m_axi_gmem2_BUSER        |   in|    1|       m_axi|          gmem2|       pointer|
|m_axi_gmem3_AWVALID      |  out|    1|       m_axi|          gmem3|       pointer|
|m_axi_gmem3_AWREADY      |   in|    1|       m_axi|          gmem3|       pointer|
|m_axi_gmem3_AWADDR       |  out|   64|       m_axi|          gmem3|       pointer|
|m_axi_gmem3_AWID         |  out|    1|       m_axi|          gmem3|       pointer|
|m_axi_gmem3_AWLEN        |  out|    8|       m_axi|          gmem3|       pointer|
|m_axi_gmem3_AWSIZE       |  out|    3|       m_axi|          gmem3|       pointer|
|m_axi_gmem3_AWBURST      |  out|    2|       m_axi|          gmem3|       pointer|
|m_axi_gmem3_AWLOCK       |  out|    2|       m_axi|          gmem3|       pointer|
|m_axi_gmem3_AWCACHE      |  out|    4|       m_axi|          gmem3|       pointer|
|m_axi_gmem3_AWPROT       |  out|    3|       m_axi|          gmem3|       pointer|
|m_axi_gmem3_AWQOS        |  out|    4|       m_axi|          gmem3|       pointer|
|m_axi_gmem3_AWREGION     |  out|    4|       m_axi|          gmem3|       pointer|
|m_axi_gmem3_AWUSER       |  out|    1|       m_axi|          gmem3|       pointer|
|m_axi_gmem3_WVALID       |  out|    1|       m_axi|          gmem3|       pointer|
|m_axi_gmem3_WREADY       |   in|    1|       m_axi|          gmem3|       pointer|
|m_axi_gmem3_WDATA        |  out|   32|       m_axi|          gmem3|       pointer|
|m_axi_gmem3_WSTRB        |  out|    4|       m_axi|          gmem3|       pointer|
|m_axi_gmem3_WLAST        |  out|    1|       m_axi|          gmem3|       pointer|
|m_axi_gmem3_WID          |  out|    1|       m_axi|          gmem3|       pointer|
|m_axi_gmem3_WUSER        |  out|    1|       m_axi|          gmem3|       pointer|
|m_axi_gmem3_ARVALID      |  out|    1|       m_axi|          gmem3|       pointer|
|m_axi_gmem3_ARREADY      |   in|    1|       m_axi|          gmem3|       pointer|
|m_axi_gmem3_ARADDR       |  out|   64|       m_axi|          gmem3|       pointer|
|m_axi_gmem3_ARID         |  out|    1|       m_axi|          gmem3|       pointer|
|m_axi_gmem3_ARLEN        |  out|    8|       m_axi|          gmem3|       pointer|
|m_axi_gmem3_ARSIZE       |  out|    3|       m_axi|          gmem3|       pointer|
|m_axi_gmem3_ARBURST      |  out|    2|       m_axi|          gmem3|       pointer|
|m_axi_gmem3_ARLOCK       |  out|    2|       m_axi|          gmem3|       pointer|
|m_axi_gmem3_ARCACHE      |  out|    4|       m_axi|          gmem3|       pointer|
|m_axi_gmem3_ARPROT       |  out|    3|       m_axi|          gmem3|       pointer|
|m_axi_gmem3_ARQOS        |  out|    4|       m_axi|          gmem3|       pointer|
|m_axi_gmem3_ARREGION     |  out|    4|       m_axi|          gmem3|       pointer|
|m_axi_gmem3_ARUSER       |  out|    1|       m_axi|          gmem3|       pointer|
|m_axi_gmem3_RVALID       |   in|    1|       m_axi|          gmem3|       pointer|
|m_axi_gmem3_RREADY       |  out|    1|       m_axi|          gmem3|       pointer|
|m_axi_gmem3_RDATA        |   in|   32|       m_axi|          gmem3|       pointer|
|m_axi_gmem3_RLAST        |   in|    1|       m_axi|          gmem3|       pointer|
|m_axi_gmem3_RID          |   in|    1|       m_axi|          gmem3|       pointer|
|m_axi_gmem3_RUSER        |   in|    1|       m_axi|          gmem3|       pointer|
|m_axi_gmem3_RRESP        |   in|    2|       m_axi|          gmem3|       pointer|
|m_axi_gmem3_BVALID       |   in|    1|       m_axi|          gmem3|       pointer|
|m_axi_gmem3_BREADY       |  out|    1|       m_axi|          gmem3|       pointer|
|m_axi_gmem3_BRESP        |   in|    2|       m_axi|          gmem3|       pointer|
|m_axi_gmem3_BID          |   in|    1|       m_axi|          gmem3|       pointer|
|m_axi_gmem3_BUSER        |   in|    1|       m_axi|          gmem3|       pointer|
|m_axi_gmem4_AWVALID      |  out|    1|       m_axi|          gmem4|       pointer|
|m_axi_gmem4_AWREADY      |   in|    1|       m_axi|          gmem4|       pointer|
|m_axi_gmem4_AWADDR       |  out|   64|       m_axi|          gmem4|       pointer|
|m_axi_gmem4_AWID         |  out|    1|       m_axi|          gmem4|       pointer|
|m_axi_gmem4_AWLEN        |  out|    8|       m_axi|          gmem4|       pointer|
|m_axi_gmem4_AWSIZE       |  out|    3|       m_axi|          gmem4|       pointer|
|m_axi_gmem4_AWBURST      |  out|    2|       m_axi|          gmem4|       pointer|
|m_axi_gmem4_AWLOCK       |  out|    2|       m_axi|          gmem4|       pointer|
|m_axi_gmem4_AWCACHE      |  out|    4|       m_axi|          gmem4|       pointer|
|m_axi_gmem4_AWPROT       |  out|    3|       m_axi|          gmem4|       pointer|
|m_axi_gmem4_AWQOS        |  out|    4|       m_axi|          gmem4|       pointer|
|m_axi_gmem4_AWREGION     |  out|    4|       m_axi|          gmem4|       pointer|
|m_axi_gmem4_AWUSER       |  out|    1|       m_axi|          gmem4|       pointer|
|m_axi_gmem4_WVALID       |  out|    1|       m_axi|          gmem4|       pointer|
|m_axi_gmem4_WREADY       |   in|    1|       m_axi|          gmem4|       pointer|
|m_axi_gmem4_WDATA        |  out|   32|       m_axi|          gmem4|       pointer|
|m_axi_gmem4_WSTRB        |  out|    4|       m_axi|          gmem4|       pointer|
|m_axi_gmem4_WLAST        |  out|    1|       m_axi|          gmem4|       pointer|
|m_axi_gmem4_WID          |  out|    1|       m_axi|          gmem4|       pointer|
|m_axi_gmem4_WUSER        |  out|    1|       m_axi|          gmem4|       pointer|
|m_axi_gmem4_ARVALID      |  out|    1|       m_axi|          gmem4|       pointer|
|m_axi_gmem4_ARREADY      |   in|    1|       m_axi|          gmem4|       pointer|
|m_axi_gmem4_ARADDR       |  out|   64|       m_axi|          gmem4|       pointer|
|m_axi_gmem4_ARID         |  out|    1|       m_axi|          gmem4|       pointer|
|m_axi_gmem4_ARLEN        |  out|    8|       m_axi|          gmem4|       pointer|
|m_axi_gmem4_ARSIZE       |  out|    3|       m_axi|          gmem4|       pointer|
|m_axi_gmem4_ARBURST      |  out|    2|       m_axi|          gmem4|       pointer|
|m_axi_gmem4_ARLOCK       |  out|    2|       m_axi|          gmem4|       pointer|
|m_axi_gmem4_ARCACHE      |  out|    4|       m_axi|          gmem4|       pointer|
|m_axi_gmem4_ARPROT       |  out|    3|       m_axi|          gmem4|       pointer|
|m_axi_gmem4_ARQOS        |  out|    4|       m_axi|          gmem4|       pointer|
|m_axi_gmem4_ARREGION     |  out|    4|       m_axi|          gmem4|       pointer|
|m_axi_gmem4_ARUSER       |  out|    1|       m_axi|          gmem4|       pointer|
|m_axi_gmem4_RVALID       |   in|    1|       m_axi|          gmem4|       pointer|
|m_axi_gmem4_RREADY       |  out|    1|       m_axi|          gmem4|       pointer|
|m_axi_gmem4_RDATA        |   in|   32|       m_axi|          gmem4|       pointer|
|m_axi_gmem4_RLAST        |   in|    1|       m_axi|          gmem4|       pointer|
|m_axi_gmem4_RID          |   in|    1|       m_axi|          gmem4|       pointer|
|m_axi_gmem4_RUSER        |   in|    1|       m_axi|          gmem4|       pointer|
|m_axi_gmem4_RRESP        |   in|    2|       m_axi|          gmem4|       pointer|
|m_axi_gmem4_BVALID       |   in|    1|       m_axi|          gmem4|       pointer|
|m_axi_gmem4_BREADY       |  out|    1|       m_axi|          gmem4|       pointer|
|m_axi_gmem4_BRESP        |   in|    2|       m_axi|          gmem4|       pointer|
|m_axi_gmem4_BID          |   in|    1|       m_axi|          gmem4|       pointer|
|m_axi_gmem4_BUSER        |   in|    1|       m_axi|          gmem4|       pointer|
|m_axi_gmem5_AWVALID      |  out|    1|       m_axi|          gmem5|       pointer|
|m_axi_gmem5_AWREADY      |   in|    1|       m_axi|          gmem5|       pointer|
|m_axi_gmem5_AWADDR       |  out|   64|       m_axi|          gmem5|       pointer|
|m_axi_gmem5_AWID         |  out|    1|       m_axi|          gmem5|       pointer|
|m_axi_gmem5_AWLEN        |  out|    8|       m_axi|          gmem5|       pointer|
|m_axi_gmem5_AWSIZE       |  out|    3|       m_axi|          gmem5|       pointer|
|m_axi_gmem5_AWBURST      |  out|    2|       m_axi|          gmem5|       pointer|
|m_axi_gmem5_AWLOCK       |  out|    2|       m_axi|          gmem5|       pointer|
|m_axi_gmem5_AWCACHE      |  out|    4|       m_axi|          gmem5|       pointer|
|m_axi_gmem5_AWPROT       |  out|    3|       m_axi|          gmem5|       pointer|
|m_axi_gmem5_AWQOS        |  out|    4|       m_axi|          gmem5|       pointer|
|m_axi_gmem5_AWREGION     |  out|    4|       m_axi|          gmem5|       pointer|
|m_axi_gmem5_AWUSER       |  out|    1|       m_axi|          gmem5|       pointer|
|m_axi_gmem5_WVALID       |  out|    1|       m_axi|          gmem5|       pointer|
|m_axi_gmem5_WREADY       |   in|    1|       m_axi|          gmem5|       pointer|
|m_axi_gmem5_WDATA        |  out|   32|       m_axi|          gmem5|       pointer|
|m_axi_gmem5_WSTRB        |  out|    4|       m_axi|          gmem5|       pointer|
|m_axi_gmem5_WLAST        |  out|    1|       m_axi|          gmem5|       pointer|
|m_axi_gmem5_WID          |  out|    1|       m_axi|          gmem5|       pointer|
|m_axi_gmem5_WUSER        |  out|    1|       m_axi|          gmem5|       pointer|
|m_axi_gmem5_ARVALID      |  out|    1|       m_axi|          gmem5|       pointer|
|m_axi_gmem5_ARREADY      |   in|    1|       m_axi|          gmem5|       pointer|
|m_axi_gmem5_ARADDR       |  out|   64|       m_axi|          gmem5|       pointer|
|m_axi_gmem5_ARID         |  out|    1|       m_axi|          gmem5|       pointer|
|m_axi_gmem5_ARLEN        |  out|    8|       m_axi|          gmem5|       pointer|
|m_axi_gmem5_ARSIZE       |  out|    3|       m_axi|          gmem5|       pointer|
|m_axi_gmem5_ARBURST      |  out|    2|       m_axi|          gmem5|       pointer|
|m_axi_gmem5_ARLOCK       |  out|    2|       m_axi|          gmem5|       pointer|
|m_axi_gmem5_ARCACHE      |  out|    4|       m_axi|          gmem5|       pointer|
|m_axi_gmem5_ARPROT       |  out|    3|       m_axi|          gmem5|       pointer|
|m_axi_gmem5_ARQOS        |  out|    4|       m_axi|          gmem5|       pointer|
|m_axi_gmem5_ARREGION     |  out|    4|       m_axi|          gmem5|       pointer|
|m_axi_gmem5_ARUSER       |  out|    1|       m_axi|          gmem5|       pointer|
|m_axi_gmem5_RVALID       |   in|    1|       m_axi|          gmem5|       pointer|
|m_axi_gmem5_RREADY       |  out|    1|       m_axi|          gmem5|       pointer|
|m_axi_gmem5_RDATA        |   in|   32|       m_axi|          gmem5|       pointer|
|m_axi_gmem5_RLAST        |   in|    1|       m_axi|          gmem5|       pointer|
|m_axi_gmem5_RID          |   in|    1|       m_axi|          gmem5|       pointer|
|m_axi_gmem5_RUSER        |   in|    1|       m_axi|          gmem5|       pointer|
|m_axi_gmem5_RRESP        |   in|    2|       m_axi|          gmem5|       pointer|
|m_axi_gmem5_BVALID       |   in|    1|       m_axi|          gmem5|       pointer|
|m_axi_gmem5_BREADY       |  out|    1|       m_axi|          gmem5|       pointer|
|m_axi_gmem5_BRESP        |   in|    2|       m_axi|          gmem5|       pointer|
|m_axi_gmem5_BID          |   in|    1|       m_axi|          gmem5|       pointer|
|m_axi_gmem5_BUSER        |   in|    1|       m_axi|          gmem5|       pointer|
|m_axi_gmem6_AWVALID      |  out|    1|       m_axi|          gmem6|       pointer|
|m_axi_gmem6_AWREADY      |   in|    1|       m_axi|          gmem6|       pointer|
|m_axi_gmem6_AWADDR       |  out|   64|       m_axi|          gmem6|       pointer|
|m_axi_gmem6_AWID         |  out|    1|       m_axi|          gmem6|       pointer|
|m_axi_gmem6_AWLEN        |  out|    8|       m_axi|          gmem6|       pointer|
|m_axi_gmem6_AWSIZE       |  out|    3|       m_axi|          gmem6|       pointer|
|m_axi_gmem6_AWBURST      |  out|    2|       m_axi|          gmem6|       pointer|
|m_axi_gmem6_AWLOCK       |  out|    2|       m_axi|          gmem6|       pointer|
|m_axi_gmem6_AWCACHE      |  out|    4|       m_axi|          gmem6|       pointer|
|m_axi_gmem6_AWPROT       |  out|    3|       m_axi|          gmem6|       pointer|
|m_axi_gmem6_AWQOS        |  out|    4|       m_axi|          gmem6|       pointer|
|m_axi_gmem6_AWREGION     |  out|    4|       m_axi|          gmem6|       pointer|
|m_axi_gmem6_AWUSER       |  out|    1|       m_axi|          gmem6|       pointer|
|m_axi_gmem6_WVALID       |  out|    1|       m_axi|          gmem6|       pointer|
|m_axi_gmem6_WREADY       |   in|    1|       m_axi|          gmem6|       pointer|
|m_axi_gmem6_WDATA        |  out|   32|       m_axi|          gmem6|       pointer|
|m_axi_gmem6_WSTRB        |  out|    4|       m_axi|          gmem6|       pointer|
|m_axi_gmem6_WLAST        |  out|    1|       m_axi|          gmem6|       pointer|
|m_axi_gmem6_WID          |  out|    1|       m_axi|          gmem6|       pointer|
|m_axi_gmem6_WUSER        |  out|    1|       m_axi|          gmem6|       pointer|
|m_axi_gmem6_ARVALID      |  out|    1|       m_axi|          gmem6|       pointer|
|m_axi_gmem6_ARREADY      |   in|    1|       m_axi|          gmem6|       pointer|
|m_axi_gmem6_ARADDR       |  out|   64|       m_axi|          gmem6|       pointer|
|m_axi_gmem6_ARID         |  out|    1|       m_axi|          gmem6|       pointer|
|m_axi_gmem6_ARLEN        |  out|    8|       m_axi|          gmem6|       pointer|
|m_axi_gmem6_ARSIZE       |  out|    3|       m_axi|          gmem6|       pointer|
|m_axi_gmem6_ARBURST      |  out|    2|       m_axi|          gmem6|       pointer|
|m_axi_gmem6_ARLOCK       |  out|    2|       m_axi|          gmem6|       pointer|
|m_axi_gmem6_ARCACHE      |  out|    4|       m_axi|          gmem6|       pointer|
|m_axi_gmem6_ARPROT       |  out|    3|       m_axi|          gmem6|       pointer|
|m_axi_gmem6_ARQOS        |  out|    4|       m_axi|          gmem6|       pointer|
|m_axi_gmem6_ARREGION     |  out|    4|       m_axi|          gmem6|       pointer|
|m_axi_gmem6_ARUSER       |  out|    1|       m_axi|          gmem6|       pointer|
|m_axi_gmem6_RVALID       |   in|    1|       m_axi|          gmem6|       pointer|
|m_axi_gmem6_RREADY       |  out|    1|       m_axi|          gmem6|       pointer|
|m_axi_gmem6_RDATA        |   in|   32|       m_axi|          gmem6|       pointer|
|m_axi_gmem6_RLAST        |   in|    1|       m_axi|          gmem6|       pointer|
|m_axi_gmem6_RID          |   in|    1|       m_axi|          gmem6|       pointer|
|m_axi_gmem6_RUSER        |   in|    1|       m_axi|          gmem6|       pointer|
|m_axi_gmem6_RRESP        |   in|    2|       m_axi|          gmem6|       pointer|
|m_axi_gmem6_BVALID       |   in|    1|       m_axi|          gmem6|       pointer|
|m_axi_gmem6_BREADY       |  out|    1|       m_axi|          gmem6|       pointer|
|m_axi_gmem6_BRESP        |   in|    2|       m_axi|          gmem6|       pointer|
|m_axi_gmem6_BID          |   in|    1|       m_axi|          gmem6|       pointer|
|m_axi_gmem6_BUSER        |   in|    1|       m_axi|          gmem6|       pointer|
|m_axi_gmem7_AWVALID      |  out|    1|       m_axi|          gmem7|       pointer|
|m_axi_gmem7_AWREADY      |   in|    1|       m_axi|          gmem7|       pointer|
|m_axi_gmem7_AWADDR       |  out|   64|       m_axi|          gmem7|       pointer|
|m_axi_gmem7_AWID         |  out|    1|       m_axi|          gmem7|       pointer|
|m_axi_gmem7_AWLEN        |  out|    8|       m_axi|          gmem7|       pointer|
|m_axi_gmem7_AWSIZE       |  out|    3|       m_axi|          gmem7|       pointer|
|m_axi_gmem7_AWBURST      |  out|    2|       m_axi|          gmem7|       pointer|
|m_axi_gmem7_AWLOCK       |  out|    2|       m_axi|          gmem7|       pointer|
|m_axi_gmem7_AWCACHE      |  out|    4|       m_axi|          gmem7|       pointer|
|m_axi_gmem7_AWPROT       |  out|    3|       m_axi|          gmem7|       pointer|
|m_axi_gmem7_AWQOS        |  out|    4|       m_axi|          gmem7|       pointer|
|m_axi_gmem7_AWREGION     |  out|    4|       m_axi|          gmem7|       pointer|
|m_axi_gmem7_AWUSER       |  out|    1|       m_axi|          gmem7|       pointer|
|m_axi_gmem7_WVALID       |  out|    1|       m_axi|          gmem7|       pointer|
|m_axi_gmem7_WREADY       |   in|    1|       m_axi|          gmem7|       pointer|
|m_axi_gmem7_WDATA        |  out|   64|       m_axi|          gmem7|       pointer|
|m_axi_gmem7_WSTRB        |  out|    8|       m_axi|          gmem7|       pointer|
|m_axi_gmem7_WLAST        |  out|    1|       m_axi|          gmem7|       pointer|
|m_axi_gmem7_WID          |  out|    1|       m_axi|          gmem7|       pointer|
|m_axi_gmem7_WUSER        |  out|    1|       m_axi|          gmem7|       pointer|
|m_axi_gmem7_ARVALID      |  out|    1|       m_axi|          gmem7|       pointer|
|m_axi_gmem7_ARREADY      |   in|    1|       m_axi|          gmem7|       pointer|
|m_axi_gmem7_ARADDR       |  out|   64|       m_axi|          gmem7|       pointer|
|m_axi_gmem7_ARID         |  out|    1|       m_axi|          gmem7|       pointer|
|m_axi_gmem7_ARLEN        |  out|    8|       m_axi|          gmem7|       pointer|
|m_axi_gmem7_ARSIZE       |  out|    3|       m_axi|          gmem7|       pointer|
|m_axi_gmem7_ARBURST      |  out|    2|       m_axi|          gmem7|       pointer|
|m_axi_gmem7_ARLOCK       |  out|    2|       m_axi|          gmem7|       pointer|
|m_axi_gmem7_ARCACHE      |  out|    4|       m_axi|          gmem7|       pointer|
|m_axi_gmem7_ARPROT       |  out|    3|       m_axi|          gmem7|       pointer|
|m_axi_gmem7_ARQOS        |  out|    4|       m_axi|          gmem7|       pointer|
|m_axi_gmem7_ARREGION     |  out|    4|       m_axi|          gmem7|       pointer|
|m_axi_gmem7_ARUSER       |  out|    1|       m_axi|          gmem7|       pointer|
|m_axi_gmem7_RVALID       |   in|    1|       m_axi|          gmem7|       pointer|
|m_axi_gmem7_RREADY       |  out|    1|       m_axi|          gmem7|       pointer|
|m_axi_gmem7_RDATA        |   in|   64|       m_axi|          gmem7|       pointer|
|m_axi_gmem7_RLAST        |   in|    1|       m_axi|          gmem7|       pointer|
|m_axi_gmem7_RID          |   in|    1|       m_axi|          gmem7|       pointer|
|m_axi_gmem7_RUSER        |   in|    1|       m_axi|          gmem7|       pointer|
|m_axi_gmem7_RRESP        |   in|    2|       m_axi|          gmem7|       pointer|
|m_axi_gmem7_BVALID       |   in|    1|       m_axi|          gmem7|       pointer|
|m_axi_gmem7_BREADY       |  out|    1|       m_axi|          gmem7|       pointer|
|m_axi_gmem7_BRESP        |   in|    2|       m_axi|          gmem7|       pointer|
|m_axi_gmem7_BID          |   in|    1|       m_axi|          gmem7|       pointer|
|m_axi_gmem7_BUSER        |   in|    1|       m_axi|          gmem7|       pointer|
+-------------------------+-----+-----+------------+---------------+--------------+

