

================================================================
== Vitis HLS Report for 'gdn_mxfp8_top_impl_Pipeline_clear_output_exponent_heads_clear_output_exponent_va'
================================================================
* Date:           Tue Aug  4 23:13:49 2026

* Version:        2025.2 (Build 6295257 on Nov 14 2025)
* Project:        gdn_mxfp8_hls
* Solution:       u55c_250mhz (Vivado IP Flow Target)
* Product family: virtexuplusHBM
* Target device:  xcu55c-fsvh2892-2L-e


================================================================
== Performance Estimates
================================================================
+ Timing: 
    * Summary: 
    +--------+---------+----------+------------+
    |  Clock |  Target | Estimated| Uncertainty|
    +--------+---------+----------+------------+
    |ap_clk  |  4.00 ns|  2.920 ns|     1.08 ns|
    +--------+---------+----------+------------+

+ Latency: 
    * Summary: 
    +---------+---------+-----------+-----------+-----+-----+-------------------+
    |  Latency (cycles) |   Latency (absolute)  |  Interval |      Pipeline     |
    |   min   |   max   |    min    |    max    | min | max |        Type       |
    +---------+---------+-----------+-----------+-----+-----+-------------------+
    |     4104|     4104|  16.416 us|  16.416 us|    0|    0|  loop pipeline stp|
    +---------+---------+-----------+-----------+-----+-----+-------------------+

    + Detail: 
        * Instance: 
        N/A

        * Loop: 
        +------------------------------------------------------------+---------+---------+----------+-----------+-----------+------+----------+
        |                                                            |  Latency (cycles) | Iteration|  Initiation Interval  | Trip |          |
        |                          Loop Name                         |   min   |   max   |  Latency |  achieved |   target  | Count| Pipelined|
        +------------------------------------------------------------+---------+---------+----------+-----------+-----------+------+----------+
        |- clear_output_exponent_heads_clear_output_exponent_values  |     4102|     4102|         8|          1|          1|  4096|       yes|
        +------------------------------------------------------------+---------+---------+----------+-----------+-----------+------+----------+



================================================================
== Utilization Estimates
================================================================
* Summary: 
+---------------------+---------+------+---------+---------+-----+
|         Name        | BRAM_18K|  DSP |    FF   |   LUT   | URAM|
+---------------------+---------+------+---------+---------+-----+
|DSP                  |        -|     -|        -|        -|    -|
|Expression           |        -|     -|        0|      189|    -|
|FIFO                 |        -|     -|        -|        -|    -|
|Instance             |        -|     -|        -|        -|    -|
|Memory               |        -|     -|        -|        -|    -|
|Multiplexer          |        -|     -|        0|       99|    -|
|Register             |        -|     -|      115|        -|    -|
+---------------------+---------+------+---------+---------+-----+
|Total                |        0|     0|      115|      288|    0|
+---------------------+---------+------+---------+---------+-----+
|Available SLR        |     1344|  3008|   869120|   434560|  320|
+---------------------+---------+------+---------+---------+-----+
|Utilization SLR (%)  |        0|     0|       ~0|       ~0|    0|
+---------------------+---------+------+---------+---------+-----+
|Available            |     4032|  9024|  2607360|  1303680|  960|
+---------------------+---------+------+---------+---------+-----+
|Utilization (%)      |        0|     0|       ~0|       ~0|    0|
+---------------------+---------+------+---------+---------+-----+

+ Detail: 
    * Instance: 
    N/A

    * DSP: 
    N/A

    * Memory: 
    N/A

    * FIFO: 
    N/A

    * Expression: 
    +--------------------------------+----------+----+---+----+------------+------------+
    |          Variable Name         | Operation| DSP| FF| LUT| Bitwidth P0| Bitwidth P1|
    +--------------------------------+----------+----+---+----+------------+------------+
    |add_ln231_1_fu_134_p2           |         +|   0|  0|  20|          13|           1|
    |add_ln231_fu_146_p2             |         +|   0|  0|  13|           6|           1|
    |add_ln233_fu_226_p2             |         +|   0|  0|  15|           8|           1|
    |add_ln235_fu_196_p2             |         +|   0|  0|  71|          64|          64|
    |ap_block_pp0_stage0_11001_grp1  |       and|   0|  0|   2|           1|           1|
    |ap_block_pp0_stage0_11001_grp2  |       and|   0|  0|   2|           1|           1|
    |ap_block_pp0_stage0_11001_grp3  |       and|   0|  0|   2|           1|           1|
    |icmp_ln231_fu_128_p2            |      icmp|   0|  0|  21|          13|          14|
    |icmp_ln233_fu_152_p2            |      icmp|   0|  0|  16|           8|           9|
    |ap_block_pp0_stage0_11001       |        or|   0|  0|   2|           1|           1|
    |select_ln231_1_fu_166_p3        |    select|   0|  0|   6|           1|           6|
    |select_ln231_fu_158_p3          |    select|   0|  0|   8|           1|           1|
    |shl_ln235_fu_250_p2             |       shl|   0|  0|   9|           2|           4|
    |ap_enable_pp0                   |       xor|   0|  0|   2|           1|           2|
    +--------------------------------+----------+----+---+----+------------+------------+
    |Total                           |          |   0|  0| 189|         121|         107|
    +--------------------------------+----------+----+---+----+------------+------------+

    * Multiplexer: 
    +-----------------------------------------+----+-----------+-----+-----------+
    |                   Name                  | LUT| Input Size| Bits| Total Bits|
    +-----------------------------------------+----+-----------+-----+-----------+
    |ap_done_int                              |   9|          2|    1|          2|
    |ap_enable_reg_pp0_iter1                  |   9|          2|    1|          2|
    |ap_sig_allocacmp_column_load             |   9|          2|    8|         16|
    |ap_sig_allocacmp_head_load               |   9|          2|    6|         12|
    |ap_sig_allocacmp_indvar_flatten241_load  |   9|          2|   13|         26|
    |column_fu_72                             |   9|          2|    8|         16|
    |gmem5_blk_n_AW                           |   9|          2|    1|          2|
    |gmem5_blk_n_B                            |   9|          2|    1|          2|
    |gmem5_blk_n_W                            |   9|          2|    1|          2|
    |head_fu_76                               |   9|          2|    6|         12|
    |indvar_flatten241_fu_80                  |   9|          2|   13|         26|
    +-----------------------------------------+----+-----------+-----+-----------+
    |Total                                    |  99|         22|   59|        118|
    +-----------------------------------------+----+-----------+-----+-----------+

    * Register: 
    +-------------------------------------------+----+----+-----+-----------+
    |                    Name                   | FF | LUT| Bits| Const Bits|
    +-------------------------------------------+----+----+-----+-----------+
    |ap_CS_fsm                                  |   1|   0|    1|          0|
    |ap_block_pp0_stage0_subdone_grp1_done_reg  |   1|   0|    1|          0|
    |ap_block_pp0_stage0_subdone_grp2_done_reg  |   1|   0|    1|          0|
    |ap_block_pp0_stage0_subdone_grp3_done_reg  |   1|   0|    1|          0|
    |ap_done_reg                                |   1|   0|    1|          0|
    |ap_enable_reg_pp0_iter1                    |   1|   0|    1|          0|
    |ap_enable_reg_pp0_iter2                    |   1|   0|    1|          0|
    |ap_enable_reg_pp0_iter3                    |   1|   0|    1|          0|
    |ap_enable_reg_pp0_iter4                    |   1|   0|    1|          0|
    |ap_enable_reg_pp0_iter5                    |   1|   0|    1|          0|
    |ap_enable_reg_pp0_iter6                    |   1|   0|    1|          0|
    |ap_enable_reg_pp0_iter7                    |   1|   0|    1|          0|
    |ap_loop_exit_ready_pp0_iter1_reg           |   1|   0|    1|          0|
    |ap_loop_exit_ready_pp0_iter2_reg           |   1|   0|    1|          0|
    |ap_loop_exit_ready_pp0_iter3_reg           |   1|   0|    1|          0|
    |ap_loop_exit_ready_pp0_iter4_reg           |   1|   0|    1|          0|
    |ap_loop_exit_ready_pp0_iter5_reg           |   1|   0|    1|          0|
    |ap_loop_exit_ready_pp0_iter6_reg           |   1|   0|    1|          0|
    |column_fu_72                               |   8|   0|    8|          0|
    |gmem5_addr_reg_286                         |  64|   0|   64|          0|
    |head_fu_76                                 |   6|   0|    6|          0|
    |indvar_flatten241_fu_80                    |  13|   0|   13|          0|
    |shl_ln235_reg_293                          |   4|   0|    4|          0|
    |trunc_ln235_1_reg_281                      |   2|   0|    2|          0|
    +-------------------------------------------+----+----+-----+-----------+
    |Total                                      | 115|   0|  115|          0|
    +-------------------------------------------+----+----+-----+-----------+



================================================================
== Interface
================================================================
* Summary: 
+------------------------+-----+-----+------------+----------------------------------------------------------------------------------+--------------+
|        RTL Ports       | Dir | Bits|  Protocol  |                                   Source Object                                  |    C Type    |
+------------------------+-----+-----+------------+----------------------------------------------------------------------------------+--------------+
|ap_clk                  |   in|    1|  ap_ctrl_hs|  gdn_mxfp8_top_impl_Pipeline_clear_output_exponent_heads_clear_output_exponent_va|  return value|
|ap_rst                  |   in|    1|  ap_ctrl_hs|  gdn_mxfp8_top_impl_Pipeline_clear_output_exponent_heads_clear_output_exponent_va|  return value|
|ap_start                |   in|    1|  ap_ctrl_hs|  gdn_mxfp8_top_impl_Pipeline_clear_output_exponent_heads_clear_output_exponent_va|  return value|
|ap_done                 |  out|    1|  ap_ctrl_hs|  gdn_mxfp8_top_impl_Pipeline_clear_output_exponent_heads_clear_output_exponent_va|  return value|
|ap_idle                 |  out|    1|  ap_ctrl_hs|  gdn_mxfp8_top_impl_Pipeline_clear_output_exponent_heads_clear_output_exponent_va|  return value|
|ap_ready                |  out|    1|  ap_ctrl_hs|  gdn_mxfp8_top_impl_Pipeline_clear_output_exponent_heads_clear_output_exponent_va|  return value|
|m_axi_gmem5_0_AWVALID   |  out|    1|       m_axi|                                                                             gmem5|       pointer|
|m_axi_gmem5_0_AWREADY   |   in|    1|       m_axi|                                                                             gmem5|       pointer|
|m_axi_gmem5_0_AWADDR    |  out|   64|       m_axi|                                                                             gmem5|       pointer|
|m_axi_gmem5_0_AWID      |  out|    1|       m_axi|                                                                             gmem5|       pointer|
|m_axi_gmem5_0_AWLEN     |  out|   32|       m_axi|                                                                             gmem5|       pointer|
|m_axi_gmem5_0_AWSIZE    |  out|    3|       m_axi|                                                                             gmem5|       pointer|
|m_axi_gmem5_0_AWBURST   |  out|    2|       m_axi|                                                                             gmem5|       pointer|
|m_axi_gmem5_0_AWLOCK    |  out|    2|       m_axi|                                                                             gmem5|       pointer|
|m_axi_gmem5_0_AWCACHE   |  out|    4|       m_axi|                                                                             gmem5|       pointer|
|m_axi_gmem5_0_AWPROT    |  out|    3|       m_axi|                                                                             gmem5|       pointer|
|m_axi_gmem5_0_AWQOS     |  out|    4|       m_axi|                                                                             gmem5|       pointer|
|m_axi_gmem5_0_AWREGION  |  out|    4|       m_axi|                                                                             gmem5|       pointer|
|m_axi_gmem5_0_AWUSER    |  out|    1|       m_axi|                                                                             gmem5|       pointer|
|m_axi_gmem5_0_WVALID    |  out|    1|       m_axi|                                                                             gmem5|       pointer|
|m_axi_gmem5_0_WREADY    |   in|    1|       m_axi|                                                                             gmem5|       pointer|
|m_axi_gmem5_0_WDATA     |  out|   32|       m_axi|                                                                             gmem5|       pointer|
|m_axi_gmem5_0_WSTRB     |  out|    4|       m_axi|                                                                             gmem5|       pointer|
|m_axi_gmem5_0_WLAST     |  out|    1|       m_axi|                                                                             gmem5|       pointer|
|m_axi_gmem5_0_WID       |  out|    1|       m_axi|                                                                             gmem5|       pointer|
|m_axi_gmem5_0_WUSER     |  out|    1|       m_axi|                                                                             gmem5|       pointer|
|m_axi_gmem5_0_ARVALID   |  out|    1|       m_axi|                                                                             gmem5|       pointer|
|m_axi_gmem5_0_ARREADY   |   in|    1|       m_axi|                                                                             gmem5|       pointer|
|m_axi_gmem5_0_ARADDR    |  out|   64|       m_axi|                                                                             gmem5|       pointer|
|m_axi_gmem5_0_ARID      |  out|    1|       m_axi|                                                                             gmem5|       pointer|
|m_axi_gmem5_0_ARLEN     |  out|   32|       m_axi|                                                                             gmem5|       pointer|
|m_axi_gmem5_0_ARSIZE    |  out|    3|       m_axi|                                                                             gmem5|       pointer|
|m_axi_gmem5_0_ARBURST   |  out|    2|       m_axi|                                                                             gmem5|       pointer|
|m_axi_gmem5_0_ARLOCK    |  out|    2|       m_axi|                                                                             gmem5|       pointer|
|m_axi_gmem5_0_ARCACHE   |  out|    4|       m_axi|                                                                             gmem5|       pointer|
|m_axi_gmem5_0_ARPROT    |  out|    3|       m_axi|                                                                             gmem5|       pointer|
|m_axi_gmem5_0_ARQOS     |  out|    4|       m_axi|                                                                             gmem5|       pointer|
|m_axi_gmem5_0_ARREGION  |  out|    4|       m_axi|                                                                             gmem5|       pointer|
|m_axi_gmem5_0_ARUSER    |  out|    1|       m_axi|                                                                             gmem5|       pointer|
|m_axi_gmem5_0_RVALID    |   in|    1|       m_axi|                                                                             gmem5|       pointer|
|m_axi_gmem5_0_RREADY    |  out|    1|       m_axi|                                                                             gmem5|       pointer|
|m_axi_gmem5_0_RDATA     |   in|   32|       m_axi|                                                                             gmem5|       pointer|
|m_axi_gmem5_0_RLAST     |   in|    1|       m_axi|                                                                             gmem5|       pointer|
|m_axi_gmem5_0_RID       |   in|    1|       m_axi|                                                                             gmem5|       pointer|
|m_axi_gmem5_0_RFIFONUM  |   in|    9|       m_axi|                                                                             gmem5|       pointer|
|m_axi_gmem5_0_RUSER     |   in|    1|       m_axi|                                                                             gmem5|       pointer|
|m_axi_gmem5_0_RRESP     |   in|    2|       m_axi|                                                                             gmem5|       pointer|
|m_axi_gmem5_0_BVALID    |   in|    1|       m_axi|                                                                             gmem5|       pointer|
|m_axi_gmem5_0_BREADY    |  out|    1|       m_axi|                                                                             gmem5|       pointer|
|m_axi_gmem5_0_BRESP     |   in|    2|       m_axi|                                                                             gmem5|       pointer|
|m_axi_gmem5_0_BID       |   in|    1|       m_axi|                                                                             gmem5|       pointer|
|m_axi_gmem5_0_BUSER     |   in|    1|       m_axi|                                                                             gmem5|       pointer|
|output_exponents        |   in|   64|     ap_none|                                                                  output_exponents|        scalar|
+------------------------+-----+-----+------------+----------------------------------------------------------------------------------+--------------+

