

================================================================
== Vitis HLS Report for 'gdn_bf16_top_impl_Pipeline_reset_bf16_heads_reset_bf16_rows_reset_bf16_blocks'
================================================================
* Date:           Sat Aug  1 20:26:09 2026

* Version:        2025.2 (Build 6295257 on Nov 14 2025)
* Project:        gdn_bf16_hls
* Solution:       u55c_250mhz (Vivado IP Flow Target)
* Product family: virtexuplusHBM
* Target device:  xcu55c-fsvh2892-2L-e


================================================================
== Performance Estimates
================================================================
+ Timing: 
    * Summary: 
    +--------+---------+----------+------------+
    |  Clock |  Target | Estimated| Uncertainty|
    +--------+---------+----------+------------+
    |ap_clk  |  4.00 ns|  2.917 ns|     1.08 ns|
    +--------+---------+----------+------------+

+ Latency: 
    * Summary: 
    +---------+---------+-----------+-----------+-----+-----+-------------------+
    |  Latency (cycles) |   Latency (absolute)  |  Interval |      Pipeline     |
    |   min   |   max   |    min    |    max    | min | max |        Type       |
    +---------+---------+-----------+-----------+-----+-----+-------------------+
    |    16387|    16387|  65.548 us|  65.548 us|    0|    0|  loop pipeline stp|
    +---------+---------+-----------+-----------+-----+-----+-------------------+

    + Detail: 
        * Instance: 
        N/A

        * Loop: 
        +------------------------------------------------------+---------+---------+----------+-----------+-----------+-------+----------+
        |                                                      |  Latency (cycles) | Iteration|  Initiation Interval  |  Trip |          |
        |                       Loop Name                      |   min   |   max   |  Latency |  achieved |   target  | Count | Pipelined|
        +------------------------------------------------------+---------+---------+----------+-----------+-----------+-------+----------+
        |- reset_bf16_heads_reset_bf16_rows_reset_bf16_blocks  |    16385|    16385|         3|          1|          1|  16384|       yes|
        +------------------------------------------------------+---------+---------+----------+-----------+-----------+-------+----------+



================================================================
== Utilization Estimates
================================================================
* Summary: 
+---------------------+---------+------+---------+---------+-----+
|         Name        | BRAM_18K|  DSP |    FF   |   LUT   | URAM|
+---------------------+---------+------+---------+---------+-----+
|DSP                  |        -|     -|        -|        -|    -|
|Expression           |        -|     -|        0|      245|    -|
|FIFO                 |        -|     -|        -|        -|    -|
|Instance             |        -|     -|        -|        -|    -|
|Memory               |        -|     -|        -|        -|    -|
|Multiplexer          |        -|     -|        0|       90|    -|
|Register             |        -|     -|       75|        -|    -|
+---------------------+---------+------+---------+---------+-----+
|Total                |        0|     0|       75|      335|    0|
+---------------------+---------+------+---------+---------+-----+
|Available SLR        |     1344|  3008|   869120|   434560|  320|
+---------------------+---------+------+---------+---------+-----+
|Utilization SLR (%)  |        0|     0|       ~0|       ~0|    0|
+---------------------+---------+------+---------+---------+-----+
|Available            |     4032|  9024|  2607360|  1303680|  960|
+---------------------+---------+------+---------+---------+-----+
|Utilization (%)      |        0|     0|       ~0|       ~0|    0|
+---------------------+---------+------+---------+---------+-----+

+ Detail: 
    * Instance: 
    N/A

    * DSP: 
    N/A

    * Memory: 
    N/A

    * FIFO: 
    N/A

    * Expression: 
    +--------------------------+----------+----+---+----+------------+------------+
    |       Variable Name      | Operation| DSP| FF| LUT| Bitwidth P0| Bitwidth P1|
    +--------------------------+----------+----+---+----+------------+------------+
    |add_ln430_1_fu_148_p2     |         +|   0|  0|  22|          15|           1|
    |add_ln430_fu_160_p2       |         +|   0|  0|  13|           6|           1|
    |add_ln432_1_fu_180_p2     |         +|   0|  0|  18|          11|           1|
    |add_ln432_fu_239_p2       |         +|   0|  0|  15|           8|           1|
    |add_ln434_fu_310_p2       |         +|   0|  0|  10|           3|           1|
    |add_ln436_1_fu_286_p2     |         +|   0|  0|  25|          18|          18|
    |add_ln436_2_fu_304_p2     |         +|   0|  0|  27|          20|          20|
    |add_ln436_fu_269_p2       |         +|   0|  0|  18|          11|          11|
    |and_ln430_fu_233_p2       |       and|   0|  0|   2|           1|           1|
    |icmp_ln430_fu_142_p2      |      icmp|   0|  0|  23|          15|          16|
    |icmp_ln432_fu_166_p2      |      icmp|   0|  0|  18|          11|          10|
    |icmp_ln434_fu_227_p2      |      icmp|   0|  0|  12|           3|           4|
    |empty_fu_245_p2           |        or|   0|  0|   2|           1|           1|
    |block_mid2_fu_250_p3      |    select|   0|  0|   3|           1|           1|
    |select_ln430_1_fu_172_p3  |    select|   0|  0|   6|           1|           6|
    |select_ln430_fu_215_p3    |    select|   0|  0|   8|           1|           1|
    |select_ln432_1_fu_186_p3  |    select|   0|  0|  11|           1|           1|
    |select_ln432_fu_258_p3    |    select|   0|  0|   8|           1|           8|
    |ap_enable_pp0             |       xor|   0|  0|   2|           1|           2|
    |xor_ln430_fu_222_p2       |       xor|   0|  0|   2|           1|           2|
    +--------------------------+----------+----+---+----+------------+------------+
    |Total                     |          |   0|  0| 245|         130|         107|
    +--------------------------+----------+----+---+----+------------+------------+

    * Multiplexer: 
    +-----------------------------------------+----+-----------+-----+-----------+
    |                   Name                  | LUT| Input Size| Bits| Total Bits|
    +-----------------------------------------+----+-----------+-----+-----------+
    |ap_done_int                              |   9|          2|    1|          2|
    |ap_enable_reg_pp0_iter1                  |   9|          2|    1|          2|
    |ap_sig_allocacmp_head_load               |   9|          2|    6|         12|
    |ap_sig_allocacmp_indvar_flatten239_load  |   9|          2|   11|         22|
    |ap_sig_allocacmp_indvar_flatten252_load  |   9|          2|   15|         30|
    |block_fu_74                              |   9|          2|    3|          6|
    |head_fu_86                               |   9|          2|    6|         12|
    |indvar_flatten239_fu_82                  |   9|          2|   11|         22|
    |indvar_flatten252_fu_90                  |   9|          2|   15|         30|
    |row_fu_78                                |   9|          2|    8|         16|
    +-----------------------------------------+----+-----------+-----+-----------+
    |Total                                    |  90|         20|   77|        154|
    +-----------------------------------------+----+-----------+-----+-----------+

    * Register: 
    +----------------------------------+----+----+-----+-----------+
    |               Name               | FF | LUT| Bits| Const Bits|
    +----------------------------------+----+----+-----+-----------+
    |add_ln436_2_reg_386               |  20|   0|   20|          0|
    |ap_CS_fsm                         |   1|   0|    1|          0|
    |ap_done_reg                       |   1|   0|    1|          0|
    |ap_enable_reg_pp0_iter1           |   1|   0|    1|          0|
    |ap_enable_reg_pp0_iter2           |   1|   0|    1|          0|
    |ap_loop_exit_ready_pp0_iter1_reg  |   1|   0|    1|          0|
    |block_fu_74                       |   3|   0|    3|          0|
    |head_fu_86                        |   6|   0|    6|          0|
    |icmp_ln432_reg_374                |   1|   0|    1|          0|
    |indvar_flatten239_fu_82           |  11|   0|   11|          0|
    |indvar_flatten252_fu_90           |  15|   0|   15|          0|
    |row_fu_78                         |   8|   0|    8|          0|
    |select_ln430_1_reg_381            |   6|   0|    6|          0|
    +----------------------------------+----+----+-----+-----------+
    |Total                             |  75|   0|   75|          0|
    +----------------------------------+----+----+-----+-----------+



================================================================
== Interface
================================================================
* Summary: 
+-------------------------+-----+-----+------------+-------------------------------------------------------------------------------+--------------+
|        RTL Ports        | Dir | Bits|  Protocol  |                                 Source Object                                 |    C Type    |
+-------------------------+-----+-----+------------+-------------------------------------------------------------------------------+--------------+
|ap_clk                   |   in|    1|  ap_ctrl_hs|  gdn_bf16_top_impl_Pipeline_reset_bf16_heads_reset_bf16_rows_reset_bf16_blocks|  return value|
|ap_rst                   |   in|    1|  ap_ctrl_hs|  gdn_bf16_top_impl_Pipeline_reset_bf16_heads_reset_bf16_rows_reset_bf16_blocks|  return value|
|ap_start                 |   in|    1|  ap_ctrl_hs|  gdn_bf16_top_impl_Pipeline_reset_bf16_heads_reset_bf16_rows_reset_bf16_blocks|  return value|
|ap_done                  |  out|    1|  ap_ctrl_hs|  gdn_bf16_top_impl_Pipeline_reset_bf16_heads_reset_bf16_rows_reset_bf16_blocks|  return value|
|ap_idle                  |  out|    1|  ap_ctrl_hs|  gdn_bf16_top_impl_Pipeline_reset_bf16_heads_reset_bf16_rows_reset_bf16_blocks|  return value|
|ap_ready                 |  out|    1|  ap_ctrl_hs|  gdn_bf16_top_impl_Pipeline_reset_bf16_heads_reset_bf16_rows_reset_bf16_blocks|  return value|
|zext_ln436               |   in|   11|     ap_none|                                                                     zext_ln436|        scalar|
|resident_state_address0  |  out|   20|   ap_memory|                                                                 resident_state|         array|
|resident_state_ce0       |  out|    1|   ap_memory|                                                                 resident_state|         array|
|resident_state_we0       |  out|    1|   ap_memory|                                                                 resident_state|         array|
|resident_state_d0        |  out|  512|   ap_memory|                                                                 resident_state|         array|
+-------------------------+-----+-----+------------+-------------------------------------------------------------------------------+--------------+

