

================================================================
== Vitis HLS Report for 'gdn_bf16_top_impl_Pipeline_load_bf16_heads_load_bf16_rows_load_bf16_blocks_load_s'
================================================================
* Date:           Sat Aug  1 20:26:09 2026

* Version:        2025.2 (Build 6295257 on Nov 14 2025)
* Project:        gdn_bf16_hls
* Solution:       u55c_250mhz (Vivado IP Flow Target)
* Product family: virtexuplusHBM
* Target device:  xcu55c-fsvh2892-2L-e


================================================================
== Performance Estimates
================================================================
+ Timing: 
    * Summary: 
    +--------+---------+----------+------------+
    |  Clock |  Target | Estimated| Uncertainty|
    +--------+---------+----------+------------+
    |ap_clk  |  4.00 ns|  2.920 ns|     1.08 ns|
    +--------+---------+----------+------------+

+ Latency: 
    * Summary: 
    +---------+---------+----------+----------+-----+-----+-------------------+
    |  Latency (cycles) |  Latency (absolute) |  Interval |      Pipeline     |
    |   min   |   max   |    min   |    max   | min | max |        Type       |
    +---------+---------+----------+----------+-----+-----+-------------------+
    |   524292|   524292|  2.097 ms|  2.097 ms|    0|    0|  loop pipeline stp|
    +---------+---------+----------+----------+-----+-----+-------------------+

    + Detail: 
        * Instance: 
        N/A

        * Loop: 
        +-------------------------------------------------------------------+---------+---------+----------+-----------+-----------+--------+----------+
        |                                                                   |  Latency (cycles) | Iteration|  Initiation Interval  |  Trip  |          |
        |                             Loop Name                             |   min   |   max   |  Latency |  achieved |   target  |  Count | Pipelined|
        +-------------------------------------------------------------------+---------+---------+----------+-----------+-----------+--------+----------+
        |- load_bf16_heads_load_bf16_rows_load_bf16_blocks_load_bf16_lanes  |   524290|   524290|         4|          1|          1|  524288|       yes|
        +-------------------------------------------------------------------+---------+---------+----------+-----------+-----------+--------+----------+



================================================================
== Utilization Estimates
================================================================
* Summary: 
+---------------------+---------+------+---------+---------+-----+
|         Name        | BRAM_18K|  DSP |    FF   |   LUT   | URAM|
+---------------------+---------+------+---------+---------+-----+
|DSP                  |        -|     -|        -|        -|    -|
|Expression           |        -|     -|        0|      795|    -|
|FIFO                 |        -|     -|        -|        -|    -|
|Instance             |        -|     -|        0|      560|    -|
|Memory               |        -|     -|        -|        -|    -|
|Multiplexer          |        -|     -|        0|      108|    -|
|Register             |        -|     -|     1146|        -|    -|
+---------------------+---------+------+---------+---------+-----+
|Total                |        0|     0|     1146|     1463|    0|
+---------------------+---------+------+---------+---------+-----+
|Available SLR        |     1344|  3008|   869120|   434560|  320|
+---------------------+---------+------+---------+---------+-----+
|Utilization SLR (%)  |        0|     0|       ~0|       ~0|    0|
+---------------------+---------+------+---------+---------+-----+
|Available            |     4032|  9024|  2607360|  1303680|  960|
+---------------------+---------+------+---------+---------+-----+
|Utilization (%)      |        0|     0|       ~0|       ~0|    0|
+---------------------+---------+------+---------+---------+-----+

+ Detail: 
    * Instance: 
    +-----------------------------------------+--------------------------------------+---------+----+---+-----+-----+
    |                 Instance                |                Module                | BRAM_18K| DSP| FF| LUT | URAM|
    +-----------------------------------------+--------------------------------------+---------+----+---+-----+-----+
    |partset_512ns_512ns_16ns_9ns_512_1_1_U5  |partset_512ns_512ns_16ns_9ns_512_1_1  |        0|   0|  0|  560|    0|
    +-----------------------------------------+--------------------------------------+---------+----+---+-----+-----+
    |Total                                    |                                      |        0|   0|  0|  560|    0|
    +-----------------------------------------+--------------------------------------+---------+----+---+-----+-----+

    * DSP: 
    N/A

    * Memory: 
    N/A

    * FIFO: 
    N/A

    * Expression: 
    +-------------------------------------------+----------+----+---+-----+------------+------------+
    |               Variable Name               | Operation| DSP| FF| LUT | Bitwidth P0| Bitwidth P1|
    +-------------------------------------------+----------+----+---+-----+------------+------------+
    |add_ln472_1_fu_220_p2                      |         +|   0|  0|   27|          20|           1|
    |add_ln472_fu_243_p2                        |         +|   0|  0|   13|           6|           1|
    |add_ln474_1_fu_263_p2                      |         +|   0|  0|   23|          16|           1|
    |add_ln474_fu_332_p2                        |         +|   0|  0|   15|           8|           1|
    |add_ln476_1_fu_505_p2                      |         +|   0|  0|   16|           9|           1|
    |add_ln476_fu_382_p2                        |         +|   0|  0|   10|           3|           1|
    |add_ln479_fu_493_p2                        |         +|   0|  0|   13|           6|           1|
    |add_ln484_1_fu_443_p2                      |         +|   0|  0|   25|          18|          18|
    |add_ln484_2_fu_461_p2                      |         +|   0|  0|   27|          20|          20|
    |add_ln484_fu_426_p2                        |         +|   0|  0|   18|          11|          11|
    |and_ln472_1_fu_326_p2                      |       and|   0|  0|    2|           1|           1|
    |and_ln472_fu_362_p2                        |       and|   0|  0|    2|           1|           1|
    |ap_block_pp0_stage0_11001                  |       and|   0|  0|    2|           1|           1|
    |ap_block_state2_pp0_stage0_iter1_grp1      |       and|   0|  0|    2|           1|           1|
    |ap_condition_144                           |       and|   0|  0|    2|           1|           1|
    |icmp_ln479_mid2272_fu_368_p2               |       and|   0|  0|    2|           1|           1|
    |icmp_ln472_fu_214_p2                       |      icmp|   0|  0|   28|          20|          21|
    |icmp_ln474_fu_249_p2                       |      icmp|   0|  0|   23|          16|          15|
    |icmp_ln476_fu_320_p2                       |      icmp|   0|  0|   16|           9|           8|
    |icmp_ln479_1_fu_499_p2                     |      icmp|   0|  0|   14|           6|           7|
    |icmp_ln479_fu_314_p2                       |      icmp|   0|  0|   14|           6|           7|
    |empty_68_fu_388_p2                         |        or|   0|  0|    2|           1|           1|
    |empty_69_fu_394_p2                         |        or|   0|  0|    2|           1|           1|
    |empty_fu_338_p2                            |        or|   0|  0|    2|           1|           1|
    |not_exitcond_flatten261_mid2296_fu_357_p2  |        or|   0|  0|    2|           1|           1|
    |block_2_mid2266_fu_343_p3                  |    select|   0|  0|    3|           1|           1|
    |lane_2_mid2_fu_399_p3                      |    select|   0|  0|    6|           1|           1|
    |packed_1_fu_484_p1                         |    select|   0|  0|  428|           1|           1|
    |select_ln472_1_fu_255_p3                   |    select|   0|  0|    6|           1|           6|
    |select_ln472_fu_302_p3                     |    select|   0|  0|    8|           1|           1|
    |select_ln474_1_fu_269_p3                   |    select|   0|  0|   16|           1|           1|
    |select_ln474_fu_374_p3                     |    select|   0|  0|    8|           1|           8|
    |select_ln476_1_fu_511_p3                   |    select|   0|  0|    9|           1|           1|
    |select_ln476_fu_415_p3                     |    select|   0|  0|    3|           1|           3|
    |ap_enable_pp0                              |       xor|   0|  0|    2|           1|           2|
    |exitcond_flatten261_not_fu_351_p2          |       xor|   0|  0|    2|           1|           2|
    |xor_ln472_fu_309_p2                        |       xor|   0|  0|    2|           1|           2|
    +-------------------------------------------+----------+----+---+-----+------------+------------+
    |Total                                      |          |   0|  0|  795|         196|         153|
    +-------------------------------------------+----------+----+---+-----+------------+------------+

    * Multiplexer: 
    +-----------------------------------------+----+-----------+-----+-----------+
    |                   Name                  | LUT| Input Size| Bits| Total Bits|
    +-----------------------------------------+----+-----------+-----+-----------+
    |ap_done_int                              |   9|          2|    1|          2|
    |ap_enable_reg_pp0_iter3                  |   9|          2|    1|          2|
    |ap_sig_allocacmp_indvar_flatten297_load  |   9|          2|   20|         40|
    |block_fu_114                             |   9|          2|    3|          6|
    |gmem4_blk_n_R                            |   9|          2|    1|          2|
    |head_fu_130                              |   9|          2|    6|         12|
    |indvar_flatten259_fu_118                 |   9|          2|    9|         18|
    |indvar_flatten273_fu_126                 |   9|          2|   16|         32|
    |indvar_flatten297_fu_134                 |   9|          2|   20|         40|
    |lane_1_fu_110                            |   9|          2|    6|         12|
    |packed_fu_106                            |   9|          2|  512|       1024|
    |row_fu_122                               |   9|          2|    8|         16|
    +-----------------------------------------+----+-----------+-----+-----------+
    |Total                                    | 108|         24|  603|       1206|
    +-----------------------------------------+----+-----------+-----+-----------+

    * Register: 
    +-------------------------------------------+-----+----+-----+-----------+
    |                    Name                   |  FF | LUT| Bits| Const Bits|
    +-------------------------------------------+-----+----+-----+-----------+
    |ap_CS_fsm                                  |    1|   0|    1|          0|
    |ap_block_pp0_stage0_subdone_grp0_done_reg  |    1|   0|    1|          0|
    |ap_done_reg                                |    1|   0|    1|          0|
    |ap_enable_reg_pp0_iter1                    |    1|   0|    1|          0|
    |ap_enable_reg_pp0_iter2                    |    1|   0|    1|          0|
    |ap_enable_reg_pp0_iter3                    |    1|   0|    1|          0|
    |ap_loop_exit_ready_pp0_iter1_reg           |    1|   0|    1|          0|
    |ap_loop_exit_ready_pp0_iter2_reg           |    1|   0|    1|          0|
    |block_fu_114                               |    3|   0|    3|          0|
    |head_fu_130                                |    6|   0|    6|          0|
    |icmp_ln472_reg_610                         |    1|   0|    1|          0|
    |icmp_ln472_reg_610_pp0_iter1_reg           |    1|   0|    1|          0|
    |icmp_ln474_reg_614                         |    1|   0|    1|          0|
    |icmp_ln479_1_reg_643                       |    1|   0|    1|          0|
    |indvar_flatten259_fu_118                   |    9|   0|    9|          0|
    |indvar_flatten273_fu_126                   |   16|   0|   16|          0|
    |indvar_flatten297_fu_134                   |   20|   0|   20|          0|
    |lane_1_fu_110                              |    6|   0|    6|          0|
    |packed_1_reg_638                           |  512|   0|  512|          0|
    |packed_fu_106                              |  512|   0|  512|          0|
    |resident_state_addr_reg_633                |   20|   0|   20|          0|
    |row_fu_122                                 |    8|   0|    8|          0|
    |select_ln472_1_reg_623                     |    6|   0|    6|          0|
    |value_reg_628                              |   16|   0|   16|          0|
    +-------------------------------------------+-----+----+-----+-----------+
    |Total                                      | 1146|   0| 1146|          0|
    +-------------------------------------------+-----+----+-----+-----------+



================================================================
== Interface
================================================================
* Summary: 
+-------------------------+-----+-----+------------+----------------------------------------------------------------------------------+--------------+
|        RTL Ports        | Dir | Bits|  Protocol  |                                   Source Object                                  |    C Type    |
+-------------------------+-----+-----+------------+----------------------------------------------------------------------------------+--------------+
|ap_clk                   |   in|    1|  ap_ctrl_hs|  gdn_bf16_top_impl_Pipeline_load_bf16_heads_load_bf16_rows_load_bf16_blocks_load_|  return value|
|ap_rst                   |   in|    1|  ap_ctrl_hs|  gdn_bf16_top_impl_Pipeline_load_bf16_heads_load_bf16_rows_load_bf16_blocks_load_|  return value|
|ap_start                 |   in|    1|  ap_ctrl_hs|  gdn_bf16_top_impl_Pipeline_load_bf16_heads_load_bf16_rows_load_bf16_blocks_load_|  return value|
|ap_done                  |  out|    1|  ap_ctrl_hs|  gdn_bf16_top_impl_Pipeline_load_bf16_heads_load_bf16_rows_load_bf16_blocks_load_|  return value|
|ap_idle                  |  out|    1|  ap_ctrl_hs|  gdn_bf16_top_impl_Pipeline_load_bf16_heads_load_bf16_rows_load_bf16_blocks_load_|  return value|
|ap_ready                 |  out|    1|  ap_ctrl_hs|  gdn_bf16_top_impl_Pipeline_load_bf16_heads_load_bf16_rows_load_bf16_blocks_load_|  return value|
|m_axi_gmem4_0_AWVALID    |  out|    1|       m_axi|                                                                             gmem4|       pointer|
|m_axi_gmem4_0_AWREADY    |   in|    1|       m_axi|                                                                             gmem4|       pointer|
|m_axi_gmem4_0_AWADDR     |  out|   64|       m_axi|                                                                             gmem4|       pointer|
|m_axi_gmem4_0_AWID       |  out|    1|       m_axi|                                                                             gmem4|       pointer|
|m_axi_gmem4_0_AWLEN      |  out|   32|       m_axi|                                                                             gmem4|       pointer|
|m_axi_gmem4_0_AWSIZE     |  out|    3|       m_axi|                                                                             gmem4|       pointer|
|m_axi_gmem4_0_AWBURST    |  out|    2|       m_axi|                                                                             gmem4|       pointer|
|m_axi_gmem4_0_AWLOCK     |  out|    2|       m_axi|                                                                             gmem4|       pointer|
|m_axi_gmem4_0_AWCACHE    |  out|    4|       m_axi|                                                                             gmem4|       pointer|
|m_axi_gmem4_0_AWPROT     |  out|    3|       m_axi|                                                                             gmem4|       pointer|
|m_axi_gmem4_0_AWQOS      |  out|    4|       m_axi|                                                                             gmem4|       pointer|
|m_axi_gmem4_0_AWREGION   |  out|    4|       m_axi|                                                                             gmem4|       pointer|
|m_axi_gmem4_0_AWUSER     |  out|    1|       m_axi|                                                                             gmem4|       pointer|
|m_axi_gmem4_0_WVALID     |  out|    1|       m_axi|                                                                             gmem4|       pointer|
|m_axi_gmem4_0_WREADY     |   in|    1|       m_axi|                                                                             gmem4|       pointer|
|m_axi_gmem4_0_WDATA      |  out|   16|       m_axi|                                                                             gmem4|       pointer|
|m_axi_gmem4_0_WSTRB      |  out|    2|       m_axi|                                                                             gmem4|       pointer|
|m_axi_gmem4_0_WLAST      |  out|    1|       m_axi|                                                                             gmem4|       pointer|
|m_axi_gmem4_0_WID        |  out|    1|       m_axi|                                                                             gmem4|       pointer|
|m_axi_gmem4_0_WUSER      |  out|    1|       m_axi|                                                                             gmem4|       pointer|
|m_axi_gmem4_0_ARVALID    |  out|    1|       m_axi|                                                                             gmem4|       pointer|
|m_axi_gmem4_0_ARREADY    |   in|    1|       m_axi|                                                                             gmem4|       pointer|
|m_axi_gmem4_0_ARADDR     |  out|   64|       m_axi|                                                                             gmem4|       pointer|
|m_axi_gmem4_0_ARID       |  out|    1|       m_axi|                                                                             gmem4|       pointer|
|m_axi_gmem4_0_ARLEN      |  out|   32|       m_axi|                                                                             gmem4|       pointer|
|m_axi_gmem4_0_ARSIZE     |  out|    3|       m_axi|                                                                             gmem4|       pointer|
|m_axi_gmem4_0_ARBURST    |  out|    2|       m_axi|                                                                             gmem4|       pointer|
|m_axi_gmem4_0_ARLOCK     |  out|    2|       m_axi|                                                                             gmem4|       pointer|
|m_axi_gmem4_0_ARCACHE    |  out|    4|       m_axi|                                                                             gmem4|       pointer|
|m_axi_gmem4_0_ARPROT     |  out|    3|       m_axi|                                                                             gmem4|       pointer|
|m_axi_gmem4_0_ARQOS      |  out|    4|       m_axi|                                                                             gmem4|       pointer|
|m_axi_gmem4_0_ARREGION   |  out|    4|       m_axi|                                                                             gmem4|       pointer|
|m_axi_gmem4_0_ARUSER     |  out|    1|       m_axi|                                                                             gmem4|       pointer|
|m_axi_gmem4_0_RVALID     |   in|    1|       m_axi|                                                                             gmem4|       pointer|
|m_axi_gmem4_0_RREADY     |  out|    1|       m_axi|                                                                             gmem4|       pointer|
|m_axi_gmem4_0_RDATA      |   in|   16|       m_axi|                                                                             gmem4|       pointer|
|m_axi_gmem4_0_RLAST      |   in|    1|       m_axi|                                                                             gmem4|       pointer|
|m_axi_gmem4_0_RID        |   in|    1|       m_axi|                                                                             gmem4|       pointer|
|m_axi_gmem4_0_RFIFONUM   |   in|   10|       m_axi|                                                                             gmem4|       pointer|
|m_axi_gmem4_0_RUSER      |   in|    1|       m_axi|                                                                             gmem4|       pointer|
|m_axi_gmem4_0_RRESP      |   in|    2|       m_axi|                                                                             gmem4|       pointer|
|m_axi_gmem4_0_BVALID     |   in|    1|       m_axi|                                                                             gmem4|       pointer|
|m_axi_gmem4_0_BREADY     |  out|    1|       m_axi|                                                                             gmem4|       pointer|
|m_axi_gmem4_0_BRESP      |   in|    2|       m_axi|                                                                             gmem4|       pointer|
|m_axi_gmem4_0_BID        |   in|    1|       m_axi|                                                                             gmem4|       pointer|
|m_axi_gmem4_0_BUSER      |   in|    1|       m_axi|                                                                             gmem4|       pointer|
|sext_ln472               |   in|   63|     ap_none|                                                                        sext_ln472|        scalar|
|zext_ln436               |   in|   11|     ap_none|                                                                        zext_ln436|        scalar|
|resident_state_address0  |  out|   20|   ap_memory|                                                                    resident_state|         array|
|resident_state_ce0       |  out|    1|   ap_memory|                                                                    resident_state|         array|
|resident_state_we0       |  out|    1|   ap_memory|                                                                    resident_state|         array|
|resident_state_d0        |  out|  512|   ap_memory|                                                                    resident_state|         array|
+-------------------------+-----+-----+------------+----------------------------------------------------------------------------------+--------------+

