Copyright 1986-2022 Xilinx, Inc. All Rights Reserved. Copyright 2022-2025 Advanced Micro Devices, Inc. All Rights Reserved.
----------------------------------------------------------------------------------------------------------------------------------------------------------------------------------------
| Tool Version      : Vivado v.2025.2 (win64) Build 6299465 Fri Nov 14 19:35:11 GMT 2025
| Date              : Mon Aug 10 00:18:46 2026
| Host              : Tyler running 64-bit major release  (build 9200)
| Command           : report_timing_summary -delay_type min_max -report_unconstrained -check_timing_verbose -file X:/reports/vivado/experiments/rs2_fold_write_20260809/impl_timing.rpt
| Design            : gdn_rs2_top
| Device            : xcu55c-fsvh2892
| Speed File        : -2L  PRODUCTION 1.30 05-01-2022
| Design State      : Routed
| Temperature Grade : E
----------------------------------------------------------------------------------------------------------------------------------------------------------------------------------------

Timing Summary Report

------------------------------------------------------------------------------------------------
| Timer Settings
| --------------
------------------------------------------------------------------------------------------------

  Enable Multi Corner Analysis               :  Yes
  Enable Pessimism Removal                   :  Yes
  Pessimism Removal Resolution               :  Nearest Common Node
  Enable Input Delay Default Clock           :  No
  Enable Preset / Clear Arcs                 :  No
  Disable Flight Delays                      :  No
  Ignore I/O Paths                           :  No
  Timing Early Launch at Borrowing Latches   :  No
  Borrow Time for Max Delay Exceptions       :  Yes
  Merge Timing Exceptions                    :  Yes
  Inter-SLR Compensation                     :  Conservative

  Corner  Analyze    Analyze    
  Name    Max Paths  Min Paths  
  ------  ---------  ---------  
  Slow    Yes        Yes        
  Fast    Yes        Yes        


------------------------------------------------------------------------------------------------
| Report Methodology
| ------------------
------------------------------------------------------------------------------------------------

No report available as report_methodology has not been run prior. Run report_methodology on the current design for the summary of methodology violations.



check_timing report

Table of Contents
-----------------
1. checking no_clock (0)
2. checking constant_clock (0)
3. checking pulse_width_clock (0)
4. checking unconstrained_internal_endpoints (0)
5. checking no_input_delay (0)
6. checking no_output_delay (0)
7. checking multiple_clock (0)
8. checking generated_clocks (0)
9. checking loops (0)
10. checking partial_input_delay (0)
11. checking partial_output_delay (0)
12. checking latch_loops (0)

1. checking no_clock (0)
------------------------
 There are 0 register/latch pins with no clock.


2. checking constant_clock (0)
------------------------------
 There are 0 register/latch pins with constant_clock.


3. checking pulse_width_clock (0)
---------------------------------
 There are 0 register/latch pins which need pulse_width check


4. checking unconstrained_internal_endpoints (0)
------------------------------------------------
 There are 0 pins that are not constrained for maximum delay.

 There are 0 pins that are not constrained for maximum delay due to constant clock.


5. checking no_input_delay (0)
------------------------------
 There are 0 input ports with no input delay specified.

 There are 0 input ports with no input delay but user has a false path constraint.


6. checking no_output_delay (0)
-------------------------------
 There are 0 ports with no output delay specified.

 There are 0 ports with no output delay but user has a false path constraint

 There are 0 ports with no output delay but with a timing clock defined on it or propagating through it


7. checking multiple_clock (0)
------------------------------
 There are 0 register/latch pins with multiple clocks.


8. checking generated_clocks (0)
--------------------------------
 There are 0 generated clocks that are not connected to a clock source.


9. checking loops (0)
---------------------
 There are 0 combinational loops in the design.


10. checking partial_input_delay (0)
------------------------------------
 There are 0 input ports with partial input delay specified.


11. checking partial_output_delay (0)
-------------------------------------
 There are 0 ports with partial output delay specified.


12. checking latch_loops (0)
----------------------------
 There are 0 combinational latch loops in the design through latch input



------------------------------------------------------------------------------------------------
| Design Timing Summary
| ---------------------
------------------------------------------------------------------------------------------------

    WNS(ns)      TNS(ns)  TNS Failing Endpoints  TNS Total Endpoints      WHS(ns)      THS(ns)  THS Failing Endpoints  THS Total Endpoints     WPWS(ns)     TPWS(ns)  TPWS Failing Endpoints  TPWS Total Endpoints  
    -------      -------  ---------------------  -------------------      -------      -------  ---------------------  -------------------     --------     --------  ----------------------  --------------------  
     -1.294   -13195.003                  29168               223153        0.010        0.000                      0               222740        1.300        0.000                       0                 76473  


Timing constraints are not met.


------------------------------------------------------------------------------------------------
| Clock Summary
| -------------
------------------------------------------------------------------------------------------------

Clock   Waveform(ns)         Period(ns)      Frequency(MHz)
-----   ------------         ----------      --------------
ap_clk  {0.000 2.000}        4.000           250.000         


------------------------------------------------------------------------------------------------
| Intra Clock Table
| -----------------
------------------------------------------------------------------------------------------------

Clock             WNS(ns)      TNS(ns)  TNS Failing Endpoints  TNS Total Endpoints      WHS(ns)      THS(ns)  THS Failing Endpoints  THS Total Endpoints     WPWS(ns)     TPWS(ns)  TPWS Failing Endpoints  TPWS Total Endpoints  
-----             -------      -------  ---------------------  -------------------      -------      -------  ---------------------  -------------------     --------     --------  ----------------------  --------------------  
ap_clk             -1.294   -13195.003                  29168               223153        0.010        0.000                      0               222740        1.300        0.000                       0                 76473  


------------------------------------------------------------------------------------------------
| Inter Clock Table
| -----------------
------------------------------------------------------------------------------------------------

From Clock    To Clock          WNS(ns)      TNS(ns)  TNS Failing Endpoints  TNS Total Endpoints      WHS(ns)      THS(ns)  THS Failing Endpoints  THS Total Endpoints  
----------    --------          -------      -------  ---------------------  -------------------      -------      -------  ---------------------  -------------------  


------------------------------------------------------------------------------------------------
| Other Path Groups Table
| -----------------------
------------------------------------------------------------------------------------------------

Path Group    From Clock    To Clock          WNS(ns)      TNS(ns)  TNS Failing Endpoints  TNS Total Endpoints      WHS(ns)      THS(ns)  THS Failing Endpoints  THS Total Endpoints  
----------    ----------    --------          -------      -------  ---------------------  -------------------      -------      -------  ---------------------  -------------------  


------------------------------------------------------------------------------------------------
| User Ignored Path Table
| -----------------------
------------------------------------------------------------------------------------------------

Path Group    From Clock    To Clock    
----------    ----------    --------    
(none)        ap_clk        ap_clk        


------------------------------------------------------------------------------------------------
| Unconstrained Path Table
| ------------------------
------------------------------------------------------------------------------------------------

Path Group    From Clock    To Clock    
----------    ----------    --------    


------------------------------------------------------------------------------------------------
| Timing Details
| --------------
------------------------------------------------------------------------------------------------


---------------------------------------------------------------------------------------------------
From Clock:  ap_clk
  To Clock:  ap_clk

Setup :        29168  Failing Endpoints,  Worst Slack       -1.294ns,  Total Violation   -13195.003ns
Hold  :            0  Failing Endpoints,  Worst Slack        0.010ns,  Total Violation        0.000ns
PW    :            0  Failing Endpoints,  Worst Slack        1.300ns,  Total Violation        0.000ns
---------------------------------------------------------------------------------------------------


Max Delay Paths
--------------------------------------------------------------------------------------
Slack (VIOLATED) :        -1.294ns  (required time - arrival time)
  Source:                 grp_gdn_rs2_top_impl_fu_562/grp_p_anonymous_namespace_fold_log_if_full_fu_9368/grp_p_anonymous_namespace_fold_log_fu_207/ap_CS_fsm_reg[13]/C
                            (rising edge-triggered cell FDRE clocked by ap_clk  {rise@0.000ns fall@2.000ns period=4.000ns})
  Destination:            grp_gdn_rs2_top_impl_fu_562/resident_primary_U/ram_reg_uram_136/EN_B
                            (rising edge-triggered cell URAM288 clocked by ap_clk  {rise@0.000ns fall@2.000ns period=4.000ns})
  Path Group:             ap_clk
  Path Type:              Setup (Max at Slow Process Corner)
  Requirement:            4.000ns  (ap_clk rise@4.000ns - ap_clk rise@0.000ns)
  Data Path Delay:        4.993ns  (logic 0.469ns (9.394%)  route 4.524ns (90.606%))
  Logic Levels:           4  (LUT3=1 LUT6=3)
  Clock Path Skew:        0.331ns (DCD - SCD + CPR)
    Destination Clock Delay (DCD):    3.708ns = ( 7.708 - 4.000 ) 
    Source Clock Delay      (SCD):    3.561ns
    Clock Pessimism Removal (CPR):    0.184ns
  Clock Uncertainty:      0.035ns  ((TSJ^2 + TIJ^2)^1/2 + DJ) / 2 + PE
    Total System Jitter     (TSJ):    0.071ns
    Total Input Jitter      (TIJ):    0.000ns
    Discrete Jitter          (DJ):    0.000ns
    Phase Error              (PE):    0.000ns
  Inter-SLR Compensation: 0.291ns  ((DCD - CCD) * PF)
    Destination Clock Delay (DCD):    3.708ns
    Common Clock Delay      (CCD):    1.769ns
    Prorating Factor         (PF):    0.150
  Clock Net Delay (Source):      3.490ns (routing 1.882ns, distribution 1.608ns)
  Clock Net Delay (Destination): 3.648ns (routing 1.709ns, distribution 1.939ns)

    Location             Delay type                Incr(ns)  Path(ns)    Netlist Resource(s)
  -------------------------------------------------------------------    -------------------
                         (clock ap_clk rise edge)     0.000     0.000 r  
                                                      0.000     0.000 r  ap_clk (IN)
                         net (fo=0)                   0.043     0.043    ap_clk
    BUFGCE_X0Y0          BUFGCE (Prop_BUFCE_BUFGCE_I_O)
                                                      0.028     0.071 r  ooc_ap_clk_bufg/O
    X3Y6 (CLOCK_ROOT)    net (fo=76531, routed)       3.490     3.561    grp_gdn_rs2_top_impl_fu_562/grp_p_anonymous_namespace_fold_log_if_full_fu_9368/grp_p_anonymous_namespace_fold_log_fu_207/ooc_ap_clk_global
    SLR Crossing[0->1]   
    SLICE_X112Y419       FDRE                                         r  grp_gdn_rs2_top_impl_fu_562/grp_p_anonymous_namespace_fold_log_if_full_fu_9368/grp_p_anonymous_namespace_fold_log_fu_207/ap_CS_fsm_reg[13]/C
  -------------------------------------------------------------------    -------------------
    SLICE_X112Y419       FDRE (Prop_FFF_SLICEL_C_Q)
                                                      0.079     3.640 r  grp_gdn_rs2_top_impl_fu_562/grp_p_anonymous_namespace_fold_log_if_full_fu_9368/grp_p_anonymous_namespace_fold_log_fu_207/ap_CS_fsm_reg[13]/Q
                         net (fo=307, routed)         0.058     3.698    grp_gdn_rs2_top_impl_fu_562/grp_p_anonymous_namespace_fold_log_if_full_fu_9368/grp_p_anonymous_namespace_fold_log_fu_207/grp_p_anonymous_namespace_quantize_fold_block_fu_8160/grp_p_anonymous_namespace_commit_fold_block_fu_2704/resident_primary_ce0_local
    SLICE_X112Y419       LUT3 (Prop_C6LUT_SLICEL_I2_O)
                                                      0.123     3.821 r  grp_gdn_rs2_top_impl_fu_562/grp_p_anonymous_namespace_fold_log_if_full_fu_9368/grp_p_anonymous_namespace_fold_log_fu_207/grp_p_anonymous_namespace_quantize_fold_block_fu_8160/grp_p_anonymous_namespace_commit_fold_block_fu_2704/ram_reg_mux_sel_152_i_6/O
                         net (fo=2, routed)           1.021     4.842    grp_gdn_rs2_top_impl_fu_562/grp_p_anonymous_namespace_reset_slot_fu_9193/grp_p_anonymous_namespace_fold_log_if_full_fu_9368_resident_primary_ce0
    SLR Crossing[1->2]   
    SLICE_X112Y480       LUT6 (Prop_F6LUT_SLICEL_I2_O)
                                                      0.089     4.931 r  grp_gdn_rs2_top_impl_fu_562/grp_p_anonymous_namespace_reset_slot_fu_9193/ram_reg_mux_sel_152_i_3_comp/O
                         net (fo=1, routed)           0.040     4.971    grp_gdn_rs2_top_impl_fu_562/grp_p_anonymous_namespace_reset_slot_fu_9193/ram_reg_mux_sel_152_i_3_n_0
    SLICE_X112Y480       LUT6 (Prop_H6LUT_SLICEL_I0_O)
                                                      0.090     5.061 r  grp_gdn_rs2_top_impl_fu_562/grp_p_anonymous_namespace_reset_slot_fu_9193/ram_reg_mux_sel_152_i_1/O
                         net (fo=247, routed)         1.384     6.446    grp_gdn_rs2_top_impl_fu_562/grp_p_anonymous_namespace_load_snapshot_fu_9143/ram_reg_uram_182
    SLICE_X142Y511       LUT6 (Prop_F6LUT_SLICEM_I0_O)
                                                      0.088     6.534 r  grp_gdn_rs2_top_impl_fu_562/grp_p_anonymous_namespace_load_snapshot_fu_9143/ram_reg_uram_136_i_1/O
                         net (fo=4, routed)           2.020     8.554    grp_gdn_rs2_top_impl_fu_562/resident_primary_U/word_reg_13370[0]_i_16_0
    URAM288_X3Y188       URAM288                                      r  grp_gdn_rs2_top_impl_fu_562/resident_primary_U/ram_reg_uram_136/EN_B
  -------------------------------------------------------------------    -------------------

                         (clock ap_clk rise edge)     4.000     4.000 r  
                                                      0.000     4.000 r  ap_clk (IN)
                         net (fo=0)                   0.036     4.036    ap_clk
    BUFGCE_X0Y0          BUFGCE (Prop_BUFCE_BUFGCE_I_O)
                                                      0.024     4.060 r  ooc_ap_clk_bufg/O
    X3Y6 (CLOCK_ROOT)    net (fo=76531, routed)       3.648     7.708    grp_gdn_rs2_top_impl_fu_562/resident_primary_U/ooc_ap_clk_global
    SLR Crossing[0->2]   
    URAM288_X3Y188       URAM288                                      r  grp_gdn_rs2_top_impl_fu_562/resident_primary_U/ram_reg_uram_136/CLK
                         clock pessimism              0.184     7.892    
                         inter-SLR compensation      -0.291     7.601    
                         clock uncertainty           -0.035     7.566    
    URAM288_X3Y188       URAM288 (Setup_URAM_288K_INST_URAM288_CLK_EN_B)
                                                     -0.306     7.260    grp_gdn_rs2_top_impl_fu_562/resident_primary_U/ram_reg_uram_136
  -------------------------------------------------------------------
                         required time                          7.260    
                         arrival time                          -8.554    
  -------------------------------------------------------------------
                         slack                                 -1.294    





Min Delay Paths
--------------------------------------------------------------------------------------
Slack (MET) :             0.010ns  (arrival time - required time)
  Source:                 gmem19_m_axi_U/bus_write/wreq_burst_conv/burst_sequential/could_multi_bursts.burst_addr_base_reg[19]/C
                            (rising edge-triggered cell FDRE clocked by ap_clk  {rise@0.000ns fall@2.000ns period=4.000ns})
  Destination:            gmem19_m_axi_U/bus_write/wreq_throttle/fifo_burst_gen[0].fifo_req/U_fifo_srl/mem_reg[14][31]_srl15/D
                            (rising edge-triggered cell SRL16E clocked by ap_clk  {rise@0.000ns fall@2.000ns period=4.000ns})
  Path Group:             ap_clk
  Path Type:              Hold (Min at Slow Process Corner)
  Requirement:            0.000ns  (ap_clk rise@0.000ns - ap_clk rise@0.000ns)
  Data Path Delay:        0.135ns  (logic 0.060ns (44.444%)  route 0.075ns (55.556%))
  Logic Levels:           0  
  Clock Path Skew:        0.069ns (DCD - SCD - CPR)
    Destination Clock Delay (DCD):    3.609ns
    Source Clock Delay      (SCD):    3.209ns
    Clock Pessimism Removal (CPR):    0.330ns
  Clock Net Delay (Source):      3.149ns (routing 1.709ns, distribution 1.440ns)
  Clock Net Delay (Destination): 3.538ns (routing 1.882ns, distribution 1.656ns)

    Location             Delay type                Incr(ns)  Path(ns)    Netlist Resource(s)
  -------------------------------------------------------------------    -------------------
                         (clock ap_clk rise edge)     0.000     0.000 r  
                                                      0.000     0.000 r  ap_clk (IN)
                         net (fo=0)                   0.036     0.036    ap_clk
    BUFGCE_X0Y0          BUFGCE (Prop_BUFCE_BUFGCE_I_O)
                                                      0.024     0.060 r  ooc_ap_clk_bufg/O
    X3Y6 (CLOCK_ROOT)    net (fo=76531, routed)       3.149     3.209    gmem19_m_axi_U/bus_write/wreq_burst_conv/burst_sequential/ooc_ap_clk_global
    SLR Crossing[0->1]   
    SLICE_X91Y362        FDRE                                         r  gmem19_m_axi_U/bus_write/wreq_burst_conv/burst_sequential/could_multi_bursts.burst_addr_base_reg[19]/C
  -------------------------------------------------------------------    -------------------
    SLICE_X91Y362        FDRE (Prop_AFF2_SLICEM_C_Q)
                                                      0.060     3.269 r  gmem19_m_axi_U/bus_write/wreq_burst_conv/burst_sequential/could_multi_bursts.burst_addr_base_reg[19]/Q
                         net (fo=1, routed)           0.075     3.344    gmem19_m_axi_U/bus_write/wreq_throttle/fifo_burst_gen[0].fifo_req/U_fifo_srl/in[29]
    SLICE_X91Y360        SRL16E                                       r  gmem19_m_axi_U/bus_write/wreq_throttle/fifo_burst_gen[0].fifo_req/U_fifo_srl/mem_reg[14][31]_srl15/D
  -------------------------------------------------------------------    -------------------

                         (clock ap_clk rise edge)     0.000     0.000 r  
                                                      0.000     0.000 r  ap_clk (IN)
                         net (fo=0)                   0.043     0.043    ap_clk
    BUFGCE_X0Y0          BUFGCE (Prop_BUFCE_BUFGCE_I_O)
                                                      0.028     0.071 r  ooc_ap_clk_bufg/O
    X3Y6 (CLOCK_ROOT)    net (fo=76531, routed)       3.538     3.609    gmem19_m_axi_U/bus_write/wreq_throttle/fifo_burst_gen[0].fifo_req/U_fifo_srl/ooc_ap_clk_global
    SLR Crossing[0->1]   
    SLICE_X91Y360        SRL16E                                       r  gmem19_m_axi_U/bus_write/wreq_throttle/fifo_burst_gen[0].fifo_req/U_fifo_srl/mem_reg[14][31]_srl15/CLK
                         clock pessimism             -0.330     3.279    
    SLICE_X91Y360        SRL16E (Hold_F5LUT_SLICEM_CLK_D)
                                                      0.056     3.335    gmem19_m_axi_U/bus_write/wreq_throttle/fifo_burst_gen[0].fifo_req/U_fifo_srl/mem_reg[14][31]_srl15
  -------------------------------------------------------------------
                         required time                         -3.335    
                         arrival time                           3.344    
  -------------------------------------------------------------------
                         slack                                  0.010    





Pulse Width Checks
--------------------------------------------------------------------------------------
Clock Name:         ap_clk
Waveform(ns):       { 0.000 2.000 }
Period(ns):         4.000
Sources:            { ap_clk }

Check Type        Corner  Lib Pin      Reference Pin  Required(ns)  Actual(ns)  Slack(ns)  Location        Pin
Min Period        n/a     URAM288/CLK  n/a            2.000         4.000       2.000      URAM288_X1Y120  grp_gdn_rs2_top_impl_fu_562/resident_keys_U/ram_reg_uram_12/CLK
Low Pulse Width   Slow    URAM288/CLK  n/a            0.700         2.000       1.300      URAM288_X1Y120  grp_gdn_rs2_top_impl_fu_562/resident_keys_U/ram_reg_uram_12/CLK
High Pulse Width  Slow    URAM288/CLK  n/a            0.700         2.000       1.300      URAM288_X1Y120  grp_gdn_rs2_top_impl_fu_562/resident_keys_U/ram_reg_uram_12/CLK



--------------------------------------------------------------------------------------
Path Group:  (none)
From Clock:  ap_clk
  To Clock:  ap_clk

Max Delay         21315 Endpoints
Min Delay         36255 Endpoints
--------------------------------------------------------------------------------------


Max Delay Paths
--------------------------------------------------------------------------------------
Slack:                    inf
  Source:                 ap_rst_n
                            (input port clocked by ap_clk  {rise@0.000ns fall@2.000ns period=4.000ns})
  Destination:            gmem14_m_axi_U/bus_write/wreq_burst_conv/burst_sequential/first_sect_reg/R
                            (rising edge-triggered cell FDRE clocked by ap_clk  {rise@0.000ns fall@2.000ns period=4.000ns})
  Path Group:             (none)
  Path Type:              Setup (Max at Slow Process Corner)
  Data Path Delay:        2.472ns  (logic 0.072ns (2.913%)  route 2.400ns (97.087%))
  Logic Levels:           1  (LUT1=1)
  Input Delay:            1.000ns
  Clock Path Skew:        3.392ns (DCD - SCD + CPR)
    Destination Clock Delay (DCD):    3.392ns
    Source Clock Delay      (SCD):    0.000ns
    Clock Pessimism Removal (CPR):    0.000ns
  Clock Uncertainty:      0.035ns  ((TSJ^2 + TIJ^2)^1/2 + DJ) / 2 + PE
    Total System Jitter     (TSJ):    0.071ns
    Total Input Jitter      (TIJ):    0.000ns
    Discrete Jitter          (DJ):    0.000ns
    Phase Error              (PE):    0.000ns
  Clock Net Delay (Destination): 3.332ns (routing 1.709ns, distribution 1.623ns)
  Timing Exception:       False Path

    Location             Delay type                Incr(ns)  Path(ns)    Netlist Resource(s)
  -------------------------------------------------------------------    -------------------
                         (clock ap_clk rise edge)     0.000     0.000 r  
                         input delay                  1.000     1.000    
                                                      0.000     1.000 f  ap_rst_n (IN)
                         net (fo=20178, unset)        0.000     1.000    grp_gdn_rs2_top_impl_fu_562/grp_p_anonymous_namespace_fold_log_if_full_fu_9368/grp_p_anonymous_namespace_fold_log_fu_207/grp_aligned_sum_guarded_4_s_fu_8326/grp_aligned_sum_guarded_4_Pipeline_align_terms_fu_182/flow_control_loop_pipe_sequential_init_U/ap_rst_n
    SLICE_X88Y385        LUT1 (Prop_B5LUT_SLICEM_I0_O)
                                                      0.072     1.072 r  grp_gdn_rs2_top_impl_fu_562/grp_p_anonymous_namespace_fold_log_if_full_fu_9368/grp_p_anonymous_namespace_fold_log_fu_207/grp_aligned_sum_guarded_4_s_fu_8326/grp_aligned_sum_guarded_4_Pipeline_align_terms_fu_182/flow_control_loop_pipe_sequential_init_U/could_multi_bursts.burst_valid_i_1__7/O
                         net (fo=20, routed)          2.400     3.472    gmem14_m_axi_U/bus_write/wreq_burst_conv/burst_sequential/lopt
    SLICE_X42Y423        FDRE                                         r  gmem14_m_axi_U/bus_write/wreq_burst_conv/burst_sequential/first_sect_reg/R
  -------------------------------------------------------------------    -------------------

                         (clock ap_clk rise edge)     0.000     0.000 r  
                                                      0.000     0.000 r  ap_clk (IN)
                         net (fo=0)                   0.036     0.036    ap_clk
    BUFGCE_X0Y0          BUFGCE (Prop_BUFCE_BUFGCE_I_O)
                                                      0.024     0.060 r  ooc_ap_clk_bufg/O
    X3Y6 (CLOCK_ROOT)    net (fo=76531, routed)       3.332     3.392    gmem14_m_axi_U/bus_write/wreq_burst_conv/burst_sequential/ooc_ap_clk_global
    SLR Crossing[0->1]   
    SLICE_X42Y423        FDRE                                         r  gmem14_m_axi_U/bus_write/wreq_burst_conv/burst_sequential/first_sect_reg/C





Min Delay Paths
--------------------------------------------------------------------------------------
Slack:                    inf
  Source:                 s_axi_control_WDATA[0]
                            (input port clocked by ap_clk  {rise@0.000ns fall@2.000ns period=4.000ns})
  Destination:            control_s_axi_U/int_ier_reg[0]/D
                            (rising edge-triggered cell FDRE clocked by ap_clk  {rise@0.000ns fall@2.000ns period=4.000ns})
  Path Group:             (none)
  Path Type:              Hold (Min at Fast Process Corner)
  Data Path Delay:        0.007ns  (logic 0.000ns (0.000%)  route 0.007ns (100.001%))
  Logic Levels:           0  
  Input Delay:            1.000ns
  Clock Path Skew:        2.237ns (DCD - SCD - CPR)
    Destination Clock Delay (DCD):    2.237ns
    Source Clock Delay      (SCD):    0.000ns
    Clock Pessimism Removal (CPR):    -0.000ns
  Clock Uncertainty:      0.035ns  ((TSJ^2 + TIJ^2)^1/2 + DJ) / 2 + PE
    Total System Jitter     (TSJ):    0.071ns
    Total Input Jitter      (TIJ):    0.000ns
    Discrete Jitter          (DJ):    0.000ns
    Phase Error              (PE):    0.000ns
  Clock Net Delay (Destination): 2.188ns (routing 1.154ns, distribution 1.034ns)
  Timing Exception:       False Path

    Location             Delay type                Incr(ns)  Path(ns)    Netlist Resource(s)
  -------------------------------------------------------------------    -------------------
                         (clock ap_clk rise edge)     0.000     0.000 r  
                         input delay                  1.000     1.000    
                                                      0.000     1.000 r  s_axi_control_WDATA[0] (IN)
                         net (fo=7, unset)            0.007     1.007    control_s_axi_U/s_axi_control_WDATA[0]
    SLICE_X61Y404        FDRE                                         r  control_s_axi_U/int_ier_reg[0]/D
  -------------------------------------------------------------------    -------------------

                         (clock ap_clk rise edge)     0.000     0.000 r  
                                                      0.000     0.000 r  ap_clk (IN)
                         net (fo=0)                   0.030     0.030    ap_clk
    BUFGCE_X0Y0          BUFGCE (Prop_BUFCE_BUFGCE_I_O)
                                                      0.019     0.049 r  ooc_ap_clk_bufg/O
    X3Y6 (CLOCK_ROOT)    net (fo=76531, routed)       2.188     2.237    control_s_axi_U/ooc_ap_clk_global
    SLR Crossing[0->1]   
    SLICE_X61Y404        FDRE                                         r  control_s_axi_U/int_ier_reg[0]/C





