Copyright 1986-2022 Xilinx, Inc. All Rights Reserved. Copyright 2022-2025 Advanced Micro Devices, Inc. All Rights Reserved.
------------------------------------------------------------------------------------------------------------------------------------------------------------------------------------
| Tool Version : Vivado v.2025.2 (win64) Build 6299465 Fri Nov 14 19:35:11 GMT 2025
| Date         : Mon Aug 10 18:40:01 2026
| Host         : Tyler running 64-bit major release  (build 9200)
| Command      : report_design_analysis -timing -logic_level_distribution -file X:/reports/vivado/experiments/rs2_snapshot_write_unbanked_fsm_fanout16_20260810/design_analysis.rpt
| Design       : gdn_rs2_top
| Device       : xcu55c
| Design State : Routed
------------------------------------------------------------------------------------------------------------------------------------------------------------------------------------

Report Design Analysis

Table of Contents
-----------------
1. Setup Path Characteristics 1-1
2. Logic Level Distribution

1. Setup Path Characteristics 1-1
---------------------------------

+---------------------------+------------------------------------------------------------------------+
|      Characteristics      |                                 Path #1                                |
+---------------------------+------------------------------------------------------------------------+
| Requirement               | 4.000                                                                  |
| Path Delay                | 6.676                                                                  |
| Logic Delay               | 0.510(8%)                                                              |
| Net Delay                 | 6.166(92%)                                                             |
| Clock Skew                | 0.873                                                                  |
| Slack                     | -2.686                                                                 |
| Clock Uncertainty         | 0.035                                                                  |
| Clock Pair Classification | Partial False Path                                                     |
| Clock Delay Group         | Same Clock                                                             |
| Logic Levels              | 5                                                                      |
| Routes                    | 6                                                                      |
| Logical Path              | FDRE/C-(1)-LUT3-(1)-LUT5-(2)-LUT6-(97)-LUT6-(16)-LUT6-(2)-URAM288/EN_A |
| Start Point Clock         | ap_clk                                                                 |
| End Point Clock           | ap_clk                                                                 |
| DSP Block                 | None                                                                   |
| RAM Registers             | None-IREG_PRE(0)-REG_CAS(0)                                            |
| IO Crossings              | 1                                                                      |
| SLR Crossings             | 2                                                                      |
| PBlocks                   | 0                                                                      |
| High Fanout               | 97                                                                     |
| ASYNC REG                 | 0                                                                      |
| Dont Touch                | 0                                                                      |
| Mark Debug                | 0                                                                      |
| Start Point Pin Primitive | FDRE/C                                                                 |
| End Point Pin Primitive   | URAM288/EN_A                                                           |
| Start Point Pin           | ap_CS_fsm_reg[123]_rep__18_replica_2/C                                 |
| End Point Pin             | ram_reg_uram_195/EN_A                                                  |
+---------------------------+------------------------------------------------------------------------+
* Bounding box calculated as % of dimensions for the target device (5130, 1566)


2. Logic Level Distribution
---------------------------

+-----------------+-------------+----+---+-----+-----+-----+----+
| End Point Clock | Requirement |  1 | 2 |  3  |  4  |  5  |  6 |
+-----------------+-------------+----+---+-----+-----+-----+----+
| ap_clk          | 4.000ns     | 10 | 6 | 235 | 308 | 431 | 10 |
+-----------------+-------------+----+---+-----+-----+-----+----+
* Columns represent the logic levels per end point clock
** Distribution is for top worst 1000 paths


