Copyright 1986-2022 Xilinx, Inc. All Rights Reserved. Copyright 2022-2025 Advanced Micro Devices, Inc. All Rights Reserved.
------------------------------------------------------------------------------------------------------------------------------------------------------------------------------------------------------------------
| Tool Version      : Vivado v.2025.2 (win64) Build 6299465 Fri Nov 14 19:35:11 GMT 2025
| Date              : Mon Aug 10 18:38:32 2026
| Host              : Tyler running 64-bit major release  (build 9200)
| Command           : report_timing_summary -delay_type min_max -report_unconstrained -check_timing_verbose -file X:/reports/vivado/experiments/rs2_snapshot_write_unbanked_fsm_fanout16_20260810/impl_timing.rpt
| Design            : gdn_rs2_top
| Device            : xcu55c-fsvh2892
| Speed File        : -2L  PRODUCTION 1.30 05-01-2022
| Design State      : Routed
| Temperature Grade : E
------------------------------------------------------------------------------------------------------------------------------------------------------------------------------------------------------------------

Timing Summary Report

------------------------------------------------------------------------------------------------
| Timer Settings
| --------------
------------------------------------------------------------------------------------------------

  Enable Multi Corner Analysis               :  Yes
  Enable Pessimism Removal                   :  Yes
  Pessimism Removal Resolution               :  Nearest Common Node
  Enable Input Delay Default Clock           :  No
  Enable Preset / Clear Arcs                 :  No
  Disable Flight Delays                      :  No
  Ignore I/O Paths                           :  No
  Timing Early Launch at Borrowing Latches   :  No
  Borrow Time for Max Delay Exceptions       :  Yes
  Merge Timing Exceptions                    :  Yes
  Inter-SLR Compensation                     :  Conservative

  Corner  Analyze    Analyze    
  Name    Max Paths  Min Paths  
  ------  ---------  ---------  
  Slow    Yes        Yes        
  Fast    Yes        Yes        


------------------------------------------------------------------------------------------------
| Report Methodology
| ------------------
------------------------------------------------------------------------------------------------

No report available as report_methodology has not been run prior. Run report_methodology on the current design for the summary of methodology violations.



check_timing report

Table of Contents
-----------------
1. checking no_clock (0)
2. checking constant_clock (0)
3. checking pulse_width_clock (0)
4. checking unconstrained_internal_endpoints (0)
5. checking no_input_delay (0)
6. checking no_output_delay (0)
7. checking multiple_clock (0)
8. checking generated_clocks (0)
9. checking loops (0)
10. checking partial_input_delay (0)
11. checking partial_output_delay (0)
12. checking latch_loops (0)

1. checking no_clock (0)
------------------------
 There are 0 register/latch pins with no clock.


2. checking constant_clock (0)
------------------------------
 There are 0 register/latch pins with constant_clock.


3. checking pulse_width_clock (0)
---------------------------------
 There are 0 register/latch pins which need pulse_width check


4. checking unconstrained_internal_endpoints (0)
------------------------------------------------
 There are 0 pins that are not constrained for maximum delay.

 There are 0 pins that are not constrained for maximum delay due to constant clock.


5. checking no_input_delay (0)
------------------------------
 There are 0 input ports with no input delay specified.

 There are 0 input ports with no input delay but user has a false path constraint.


6. checking no_output_delay (0)
-------------------------------
 There are 0 ports with no output delay specified.

 There are 0 ports with no output delay but user has a false path constraint

 There are 0 ports with no output delay but with a timing clock defined on it or propagating through it


7. checking multiple_clock (0)
------------------------------
 There are 0 register/latch pins with multiple clocks.


8. checking generated_clocks (0)
--------------------------------
 There are 0 generated clocks that are not connected to a clock source.


9. checking loops (0)
---------------------
 There are 0 combinational loops in the design.


10. checking partial_input_delay (0)
------------------------------------
 There are 0 input ports with partial input delay specified.


11. checking partial_output_delay (0)
-------------------------------------
 There are 0 ports with partial output delay specified.


12. checking latch_loops (0)
----------------------------
 There are 0 combinational latch loops in the design through latch input



------------------------------------------------------------------------------------------------
| Design Timing Summary
| ---------------------
------------------------------------------------------------------------------------------------

    WNS(ns)      TNS(ns)  TNS Failing Endpoints  TNS Total Endpoints      WHS(ns)      THS(ns)  THS Failing Endpoints  THS Total Endpoints     WPWS(ns)     TPWS(ns)  TPWS Failing Endpoints  TPWS Total Endpoints  
    -------      -------  ---------------------  -------------------      -------      -------  ---------------------  -------------------     --------     --------  ----------------------  --------------------  
     -2.686   -58498.117                  58993               224135        0.010        0.000                      0               223722        1.300        0.000                       0                 77319  


Timing constraints are not met.


------------------------------------------------------------------------------------------------
| Clock Summary
| -------------
------------------------------------------------------------------------------------------------

Clock   Waveform(ns)         Period(ns)      Frequency(MHz)
-----   ------------         ----------      --------------
ap_clk  {0.000 2.000}        4.000           250.000         


------------------------------------------------------------------------------------------------
| Intra Clock Table
| -----------------
------------------------------------------------------------------------------------------------

Clock             WNS(ns)      TNS(ns)  TNS Failing Endpoints  TNS Total Endpoints      WHS(ns)      THS(ns)  THS Failing Endpoints  THS Total Endpoints     WPWS(ns)     TPWS(ns)  TPWS Failing Endpoints  TPWS Total Endpoints  
-----             -------      -------  ---------------------  -------------------      -------      -------  ---------------------  -------------------     --------     --------  ----------------------  --------------------  
ap_clk             -2.686   -58498.117                  58993               224135        0.010        0.000                      0               223722        1.300        0.000                       0                 77319  


------------------------------------------------------------------------------------------------
| Inter Clock Table
| -----------------
------------------------------------------------------------------------------------------------

From Clock    To Clock          WNS(ns)      TNS(ns)  TNS Failing Endpoints  TNS Total Endpoints      WHS(ns)      THS(ns)  THS Failing Endpoints  THS Total Endpoints  
----------    --------          -------      -------  ---------------------  -------------------      -------      -------  ---------------------  -------------------  


------------------------------------------------------------------------------------------------
| Other Path Groups Table
| -----------------------
------------------------------------------------------------------------------------------------

Path Group    From Clock    To Clock          WNS(ns)      TNS(ns)  TNS Failing Endpoints  TNS Total Endpoints      WHS(ns)      THS(ns)  THS Failing Endpoints  THS Total Endpoints  
----------    ----------    --------          -------      -------  ---------------------  -------------------      -------      -------  ---------------------  -------------------  


------------------------------------------------------------------------------------------------
| User Ignored Path Table
| -----------------------
------------------------------------------------------------------------------------------------

Path Group    From Clock    To Clock    
----------    ----------    --------    
(none)        ap_clk        ap_clk        


------------------------------------------------------------------------------------------------
| Unconstrained Path Table
| ------------------------
------------------------------------------------------------------------------------------------

Path Group    From Clock    To Clock    
----------    ----------    --------    


------------------------------------------------------------------------------------------------
| Timing Details
| --------------
------------------------------------------------------------------------------------------------


---------------------------------------------------------------------------------------------------
From Clock:  ap_clk
  To Clock:  ap_clk

Setup :        58993  Failing Endpoints,  Worst Slack       -2.686ns,  Total Violation   -58498.117ns
Hold  :            0  Failing Endpoints,  Worst Slack        0.010ns,  Total Violation        0.000ns
PW    :            0  Failing Endpoints,  Worst Slack        1.300ns,  Total Violation        0.000ns
---------------------------------------------------------------------------------------------------


Max Delay Paths
--------------------------------------------------------------------------------------
Slack (VIOLATED) :        -2.686ns  (required time - arrival time)
  Source:                 grp_gdn_rs2_top_impl_fu_562/ap_CS_fsm_reg[123]_rep__18_replica_2/C
                            (rising edge-triggered cell FDRE clocked by ap_clk  {rise@0.000ns fall@2.000ns period=4.000ns})
  Destination:            grp_gdn_rs2_top_impl_fu_562/resident_residual_U/ram_reg_uram_195/EN_A
                            (rising edge-triggered cell URAM288 clocked by ap_clk  {rise@0.000ns fall@2.000ns period=4.000ns})
  Path Group:             ap_clk
  Path Type:              Setup (Max at Slow Process Corner)
  Requirement:            4.000ns  (ap_clk rise@4.000ns - ap_clk rise@0.000ns)
  Data Path Delay:        6.676ns  (logic 0.510ns (7.639%)  route 6.166ns (92.361%))
  Logic Levels:           5  (LUT3=1 LUT5=1 LUT6=3)
  Clock Path Skew:        0.873ns (DCD - SCD + CPR)
    Destination Clock Delay (DCD):    4.594ns = ( 8.594 - 4.000 ) 
    Source Clock Delay      (SCD):    3.929ns
    Clock Pessimism Removal (CPR):    0.208ns
  Clock Uncertainty:      0.035ns  ((TSJ^2 + TIJ^2)^1/2 + DJ) / 2 + PE
    Total System Jitter     (TSJ):    0.071ns
    Total Input Jitter      (TIJ):    0.000ns
    Discrete Jitter          (DJ):    0.000ns
    Phase Error              (PE):    0.000ns
  Inter-SLR Compensation: 0.390ns  ((DCD - CCD) * PF)
    Destination Clock Delay (DCD):    4.594ns
    Common Clock Delay      (CCD):    1.994ns
    Prorating Factor         (PF):    0.150
  Clock Net Delay (Source):      3.858ns (routing 2.082ns, distribution 1.776ns)
  Clock Net Delay (Destination): 4.534ns (routing 1.889ns, distribution 2.645ns)

    Location             Delay type                Incr(ns)  Path(ns)    Netlist Resource(s)
  -------------------------------------------------------------------    -------------------
                         (clock ap_clk rise edge)     0.000     0.000 r  
                                                      0.000     0.000 r  ap_clk (IN)
                         net (fo=0)                   0.043     0.043    ap_clk
    BUFGCE_X0Y0          BUFGCE (Prop_BUFCE_BUFGCE_I_O)
                                                      0.028     0.071 r  ooc_ap_clk_bufg/O
    X4Y8 (CLOCK_ROOT)    net (fo=77377, routed)       3.858     3.929    grp_gdn_rs2_top_impl_fu_562/ooc_ap_clk_global
    SLR Crossing[0->2]   
    SLICE_X122Y483       FDRE                                         r  grp_gdn_rs2_top_impl_fu_562/ap_CS_fsm_reg[123]_rep__18_replica_2/C
  -------------------------------------------------------------------    -------------------
    SLICE_X122Y483       FDRE (Prop_FFF_SLICEM_C_Q)
                                                      0.076     4.005 r  grp_gdn_rs2_top_impl_fu_562/ap_CS_fsm_reg[123]_rep__18_replica_2/Q
                         net (fo=1, routed)           0.053     4.058    grp_gdn_rs2_top_impl_fu_562/grp_p_anonymous_namespace_reset_slot_fu_9193/ap_CS_fsm_reg[123]_rep__18_n_0_repN_2_alias
    SLICE_X122Y483       LUT3 (Prop_B6LUT_SLICEM_I1_O)
                                                      0.125     4.183 f  grp_gdn_rs2_top_impl_fu_562/grp_p_anonymous_namespace_reset_slot_fu_9193/ram_reg_mux_sel_156_i_3__0/O
                         net (fo=1, routed)           0.051     4.234    grp_gdn_rs2_top_impl_fu_562/grp_p_anonymous_namespace_fold_log_if_full_fu_9368/grp_p_anonymous_namespace_fold_log_fu_207/grp_p_anonymous_namespace_quantize_fold_block_fu_8160/grp_p_anonymous_namespace_commit_fold_block_fu_2704/ram_reg_mux_sel_reg_156_0
    SLICE_X122Y483       LUT5 (Prop_F6LUT_SLICEM_I4_O)
                                                      0.123     4.357 f  grp_gdn_rs2_top_impl_fu_562/grp_p_anonymous_namespace_fold_log_if_full_fu_9368/grp_p_anonymous_namespace_fold_log_fu_207/grp_p_anonymous_namespace_quantize_fold_block_fu_8160/grp_p_anonymous_namespace_commit_fold_block_fu_2704/ram_reg_mux_sel_156_i_2__0/O
                         net (fo=2, routed)           0.045     4.402    grp_gdn_rs2_top_impl_fu_562/grp_p_anonymous_namespace_read_snapshot_fu_9623/ram_reg_mux_sel_reg_156_0
    SLICE_X122Y483       LUT6 (Prop_G6LUT_SLICEM_I5_O)
                                                      0.052     4.454 f  grp_gdn_rs2_top_impl_fu_562/grp_p_anonymous_namespace_read_snapshot_fu_9623/ram_reg_mux_sel_156_i_1__0/O
                         net (fo=97, routed)          2.917     7.371    grp_gdn_rs2_top_impl_fu_562/grp_p_anonymous_namespace_read_snapshot_fu_9623/tmp_11_reg_1203_reg[16]_1
    SLR Crossing[2->0]   
    SLICE_X123Y238       LUT6 (Prop_A6LUT_SLICEL_I2_O)
                                                      0.035     7.406 f  grp_gdn_rs2_top_impl_fu_562/grp_p_anonymous_namespace_read_snapshot_fu_9623/ram_reg_uram_40_i_3__0_comp/O
                         net (fo=16, routed)          0.333     7.739    grp_gdn_rs2_top_impl_fu_562/grp_p_anonymous_namespace_read_snapshot_fu_9623/ram_reg_uram_40_i_3__0_n_0
    SLICE_X120Y222       LUT6 (Prop_D6LUT_SLICEL_I1_O)
                                                      0.099     7.838 r  grp_gdn_rs2_top_impl_fu_562/grp_p_anonymous_namespace_read_snapshot_fu_9623/ram_reg_uram_43_i_1__0/O
                         net (fo=2, routed)           2.767    10.605    grp_gdn_rs2_top_impl_fu_562/resident_residual_U/word_7_reg_13380[72]_i_54_6
    URAM288_X0Y23        URAM288                                      r  grp_gdn_rs2_top_impl_fu_562/resident_residual_U/ram_reg_uram_195/EN_A
  -------------------------------------------------------------------    -------------------

                         (clock ap_clk rise edge)     4.000     4.000 r  
                                                      0.000     4.000 r  ap_clk (IN)
                         net (fo=0)                   0.036     4.036    ap_clk
    BUFGCE_X0Y0          BUFGCE (Prop_BUFCE_BUFGCE_I_O)
                                                      0.024     4.060 r  ooc_ap_clk_bufg/O
    X4Y8 (CLOCK_ROOT)    net (fo=77377, routed)       4.534     8.594    grp_gdn_rs2_top_impl_fu_562/resident_residual_U/ooc_ap_clk_global
    URAM288_X0Y23        URAM288                                      r  grp_gdn_rs2_top_impl_fu_562/resident_residual_U/ram_reg_uram_195/CLK
                         clock pessimism              0.208     8.802    
                         inter-SLR compensation      -0.390     8.412    
                         clock uncertainty           -0.035     8.377    
    URAM288_X0Y23        URAM288 (Setup_URAM_288K_INST_URAM288_CLK_EN_A)
                                                     -0.458     7.919    grp_gdn_rs2_top_impl_fu_562/resident_residual_U/ram_reg_uram_195
  -------------------------------------------------------------------
                         required time                          7.919    
                         arrival time                         -10.605    
  -------------------------------------------------------------------
                         slack                                 -2.686    





Min Delay Paths
--------------------------------------------------------------------------------------
Slack (MET) :             0.010ns  (arrival time - required time)
  Source:                 gmem19_m_axi_U/bus_write/wreq_burst_conv/burst_sequential/sect_addr_buf_reg[51]/C
                            (rising edge-triggered cell FDRE clocked by ap_clk  {rise@0.000ns fall@2.000ns period=4.000ns})
  Destination:            gmem19_m_axi_U/bus_write/wreq_burst_conv/burst_sequential/could_multi_bursts.burst_addr_base_reg[39]/D
                            (rising edge-triggered cell FDRE clocked by ap_clk  {rise@0.000ns fall@2.000ns period=4.000ns})
  Path Group:             ap_clk
  Path Type:              Hold (Min at Slow Process Corner)
  Requirement:            0.000ns  (ap_clk rise@0.000ns - ap_clk rise@0.000ns)
  Data Path Delay:        0.132ns  (logic 0.058ns (43.939%)  route 0.074ns (56.061%))
  Logic Levels:           0  
  Clock Path Skew:        0.060ns (DCD - SCD - CPR)
    Destination Clock Delay (DCD):    4.034ns
    Source Clock Delay      (SCD):    3.602ns
    Clock Pessimism Removal (CPR):    0.372ns
  Clock Net Delay (Source):      3.542ns (routing 1.889ns, distribution 1.653ns)
  Clock Net Delay (Destination): 3.963ns (routing 2.082ns, distribution 1.881ns)

    Location             Delay type                Incr(ns)  Path(ns)    Netlist Resource(s)
  -------------------------------------------------------------------    -------------------
                         (clock ap_clk rise edge)     0.000     0.000 r  
                                                      0.000     0.000 r  ap_clk (IN)
                         net (fo=0)                   0.036     0.036    ap_clk
    BUFGCE_X0Y0          BUFGCE (Prop_BUFCE_BUFGCE_I_O)
                                                      0.024     0.060 r  ooc_ap_clk_bufg/O
    X4Y8 (CLOCK_ROOT)    net (fo=77377, routed)       3.542     3.602    gmem19_m_axi_U/bus_write/wreq_burst_conv/burst_sequential/ooc_ap_clk_global
    SLR Crossing[0->2]   
    SLICE_X131Y714       FDRE                                         r  gmem19_m_axi_U/bus_write/wreq_burst_conv/burst_sequential/sect_addr_buf_reg[51]/C
  -------------------------------------------------------------------    -------------------
    SLICE_X131Y714       FDRE (Prop_CFF_SLICEL_C_Q)
                                                      0.058     3.660 r  gmem19_m_axi_U/bus_write/wreq_burst_conv/burst_sequential/sect_addr_buf_reg[51]/Q
                         net (fo=1, routed)           0.074     3.734    gmem19_m_axi_U/bus_write/wreq_burst_conv/burst_sequential/sect_addr_buf_reg_n_0_[51]
    SLICE_X131Y715       FDRE                                         r  gmem19_m_axi_U/bus_write/wreq_burst_conv/burst_sequential/could_multi_bursts.burst_addr_base_reg[39]/D
  -------------------------------------------------------------------    -------------------

                         (clock ap_clk rise edge)     0.000     0.000 r  
                                                      0.000     0.000 r  ap_clk (IN)
                         net (fo=0)                   0.043     0.043    ap_clk
    BUFGCE_X0Y0          BUFGCE (Prop_BUFCE_BUFGCE_I_O)
                                                      0.028     0.071 r  ooc_ap_clk_bufg/O
    X4Y8 (CLOCK_ROOT)    net (fo=77377, routed)       3.963     4.034    gmem19_m_axi_U/bus_write/wreq_burst_conv/burst_sequential/ooc_ap_clk_global
    SLR Crossing[0->2]   
    SLICE_X131Y715       FDRE                                         r  gmem19_m_axi_U/bus_write/wreq_burst_conv/burst_sequential/could_multi_bursts.burst_addr_base_reg[39]/C
                         clock pessimism             -0.372     3.662    
    SLICE_X131Y715       FDRE (Hold_HFF2_SLICEL_C_D)
                                                      0.062     3.724    gmem19_m_axi_U/bus_write/wreq_burst_conv/burst_sequential/could_multi_bursts.burst_addr_base_reg[39]
  -------------------------------------------------------------------
                         required time                         -3.724    
                         arrival time                           3.734    
  -------------------------------------------------------------------
                         slack                                  0.010    





Pulse Width Checks
--------------------------------------------------------------------------------------
Clock Name:         ap_clk
Waveform(ns):       { 0.000 2.000 }
Period(ns):         4.000
Sources:            { ap_clk }

Check Type        Corner  Lib Pin      Reference Pin  Required(ns)  Actual(ns)  Slack(ns)  Location        Pin
Min Period        n/a     URAM288/CLK  n/a            2.000         4.000       2.000      URAM288_X2Y164  grp_gdn_rs2_top_impl_fu_562/resident_keys_U/ram_reg_uram_12/CLK
Low Pulse Width   Slow    URAM288/CLK  n/a            0.700         2.000       1.300      URAM288_X2Y164  grp_gdn_rs2_top_impl_fu_562/resident_keys_U/ram_reg_uram_12/CLK
High Pulse Width  Slow    URAM288/CLK  n/a            0.700         2.000       1.300      URAM288_X2Y164  grp_gdn_rs2_top_impl_fu_562/resident_keys_U/ram_reg_uram_12/CLK



--------------------------------------------------------------------------------------
Path Group:  (none)
From Clock:  ap_clk
  To Clock:  ap_clk

Max Delay         22038 Endpoints
Min Delay         36982 Endpoints
--------------------------------------------------------------------------------------


Max Delay Paths
--------------------------------------------------------------------------------------
Slack:                    inf
  Source:                 ap_rst_n
                            (input port clocked by ap_clk  {rise@0.000ns fall@2.000ns period=4.000ns})
  Destination:            gmem5_m_axi_U/bus_read/rreq_burst_conv/burst_sequential/first_sect_reg/R
                            (rising edge-triggered cell FDRE clocked by ap_clk  {rise@0.000ns fall@2.000ns period=4.000ns})
  Path Group:             (none)
  Path Type:              Setup (Max at Slow Process Corner)
  Data Path Delay:        3.049ns  (logic 0.037ns (1.214%)  route 3.012ns (98.786%))
  Logic Levels:           1  (LUT1=1)
  Input Delay:            1.000ns
  Clock Path Skew:        3.774ns (DCD - SCD + CPR)
    Destination Clock Delay (DCD):    3.774ns
    Source Clock Delay      (SCD):    0.000ns
    Clock Pessimism Removal (CPR):    0.000ns
  Clock Uncertainty:      0.035ns  ((TSJ^2 + TIJ^2)^1/2 + DJ) / 2 + PE
    Total System Jitter     (TSJ):    0.071ns
    Total Input Jitter      (TIJ):    0.000ns
    Discrete Jitter          (DJ):    0.000ns
    Phase Error              (PE):    0.000ns
  Clock Net Delay (Destination): 3.714ns (routing 1.889ns, distribution 1.825ns)
  Timing Exception:       False Path

    Location             Delay type                Incr(ns)  Path(ns)    Netlist Resource(s)
  -------------------------------------------------------------------    -------------------
                         (clock ap_clk rise edge)     0.000     0.000 r  
                         input delay                  1.000     1.000    
                                                      0.000     1.000 f  ap_rst_n (IN)
                         net (fo=20903, unset)        0.000     1.000    grp_gdn_rs2_top_impl_fu_562/grp_p_anonymous_namespace_fold_log_if_full_fu_9368/grp_p_anonymous_namespace_fold_log_fu_207/grp_aligned_sum_guarded_4_s_fu_8326/grp_aligned_sum_guarded_4_Pipeline_align_terms_fu_182/flow_control_loop_pipe_sequential_init_U/ap_rst_n
    SLICE_X115Y700       LUT1 (Prop_E6LUT_SLICEM_I0_O)
                                                      0.037     1.037 r  grp_gdn_rs2_top_impl_fu_562/grp_p_anonymous_namespace_fold_log_if_full_fu_9368/grp_p_anonymous_namespace_fold_log_fu_207/grp_aligned_sum_guarded_4_s_fu_8326/grp_aligned_sum_guarded_4_Pipeline_align_terms_fu_182/flow_control_loop_pipe_sequential_init_U/could_multi_bursts.burst_valid_i_1__10/O
                         net (fo=20, routed)          3.012     4.049    gmem5_m_axi_U/bus_read/rreq_burst_conv/burst_sequential/lopt
    SLICE_X92Y661        FDRE                                         r  gmem5_m_axi_U/bus_read/rreq_burst_conv/burst_sequential/first_sect_reg/R
  -------------------------------------------------------------------    -------------------

                         (clock ap_clk rise edge)     0.000     0.000 r  
                                                      0.000     0.000 r  ap_clk (IN)
                         net (fo=0)                   0.036     0.036    ap_clk
    BUFGCE_X0Y0          BUFGCE (Prop_BUFCE_BUFGCE_I_O)
                                                      0.024     0.060 r  ooc_ap_clk_bufg/O
    X4Y8 (CLOCK_ROOT)    net (fo=77377, routed)       3.714     3.774    gmem5_m_axi_U/bus_read/rreq_burst_conv/burst_sequential/ooc_ap_clk_global
    SLR Crossing[0->2]   
    SLICE_X92Y661        FDRE                                         r  gmem5_m_axi_U/bus_read/rreq_burst_conv/burst_sequential/first_sect_reg/C





Min Delay Paths
--------------------------------------------------------------------------------------
Slack:                    inf
  Source:                 s_axi_control_AWADDR[2]
                            (input port clocked by ap_clk  {rise@0.000ns fall@2.000ns period=4.000ns})
  Destination:            control_s_axi_U/waddr_reg[2]/D
                            (rising edge-triggered cell FDRE clocked by ap_clk  {rise@0.000ns fall@2.000ns period=4.000ns})
  Path Group:             (none)
  Path Type:              Hold (Min at Fast Process Corner)
  Data Path Delay:        0.007ns  (logic 0.000ns (0.000%)  route 0.007ns (100.001%))
  Logic Levels:           0  
  Input Delay:            1.000ns
  Clock Path Skew:        2.473ns (DCD - SCD - CPR)
    Destination Clock Delay (DCD):    2.473ns
    Source Clock Delay      (SCD):    0.000ns
    Clock Pessimism Removal (CPR):    -0.000ns
  Clock Uncertainty:      0.035ns  ((TSJ^2 + TIJ^2)^1/2 + DJ) / 2 + PE
    Total System Jitter     (TSJ):    0.071ns
    Total Input Jitter      (TIJ):    0.000ns
    Discrete Jitter          (DJ):    0.000ns
    Phase Error              (PE):    0.000ns
  Clock Net Delay (Destination): 2.424ns (routing 1.286ns, distribution 1.138ns)
  Timing Exception:       False Path

    Location             Delay type                Incr(ns)  Path(ns)    Netlist Resource(s)
  -------------------------------------------------------------------    -------------------
                         (clock ap_clk rise edge)     0.000     0.000 r  
                         input delay                  1.000     1.000    
                                                      0.000     1.000 r  s_axi_control_AWADDR[2] (IN)
                         net (fo=0)                   0.007     1.007    control_s_axi_U/s_axi_control_AWADDR[0]
    SLICE_X142Y606       FDRE                                         r  control_s_axi_U/waddr_reg[2]/D
  -------------------------------------------------------------------    -------------------

                         (clock ap_clk rise edge)     0.000     0.000 r  
                                                      0.000     0.000 r  ap_clk (IN)
                         net (fo=0)                   0.030     0.030    ap_clk
    BUFGCE_X0Y0          BUFGCE (Prop_BUFCE_BUFGCE_I_O)
                                                      0.019     0.049 r  ooc_ap_clk_bufg/O
    X4Y8 (CLOCK_ROOT)    net (fo=77377, routed)       2.424     2.473    control_s_axi_U/ooc_ap_clk_global
    SLR Crossing[0->2]   
    SLICE_X142Y606       FDRE                                         r  control_s_axi_U/waddr_reg[2]/C





