

================================================================
== Vitis HLS Report for 'aligned_sum_guarded_4_Pipeline_align_terms'
================================================================
* Date:           Sun Aug  2 05:06:09 2026

* Version:        2025.2 (Build 6295257 on Nov 14 2025)
* Project:        gdn_e2m0_hls
* Solution:       u55c_250mhz (Vivado IP Flow Target)
* Product family: virtexuplusHBM
* Target device:  xcu55c-fsvh2892-2L-e


================================================================
== Performance Estimates
================================================================
+ Timing: 
    * Summary: 
    +--------+---------+----------+------------+
    |  Clock |  Target | Estimated| Uncertainty|
    +--------+---------+----------+------------+
    |ap_clk  |  4.00 ns|  3.106 ns|     1.08 ns|
    +--------+---------+----------+------------+

+ Latency: 
    * Summary: 
    +---------+---------+-----------+-----------+-----+-----+-------------------+
    |  Latency (cycles) |   Latency (absolute)  |  Interval |      Pipeline     |
    |   min   |   max   |    min    |    max    | min | max |        Type       |
    +---------+---------+-----------+-----------+-----+-----+-------------------+
    |        9|        9|  36.000 ns|  36.000 ns|    0|    0|  loop pipeline stp|
    +---------+---------+-----------+-----------+-----+-----+-------------------+

    + Detail: 
        * Instance: 
        N/A

        * Loop: 
        +---------------+---------+---------+----------+-----------+-----------+------+----------+
        |               |  Latency (cycles) | Iteration|  Initiation Interval  | Trip |          |
        |   Loop Name   |   min   |   max   |  Latency |  achieved |   target  | Count| Pipelined|
        +---------------+---------+---------+----------+-----------+-----------+------+----------+
        |- align_terms  |        7|        7|         5|          1|          1|     4|       yes|
        +---------------+---------+---------+----------+-----------+-----------+------+----------+



================================================================
== Utilization Estimates
================================================================
* Summary: 
+---------------------+---------+------+---------+---------+-----+
|         Name        | BRAM_18K|  DSP |    FF   |   LUT   | URAM|
+---------------------+---------+------+---------+---------+-----+
|DSP                  |        -|     -|        -|        -|    -|
|Expression           |        -|     -|        0|     1698|    -|
|FIFO                 |        -|     -|        -|        -|    -|
|Instance             |        -|     -|        0|       77|    -|
|Memory               |        -|     -|        -|        -|    -|
|Multiplexer          |        -|     -|        0|       63|    -|
|Register             |        -|     -|      436|       32|    -|
+---------------------+---------+------+---------+---------+-----+
|Total                |        0|     0|      436|     1870|    0|
+---------------------+---------+------+---------+---------+-----+
|Available SLR        |     1344|  3008|   869120|   434560|  320|
+---------------------+---------+------+---------+---------+-----+
|Utilization SLR (%)  |        0|     0|       ~0|       ~0|    0|
+---------------------+---------+------+---------+---------+-----+
|Available            |     4032|  9024|  2607360|  1303680|  960|
+---------------------+---------+------+---------+---------+-----+
|Utilization (%)      |        0|     0|       ~0|       ~0|    0|
+---------------------+---------+------+---------+---------+-----+

+ Detail: 
    * Instance: 
    +----------------------------+----------------------+---------+----+---+----+-----+
    |          Instance          |        Module        | BRAM_18K| DSP| FF| LUT| URAM|
    +----------------------------+----------------------+---------+----+---+----+-----+
    |sparsemux_7_2_64_1_1_U1082  |sparsemux_7_2_64_1_1  |        0|   0|  0|   9|    0|
    |sparsemux_9_2_9_1_1_U1078   |sparsemux_9_2_9_1_1   |        0|   0|  0|  20|    0|
    |sparsemux_9_2_9_1_1_U1079   |sparsemux_9_2_9_1_1   |        0|   0|  0|  20|    0|
    |sparsemux_9_3_32_1_1_U1081  |sparsemux_9_3_32_1_1  |        0|   0|  0|  14|    0|
    |sparsemux_9_3_64_1_1_U1080  |sparsemux_9_3_64_1_1  |        0|   0|  0|  14|    0|
    +----------------------------+----------------------+---------+----+---+----+-----+
    |Total                       |                      |        0|   0|  0|  77|    0|
    +----------------------------+----------------------+---------+----+---+----+-----+

    * DSP: 
    N/A

    * Memory: 
    N/A

    * FIFO: 
    N/A

    * Expression: 
    +------------------------+----------+----+---+-----+------------+------------+
    |      Variable Name     | Operation| DSP| FF| LUT | Bitwidth P0| Bitwidth P1|
    +------------------------+----------+----+---+-----+------------+------------+
    |add_ln108_fu_370_p2     |         +|   0|  0|   24|          17|           2|
    |add_ln111_fu_470_p2     |         +|   0|  0|   15|           8|           1|
    |add_ln124_fu_787_p2     |         +|   0|  0|   71|          64|           1|
    |add_ln187_fu_274_p2     |         +|   0|  0|   10|           3|           1|
    |add_ln199_fu_636_p2     |         +|   0|  0|   71|          64|           1|
    |mask_fu_450_p2          |         +|   0|  0|   15|           8|           2|
    |sum_fu_657_p2           |         +|   0|  0|   72|          65|          65|
    |aligned_6_fu_542_p2     |         -|   0|  0|   16|           1|           9|
    |magnitude_fu_384_p2     |         -|   0|  0|   15|           1|           8|
    |shift_fu_340_p2         |         -|   0|  0|   24|          17|          17|
    |sub_ln197_fu_520_p2     |         -|   0|  0|   24|           1|          17|
    |and_ln110_fu_482_p2     |       and|   0|  0|    2|           1|           1|
    |and_ln123_fu_694_p2     |       and|   0|  0|    2|           1|           1|
    |and_ln127_fu_735_p2     |       and|   0|  0|    2|           1|           1|
    |and_ln198_fu_631_p2     |       and|   0|  0|    2|           1|           1|
    |and_ln95_fu_559_p2      |       and|   0|  0|    2|           1|           1|
    |and_ln98_3_fu_576_p2    |       and|   0|  0|    2|           1|           1|
    |and_ln98_fu_571_p2      |       and|   0|  0|    2|           1|           1|
    |remainder_fu_455_p2     |       and|   0|  0|    8|           8|           8|
    |icmp_ln109_fu_464_p2    |      icmp|   0|  0|   71|          64|          64|
    |icmp_ln110_fu_476_p2    |      icmp|   0|  0|   71|          64|          64|
    |icmp_ln123_fu_673_p2    |      icmp|   0|  0|   41|          34|           1|
    |icmp_ln127_fu_679_p2    |      icmp|   0|  0|   72|          65|          33|
    |icmp_ln187_fu_268_p2    |      icmp|   0|  0|   12|           3|           4|
    |icmp_ln190_fu_505_p2    |      icmp|   0|  0|   16|           9|           1|
    |icmp_ln198_3_fu_615_p2  |      icmp|   0|  0|   24|          17|           1|
    |icmp_ln198_fu_626_p2    |      icmp|   0|  0|   71|          64|           1|
    |icmp_ln95_fu_515_p2     |      icmp|   0|  0|   24|          17|           1|
    |icmp_ln98_fu_364_p2     |      icmp|   0|  0|   18|          11|           1|
    |quotient_fu_437_p2      |      lshr|   0|  0|  182|          64|          64|
    |or_ln110_fu_488_p2      |        or|   0|  0|    2|           1|           1|
    |or_ln123_fu_724_p2      |        or|   0|  0|    2|           1|           1|
    |or_ln127_3_fu_712_p2    |        or|   0|  0|    2|           1|           1|
    |or_ln127_fu_700_p2      |        or|   0|  0|    2|           1|           1|
    |aligned_7_fu_548_p3     |    select|   0|  0|    9|           1|           9|
    |counters_3_2_fu_717_p3  |    select|   0|  0|   63|           1|          64|
    |magnitude_7_fu_390_p3   |    select|   0|  0|    8|           1|           8|
    |quotient_26_fu_494_p3   |    select|   0|  0|    8|           1|           8|
    |select_ln198_fu_642_p3  |    select|   0|  0|   63|           1|          64|
    |aligned_2_fu_591_p2     |       shl|   0|  0|  182|          64|          64|
    |halfway_fu_428_p2       |       shl|   0|  0|  182|           1|          64|
    |shl_ln106_fu_406_p2     |       shl|   0|  0|  182|           1|          64|
    |ap_enable_pp0           |       xor|   0|  0|    2|           1|           2|
    |xor_ln123_fu_729_p2     |       xor|   0|  0|    2|           1|           2|
    |xor_ln127_fu_706_p2     |       xor|   0|  0|    2|           1|           2|
    |xor_ln190_fu_689_p2     |       xor|   0|  0|    2|           1|           2|
    |xor_ln195_fu_510_p2     |       xor|   0|  0|    2|           1|           2|
    |xor_ln95_fu_565_p2      |       xor|   0|  0|    2|           1|           2|
    +------------------------+----------+----+---+-----+------------+------------+
    |Total                   |          |   0|  0| 1698|         757|         735|
    +------------------------+----------+----+---+-----+------------+------------+

    * Multiplexer: 
    +-------------------------+----+-----------+-----+-----------+
    |           Name          | LUT| Input Size| Bits| Total Bits|
    +-------------------------+----+-----------+-----+-----------+
    |accumulator_fu_138       |   9|          2|   32|         64|
    |ap_done_int              |   9|          2|    1|          2|
    |ap_enable_reg_pp0_iter1  |   9|          2|    1|          2|
    |ap_sig_allocacmp_index   |   9|          2|    3|          6|
    |counters_1_0_fu_150      |   9|          2|   64|        128|
    |counters_3_0_fu_146      |   9|          2|   64|        128|
    |index_3_fu_142           |   9|          2|    3|          6|
    +-------------------------+----+-----------+-----+-----------+
    |Total                    |  63|         14|  168|        336|
    +-------------------------+----+-----------+-----+-----------+

    * Register: 
    +----------------------------------+----+----+-----+-----------+
    |               Name               | FF | LUT| Bits| Const Bits|
    +----------------------------------+----+----+-----+-----------+
    |accumulator_fu_138                |  32|   0|   32|          0|
    |add_ln108_reg_895                 |  17|   0|   17|          0|
    |aligned_2_reg_935                 |  64|   0|   64|          0|
    |and_ln123_reg_946                 |   1|   0|    1|          0|
    |ap_CS_fsm                         |   1|   0|    1|          0|
    |ap_done_reg                       |   1|   0|    1|          0|
    |ap_enable_reg_pp0_iter1           |   1|   0|    1|          0|
    |ap_enable_reg_pp0_iter2           |   1|   0|    1|          0|
    |ap_enable_reg_pp0_iter3           |   1|   0|    1|          0|
    |ap_enable_reg_pp0_iter4           |   1|   0|    1|          0|
    |ap_loop_exit_ready_pp0_iter1_reg  |   1|   0|    1|          0|
    |ap_loop_exit_ready_pp0_iter2_reg  |   1|   0|    1|          0|
    |ap_loop_exit_ready_pp0_iter3_reg  |   1|   0|    1|          0|
    |counters_1_0_fu_150               |  64|   0|   64|          0|
    |counters_3_0_fu_146               |  64|   0|   64|          0|
    |icmp_ln187_reg_867                |   1|   0|    1|          0|
    |icmp_ln190_reg_926                |   1|   0|    1|          0|
    |icmp_ln198_3_reg_941              |   1|   0|    1|          0|
    |icmp_ln98_reg_890                 |   1|   0|    1|          0|
    |icmp_ln98_reg_890_pp0_iter1_reg   |   1|   0|    1|          0|
    |index_3_fu_142                    |   3|   0|    3|          0|
    |magnitude_7_reg_905               |   8|   0|    8|          0|
    |negative_reg_900                  |   1|   0|    1|          0|
    |negative_reg_900_pp0_iter1_reg    |   1|   0|    1|          0|
    |or_ln127_3_reg_951                |   1|   0|    1|          0|
    |quotient_26_reg_921               |   8|   0|    8|          0|
    |raw_reg_871                       |   9|   0|    9|          0|
    |raw_reg_871_pp0_iter1_reg         |   9|   0|    9|          0|
    |shift_reg_877                     |  17|   0|   17|          0|
    |shift_reg_877_pp0_iter1_reg       |  17|   0|   17|          0|
    |tmp_reg_884                       |   1|   0|    1|          0|
    |tmp_reg_884_pp0_iter1_reg         |   1|   0|    1|          0|
    |trunc_ln106_6_reg_916             |   8|   0|    8|          0|
    |zext_ln105_5_reg_911              |  32|   0|   64|         32|
    |icmp_ln187_reg_867                |  64|  32|    1|          0|
    +----------------------------------+----+----+-----+-----------+
    |Total                             | 436|  32|  405|         32|
    +----------------------------------+----+----+-----+-----------+



================================================================
== Interface
================================================================
* Summary: 
+-------------------------+-----+-----+------------+---------------------------------------------+--------------+
|        RTL Ports        | Dir | Bits|  Protocol  |                Source Object                |    C Type    |
+-------------------------+-----+-----+------------+---------------------------------------------+--------------+
|ap_clk                   |   in|    1|  ap_ctrl_hs|  aligned_sum_guarded<4>_Pipeline_align_terms|  return value|
|ap_rst                   |   in|    1|  ap_ctrl_hs|  aligned_sum_guarded<4>_Pipeline_align_terms|  return value|
|ap_start                 |   in|    1|  ap_ctrl_hs|  aligned_sum_guarded<4>_Pipeline_align_terms|  return value|
|ap_done                  |  out|    1|  ap_ctrl_hs|  aligned_sum_guarded<4>_Pipeline_align_terms|  return value|
|ap_idle                  |  out|    1|  ap_ctrl_hs|  aligned_sum_guarded<4>_Pipeline_align_terms|  return value|
|ap_ready                 |  out|    1|  ap_ctrl_hs|  aligned_sum_guarded<4>_Pipeline_align_terms|  return value|
|p_read2                  |   in|   64|     ap_none|                                      p_read2|        scalar|
|p_read3                  |   in|   64|     ap_none|                                      p_read3|        scalar|
|mantissas_0_val          |   in|    9|     ap_none|                              mantissas_0_val|        scalar|
|mantissas_1_val          |   in|    9|     ap_none|                              mantissas_1_val|        scalar|
|mantissas_2_val          |   in|    9|     ap_none|                              mantissas_2_val|        scalar|
|mantissas_3_val          |   in|    9|     ap_none|                              mantissas_3_val|        scalar|
|exponents_0_val          |   in|    9|     ap_none|                              exponents_0_val|        scalar|
|exponents_1_val          |   in|    9|     ap_none|                              exponents_1_val|        scalar|
|exponents_2_val          |   in|    9|     ap_none|                              exponents_2_val|        scalar|
|exponents_3_val          |   in|    9|     ap_none|                              exponents_3_val|        scalar|
|sext_ln187               |   in|   16|     ap_none|                                   sext_ln187|        scalar|
|counters_1_0_out         |  out|   64|      ap_vld|                             counters_1_0_out|       pointer|
|counters_1_0_out_ap_vld  |  out|    1|      ap_vld|                             counters_1_0_out|       pointer|
|counters_3_0_out         |  out|   64|      ap_vld|                             counters_3_0_out|       pointer|
|counters_3_0_out_ap_vld  |  out|    1|      ap_vld|                             counters_3_0_out|       pointer|
|accumulator_out          |  out|   32|      ap_vld|                              accumulator_out|       pointer|
|accumulator_out_ap_vld   |  out|    1|      ap_vld|                              accumulator_out|       pointer|
+-------------------------+-----+-----+------------+---------------------------------------------+--------------+

