

================================================================
== Vitis HLS Report for 'aligned_sum_guarded_15_s'
================================================================
* Date:           Sun Aug  2 05:05:48 2026

* Version:        2025.2 (Build 6295257 on Nov 14 2025)
* Project:        gdn_e2m0_hls
* Solution:       u55c_250mhz (Vivado IP Flow Target)
* Product family: virtexuplusHBM
* Target device:  xcu55c-fsvh2892-2L-e


================================================================
== Performance Estimates
================================================================
+ Timing: 
    * Summary: 
    +--------+---------+----------+------------+
    |  Clock |  Target | Estimated| Uncertainty|
    +--------+---------+----------+------------+
    |ap_clk  |  4.00 ns|  3.106 ns|     1.08 ns|
    +--------+---------+----------+------------+

+ Latency: 
    * Summary: 
    +---------+---------+-----------+----------+-----+-----+---------+
    |  Latency (cycles) |  Latency (absolute)  |  Interval | Pipeline|
    |   min   |   max   |    min    |    max   | min | max |   Type  |
    +---------+---------+-----------+----------+-----+-----+---------+
    |       20|       42|  80.000 ns|  0.168 us|   20|   42|       no|
    +---------+---------+-----------+----------+-----+-----+---------+

    + Detail: 
        * Instance: 
        +----------------------------------------------------------+-----------------------------------------------+---------+---------+-----------+-----------+-----+-----+-------------------+
        |                                                          |                                               |  Latency (cycles) |   Latency (absolute)  |  Interval |      Pipeline     |
        |                         Instance                         |                     Module                    |   min   |   max   |    min    |    max    | min | max |        Type       |
        +----------------------------------------------------------+-----------------------------------------------+---------+---------+-----------+-----------+-----+-----+-------------------+
        |grp_aligned_sum_guarded_15_Pipeline_find_dominant_fu_338  |aligned_sum_guarded_15_Pipeline_find_dominant  |       17|       17|  68.000 ns|  68.000 ns|    0|    0|  loop pipeline stp|
        |grp_aligned_sum_guarded_15_Pipeline_align_terms_fu_404    |aligned_sum_guarded_15_Pipeline_align_terms    |       20|       20|  80.000 ns|  80.000 ns|    0|    0|  loop pipeline stp|
        +----------------------------------------------------------+-----------------------------------------------+---------+---------+-----------+-----------+-----+-----+-------------------+

        * Loop: 
        N/A



================================================================
== Utilization Estimates
================================================================
* Summary: 
+---------------------+---------+------+---------+---------+-----+
|         Name        | BRAM_18K|  DSP |    FF   |   LUT   | URAM|
+---------------------+---------+------+---------+---------+-----+
|DSP                  |        -|     -|        -|        -|    -|
|Expression           |        -|     -|        0|       23|    -|
|FIFO                 |        -|     -|        -|        -|    -|
|Instance             |        -|     -|      595|     2519|    -|
|Memory               |        -|     -|        -|        -|    -|
|Multiplexer          |        -|     -|        0|      145|    -|
|Register             |        -|     -|      378|        -|    -|
+---------------------+---------+------+---------+---------+-----+
|Total                |        0|     0|      973|     2687|    0|
+---------------------+---------+------+---------+---------+-----+
|Available SLR        |     1344|  3008|   869120|   434560|  320|
+---------------------+---------+------+---------+---------+-----+
|Utilization SLR (%)  |        0|     0|       ~0|       ~0|    0|
+---------------------+---------+------+---------+---------+-----+
|Available            |     4032|  9024|  2607360|  1303680|  960|
+---------------------+---------+------+---------+---------+-----+
|Utilization (%)      |        0|     0|       ~0|       ~0|    0|
+---------------------+---------+------+---------+---------+-----+

+ Detail: 
    * Instance: 
    +----------------------------------------------------------+-----------------------------------------------+---------+----+-----+------+-----+
    |                         Instance                         |                     Module                    | BRAM_18K| DSP|  FF |  LUT | URAM|
    +----------------------------------------------------------+-----------------------------------------------+---------+----+-----+------+-----+
    |grp_aligned_sum_guarded_15_Pipeline_align_terms_fu_404    |aligned_sum_guarded_15_Pipeline_align_terms    |        0|   0|  572|  2205|    0|
    |grp_aligned_sum_guarded_15_Pipeline_find_dominant_fu_338  |aligned_sum_guarded_15_Pipeline_find_dominant  |        0|   0|   23|   314|    0|
    +----------------------------------------------------------+-----------------------------------------------+---------+----+-----+------+-----+
    |Total                                                     |                                               |        0|   0|  595|  2519|    0|
    +----------------------------------------------------------+-----------------------------------------------+---------+----+-----+------+-----+

    * DSP: 
    N/A

    * Memory: 
    N/A

    * FIFO: 
    N/A

    * Expression: 
    +------------------+----------+----+---+----+------------+------------+
    |   Variable Name  | Operation| DSP| FF| LUT| Bitwidth P0| Bitwidth P1|
    +------------------+----------+----+---+----+------------+------------+
    |target_fu_450_p2  |         +|   0|  0|  23|          16|           4|
    +------------------+----------+----+---+----+------------+------------+
    |Total             |          |   0|  0|  23|          16|           4|
    +------------------+----------+----+---+----+------------+------------+

    * Multiplexer: 
    +-----------------------------------------+----+-----------+-----+-----------+
    |                   Name                  | LUT| Input Size| Bits| Total Bits|
    +-----------------------------------------+----+-----------+-----+-----------+
    |agg_result_0_0_reg_316                   |   9|          2|   32|         64|
    |agg_result_1_0_reg_327                   |   9|          2|   16|         32|
    |ap_NS_fsm                                |  37|          7|    1|          7|
    |ap_phi_mux_agg_result_0_0_phi_fu_320_p4  |   9|          2|   32|         64|
    |ap_phi_mux_agg_result_1_0_phi_fu_331_p4  |   9|          2|   16|         32|
    |ap_phi_mux_counters_1_2_phi_fu_301_p4    |   9|          2|   64|        128|
    |ap_phi_mux_counters_3_3_phi_fu_310_p4    |   9|          2|   64|        128|
    |ap_return_0                              |   9|          2|   32|         64|
    |ap_return_1                              |   9|          2|   16|         32|
    |ap_return_2                              |   9|          2|   64|        128|
    |ap_return_3                              |   9|          2|   64|        128|
    |counters_1_2_reg_298                     |   9|          2|   64|        128|
    |counters_3_3_reg_307                     |   9|          2|   64|        128|
    +-----------------------------------------+----+-----------+-----+-----------+
    |Total                                    | 145|         31|  529|       1063|
    +-----------------------------------------+----+-----------+-----+-----------+

    * Register: 
    +-----------------------------------------------------------------------+----+----+-----+-----------+
    |                                  Name                                 | FF | LUT| Bits| Const Bits|
    +-----------------------------------------------------------------------+----+----+-----+-----------+
    |agg_result_0_0_reg_316                                                 |  32|   0|   32|          0|
    |agg_result_1_0_reg_327                                                 |  16|   0|   16|          0|
    |ap_CS_fsm                                                              |   6|   0|    6|          0|
    |ap_return_0_preg                                                       |  32|   0|   32|          0|
    |ap_return_1_preg                                                       |  16|   0|   16|          0|
    |ap_return_2_preg                                                       |  64|   0|   64|          0|
    |ap_return_3_preg                                                       |  64|   0|   64|          0|
    |counters_1_2_reg_298                                                   |  64|   0|   64|          0|
    |counters_3_3_reg_307                                                   |  64|   0|   64|          0|
    |found_loc_fu_102                                                       |   1|   0|    1|          0|
    |found_loc_load_reg_714                                                 |   1|   0|    1|          0|
    |grp_aligned_sum_guarded_15_Pipeline_align_terms_fu_404_ap_start_reg    |   1|   0|    1|          0|
    |grp_aligned_sum_guarded_15_Pipeline_find_dominant_fu_338_ap_start_reg  |   1|   0|    1|          0|
    |target_reg_718                                                         |  16|   0|   16|          0|
    +-----------------------------------------------------------------------+----+----+-----+-----------+
    |Total                                                                  | 378|   0|  378|          0|
    +-----------------------------------------------------------------------+----+----+-----+-----------+



================================================================
== Interface
================================================================
* Summary: 
+------------------+-----+-----+------------+-------------------------+--------------+
|     RTL Ports    | Dir | Bits|  Protocol  |      Source Object      |    C Type    |
+------------------+-----+-----+------------+-------------------------+--------------+
|ap_clk            |   in|    1|  ap_ctrl_hs|  aligned_sum_guarded<15>|  return value|
|ap_rst            |   in|    1|  ap_ctrl_hs|  aligned_sum_guarded<15>|  return value|
|ap_start          |   in|    1|  ap_ctrl_hs|  aligned_sum_guarded<15>|  return value|
|ap_done           |  out|    1|  ap_ctrl_hs|  aligned_sum_guarded<15>|  return value|
|ap_idle           |  out|    1|  ap_ctrl_hs|  aligned_sum_guarded<15>|  return value|
|ap_ready          |  out|    1|  ap_ctrl_hs|  aligned_sum_guarded<15>|  return value|
|ap_return_0       |  out|   32|  ap_ctrl_hs|  aligned_sum_guarded<15>|  return value|
|ap_return_1       |  out|   16|  ap_ctrl_hs|  aligned_sum_guarded<15>|  return value|
|ap_return_2       |  out|   64|  ap_ctrl_hs|  aligned_sum_guarded<15>|  return value|
|ap_return_3       |  out|   64|  ap_ctrl_hs|  aligned_sum_guarded<15>|  return value|
|mantissas_0_val   |   in|   32|     ap_none|          mantissas_0_val|        scalar|
|mantissas_1_val   |   in|   36|     ap_none|          mantissas_1_val|        scalar|
|mantissas_2_val   |   in|   36|     ap_none|          mantissas_2_val|        scalar|
|mantissas_3_val   |   in|   36|     ap_none|          mantissas_3_val|        scalar|
|mantissas_4_val   |   in|   36|     ap_none|          mantissas_4_val|        scalar|
|mantissas_5_val   |   in|   36|     ap_none|          mantissas_5_val|        scalar|
|mantissas_6_val   |   in|   36|     ap_none|          mantissas_6_val|        scalar|
|mantissas_7_val   |   in|   36|     ap_none|          mantissas_7_val|        scalar|
|mantissas_8_val   |   in|   36|     ap_none|          mantissas_8_val|        scalar|
|mantissas_9_val   |   in|   36|     ap_none|          mantissas_9_val|        scalar|
|mantissas_10_val  |   in|   36|     ap_none|         mantissas_10_val|        scalar|
|mantissas_11_val  |   in|   36|     ap_none|         mantissas_11_val|        scalar|
|mantissas_12_val  |   in|   36|     ap_none|         mantissas_12_val|        scalar|
|mantissas_13_val  |   in|   36|     ap_none|         mantissas_13_val|        scalar|
|mantissas_14_val  |   in|   36|     ap_none|         mantissas_14_val|        scalar|
|exponents_0_val   |   in|   16|     ap_none|          exponents_0_val|        scalar|
|exponents_1_val   |   in|   16|     ap_none|          exponents_1_val|        scalar|
|exponents_2_val   |   in|   16|     ap_none|          exponents_2_val|        scalar|
|exponents_3_val   |   in|   16|     ap_none|          exponents_3_val|        scalar|
|exponents_4_val   |   in|   16|     ap_none|          exponents_4_val|        scalar|
|exponents_5_val   |   in|   16|     ap_none|          exponents_5_val|        scalar|
|exponents_6_val   |   in|   16|     ap_none|          exponents_6_val|        scalar|
|exponents_7_val   |   in|   16|     ap_none|          exponents_7_val|        scalar|
|exponents_8_val   |   in|   16|     ap_none|          exponents_8_val|        scalar|
|exponents_9_val   |   in|   16|     ap_none|          exponents_9_val|        scalar|
|exponents_10_val  |   in|   16|     ap_none|         exponents_10_val|        scalar|
|exponents_11_val  |   in|   16|     ap_none|         exponents_11_val|        scalar|
|exponents_12_val  |   in|   16|     ap_none|         exponents_12_val|        scalar|
|exponents_13_val  |   in|   16|     ap_none|         exponents_13_val|        scalar|
|exponents_14_val  |   in|   16|     ap_none|         exponents_14_val|        scalar|
|p_read2           |   in|   64|     ap_none|                  p_read2|        scalar|
|p_read3           |   in|   64|     ap_none|                  p_read3|        scalar|
+------------------+-----+-----+------------+-------------------------+--------------+

