

================================================================
== Vitis HLS Report for 'aligned_sum_guarded_512_Pipeline_align_terms'
================================================================
* Date:           Sun Aug  2 05:05:47 2026

* Version:        2025.2 (Build 6295257 on Nov 14 2025)
* Project:        gdn_e2m0_hls
* Solution:       u55c_250mhz (Vivado IP Flow Target)
* Product family: virtexuplusHBM
* Target device:  xcu55c-fsvh2892-2L-e


================================================================
== Performance Estimates
================================================================
+ Timing: 
    * Summary: 
    +--------+---------+----------+------------+
    |  Clock |  Target | Estimated| Uncertainty|
    +--------+---------+----------+------------+
    |ap_clk  |  4.00 ns|  3.106 ns|     1.08 ns|
    +--------+---------+----------+------------+

+ Latency: 
    * Summary: 
    +---------+---------+----------+----------+-----+-----+-------------------+
    |  Latency (cycles) |  Latency (absolute) |  Interval |      Pipeline     |
    |   min   |   max   |    min   |    max   | min | max |        Type       |
    +---------+---------+----------+----------+-----+-----+-------------------+
    |      518|      518|  2.072 us|  2.072 us|    0|    0|  loop pipeline stp|
    +---------+---------+----------+----------+-----+-----+-------------------+

    + Detail: 
        * Instance: 
        N/A

        * Loop: 
        +---------------+---------+---------+----------+-----------+-----------+------+----------+
        |               |  Latency (cycles) | Iteration|  Initiation Interval  | Trip |          |
        |   Loop Name   |   min   |   max   |  Latency |  achieved |   target  | Count| Pipelined|
        +---------------+---------+---------+----------+-----------+-----------+------+----------+
        |- align_terms  |      516|      516|         6|          1|          1|   512|       yes|
        +---------------+---------+---------+----------+-----------+-----------+------+----------+



================================================================
== Utilization Estimates
================================================================
* Summary: 
+---------------------+---------+------+---------+---------+-----+
|         Name        | BRAM_18K|  DSP |    FF   |   LUT   | URAM|
+---------------------+---------+------+---------+---------+-----+
|DSP                  |        -|     -|        -|        -|    -|
|Expression           |        -|     -|        0|     1728|    -|
|FIFO                 |        -|     -|        -|        -|    -|
|Instance             |        -|     -|        0|      167|    -|
|Memory               |        -|     -|        -|        -|    -|
|Multiplexer          |        -|     -|        0|       63|    -|
|Register             |        -|     -|      533|       32|    -|
+---------------------+---------+------+---------+---------+-----+
|Total                |        0|     0|      533|     1990|    0|
+---------------------+---------+------+---------+---------+-----+
|Available SLR        |     1344|  3008|   869120|   434560|  320|
+---------------------+---------+------+---------+---------+-----+
|Utilization SLR (%)  |        0|     0|       ~0|       ~0|    0|
+---------------------+---------+------+---------+---------+-----+
|Available            |     4032|  9024|  2607360|  1303680|  960|
+---------------------+---------+------+---------+---------+-----+
|Utilization (%)      |        0|     0|       ~0|       ~0|    0|
+---------------------+---------+------+---------+---------+-----+

+ Detail: 
    * Instance: 
    +----------------------------+-----------------------+---------+----+---+----+-----+
    |          Instance          |         Module        | BRAM_18K| DSP| FF| LUT| URAM|
    +----------------------------+-----------------------+---------+----+---+----+-----+
    |sparsemux_33_4_10_1_1_U372  |sparsemux_33_4_10_1_1  |        0|   0|  0|  65|    0|
    |sparsemux_33_4_9_1_1_U373   |sparsemux_33_4_9_1_1   |        0|   0|  0|  65|    0|
    |sparsemux_7_2_64_1_1_U376   |sparsemux_7_2_64_1_1   |        0|   0|  0|   9|    0|
    |sparsemux_9_3_32_1_1_U375   |sparsemux_9_3_32_1_1   |        0|   0|  0|  14|    0|
    |sparsemux_9_3_64_1_1_U374   |sparsemux_9_3_64_1_1   |        0|   0|  0|  14|    0|
    +----------------------------+-----------------------+---------+----+---+----+-----+
    |Total                       |                       |        0|   0|  0| 167|    0|
    +----------------------------+-----------------------+---------+----+---+----+-----+

    * DSP: 
    N/A

    * Memory: 
    N/A

    * FIFO: 
    N/A

    * Expression: 
    +-------------------------+----------+----+---+-----+------------+------------+
    |      Variable Name      | Operation| DSP| FF| LUT | Bitwidth P0| Bitwidth P1|
    +-------------------------+----------+----+---+-----+------------+------------+
    |add_ln108_fu_971_p2      |         +|   0|  0|   24|          17|           2|
    |add_ln111_fu_1094_p2     |         +|   0|  0|   17|          10|           1|
    |add_ln124_fu_1372_p2     |         +|   0|  0|   71|          64|           1|
    |add_ln187_fu_728_p2      |         +|   0|  0|   17|          10|           1|
    |add_ln199_fu_1221_p2     |         +|   0|  0|   71|          64|           1|
    |mask_fu_1034_p2          |         +|   0|  0|   17|          10|           2|
    |sum_fu_1242_p2           |         +|   0|  0|   72|          65|          65|
    |aligned_4_fu_1127_p2     |         -|   0|  0|   18|           1|          11|
    |magnitude_fu_991_p2      |         -|   0|  0|   17|           1|          10|
    |shift_fu_942_p2          |         -|   0|  0|   24|          17|          17|
    |sub_ln197_fu_1064_p2     |         -|   0|  0|   24|           1|          17|
    |and_ln110_fu_1104_p2     |       and|   0|  0|    2|           1|           1|
    |and_ln123_fu_1279_p2     |       and|   0|  0|    2|           1|           1|
    |and_ln127_fu_1320_p2     |       and|   0|  0|    2|           1|           1|
    |and_ln198_fu_1216_p2     |       and|   0|  0|    2|           1|           1|
    |and_ln95_fu_1144_p2      |       and|   0|  0|    2|           1|           1|
    |and_ln98_2_fu_1161_p2    |       and|   0|  0|    2|           1|           1|
    |and_ln98_fu_1156_p2      |       and|   0|  0|    2|           1|           1|
    |remainder_fu_1040_p2     |       and|   0|  0|   10|          10|          10|
    |icmp_ln109_fu_1089_p2    |      icmp|   0|  0|   71|          64|          64|
    |icmp_ln110_fu_1099_p2    |      icmp|   0|  0|   71|          64|          64|
    |icmp_ln123_fu_1258_p2    |      icmp|   0|  0|   41|          34|           1|
    |icmp_ln127_fu_1264_p2    |      icmp|   0|  0|   72|          65|          33|
    |icmp_ln187_fu_722_p2     |      icmp|   0|  0|   18|          10|          11|
    |icmp_ln190_fu_1049_p2    |      icmp|   0|  0|   17|          10|           1|
    |icmp_ln198_2_fu_1200_p2  |      icmp|   0|  0|   24|          17|           1|
    |icmp_ln198_fu_1211_p2    |      icmp|   0|  0|   71|          64|           1|
    |icmp_ln95_fu_1059_p2     |      icmp|   0|  0|   24|          17|           1|
    |icmp_ln98_fu_965_p2      |      icmp|   0|  0|   18|          11|           1|
    |quotient_fu_1014_p2      |      lshr|   0|  0|  182|          64|          64|
    |or_ln110_fu_1110_p2      |        or|   0|  0|    2|           1|           1|
    |or_ln123_fu_1309_p2      |        or|   0|  0|    2|           1|           1|
    |or_ln127_2_fu_1297_p2    |        or|   0|  0|    2|           1|           1|
    |or_ln127_fu_1285_p2      |        or|   0|  0|    2|           1|           1|
    |aligned_5_fu_1133_p3     |    select|   0|  0|   11|           1|          11|
    |counters_3_2_fu_1302_p3  |    select|   0|  0|   63|           1|          64|
    |magnitude_5_fu_996_p3    |    select|   0|  0|   10|           1|          10|
    |quotient_25_fu_1116_p3   |    select|   0|  0|   10|           1|          10|
    |select_ln198_fu_1227_p3  |    select|   0|  0|   63|           1|          64|
    |aligned_2_fu_1176_p2     |       shl|   0|  0|  182|          64|          64|
    |halfway_fu_985_p2        |       shl|   0|  0|  182|           1|          64|
    |shl_ln106_fu_1024_p2     |       shl|   0|  0|  182|           1|          64|
    |ap_enable_pp0            |       xor|   0|  0|    2|           1|           2|
    |xor_ln123_fu_1314_p2     |       xor|   0|  0|    2|           1|           2|
    |xor_ln127_fu_1291_p2     |       xor|   0|  0|    2|           1|           2|
    |xor_ln190_fu_1274_p2     |       xor|   0|  0|    2|           1|           2|
    |xor_ln195_fu_1054_p2     |       xor|   0|  0|    2|           1|           2|
    |xor_ln95_fu_1150_p2      |       xor|   0|  0|    2|           1|           2|
    +-------------------------+----------+----+---+-----+------------+------------+
    |Total                    |          |   0|  0| 1728|         778|         754|
    +-------------------------+----------+----+---+-----+------------+------------+

    * Multiplexer: 
    +-------------------------+----+-----------+-----+-----------+
    |           Name          | LUT| Input Size| Bits| Total Bits|
    +-------------------------+----+-----------+-----+-----------+
    |accumulator_fu_224       |   9|          2|   32|         64|
    |ap_done_int              |   9|          2|    1|          2|
    |ap_enable_reg_pp0_iter1  |   9|          2|    1|          2|
    |ap_sig_allocacmp_index   |   9|          2|   10|         20|
    |counters_1_0_fu_236      |   9|          2|   64|        128|
    |counters_3_0_fu_232      |   9|          2|   64|        128|
    |index_2_fu_228           |   9|          2|   10|         20|
    +-------------------------+----+-----------+-----+-----------+
    |Total                    |  63|         14|  182|        364|
    +-------------------------+----+-----------+-----+-----------+

    * Register: 
    +----------------------------------+----+----+-----+-----------+
    |               Name               | FF | LUT| Bits| Const Bits|
    +----------------------------------+----+----+-----+-----------+
    |accumulator_fu_224                |  32|   0|   32|          0|
    |aligned_2_reg_1695                |  64|   0|   64|          0|
    |and_ln123_reg_1706                |   1|   0|    1|          0|
    |ap_CS_fsm                         |   1|   0|    1|          0|
    |ap_done_reg                       |   1|   0|    1|          0|
    |ap_enable_reg_pp0_iter1           |   1|   0|    1|          0|
    |ap_enable_reg_pp0_iter2           |   1|   0|    1|          0|
    |ap_enable_reg_pp0_iter3           |   1|   0|    1|          0|
    |ap_enable_reg_pp0_iter4           |   1|   0|    1|          0|
    |ap_enable_reg_pp0_iter5           |   1|   0|    1|          0|
    |ap_loop_exit_ready_pp0_iter1_reg  |   1|   0|    1|          0|
    |ap_loop_exit_ready_pp0_iter2_reg  |   1|   0|    1|          0|
    |ap_loop_exit_ready_pp0_iter3_reg  |   1|   0|    1|          0|
    |ap_loop_exit_ready_pp0_iter4_reg  |   1|   0|    1|          0|
    |counters_1_0_fu_236               |  64|   0|   64|          0|
    |counters_3_0_fu_232               |  64|   0|   64|          0|
    |halfway_reg_1664                  |  64|   0|   64|          0|
    |icmp_ln187_reg_1457               |   1|   0|    1|          0|
    |icmp_ln190_reg_1686               |   1|   0|    1|          0|
    |icmp_ln198_2_reg_1701             |   1|   0|    1|          0|
    |icmp_ln98_reg_1659                |   1|   0|    1|          0|
    |index_2_fu_228                    |  10|   0|   10|          0|
    |negative_reg_1640                 |   1|   0|    1|          0|
    |negative_reg_1640_pp0_iter2_reg   |   1|   0|    1|          0|
    |or_ln127_2_reg_1711               |   1|   0|    1|          0|
    |quotient_reg_1670                 |  64|   0|   64|          0|
    |raw_reg_1627                      |  10|   0|   10|          0|
    |raw_reg_1627_pp0_iter2_reg        |  10|   0|   10|          0|
    |remainder_reg_1681                |  10|   0|   10|          0|
    |sext_ln187_cast_reg_1452          |  17|   0|   17|          0|
    |shift_reg_1646                    |  17|   0|   17|          0|
    |tmp_2_reg_1635                    |   9|   0|    9|          0|
    |tmp_reg_1653                      |   1|   0|    1|          0|
    |trunc_ln106_reg_1675              |  10|   0|   10|          0|
    |trunc_ln187_reg_1461              |   4|   0|    4|          0|
    |icmp_ln187_reg_1457               |  64|  32|    1|          0|
    +----------------------------------+----+----+-----+-----------+
    |Total                             | 533|  32|  470|          0|
    +----------------------------------+----+----+-----+-----------+



================================================================
== Interface
================================================================
* Summary: 
+-------------------------+-----+-----+------------+-----------------------------------------------+--------------+
|        RTL Ports        | Dir | Bits|  Protocol  |                 Source Object                 |    C Type    |
+-------------------------+-----+-----+------------+-----------------------------------------------+--------------+
|ap_clk                   |   in|    1|  ap_ctrl_hs|  aligned_sum_guarded<512>_Pipeline_align_terms|  return value|
|ap_rst                   |   in|    1|  ap_ctrl_hs|  aligned_sum_guarded<512>_Pipeline_align_terms|  return value|
|ap_start                 |   in|    1|  ap_ctrl_hs|  aligned_sum_guarded<512>_Pipeline_align_terms|  return value|
|ap_done                  |  out|    1|  ap_ctrl_hs|  aligned_sum_guarded<512>_Pipeline_align_terms|  return value|
|ap_idle                  |  out|    1|  ap_ctrl_hs|  aligned_sum_guarded<512>_Pipeline_align_terms|  return value|
|ap_ready                 |  out|    1|  ap_ctrl_hs|  aligned_sum_guarded<512>_Pipeline_align_terms|  return value|
|p_read2                  |   in|   64|     ap_none|                                        p_read2|        scalar|
|p_read3                  |   in|   64|     ap_none|                                        p_read3|        scalar|
|mantissas_0_address0     |  out|    5|   ap_memory|                                    mantissas_0|         array|
|mantissas_0_ce0          |  out|    1|   ap_memory|                                    mantissas_0|         array|
|mantissas_0_q0           |   in|   10|   ap_memory|                                    mantissas_0|         array|
|mantissas_1_address0     |  out|    5|   ap_memory|                                    mantissas_1|         array|
|mantissas_1_ce0          |  out|    1|   ap_memory|                                    mantissas_1|         array|
|mantissas_1_q0           |   in|   10|   ap_memory|                                    mantissas_1|         array|
|mantissas_2_address0     |  out|    5|   ap_memory|                                    mantissas_2|         array|
|mantissas_2_ce0          |  out|    1|   ap_memory|                                    mantissas_2|         array|
|mantissas_2_q0           |   in|   10|   ap_memory|                                    mantissas_2|         array|
|mantissas_3_address0     |  out|    5|   ap_memory|                                    mantissas_3|         array|
|mantissas_3_ce0          |  out|    1|   ap_memory|                                    mantissas_3|         array|
|mantissas_3_q0           |   in|   10|   ap_memory|                                    mantissas_3|         array|
|mantissas_4_address0     |  out|    5|   ap_memory|                                    mantissas_4|         array|
|mantissas_4_ce0          |  out|    1|   ap_memory|                                    mantissas_4|         array|
|mantissas_4_q0           |   in|   10|   ap_memory|                                    mantissas_4|         array|
|mantissas_5_address0     |  out|    5|   ap_memory|                                    mantissas_5|         array|
|mantissas_5_ce0          |  out|    1|   ap_memory|                                    mantissas_5|         array|
|mantissas_5_q0           |   in|   10|   ap_memory|                                    mantissas_5|         array|
|mantissas_6_address0     |  out|    5|   ap_memory|                                    mantissas_6|         array|
|mantissas_6_ce0          |  out|    1|   ap_memory|                                    mantissas_6|         array|
|mantissas_6_q0           |   in|   10|   ap_memory|                                    mantissas_6|         array|
|mantissas_7_address0     |  out|    5|   ap_memory|                                    mantissas_7|         array|
|mantissas_7_ce0          |  out|    1|   ap_memory|                                    mantissas_7|         array|
|mantissas_7_q0           |   in|   10|   ap_memory|                                    mantissas_7|         array|
|mantissas_8_address0     |  out|    5|   ap_memory|                                    mantissas_8|         array|
|mantissas_8_ce0          |  out|    1|   ap_memory|                                    mantissas_8|         array|
|mantissas_8_q0           |   in|   10|   ap_memory|                                    mantissas_8|         array|
|mantissas_9_address0     |  out|    5|   ap_memory|                                    mantissas_9|         array|
|mantissas_9_ce0          |  out|    1|   ap_memory|                                    mantissas_9|         array|
|mantissas_9_q0           |   in|   10|   ap_memory|                                    mantissas_9|         array|
|mantissas_10_address0    |  out|    5|   ap_memory|                                   mantissas_10|         array|
|mantissas_10_ce0         |  out|    1|   ap_memory|                                   mantissas_10|         array|
|mantissas_10_q0          |   in|   10|   ap_memory|                                   mantissas_10|         array|
|mantissas_11_address0    |  out|    5|   ap_memory|                                   mantissas_11|         array|
|mantissas_11_ce0         |  out|    1|   ap_memory|                                   mantissas_11|         array|
|mantissas_11_q0          |   in|   10|   ap_memory|                                   mantissas_11|         array|
|mantissas_12_address0    |  out|    5|   ap_memory|                                   mantissas_12|         array|
|mantissas_12_ce0         |  out|    1|   ap_memory|                                   mantissas_12|         array|
|mantissas_12_q0          |   in|   10|   ap_memory|                                   mantissas_12|         array|
|mantissas_13_address0    |  out|    5|   ap_memory|                                   mantissas_13|         array|
|mantissas_13_ce0         |  out|    1|   ap_memory|                                   mantissas_13|         array|
|mantissas_13_q0          |   in|   10|   ap_memory|                                   mantissas_13|         array|
|mantissas_14_address0    |  out|    5|   ap_memory|                                   mantissas_14|         array|
|mantissas_14_ce0         |  out|    1|   ap_memory|                                   mantissas_14|         array|
|mantissas_14_q0          |   in|   10|   ap_memory|                                   mantissas_14|         array|
|mantissas_15_address0    |  out|    5|   ap_memory|                                   mantissas_15|         array|
|mantissas_15_ce0         |  out|    1|   ap_memory|                                   mantissas_15|         array|
|mantissas_15_q0          |   in|   10|   ap_memory|                                   mantissas_15|         array|
|exponents_0_address0     |  out|    5|   ap_memory|                                    exponents_0|         array|
|exponents_0_ce0          |  out|    1|   ap_memory|                                    exponents_0|         array|
|exponents_0_q0           |   in|    9|   ap_memory|                                    exponents_0|         array|
|exponents_1_address0     |  out|    5|   ap_memory|                                    exponents_1|         array|
|exponents_1_ce0          |  out|    1|   ap_memory|                                    exponents_1|         array|
|exponents_1_q0           |   in|    9|   ap_memory|                                    exponents_1|         array|
|exponents_2_address0     |  out|    5|   ap_memory|                                    exponents_2|         array|
|exponents_2_ce0          |  out|    1|   ap_memory|                                    exponents_2|         array|
|exponents_2_q0           |   in|    9|   ap_memory|                                    exponents_2|         array|
|exponents_3_address0     |  out|    5|   ap_memory|                                    exponents_3|         array|
|exponents_3_ce0          |  out|    1|   ap_memory|                                    exponents_3|         array|
|exponents_3_q0           |   in|    9|   ap_memory|                                    exponents_3|         array|
|exponents_4_address0     |  out|    5|   ap_memory|                                    exponents_4|         array|
|exponents_4_ce0          |  out|    1|   ap_memory|                                    exponents_4|         array|
|exponents_4_q0           |   in|    9|   ap_memory|                                    exponents_4|         array|
|exponents_5_address0     |  out|    5|   ap_memory|                                    exponents_5|         array|
|exponents_5_ce0          |  out|    1|   ap_memory|                                    exponents_5|         array|
|exponents_5_q0           |   in|    9|   ap_memory|                                    exponents_5|         array|
|exponents_6_address0     |  out|    5|   ap_memory|                                    exponents_6|         array|
|exponents_6_ce0          |  out|    1|   ap_memory|                                    exponents_6|         array|
|exponents_6_q0           |   in|    9|   ap_memory|                                    exponents_6|         array|
|exponents_7_address0     |  out|    5|   ap_memory|                                    exponents_7|         array|
|exponents_7_ce0          |  out|    1|   ap_memory|                                    exponents_7|         array|
|exponents_7_q0           |   in|    9|   ap_memory|                                    exponents_7|         array|
|exponents_8_address0     |  out|    5|   ap_memory|                                    exponents_8|         array|
|exponents_8_ce0          |  out|    1|   ap_memory|                                    exponents_8|         array|
|exponents_8_q0           |   in|    9|   ap_memory|                                    exponents_8|         array|
|exponents_9_address0     |  out|    5|   ap_memory|                                    exponents_9|         array|
|exponents_9_ce0          |  out|    1|   ap_memory|                                    exponents_9|         array|
|exponents_9_q0           |   in|    9|   ap_memory|                                    exponents_9|         array|
|exponents_10_address0    |  out|    5|   ap_memory|                                   exponents_10|         array|
|exponents_10_ce0         |  out|    1|   ap_memory|                                   exponents_10|         array|
|exponents_10_q0          |   in|    9|   ap_memory|                                   exponents_10|         array|
|exponents_11_address0    |  out|    5|   ap_memory|                                   exponents_11|         array|
|exponents_11_ce0         |  out|    1|   ap_memory|                                   exponents_11|         array|
|exponents_11_q0          |   in|    9|   ap_memory|                                   exponents_11|         array|
|exponents_12_address0    |  out|    5|   ap_memory|                                   exponents_12|         array|
|exponents_12_ce0         |  out|    1|   ap_memory|                                   exponents_12|         array|
|exponents_12_q0          |   in|    9|   ap_memory|                                   exponents_12|         array|
|exponents_13_address0    |  out|    5|   ap_memory|                                   exponents_13|         array|
|exponents_13_ce0         |  out|    1|   ap_memory|                                   exponents_13|         array|
|exponents_13_q0          |   in|    9|   ap_memory|                                   exponents_13|         array|
|exponents_14_address0    |  out|    5|   ap_memory|                                   exponents_14|         array|
|exponents_14_ce0         |  out|    1|   ap_memory|                                   exponents_14|         array|
|exponents_14_q0          |   in|    9|   ap_memory|                                   exponents_14|         array|
|exponents_15_address0    |  out|    5|   ap_memory|                                   exponents_15|         array|
|exponents_15_ce0         |  out|    1|   ap_memory|                                   exponents_15|         array|
|exponents_15_q0          |   in|    9|   ap_memory|                                   exponents_15|         array|
|sext_ln187               |   in|   16|     ap_none|                                     sext_ln187|        scalar|
|counters_1_0_out         |  out|   64|      ap_vld|                               counters_1_0_out|       pointer|
|counters_1_0_out_ap_vld  |  out|    1|      ap_vld|                               counters_1_0_out|       pointer|
|counters_3_0_out         |  out|   64|      ap_vld|                               counters_3_0_out|       pointer|
|counters_3_0_out_ap_vld  |  out|    1|      ap_vld|                               counters_3_0_out|       pointer|
|accumulator_out          |  out|   32|      ap_vld|                                accumulator_out|       pointer|
|accumulator_out_ap_vld   |  out|    1|      ap_vld|                                accumulator_out|       pointer|
+-------------------------+-----+-----+------------+-----------------------------------------------+--------------+

