

================================================================
== Vitis HLS Report for 'aligned_sum_guarded_512_s'
================================================================
* Date:           Sun Aug  2 05:05:47 2026

* Version:        2025.2 (Build 6295257 on Nov 14 2025)
* Project:        gdn_e2m0_hls
* Solution:       u55c_250mhz (Vivado IP Flow Target)
* Product family: virtexuplusHBM
* Target device:  xcu55c-fsvh2892-2L-e


================================================================
== Performance Estimates
================================================================
+ Timing: 
    * Summary: 
    +--------+---------+----------+------------+
    |  Clock |  Target | Estimated| Uncertainty|
    +--------+---------+----------+------------+
    |ap_clk  |  4.00 ns|  3.106 ns|     1.08 ns|
    +--------+---------+----------+------------+

+ Latency: 
    * Summary: 
    +---------+---------+----------+----------+-----+------+---------+
    |  Latency (cycles) |  Latency (absolute) |  Interval  | Pipeline|
    |   min   |   max   |    min   |    max   | min |  max |   Type  |
    +---------+---------+----------+----------+-----+------+---------+
    |      517|     1036|  2.068 us|  4.144 us|  517|  1036|       no|
    +---------+---------+----------+----------+-----+------+---------+

    + Detail: 
        * Instance: 
        +-----------------------------------------------------------+------------------------------------------------+---------+---------+----------+----------+-----+-----+-------------------+
        |                                                           |                                                |  Latency (cycles) |  Latency (absolute) |  Interval |      Pipeline     |
        |                          Instance                         |                     Module                     |   min   |   max   |    min   |    max   | min | max |        Type       |
        +-----------------------------------------------------------+------------------------------------------------+---------+---------+----------+----------+-----+-----+-------------------+
        |grp_aligned_sum_guarded_512_Pipeline_find_dominant_fu_156  |aligned_sum_guarded_512_Pipeline_find_dominant  |      514|      514|  2.056 us|  2.056 us|    0|    0|  loop pipeline stp|
        |grp_aligned_sum_guarded_512_Pipeline_align_terms_fu_226    |aligned_sum_guarded_512_Pipeline_align_terms    |      518|      518|  2.072 us|  2.072 us|    0|    0|  loop pipeline stp|
        +-----------------------------------------------------------+------------------------------------------------+---------+---------+----------+----------+-----+-----+-------------------+

        * Loop: 
        N/A



================================================================
== Utilization Estimates
================================================================
* Summary: 
+---------------------+---------+------+---------+---------+-----+
|         Name        | BRAM_18K|  DSP |    FF   |   LUT   | URAM|
+---------------------+---------+------+---------+---------+-----+
|DSP                  |        -|     -|        -|        -|    -|
|Expression           |        -|     -|        0|       23|    -|
|FIFO                 |        -|     -|        -|        -|    -|
|Instance             |        -|     -|      568|     2293|    -|
|Memory               |        -|     -|        -|        -|    -|
|Multiplexer          |        -|     -|        0|     1035|    -|
|Register             |        -|     -|      376|        -|    -|
+---------------------+---------+------+---------+---------+-----+
|Total                |        0|     0|      944|     3351|    0|
+---------------------+---------+------+---------+---------+-----+
|Available SLR        |     1344|  3008|   869120|   434560|  320|
+---------------------+---------+------+---------+---------+-----+
|Utilization SLR (%)  |        0|     0|       ~0|       ~0|    0|
+---------------------+---------+------+---------+---------+-----+
|Available            |     4032|  9024|  2607360|  1303680|  960|
+---------------------+---------+------+---------+---------+-----+
|Utilization (%)      |        0|     0|       ~0|       ~0|    0|
+---------------------+---------+------+---------+---------+-----+

+ Detail: 
    * Instance: 
    +-----------------------------------------------------------+------------------------------------------------+---------+----+-----+------+-----+
    |                          Instance                         |                     Module                     | BRAM_18K| DSP|  FF |  LUT | URAM|
    +-----------------------------------------------------------+------------------------------------------------+---------+----+-----+------+-----+
    |grp_aligned_sum_guarded_512_Pipeline_align_terms_fu_226    |aligned_sum_guarded_512_Pipeline_align_terms    |        0|   0|  533|  1990|    0|
    |grp_aligned_sum_guarded_512_Pipeline_find_dominant_fu_156  |aligned_sum_guarded_512_Pipeline_find_dominant  |        0|   0|   35|   303|    0|
    +-----------------------------------------------------------+------------------------------------------------+---------+----+-----+------+-----+
    |Total                                                      |                                                |        0|   0|  568|  2293|    0|
    +-----------------------------------------------------------+------------------------------------------------+---------+----+-----+------+-----+

    * DSP: 
    N/A

    * Memory: 
    N/A

    * FIFO: 
    N/A

    * Expression: 
    +------------------+----------+----+---+----+------------+------------+
    |   Variable Name  | Operation| DSP| FF| LUT| Bitwidth P0| Bitwidth P1|
    +------------------+----------+----+---+----+------------+------------+
    |target_fu_308_p2  |         +|   0|  0|  23|          16|           4|
    +------------------+----------+----+---+----+------------+------------+
    |Total             |          |   0|  0|  23|          16|           4|
    +------------------+----------+----+---+----+------------+------------+

    * Multiplexer: 
    +-----------------------------------------+----+-----------+-----+-----------+
    |                   Name                  | LUT| Input Size| Bits| Total Bits|
    +-----------------------------------------+----+-----------+-----+-----------+
    |agg_result_0_0_reg_134                   |   9|          2|   32|         64|
    |agg_result_1_0_reg_145                   |   9|          2|   16|         32|
    |ap_NS_fsm                                |  31|          6|    1|          6|
    |ap_phi_mux_agg_result_0_0_phi_fu_138_p4  |   9|          2|   32|         64|
    |ap_phi_mux_agg_result_1_0_phi_fu_149_p4  |   9|          2|   16|         32|
    |ap_phi_mux_counters_1_2_phi_fu_119_p4    |   9|          2|   64|        128|
    |ap_phi_mux_counters_3_3_phi_fu_128_p4    |   9|          2|   64|        128|
    |ap_return_0                              |   9|          2|   32|         64|
    |ap_return_1                              |   9|          2|   16|         32|
    |ap_return_2                              |   9|          2|   64|        128|
    |ap_return_3                              |   9|          2|   64|        128|
    |counters_1_2_reg_116                     |   9|          2|   64|        128|
    |counters_3_3_reg_125                     |   9|          2|   64|        128|
    |exponents_0_address0                     |  14|          3|    5|         15|
    |exponents_0_ce0                          |  14|          3|    1|          3|
    |exponents_10_address0                    |  14|          3|    5|         15|
    |exponents_10_ce0                         |  14|          3|    1|          3|
    |exponents_11_address0                    |  14|          3|    5|         15|
    |exponents_11_ce0                         |  14|          3|    1|          3|
    |exponents_12_address0                    |  14|          3|    5|         15|
    |exponents_12_ce0                         |  14|          3|    1|          3|
    |exponents_13_address0                    |  14|          3|    5|         15|
    |exponents_13_ce0                         |  14|          3|    1|          3|
    |exponents_14_address0                    |  14|          3|    5|         15|
    |exponents_14_ce0                         |  14|          3|    1|          3|
    |exponents_15_address0                    |  14|          3|    5|         15|
    |exponents_15_ce0                         |  14|          3|    1|          3|
    |exponents_1_address0                     |  14|          3|    5|         15|
    |exponents_1_ce0                          |  14|          3|    1|          3|
    |exponents_2_address0                     |  14|          3|    5|         15|
    |exponents_2_ce0                          |  14|          3|    1|          3|
    |exponents_3_address0                     |  14|          3|    5|         15|
    |exponents_3_ce0                          |  14|          3|    1|          3|
    |exponents_4_address0                     |  14|          3|    5|         15|
    |exponents_4_ce0                          |  14|          3|    1|          3|
    |exponents_5_address0                     |  14|          3|    5|         15|
    |exponents_5_ce0                          |  14|          3|    1|          3|
    |exponents_6_address0                     |  14|          3|    5|         15|
    |exponents_6_ce0                          |  14|          3|    1|          3|
    |exponents_7_address0                     |  14|          3|    5|         15|
    |exponents_7_ce0                          |  14|          3|    1|          3|
    |exponents_8_address0                     |  14|          3|    5|         15|
    |exponents_8_ce0                          |  14|          3|    1|          3|
    |exponents_9_address0                     |  14|          3|    5|         15|
    |exponents_9_ce0                          |  14|          3|    1|          3|
    |mantissas_0_address0                     |  14|          3|    5|         15|
    |mantissas_0_ce0                          |  14|          3|    1|          3|
    |mantissas_10_address0                    |  14|          3|    5|         15|
    |mantissas_10_ce0                         |  14|          3|    1|          3|
    |mantissas_11_address0                    |  14|          3|    5|         15|
    |mantissas_11_ce0                         |  14|          3|    1|          3|
    |mantissas_12_address0                    |  14|          3|    5|         15|
    |mantissas_12_ce0                         |  14|          3|    1|          3|
    |mantissas_13_address0                    |  14|          3|    5|         15|
    |mantissas_13_ce0                         |  14|          3|    1|          3|
    |mantissas_14_address0                    |  14|          3|    5|         15|
    |mantissas_14_ce0                         |  14|          3|    1|          3|
    |mantissas_15_address0                    |  14|          3|    5|         15|
    |mantissas_15_ce0                         |  14|          3|    1|          3|
    |mantissas_1_address0                     |  14|          3|    5|         15|
    |mantissas_1_ce0                          |  14|          3|    1|          3|
    |mantissas_2_address0                     |  14|          3|    5|         15|
    |mantissas_2_ce0                          |  14|          3|    1|          3|
    |mantissas_3_address0                     |  14|          3|    5|         15|
    |mantissas_3_ce0                          |  14|          3|    1|          3|
    |mantissas_4_address0                     |  14|          3|    5|         15|
    |mantissas_4_ce0                          |  14|          3|    1|          3|
    |mantissas_5_address0                     |  14|          3|    5|         15|
    |mantissas_5_ce0                          |  14|          3|    1|          3|
    |mantissas_6_address0                     |  14|          3|    5|         15|
    |mantissas_6_ce0                          |  14|          3|    1|          3|
    |mantissas_7_address0                     |  14|          3|    5|         15|
    |mantissas_7_ce0                          |  14|          3|    1|          3|
    |mantissas_8_address0                     |  14|          3|    5|         15|
    |mantissas_8_ce0                          |  14|          3|    1|          3|
    |mantissas_9_address0                     |  14|          3|    5|         15|
    |mantissas_9_ce0                          |  14|          3|    1|          3|
    +-----------------------------------------+----+-----------+-----+-----------+
    |Total                                    |1035|        222|  721|       1638|
    +-----------------------------------------+----+-----------+-----+-----------+

    * Register: 
    +------------------------------------------------------------------------+----+----+-----+-----------+
    |                                  Name                                  | FF | LUT| Bits| Const Bits|
    +------------------------------------------------------------------------+----+----+-----+-----------+
    |agg_result_0_0_reg_134                                                  |  32|   0|   32|          0|
    |agg_result_1_0_reg_145                                                  |  16|   0|   16|          0|
    |ap_CS_fsm                                                               |   5|   0|    5|          0|
    |ap_return_0_preg                                                        |  32|   0|   32|          0|
    |ap_return_1_preg                                                        |  16|   0|   16|          0|
    |ap_return_2_preg                                                        |  64|   0|   64|          0|
    |ap_return_3_preg                                                        |  64|   0|   64|          0|
    |counters_1_2_reg_116                                                    |  64|   0|   64|          0|
    |counters_3_3_reg_125                                                    |  64|   0|   64|          0|
    |found_loc_load_reg_393                                                  |   1|   0|    1|          0|
    |grp_aligned_sum_guarded_512_Pipeline_align_terms_fu_226_ap_start_reg    |   1|   0|    1|          0|
    |grp_aligned_sum_guarded_512_Pipeline_find_dominant_fu_156_ap_start_reg  |   1|   0|    1|          0|
    |target_reg_397                                                          |  16|   0|   16|          0|
    +------------------------------------------------------------------------+----+----+-----+-----------+
    |Total                                                                   | 376|   0|  376|          0|
    +------------------------------------------------------------------------+----+----+-----+-----------+



================================================================
== Interface
================================================================
* Summary: 
+-----------------------+-----+-----+------------+--------------------------+--------------+
|       RTL Ports       | Dir | Bits|  Protocol  |       Source Object      |    C Type    |
+-----------------------+-----+-----+------------+--------------------------+--------------+
|ap_clk                 |   in|    1|  ap_ctrl_hs|  aligned_sum_guarded<512>|  return value|
|ap_rst                 |   in|    1|  ap_ctrl_hs|  aligned_sum_guarded<512>|  return value|
|ap_start               |   in|    1|  ap_ctrl_hs|  aligned_sum_guarded<512>|  return value|
|ap_done                |  out|    1|  ap_ctrl_hs|  aligned_sum_guarded<512>|  return value|
|ap_idle                |  out|    1|  ap_ctrl_hs|  aligned_sum_guarded<512>|  return value|
|ap_ready               |  out|    1|  ap_ctrl_hs|  aligned_sum_guarded<512>|  return value|
|ap_return_0            |  out|   32|  ap_ctrl_hs|  aligned_sum_guarded<512>|  return value|
|ap_return_1            |  out|   16|  ap_ctrl_hs|  aligned_sum_guarded<512>|  return value|
|ap_return_2            |  out|   64|  ap_ctrl_hs|  aligned_sum_guarded<512>|  return value|
|ap_return_3            |  out|   64|  ap_ctrl_hs|  aligned_sum_guarded<512>|  return value|
|mantissas_0_address0   |  out|    5|   ap_memory|               mantissas_0|         array|
|mantissas_0_ce0        |  out|    1|   ap_memory|               mantissas_0|         array|
|mantissas_0_q0         |   in|   10|   ap_memory|               mantissas_0|         array|
|mantissas_1_address0   |  out|    5|   ap_memory|               mantissas_1|         array|
|mantissas_1_ce0        |  out|    1|   ap_memory|               mantissas_1|         array|
|mantissas_1_q0         |   in|   10|   ap_memory|               mantissas_1|         array|
|mantissas_2_address0   |  out|    5|   ap_memory|               mantissas_2|         array|
|mantissas_2_ce0        |  out|    1|   ap_memory|               mantissas_2|         array|
|mantissas_2_q0         |   in|   10|   ap_memory|               mantissas_2|         array|
|mantissas_3_address0   |  out|    5|   ap_memory|               mantissas_3|         array|
|mantissas_3_ce0        |  out|    1|   ap_memory|               mantissas_3|         array|
|mantissas_3_q0         |   in|   10|   ap_memory|               mantissas_3|         array|
|mantissas_4_address0   |  out|    5|   ap_memory|               mantissas_4|         array|
|mantissas_4_ce0        |  out|    1|   ap_memory|               mantissas_4|         array|
|mantissas_4_q0         |   in|   10|   ap_memory|               mantissas_4|         array|
|mantissas_5_address0   |  out|    5|   ap_memory|               mantissas_5|         array|
|mantissas_5_ce0        |  out|    1|   ap_memory|               mantissas_5|         array|
|mantissas_5_q0         |   in|   10|   ap_memory|               mantissas_5|         array|
|mantissas_6_address0   |  out|    5|   ap_memory|               mantissas_6|         array|
|mantissas_6_ce0        |  out|    1|   ap_memory|               mantissas_6|         array|
|mantissas_6_q0         |   in|   10|   ap_memory|               mantissas_6|         array|
|mantissas_7_address0   |  out|    5|   ap_memory|               mantissas_7|         array|
|mantissas_7_ce0        |  out|    1|   ap_memory|               mantissas_7|         array|
|mantissas_7_q0         |   in|   10|   ap_memory|               mantissas_7|         array|
|mantissas_8_address0   |  out|    5|   ap_memory|               mantissas_8|         array|
|mantissas_8_ce0        |  out|    1|   ap_memory|               mantissas_8|         array|
|mantissas_8_q0         |   in|   10|   ap_memory|               mantissas_8|         array|
|mantissas_9_address0   |  out|    5|   ap_memory|               mantissas_9|         array|
|mantissas_9_ce0        |  out|    1|   ap_memory|               mantissas_9|         array|
|mantissas_9_q0         |   in|   10|   ap_memory|               mantissas_9|         array|
|mantissas_10_address0  |  out|    5|   ap_memory|              mantissas_10|         array|
|mantissas_10_ce0       |  out|    1|   ap_memory|              mantissas_10|         array|
|mantissas_10_q0        |   in|   10|   ap_memory|              mantissas_10|         array|
|mantissas_11_address0  |  out|    5|   ap_memory|              mantissas_11|         array|
|mantissas_11_ce0       |  out|    1|   ap_memory|              mantissas_11|         array|
|mantissas_11_q0        |   in|   10|   ap_memory|              mantissas_11|         array|
|mantissas_12_address0  |  out|    5|   ap_memory|              mantissas_12|         array|
|mantissas_12_ce0       |  out|    1|   ap_memory|              mantissas_12|         array|
|mantissas_12_q0        |   in|   10|   ap_memory|              mantissas_12|         array|
|mantissas_13_address0  |  out|    5|   ap_memory|              mantissas_13|         array|
|mantissas_13_ce0       |  out|    1|   ap_memory|              mantissas_13|         array|
|mantissas_13_q0        |   in|   10|   ap_memory|              mantissas_13|         array|
|mantissas_14_address0  |  out|    5|   ap_memory|              mantissas_14|         array|
|mantissas_14_ce0       |  out|    1|   ap_memory|              mantissas_14|         array|
|mantissas_14_q0        |   in|   10|   ap_memory|              mantissas_14|         array|
|mantissas_15_address0  |  out|    5|   ap_memory|              mantissas_15|         array|
|mantissas_15_ce0       |  out|    1|   ap_memory|              mantissas_15|         array|
|mantissas_15_q0        |   in|   10|   ap_memory|              mantissas_15|         array|
|exponents_0_address0   |  out|    5|   ap_memory|               exponents_0|         array|
|exponents_0_ce0        |  out|    1|   ap_memory|               exponents_0|         array|
|exponents_0_q0         |   in|    9|   ap_memory|               exponents_0|         array|
|exponents_1_address0   |  out|    5|   ap_memory|               exponents_1|         array|
|exponents_1_ce0        |  out|    1|   ap_memory|               exponents_1|         array|
|exponents_1_q0         |   in|    9|   ap_memory|               exponents_1|         array|
|exponents_2_address0   |  out|    5|   ap_memory|               exponents_2|         array|
|exponents_2_ce0        |  out|    1|   ap_memory|               exponents_2|         array|
|exponents_2_q0         |   in|    9|   ap_memory|               exponents_2|         array|
|exponents_3_address0   |  out|    5|   ap_memory|               exponents_3|         array|
|exponents_3_ce0        |  out|    1|   ap_memory|               exponents_3|         array|
|exponents_3_q0         |   in|    9|   ap_memory|               exponents_3|         array|
|exponents_4_address0   |  out|    5|   ap_memory|               exponents_4|         array|
|exponents_4_ce0        |  out|    1|   ap_memory|               exponents_4|         array|
|exponents_4_q0         |   in|    9|   ap_memory|               exponents_4|         array|
|exponents_5_address0   |  out|    5|   ap_memory|               exponents_5|         array|
|exponents_5_ce0        |  out|    1|   ap_memory|               exponents_5|         array|
|exponents_5_q0         |   in|    9|   ap_memory|               exponents_5|         array|
|exponents_6_address0   |  out|    5|   ap_memory|               exponents_6|         array|
|exponents_6_ce0        |  out|    1|   ap_memory|               exponents_6|         array|
|exponents_6_q0         |   in|    9|   ap_memory|               exponents_6|         array|
|exponents_7_address0   |  out|    5|   ap_memory|               exponents_7|         array|
|exponents_7_ce0        |  out|    1|   ap_memory|               exponents_7|         array|
|exponents_7_q0         |   in|    9|   ap_memory|               exponents_7|         array|
|exponents_8_address0   |  out|    5|   ap_memory|               exponents_8|         array|
|exponents_8_ce0        |  out|    1|   ap_memory|               exponents_8|         array|
|exponents_8_q0         |   in|    9|   ap_memory|               exponents_8|         array|
|exponents_9_address0   |  out|    5|   ap_memory|               exponents_9|         array|
|exponents_9_ce0        |  out|    1|   ap_memory|               exponents_9|         array|
|exponents_9_q0         |   in|    9|   ap_memory|               exponents_9|         array|
|exponents_10_address0  |  out|    5|   ap_memory|              exponents_10|         array|
|exponents_10_ce0       |  out|    1|   ap_memory|              exponents_10|         array|
|exponents_10_q0        |   in|    9|   ap_memory|              exponents_10|         array|
|exponents_11_address0  |  out|    5|   ap_memory|              exponents_11|         array|
|exponents_11_ce0       |  out|    1|   ap_memory|              exponents_11|         array|
|exponents_11_q0        |   in|    9|   ap_memory|              exponents_11|         array|
|exponents_12_address0  |  out|    5|   ap_memory|              exponents_12|         array|
|exponents_12_ce0       |  out|    1|   ap_memory|              exponents_12|         array|
|exponents_12_q0        |   in|    9|   ap_memory|              exponents_12|         array|
|exponents_13_address0  |  out|    5|   ap_memory|              exponents_13|         array|
|exponents_13_ce0       |  out|    1|   ap_memory|              exponents_13|         array|
|exponents_13_q0        |   in|    9|   ap_memory|              exponents_13|         array|
|exponents_14_address0  |  out|    5|   ap_memory|              exponents_14|         array|
|exponents_14_ce0       |  out|    1|   ap_memory|              exponents_14|         array|
|exponents_14_q0        |   in|    9|   ap_memory|              exponents_14|         array|
|exponents_15_address0  |  out|    5|   ap_memory|              exponents_15|         array|
|exponents_15_ce0       |  out|    1|   ap_memory|              exponents_15|         array|
|exponents_15_q0        |   in|    9|   ap_memory|              exponents_15|         array|
|p_read2                |   in|   64|     ap_none|                   p_read2|        scalar|
|p_read3                |   in|   64|     ap_none|                   p_read3|        scalar|
+-----------------------+-----+-----+------------+--------------------------+--------------+

