

================================================================
== Vitis HLS Report for 'aligned_sum_guarded_15_Pipeline_align_terms'
================================================================
* Date:           Sun Aug  2 05:05:48 2026

* Version:        2025.2 (Build 6295257 on Nov 14 2025)
* Project:        gdn_e2m0_hls
* Solution:       u55c_250mhz (Vivado IP Flow Target)
* Product family: virtexuplusHBM
* Target device:  xcu55c-fsvh2892-2L-e


================================================================
== Performance Estimates
================================================================
+ Timing: 
    * Summary: 
    +--------+---------+----------+------------+
    |  Clock |  Target | Estimated| Uncertainty|
    +--------+---------+----------+------------+
    |ap_clk  |  4.00 ns|  3.106 ns|     1.08 ns|
    +--------+---------+----------+------------+

+ Latency: 
    * Summary: 
    +---------+---------+-----------+-----------+-----+-----+-------------------+
    |  Latency (cycles) |   Latency (absolute)  |  Interval |      Pipeline     |
    |   min   |   max   |    min    |    max    | min | max |        Type       |
    +---------+---------+-----------+-----------+-----+-----+-------------------+
    |       20|       20|  80.000 ns|  80.000 ns|    0|    0|  loop pipeline stp|
    +---------+---------+-----------+-----------+-----+-----+-------------------+

    + Detail: 
        * Instance: 
        N/A

        * Loop: 
        +---------------+---------+---------+----------+-----------+-----------+------+----------+
        |               |  Latency (cycles) | Iteration|  Initiation Interval  | Trip |          |
        |   Loop Name   |   min   |   max   |  Latency |  achieved |   target  | Count| Pipelined|
        +---------------+---------+---------+----------+-----------+-----------+------+----------+
        |- align_terms  |       18|       18|         5|          1|          1|    15|       yes|
        +---------------+---------+---------+----------+-----------+-----------+------+----------+



================================================================
== Utilization Estimates
================================================================
* Summary: 
+---------------------+---------+------+---------+---------+-----+
|         Name        | BRAM_18K|  DSP |    FF   |   LUT   | URAM|
+---------------------+---------+------+---------+---------+-----+
|DSP                  |        -|     -|        -|        -|    -|
|Expression           |        -|     -|        0|     1943|    -|
|FIFO                 |        -|     -|        -|        -|    -|
|Instance             |        -|     -|        0|      167|    -|
|Memory               |        -|     -|        -|        -|    -|
|Multiplexer          |        -|     -|        0|       63|    -|
|Register             |        -|     -|      572|       32|    -|
+---------------------+---------+------+---------+---------+-----+
|Total                |        0|     0|      572|     2205|    0|
+---------------------+---------+------+---------+---------+-----+
|Available SLR        |     1344|  3008|   869120|   434560|  320|
+---------------------+---------+------+---------+---------+-----+
|Utilization SLR (%)  |        0|     0|       ~0|       ~0|    0|
+---------------------+---------+------+---------+---------+-----+
|Available            |     4032|  9024|  2607360|  1303680|  960|
+---------------------+---------+------+---------+---------+-----+
|Utilization (%)      |        0|     0|       ~0|       ~0|    0|
+---------------------+---------+------+---------+---------+-----+

+ Detail: 
    * Instance: 
    +----------------------------+-----------------------+---------+----+---+----+-----+
    |          Instance          |         Module        | BRAM_18K| DSP| FF| LUT| URAM|
    +----------------------------+-----------------------+---------+----+---+----+-----+
    |sparsemux_31_4_16_1_1_U655  |sparsemux_31_4_16_1_1  |        0|   0|  0|  65|    0|
    |sparsemux_31_4_36_1_1_U654  |sparsemux_31_4_36_1_1  |        0|   0|  0|  65|    0|
    |sparsemux_7_2_64_1_1_U658   |sparsemux_7_2_64_1_1   |        0|   0|  0|   9|    0|
    |sparsemux_9_3_32_1_1_U657   |sparsemux_9_3_32_1_1   |        0|   0|  0|  14|    0|
    |sparsemux_9_3_64_1_1_U656   |sparsemux_9_3_64_1_1   |        0|   0|  0|  14|    0|
    +----------------------------+-----------------------+---------+----+---+----+-----+
    |Total                       |                       |        0|   0|  0| 167|    0|
    +----------------------------+-----------------------+---------+----+---+----+-----+

    * DSP: 
    N/A

    * Memory: 
    N/A

    * FIFO: 
    N/A

    * Expression: 
    +-------------------------+----------+----+---+-----+------------+------------+
    |      Variable Name      | Operation| DSP| FF| LUT | Bitwidth P0| Bitwidth P1|
    +-------------------------+----------+----+---+-----+------------+------------+
    |add_ln108_fu_670_p2      |         +|   0|  0|   24|          17|           2|
    |add_ln111_fu_770_p2      |         +|   0|  0|   42|          35|           1|
    |add_ln124_fu_1087_p2     |         +|   0|  0|   71|          64|           1|
    |add_ln187_fu_490_p2      |         +|   0|  0|   12|           4|           1|
    |add_ln199_fu_936_p2      |         +|   0|  0|   71|          64|           1|
    |mask_fu_750_p2           |         +|   0|  0|   42|          35|           2|
    |sum_fu_957_p2            |         +|   0|  0|   72|          65|          65|
    |aligned_14_fu_842_p2     |         -|   0|  0|   43|           1|          36|
    |magnitude_fu_684_p2      |         -|   0|  0|   42|           1|          35|
    |shift_fu_640_p2          |         -|   0|  0|   24|          17|          17|
    |sub_ln197_fu_820_p2      |         -|   0|  0|   24|           1|          17|
    |and_ln110_fu_782_p2      |       and|   0|  0|    2|           1|           1|
    |and_ln123_fu_994_p2      |       and|   0|  0|    2|           1|           1|
    |and_ln127_fu_1035_p2     |       and|   0|  0|    2|           1|           1|
    |and_ln198_fu_931_p2      |       and|   0|  0|    2|           1|           1|
    |and_ln95_fu_859_p2       |       and|   0|  0|    2|           1|           1|
    |and_ln98_6_fu_876_p2     |       and|   0|  0|    2|           1|           1|
    |and_ln98_fu_871_p2       |       and|   0|  0|    2|           1|           1|
    |remainder_fu_755_p2      |       and|   0|  0|   35|          35|          35|
    |icmp_ln109_fu_764_p2     |      icmp|   0|  0|   71|          64|          64|
    |icmp_ln110_fu_776_p2     |      icmp|   0|  0|   71|          64|          64|
    |icmp_ln123_fu_973_p2     |      icmp|   0|  0|   41|          34|           1|
    |icmp_ln127_fu_979_p2     |      icmp|   0|  0|   72|          65|          33|
    |icmp_ln187_fu_484_p2     |      icmp|   0|  0|   12|           4|           2|
    |icmp_ln190_fu_805_p2     |      icmp|   0|  0|   43|          36|           1|
    |icmp_ln198_6_fu_915_p2   |      icmp|   0|  0|   24|          17|           1|
    |icmp_ln198_fu_926_p2     |      icmp|   0|  0|   71|          64|           1|
    |icmp_ln95_fu_815_p2      |      icmp|   0|  0|   24|          17|           1|
    |icmp_ln98_fu_664_p2      |      icmp|   0|  0|   18|          11|           1|
    |quotient_fu_737_p2       |      lshr|   0|  0|  182|          64|          64|
    |or_ln110_fu_788_p2       |        or|   0|  0|    2|           1|           1|
    |or_ln123_fu_1024_p2      |        or|   0|  0|    2|           1|           1|
    |or_ln127_6_fu_1012_p2    |        or|   0|  0|    2|           1|           1|
    |or_ln127_fu_1000_p2      |        or|   0|  0|    2|           1|           1|
    |aligned_15_fu_848_p3     |    select|   0|  0|   36|           1|          36|
    |counters_3_2_fu_1017_p3  |    select|   0|  0|   63|           1|          64|
    |magnitude_14_fu_690_p3   |    select|   0|  0|   35|           1|          35|
    |quotient_30_fu_794_p3    |    select|   0|  0|   35|           1|          35|
    |select_ln198_fu_942_p3   |    select|   0|  0|   63|           1|          64|
    |aligned_2_fu_891_p2      |       shl|   0|  0|  182|          64|          64|
    |halfway_fu_728_p2        |       shl|   0|  0|  182|           1|          64|
    |shl_ln106_fu_706_p2      |       shl|   0|  0|  182|           1|          64|
    |ap_enable_pp0            |       xor|   0|  0|    2|           1|           2|
    |xor_ln123_fu_1029_p2     |       xor|   0|  0|    2|           1|           2|
    |xor_ln127_fu_1006_p2     |       xor|   0|  0|    2|           1|           2|
    |xor_ln190_fu_989_p2      |       xor|   0|  0|    2|           1|           2|
    |xor_ln195_fu_810_p2      |       xor|   0|  0|    2|           1|           2|
    |xor_ln95_fu_865_p2       |       xor|   0|  0|    2|           1|           2|
    +-------------------------+----------+----+---+-----+------------+------------+
    |Total                    |          |   0|  0| 1943|         867|         895|
    +-------------------------+----------+----+---+-----+------------+------------+

    * Multiplexer: 
    +-------------------------+----+-----------+-----+-----------+
    |           Name          | LUT| Input Size| Bits| Total Bits|
    +-------------------------+----+-----------+-----+-----------+
    |accumulator_fu_218       |   9|          2|   32|         64|
    |ap_done_int              |   9|          2|    1|          2|
    |ap_enable_reg_pp0_iter1  |   9|          2|    1|          2|
    |ap_sig_allocacmp_index   |   9|          2|    4|          8|
    |counters_1_0_fu_230      |   9|          2|   64|        128|
    |counters_3_0_fu_226      |   9|          2|   64|        128|
    |index_7_fu_222           |   9|          2|    4|          8|
    +-------------------------+----+-----------+-----+-----------+
    |Total                    |  63|         14|  170|        340|
    +-------------------------+----+-----------+-----+-----------+

    * Register: 
    +----------------------------------+----+----+-----+-----------+
    |               Name               | FF | LUT| Bits| Const Bits|
    +----------------------------------+----+----+-----+-----------+
    |accumulator_fu_218                |  32|   0|   32|          0|
    |add_ln108_reg_1195                |  17|   0|   17|          0|
    |aligned_2_reg_1235                |  64|   0|   64|          0|
    |and_ln123_reg_1246                |   1|   0|    1|          0|
    |ap_CS_fsm                         |   1|   0|    1|          0|
    |ap_done_reg                       |   1|   0|    1|          0|
    |ap_enable_reg_pp0_iter1           |   1|   0|    1|          0|
    |ap_enable_reg_pp0_iter2           |   1|   0|    1|          0|
    |ap_enable_reg_pp0_iter3           |   1|   0|    1|          0|
    |ap_enable_reg_pp0_iter4           |   1|   0|    1|          0|
    |ap_loop_exit_ready_pp0_iter1_reg  |   1|   0|    1|          0|
    |ap_loop_exit_ready_pp0_iter2_reg  |   1|   0|    1|          0|
    |ap_loop_exit_ready_pp0_iter3_reg  |   1|   0|    1|          0|
    |counters_1_0_fu_230               |  64|   0|   64|          0|
    |counters_3_0_fu_226               |  64|   0|   64|          0|
    |icmp_ln187_reg_1167               |   1|   0|    1|          0|
    |icmp_ln190_reg_1226               |   1|   0|    1|          0|
    |icmp_ln198_6_reg_1241             |   1|   0|    1|          0|
    |icmp_ln98_reg_1190                |   1|   0|    1|          0|
    |icmp_ln98_reg_1190_pp0_iter1_reg  |   1|   0|    1|          0|
    |index_7_fu_222                    |   4|   0|    4|          0|
    |magnitude_14_reg_1205             |  35|   0|   35|          0|
    |negative_reg_1200                 |   1|   0|    1|          0|
    |negative_reg_1200_pp0_iter1_reg   |   1|   0|    1|          0|
    |or_ln127_6_reg_1251               |   1|   0|    1|          0|
    |quotient_30_reg_1221              |  35|   0|   35|          0|
    |raw_reg_1171                      |  36|   0|   36|          0|
    |raw_reg_1171_pp0_iter1_reg        |  36|   0|   36|          0|
    |shift_reg_1177                    |  17|   0|   17|          0|
    |shift_reg_1177_pp0_iter1_reg      |  17|   0|   17|          0|
    |tmp_reg_1184                      |   1|   0|    1|          0|
    |tmp_reg_1184_pp0_iter1_reg        |   1|   0|    1|          0|
    |trunc_ln106_14_reg_1216           |  35|   0|   35|          0|
    |zext_ln105_12_reg_1211            |  32|   0|   64|         32|
    |icmp_ln187_reg_1167               |  64|  32|    1|          0|
    +----------------------------------+----+----+-----+-----------+
    |Total                             | 572|  32|  541|         32|
    +----------------------------------+----+----+-----+-----------+



================================================================
== Interface
================================================================
* Summary: 
+-------------------------+-----+-----+------------+----------------------------------------------+--------------+
|        RTL Ports        | Dir | Bits|  Protocol  |                 Source Object                |    C Type    |
+-------------------------+-----+-----+------------+----------------------------------------------+--------------+
|ap_clk                   |   in|    1|  ap_ctrl_hs|  aligned_sum_guarded<15>_Pipeline_align_terms|  return value|
|ap_rst                   |   in|    1|  ap_ctrl_hs|  aligned_sum_guarded<15>_Pipeline_align_terms|  return value|
|ap_start                 |   in|    1|  ap_ctrl_hs|  aligned_sum_guarded<15>_Pipeline_align_terms|  return value|
|ap_done                  |  out|    1|  ap_ctrl_hs|  aligned_sum_guarded<15>_Pipeline_align_terms|  return value|
|ap_idle                  |  out|    1|  ap_ctrl_hs|  aligned_sum_guarded<15>_Pipeline_align_terms|  return value|
|ap_ready                 |  out|    1|  ap_ctrl_hs|  aligned_sum_guarded<15>_Pipeline_align_terms|  return value|
|p_read2                  |   in|   64|     ap_none|                                       p_read2|        scalar|
|p_read3                  |   in|   64|     ap_none|                                       p_read3|        scalar|
|sext_ln169               |   in|   32|     ap_none|                                    sext_ln169|        scalar|
|mantissas_1_val          |   in|   36|     ap_none|                               mantissas_1_val|        scalar|
|mantissas_2_val          |   in|   36|     ap_none|                               mantissas_2_val|        scalar|
|mantissas_3_val          |   in|   36|     ap_none|                               mantissas_3_val|        scalar|
|mantissas_4_val          |   in|   36|     ap_none|                               mantissas_4_val|        scalar|
|mantissas_5_val          |   in|   36|     ap_none|                               mantissas_5_val|        scalar|
|mantissas_6_val          |   in|   36|     ap_none|                               mantissas_6_val|        scalar|
|mantissas_7_val          |   in|   36|     ap_none|                               mantissas_7_val|        scalar|
|mantissas_8_val          |   in|   36|     ap_none|                               mantissas_8_val|        scalar|
|mantissas_9_val          |   in|   36|     ap_none|                               mantissas_9_val|        scalar|
|mantissas_10_val         |   in|   36|     ap_none|                              mantissas_10_val|        scalar|
|mantissas_11_val         |   in|   36|     ap_none|                              mantissas_11_val|        scalar|
|mantissas_12_val         |   in|   36|     ap_none|                              mantissas_12_val|        scalar|
|mantissas_13_val         |   in|   36|     ap_none|                              mantissas_13_val|        scalar|
|mantissas_14_val         |   in|   36|     ap_none|                              mantissas_14_val|        scalar|
|exponents_0_val          |   in|   16|     ap_none|                               exponents_0_val|        scalar|
|exponents_1_val          |   in|   16|     ap_none|                               exponents_1_val|        scalar|
|exponents_2_val          |   in|   16|     ap_none|                               exponents_2_val|        scalar|
|exponents_3_val          |   in|   16|     ap_none|                               exponents_3_val|        scalar|
|exponents_4_val          |   in|   16|     ap_none|                               exponents_4_val|        scalar|
|exponents_5_val          |   in|   16|     ap_none|                               exponents_5_val|        scalar|
|exponents_6_val          |   in|   16|     ap_none|                               exponents_6_val|        scalar|
|exponents_7_val          |   in|   16|     ap_none|                               exponents_7_val|        scalar|
|exponents_8_val          |   in|   16|     ap_none|                               exponents_8_val|        scalar|
|exponents_9_val          |   in|   16|     ap_none|                               exponents_9_val|        scalar|
|exponents_10_val         |   in|   16|     ap_none|                              exponents_10_val|        scalar|
|exponents_11_val         |   in|   16|     ap_none|                              exponents_11_val|        scalar|
|exponents_12_val         |   in|   16|     ap_none|                              exponents_12_val|        scalar|
|exponents_13_val         |   in|   16|     ap_none|                              exponents_13_val|        scalar|
|exponents_14_val         |   in|   16|     ap_none|                              exponents_14_val|        scalar|
|sext_ln187               |   in|   16|     ap_none|                                    sext_ln187|        scalar|
|counters_1_0_out         |  out|   64|      ap_vld|                              counters_1_0_out|       pointer|
|counters_1_0_out_ap_vld  |  out|    1|      ap_vld|                              counters_1_0_out|       pointer|
|counters_3_0_out         |  out|   64|      ap_vld|                              counters_3_0_out|       pointer|
|counters_3_0_out_ap_vld  |  out|    1|      ap_vld|                              counters_3_0_out|       pointer|
|accumulator_out          |  out|   32|      ap_vld|                               accumulator_out|       pointer|
|accumulator_out_ap_vld   |  out|    1|      ap_vld|                               accumulator_out|       pointer|
+-------------------------+-----+-----+------------+----------------------------------------------+--------------+

