

================================================================
== Vitis HLS Report for 'aligned_sum_guarded_2_1'
================================================================
* Date:           Sun Aug  2 05:05:50 2026

* Version:        2025.2 (Build 6295257 on Nov 14 2025)
* Project:        gdn_e2m0_hls
* Solution:       u55c_250mhz (Vivado IP Flow Target)
* Product family: virtexuplusHBM
* Target device:  xcu55c-fsvh2892-2L-e


================================================================
== Performance Estimates
================================================================
+ Timing: 
    * Summary: 
    +--------+---------+----------+------------+
    |  Clock |  Target | Estimated| Uncertainty|
    +--------+---------+----------+------------+
    |ap_clk  |  4.00 ns|  3.106 ns|     1.08 ns|
    +--------+---------+----------+------------+

+ Latency: 
    * Summary: 
    +---------+---------+-----------+-----------+-----+-----+---------+
    |  Latency (cycles) |   Latency (absolute)  |  Interval | Pipeline|
    |   min   |   max   |    min    |    max    | min | max |   Type  |
    +---------+---------+-----------+-----------+-----+-----+---------+
    |        7|       15|  28.000 ns|  60.000 ns|    7|   15|       no|
    +---------+---------+-----------+-----------+-----+-----+---------+

    + Detail: 
        * Instance: 
        +-----------------------------------------------------------+------------------------------------------------+---------+---------+-----------+-----------+-----+-----+-------------------+
        |                                                           |                                                |  Latency (cycles) |   Latency (absolute)  |  Interval |      Pipeline     |
        |                          Instance                         |                     Module                     |   min   |   max   |    min    |    max    | min | max |        Type       |
        +-----------------------------------------------------------+------------------------------------------------+---------+---------+-----------+-----------+-----+-----+-------------------+
        |grp_aligned_sum_guarded_2_1_Pipeline_find_dominant_fu_132  |aligned_sum_guarded_2_1_Pipeline_find_dominant  |        4|        4|  16.000 ns|  16.000 ns|    0|    0|  loop pipeline stp|
        |grp_aligned_sum_guarded_2_1_Pipeline_align_terms_fu_146    |aligned_sum_guarded_2_1_Pipeline_align_terms    |        7|        7|  28.000 ns|  28.000 ns|    0|    0|  loop pipeline stp|
        +-----------------------------------------------------------+------------------------------------------------+---------+---------+-----------+-----------+-----+-----+-------------------+

        * Loop: 
        N/A



================================================================
== Utilization Estimates
================================================================
* Summary: 
+---------------------+---------+------+---------+---------+-----+
|         Name        | BRAM_18K|  DSP |    FF   |   LUT   | URAM|
+---------------------+---------+------+---------+---------+-----+
|DSP                  |        -|     -|        -|        -|    -|
|Expression           |        -|     -|        0|       23|    -|
|FIFO                 |        -|     -|        -|        -|    -|
|Instance             |        -|     -|      574|     2331|    -|
|Memory               |        -|     -|        -|        -|    -|
|Multiplexer          |        -|     -|        0|      139|    -|
|Register             |        -|     -|      377|        -|    -|
+---------------------+---------+------+---------+---------+-----+
|Total                |        0|     0|      951|     2493|    0|
+---------------------+---------+------+---------+---------+-----+
|Available SLR        |     1344|  3008|   869120|   434560|  320|
+---------------------+---------+------+---------+---------+-----+
|Utilization SLR (%)  |        0|     0|       ~0|       ~0|    0|
+---------------------+---------+------+---------+---------+-----+
|Available            |     4032|  9024|  2607360|  1303680|  960|
+---------------------+---------+------+---------+---------+-----+
|Utilization (%)      |        0|     0|       ~0|       ~0|    0|
+---------------------+---------+------+---------+---------+-----+

+ Detail: 
    * Instance: 
    +-----------------------------------------------------------+------------------------------------------------+---------+----+-----+------+-----+
    |                          Instance                         |                     Module                     | BRAM_18K| DSP|  FF |  LUT | URAM|
    +-----------------------------------------------------------+------------------------------------------------+---------+----+-----+------+-----+
    |grp_aligned_sum_guarded_2_1_Pipeline_align_terms_fu_146    |aligned_sum_guarded_2_1_Pipeline_align_terms    |        0|   0|  553|  2099|    0|
    |grp_aligned_sum_guarded_2_1_Pipeline_find_dominant_fu_132  |aligned_sum_guarded_2_1_Pipeline_find_dominant  |        0|   0|   21|   232|    0|
    +-----------------------------------------------------------+------------------------------------------------+---------+----+-----+------+-----+
    |Total                                                      |                                                |        0|   0|  574|  2331|    0|
    +-----------------------------------------------------------+------------------------------------------------+---------+----+-----+------+-----+

    * DSP: 
    N/A

    * Memory: 
    N/A

    * FIFO: 
    N/A

    * Expression: 
    +------------------+----------+----+---+----+------------+------------+
    |   Variable Name  | Operation| DSP| FF| LUT| Bitwidth P0| Bitwidth P1|
    +------------------+----------+----+---+----+------------+------------+
    |target_fu_168_p2  |         +|   0|  0|  23|          16|           4|
    +------------------+----------+----+---+----+------------+------------+
    |Total             |          |   0|  0|  23|          16|           4|
    +------------------+----------+----+---+----+------------+------------+

    * Multiplexer: 
    +-----------------------------------------+----+-----------+-----+-----------+
    |                   Name                  | LUT| Input Size| Bits| Total Bits|
    +-----------------------------------------+----+-----------+-----+-----------+
    |agg_result_0_0_reg_110                   |   9|          2|   32|         64|
    |agg_result_1_0_reg_121                   |   9|          2|   16|         32|
    |ap_NS_fsm                                |  31|          6|    1|          6|
    |ap_phi_mux_agg_result_0_0_phi_fu_114_p4  |   9|          2|   32|         64|
    |ap_phi_mux_agg_result_1_0_phi_fu_125_p4  |   9|          2|   16|         32|
    |ap_phi_mux_counters_1_2_phi_fu_95_p4     |   9|          2|   64|        128|
    |ap_phi_mux_counters_3_3_phi_fu_104_p4    |   9|          2|   64|        128|
    |ap_return_0                              |   9|          2|   32|         64|
    |ap_return_1                              |   9|          2|   16|         32|
    |ap_return_2                              |   9|          2|   64|        128|
    |ap_return_3                              |   9|          2|   64|        128|
    |counters_1_2_reg_92                      |   9|          2|   64|        128|
    |counters_3_3_reg_101                     |   9|          2|   64|        128|
    +-----------------------------------------+----+-----------+-----+-----------+
    |Total                                    | 139|         30|  529|       1062|
    +-----------------------------------------+----+-----------+-----+-----------+

    * Register: 
    +------------------------------------------------------------------------+----+----+-----+-----------+
    |                                  Name                                  | FF | LUT| Bits| Const Bits|
    +------------------------------------------------------------------------+----+----+-----+-----------+
    |agg_result_0_0_reg_110                                                  |  32|   0|   32|          0|
    |agg_result_1_0_reg_121                                                  |  16|   0|   16|          0|
    |ap_CS_fsm                                                               |   5|   0|    5|          0|
    |ap_return_0_preg                                                        |  32|   0|   32|          0|
    |ap_return_1_preg                                                        |  16|   0|   16|          0|
    |ap_return_2_preg                                                        |  64|   0|   64|          0|
    |ap_return_3_preg                                                        |  64|   0|   64|          0|
    |counters_1_2_reg_92                                                     |  64|   0|   64|          0|
    |counters_3_3_reg_101                                                    |  64|   0|   64|          0|
    |found_loc_fu_52                                                         |   1|   0|    1|          0|
    |found_loc_load_reg_277                                                  |   1|   0|    1|          0|
    |grp_aligned_sum_guarded_2_1_Pipeline_align_terms_fu_146_ap_start_reg    |   1|   0|    1|          0|
    |grp_aligned_sum_guarded_2_1_Pipeline_find_dominant_fu_132_ap_start_reg  |   1|   0|    1|          0|
    |target_reg_281                                                          |  16|   0|   16|          0|
    +------------------------------------------------------------------------+----+----+-----+-----------+
    |Total                                                                   | 377|   0|  377|          0|
    +------------------------------------------------------------------------+----+----+-----+-----------+



================================================================
== Interface
================================================================
* Summary: 
+-------------+-----+-----+------------+--------------------------+--------------+
|  RTL Ports  | Dir | Bits|  Protocol  |       Source Object      |    C Type    |
+-------------+-----+-----+------------+--------------------------+--------------+
|ap_clk       |   in|    1|  ap_ctrl_hs|  aligned_sum_guarded<2>.1|  return value|
|ap_rst       |   in|    1|  ap_ctrl_hs|  aligned_sum_guarded<2>.1|  return value|
|ap_start     |   in|    1|  ap_ctrl_hs|  aligned_sum_guarded<2>.1|  return value|
|ap_done      |  out|    1|  ap_ctrl_hs|  aligned_sum_guarded<2>.1|  return value|
|ap_idle      |  out|    1|  ap_ctrl_hs|  aligned_sum_guarded<2>.1|  return value|
|ap_ready     |  out|    1|  ap_ctrl_hs|  aligned_sum_guarded<2>.1|  return value|
|ap_return_0  |  out|   32|  ap_ctrl_hs|  aligned_sum_guarded<2>.1|  return value|
|ap_return_1  |  out|   16|  ap_ctrl_hs|  aligned_sum_guarded<2>.1|  return value|
|ap_return_2  |  out|   64|  ap_ctrl_hs|  aligned_sum_guarded<2>.1|  return value|
|ap_return_3  |  out|   64|  ap_ctrl_hs|  aligned_sum_guarded<2>.1|  return value|
|p_read2      |   in|   32|     ap_none|                   p_read2|        scalar|
|p_read5      |   in|    5|     ap_none|                   p_read5|        scalar|
|p_read6      |   in|   16|     ap_none|                   p_read6|        scalar|
|p_read7      |   in|    8|     ap_none|                   p_read7|        scalar|
|p_read3      |   in|   64|     ap_none|                   p_read3|        scalar|
|p_read4      |   in|   64|     ap_none|                   p_read4|        scalar|
+-------------+-----+-----+------------+--------------------------+--------------+

