

================================================================
== Vitis HLS Report for 'aligned_sum_guarded_2_Pipeline_find_dominant'
================================================================
* Date:           Sun Aug  2 05:06:09 2026

* Version:        2025.2 (Build 6295257 on Nov 14 2025)
* Project:        gdn_e2m0_hls
* Solution:       u55c_250mhz (Vivado IP Flow Target)
* Product family: virtexuplusHBM
* Target device:  xcu55c-fsvh2892-2L-e


================================================================
== Performance Estimates
================================================================
+ Timing: 
    * Summary: 
    +--------+---------+----------+------------+
    |  Clock |  Target | Estimated| Uncertainty|
    +--------+---------+----------+------------+
    |ap_clk  |  4.00 ns|  2.541 ns|     1.08 ns|
    +--------+---------+----------+------------+

+ Latency: 
    * Summary: 
    +---------+---------+-----------+-----------+-----+-----+-------------------+
    |  Latency (cycles) |   Latency (absolute)  |  Interval |      Pipeline     |
    |   min   |   max   |    min    |    max    | min | max |        Type       |
    +---------+---------+-----------+-----------+-----+-----+-------------------+
    |        4|        4|  16.000 ns|  16.000 ns|    0|    0|  loop pipeline stp|
    +---------+---------+-----------+-----------+-----+-----+-------------------+

    + Detail: 
        * Instance: 
        N/A

        * Loop: 
        +-----------------+---------+---------+----------+-----------+-----------+------+----------+
        |                 |  Latency (cycles) | Iteration|  Initiation Interval  | Trip |          |
        |    Loop Name    |   min   |   max   |  Latency |  achieved |   target  | Count| Pipelined|
        +-----------------+---------+---------+----------+-----------+-----------+------+----------+
        |- find_dominant  |        2|        2|         1|          1|          1|     2|       yes|
        +-----------------+---------+---------+----------+-----------+-----------+------+----------+



================================================================
== Utilization Estimates
================================================================
* Summary: 
+---------------------+---------+------+---------+---------+-----+
|         Name        | BRAM_18K|  DSP |    FF   |   LUT   | URAM|
+---------------------+---------+------+---------+---------+-----+
|DSP                  |        -|     -|        -|        -|    -|
|Expression           |        -|     -|        0|      116|    -|
|FIFO                 |        -|     -|        -|        -|    -|
|Instance             |        -|     -|        -|        -|    -|
|Memory               |        -|     -|        -|        -|    -|
|Multiplexer          |        -|     -|        0|       54|    -|
|Register             |        -|     -|       21|        -|    -|
+---------------------+---------+------+---------+---------+-----+
|Total                |        0|     0|       21|      170|    0|
+---------------------+---------+------+---------+---------+-----+
|Available SLR        |     1344|  3008|   869120|   434560|  320|
+---------------------+---------+------+---------+---------+-----+
|Utilization SLR (%)  |        0|     0|       ~0|       ~0|    0|
+---------------------+---------+------+---------+---------+-----+
|Available            |     4032|  9024|  2607360|  1303680|  960|
+---------------------+---------+------+---------+---------+-----+
|Utilization (%)      |        0|     0|       ~0|       ~0|    0|
+---------------------+---------+------+---------+---------+-----+

+ Detail: 
    * Instance: 
    N/A

    * DSP: 
    N/A

    * Memory: 
    N/A

    * FIFO: 
    N/A

    * Expression: 
    +--------------------------+----------+----+---+----+------------+------------+
    |       Variable Name      | Operation| DSP| FF| LUT| Bitwidth P0| Bitwidth P1|
    +--------------------------+----------+----+---+----+------------+------------+
    |add_ln173_fu_134_p2       |         +|   0|  0|   9|           2|           1|
    |icmp_ln173_fu_128_p2      |      icmp|   0|  0|  10|           2|           3|
    |icmp_ln175_1_fu_143_p2    |      icmp|   0|  0|   9|           2|           1|
    |icmp_ln175_fu_157_p2      |      icmp|   0|  0|  12|           5|           1|
    |icmp_ln176_fu_181_p2      |      icmp|   0|  0|  23|          16|          16|
    |found_1_fu_215_p2         |        or|   0|  0|   2|           1|           1|
    |or_ln176_fu_187_p2        |        or|   0|  0|   2|           1|           1|
    |dominant_1_fu_201_p3      |    select|   0|  0|  16|           1|          16|
    |select_ln175_fu_149_p3    |    select|   0|  0|   5|           1|           5|
    |select_ln176_fu_193_p3    |    select|   0|  0|  16|           1|          16|
    |select_ln177_fu_163_p3    |    select|   0|  0|   8|           1|           8|
    |not_icmp_ln175_fu_209_p2  |       xor|   0|  0|   2|           1|           2|
    |xor_ln176_fu_175_p2       |       xor|   0|  0|   2|           1|           2|
    +--------------------------+----------+----+---+----+------------+------------+
    |Total                     |          |   0|  0| 116|          35|          73|
    +--------------------------+----------+----+---+----+------------+------------+

    * Multiplexer: 
    +----------------------------------+----+-----------+-----+-----------+
    |               Name               | LUT| Input Size| Bits| Total Bits|
    +----------------------------------+----+-----------+-----+-----------+
    |ap_done_int                       |   9|          2|    1|          2|
    |ap_phi_mux_found_phi_fu_103_p4    |   9|          2|    1|          2|
    |ap_sig_allocacmp_dominant_load_4  |   9|          2|   16|         32|
    |ap_sig_allocacmp_index_5          |   9|          2|    2|          4|
    |dominant_fu_54                    |   9|          2|   16|         32|
    |index_fu_58                       |   9|          2|    2|          4|
    +----------------------------------+----+-----------+-----+-----------+
    |Total                             |  54|         12|   38|         76|
    +----------------------------------+----+-----------+-----+-----------+

    * Register: 
    +----------------+----+----+-----+-----------+
    |      Name      | FF | LUT| Bits| Const Bits|
    +----------------+----+----+-----+-----------+
    |ap_CS_fsm       |   1|   0|    1|          0|
    |ap_done_reg     |   1|   0|    1|          0|
    |dominant_fu_54  |  16|   0|   16|          0|
    |found_reg_100   |   1|   0|    1|          0|
    |index_fu_58     |   2|   0|    2|          0|
    +----------------+----+----+-----+-----------+
    |Total           |  21|   0|   21|          0|
    +----------------+----+----+-----+-----------+



================================================================
== Interface
================================================================
* Summary: 
+---------------------+-----+-----+------------+-----------------------------------------------+--------------+
|      RTL Ports      | Dir | Bits|  Protocol  |                 Source Object                 |    C Type    |
+---------------------+-----+-----+------------+-----------------------------------------------+--------------+
|ap_clk               |   in|    1|  ap_ctrl_hs|  aligned_sum_guarded<2>_Pipeline_find_dominant|  return value|
|ap_rst               |   in|    1|  ap_ctrl_hs|  aligned_sum_guarded<2>_Pipeline_find_dominant|  return value|
|ap_start             |   in|    1|  ap_ctrl_hs|  aligned_sum_guarded<2>_Pipeline_find_dominant|  return value|
|ap_done              |  out|    1|  ap_ctrl_hs|  aligned_sum_guarded<2>_Pipeline_find_dominant|  return value|
|ap_idle              |  out|    1|  ap_ctrl_hs|  aligned_sum_guarded<2>_Pipeline_find_dominant|  return value|
|ap_ready             |  out|    1|  ap_ctrl_hs|  aligned_sum_guarded<2>_Pipeline_find_dominant|  return value|
|sext_ln169           |   in|    4|     ap_none|                                     sext_ln169|        scalar|
|mantissas_0_val      |   in|    5|     ap_none|                                mantissas_0_val|        scalar|
|exponents_1_val      |   in|    8|     ap_none|                                exponents_1_val|        scalar|
|exponents_0_val      |   in|    8|     ap_none|                                exponents_0_val|        scalar|
|found_out            |  out|    1|      ap_vld|                                      found_out|       pointer|
|found_out_ap_vld     |  out|    1|      ap_vld|                                      found_out|       pointer|
|dominant_out         |  out|   16|      ap_vld|                                   dominant_out|       pointer|
|dominant_out_ap_vld  |  out|    1|      ap_vld|                                   dominant_out|       pointer|
+---------------------+-----+-----+------------+-----------------------------------------------+--------------+

