

================================================================
== Vitis HLS Report for 'aligned_sum_guarded_3_Pipeline_align_terms'
================================================================
* Date:           Sun Aug  2 05:05:49 2026

* Version:        2025.2 (Build 6295257 on Nov 14 2025)
* Project:        gdn_e2m0_hls
* Solution:       u55c_250mhz (Vivado IP Flow Target)
* Product family: virtexuplusHBM
* Target device:  xcu55c-fsvh2892-2L-e


================================================================
== Performance Estimates
================================================================
+ Timing: 
    * Summary: 
    +--------+---------+----------+------------+
    |  Clock |  Target | Estimated| Uncertainty|
    +--------+---------+----------+------------+
    |ap_clk  |  4.00 ns|  3.106 ns|     1.08 ns|
    +--------+---------+----------+------------+

+ Latency: 
    * Summary: 
    +---------+---------+-----------+-----------+-----+-----+-------------------+
    |  Latency (cycles) |   Latency (absolute)  |  Interval |      Pipeline     |
    |   min   |   max   |    min    |    max    | min | max |        Type       |
    +---------+---------+-----------+-----------+-----+-----+-------------------+
    |        8|        8|  32.000 ns|  32.000 ns|    0|    0|  loop pipeline stp|
    +---------+---------+-----------+-----------+-----+-----+-------------------+

    + Detail: 
        * Instance: 
        N/A

        * Loop: 
        +---------------+---------+---------+----------+-----------+-----------+------+----------+
        |               |  Latency (cycles) | Iteration|  Initiation Interval  | Trip |          |
        |   Loop Name   |   min   |   max   |  Latency |  achieved |   target  | Count| Pipelined|
        +---------------+---------+---------+----------+-----------+-----------+------+----------+
        |- align_terms  |        6|        6|         5|          1|          1|     3|       yes|
        +---------------+---------+---------+----------+-----------+-----------+------+----------+



================================================================
== Utilization Estimates
================================================================
* Summary: 
+---------------------+---------+------+---------+---------+-----+
|         Name        | BRAM_18K|  DSP |    FF   |   LUT   | URAM|
+---------------------+---------+------+---------+---------+-----+
|DSP                  |        -|     -|        -|        -|    -|
|Expression           |        -|     -|        0|     1910|    -|
|FIFO                 |        -|     -|        -|        -|    -|
|Instance             |        -|     -|        0|       55|    -|
|Memory               |        -|     -|        -|        -|    -|
|Multiplexer          |        -|     -|        0|       63|    -|
|Register             |        -|     -|      555|       32|    -|
+---------------------+---------+------+---------+---------+-----+
|Total                |        0|     0|      555|     2060|    0|
+---------------------+---------+------+---------+---------+-----+
|Available SLR        |     1344|  3008|   869120|   434560|  320|
+---------------------+---------+------+---------+---------+-----+
|Utilization SLR (%)  |        0|     0|       ~0|       ~0|    0|
+---------------------+---------+------+---------+---------+-----+
|Available            |     4032|  9024|  2607360|  1303680|  960|
+---------------------+---------+------+---------+---------+-----+
|Utilization (%)      |        0|     0|       ~0|       ~0|    0|
+---------------------+---------+------+---------+---------+-----+

+ Detail: 
    * Instance: 
    +---------------------------+----------------------+---------+----+---+----+-----+
    |          Instance         |        Module        | BRAM_18K| DSP| FF| LUT| URAM|
    +---------------------------+----------------------+---------+----+---+----+-----+
    |sparsemux_7_2_16_1_1_U832  |sparsemux_7_2_16_1_1  |        0|   0|  0|   9|    0|
    |sparsemux_7_2_33_1_1_U831  |sparsemux_7_2_33_1_1  |        0|   0|  0|   9|    0|
    |sparsemux_7_2_64_1_1_U835  |sparsemux_7_2_64_1_1  |        0|   0|  0|   9|    0|
    |sparsemux_9_3_32_1_1_U834  |sparsemux_9_3_32_1_1  |        0|   0|  0|  14|    0|
    |sparsemux_9_3_64_1_1_U833  |sparsemux_9_3_64_1_1  |        0|   0|  0|  14|    0|
    +---------------------------+----------------------+---------+----+---+----+-----+
    |Total                      |                      |        0|   0|  0|  55|    0|
    +---------------------------+----------------------+---------+----+---+----+-----+

    * DSP: 
    N/A

    * Memory: 
    N/A

    * FIFO: 
    N/A

    * Expression: 
    +------------------------+----------+----+---+-----+------------+------------+
    |      Variable Name     | Operation| DSP| FF| LUT | Bitwidth P0| Bitwidth P1|
    +------------------------+----------+----+---+-----+------------+------------+
    |add_ln108_fu_360_p2     |         +|   0|  0|   24|          17|           2|
    |add_ln111_fu_460_p2     |         +|   0|  0|   39|          32|           1|
    |add_ln124_fu_777_p2     |         +|   0|  0|   71|          64|           1|
    |add_ln187_fu_276_p2     |         +|   0|  0|    9|           2|           1|
    |add_ln199_fu_626_p2     |         +|   0|  0|   71|          64|           1|
    |mask_fu_440_p2          |         +|   0|  0|   39|          32|           2|
    |sum_fu_647_p2           |         +|   0|  0|   72|          65|          65|
    |aligned_8_fu_532_p2     |         -|   0|  0|   40|           1|          33|
    |magnitude_fu_374_p2     |         -|   0|  0|   39|           1|          32|
    |shift_fu_330_p2         |         -|   0|  0|   24|          17|          17|
    |sub_ln197_fu_510_p2     |         -|   0|  0|   24|           1|          17|
    |and_ln110_fu_472_p2     |       and|   0|  0|    2|           1|           1|
    |and_ln123_fu_684_p2     |       and|   0|  0|    2|           1|           1|
    |and_ln127_fu_725_p2     |       and|   0|  0|    2|           1|           1|
    |and_ln198_fu_621_p2     |       and|   0|  0|    2|           1|           1|
    |and_ln95_fu_549_p2      |       and|   0|  0|    2|           1|           1|
    |and_ln98_4_fu_566_p2    |       and|   0|  0|    2|           1|           1|
    |and_ln98_fu_561_p2      |       and|   0|  0|    2|           1|           1|
    |remainder_fu_445_p2     |       and|   0|  0|   32|          32|          32|
    |icmp_ln109_fu_454_p2    |      icmp|   0|  0|   71|          64|          64|
    |icmp_ln110_fu_466_p2    |      icmp|   0|  0|   71|          64|          64|
    |icmp_ln123_fu_663_p2    |      icmp|   0|  0|   41|          34|           1|
    |icmp_ln127_fu_669_p2    |      icmp|   0|  0|   72|          65|          33|
    |icmp_ln187_fu_270_p2    |      icmp|   0|  0|    9|           2|           2|
    |icmp_ln190_fu_495_p2    |      icmp|   0|  0|   40|          33|           1|
    |icmp_ln198_4_fu_605_p2  |      icmp|   0|  0|   24|          17|           1|
    |icmp_ln198_fu_616_p2    |      icmp|   0|  0|   71|          64|           1|
    |icmp_ln95_fu_505_p2     |      icmp|   0|  0|   24|          17|           1|
    |icmp_ln98_fu_354_p2     |      icmp|   0|  0|   18|          11|           1|
    |quotient_fu_427_p2      |      lshr|   0|  0|  182|          64|          64|
    |or_ln110_fu_478_p2      |        or|   0|  0|    2|           1|           1|
    |or_ln123_fu_714_p2      |        or|   0|  0|    2|           1|           1|
    |or_ln127_4_fu_702_p2    |        or|   0|  0|    2|           1|           1|
    |or_ln127_fu_690_p2      |        or|   0|  0|    2|           1|           1|
    |aligned_9_fu_538_p3     |    select|   0|  0|   33|           1|          33|
    |counters_3_2_fu_707_p3  |    select|   0|  0|   63|           1|          64|
    |magnitude_9_fu_380_p3   |    select|   0|  0|   32|           1|          32|
    |quotient_27_fu_484_p3   |    select|   0|  0|   32|           1|          32|
    |select_ln198_fu_632_p3  |    select|   0|  0|   63|           1|          64|
    |aligned_2_fu_581_p2     |       shl|   0|  0|  182|          64|          64|
    |halfway_fu_418_p2       |       shl|   0|  0|  182|           1|          64|
    |shl_ln106_fu_396_p2     |       shl|   0|  0|  182|           1|          64|
    |ap_enable_pp0           |       xor|   0|  0|    2|           1|           2|
    |xor_ln123_fu_719_p2     |       xor|   0|  0|    2|           1|           2|
    |xor_ln127_fu_696_p2     |       xor|   0|  0|    2|           1|           2|
    |xor_ln190_fu_679_p2     |       xor|   0|  0|    2|           1|           2|
    |xor_ln195_fu_500_p2     |       xor|   0|  0|    2|           1|           2|
    |xor_ln95_fu_555_p2      |       xor|   0|  0|    2|           1|           2|
    +------------------------+----------+----+---+-----+------------+------------+
    |Total                   |          |   0|  0| 1910|         851|         877|
    +------------------------+----------+----+---+-----+------------+------------+

    * Multiplexer: 
    +-------------------------+----+-----------+-----+-----------+
    |           Name          | LUT| Input Size| Bits| Total Bits|
    +-------------------------+----+-----------+-----+-----------+
    |accumulator_fu_136       |   9|          2|   32|         64|
    |ap_done_int              |   9|          2|    1|          2|
    |ap_enable_reg_pp0_iter1  |   9|          2|    1|          2|
    |ap_sig_allocacmp_index   |   9|          2|    2|          4|
    |counters_1_0_fu_148      |   9|          2|   64|        128|
    |counters_3_0_fu_144      |   9|          2|   64|        128|
    |index_4_fu_140           |   9|          2|    2|          4|
    +-------------------------+----+-----------+-----+-----------+
    |Total                    |  63|         14|  166|        332|
    +-------------------------+----+-----------+-----+-----------+

    * Register: 
    +----------------------------------+----+----+-----+-----------+
    |               Name               | FF | LUT| Bits| Const Bits|
    +----------------------------------+----+----+-----+-----------+
    |accumulator_fu_136                |  32|   0|   32|          0|
    |add_ln108_reg_885                 |  17|   0|   17|          0|
    |aligned_2_reg_925                 |  64|   0|   64|          0|
    |and_ln123_reg_936                 |   1|   0|    1|          0|
    |ap_CS_fsm                         |   1|   0|    1|          0|
    |ap_done_reg                       |   1|   0|    1|          0|
    |ap_enable_reg_pp0_iter1           |   1|   0|    1|          0|
    |ap_enable_reg_pp0_iter2           |   1|   0|    1|          0|
    |ap_enable_reg_pp0_iter3           |   1|   0|    1|          0|
    |ap_enable_reg_pp0_iter4           |   1|   0|    1|          0|
    |ap_loop_exit_ready_pp0_iter1_reg  |   1|   0|    1|          0|
    |ap_loop_exit_ready_pp0_iter2_reg  |   1|   0|    1|          0|
    |ap_loop_exit_ready_pp0_iter3_reg  |   1|   0|    1|          0|
    |counters_1_0_fu_148               |  64|   0|   64|          0|
    |counters_3_0_fu_144               |  64|   0|   64|          0|
    |icmp_ln187_reg_857                |   1|   0|    1|          0|
    |icmp_ln190_reg_916                |   1|   0|    1|          0|
    |icmp_ln198_4_reg_931              |   1|   0|    1|          0|
    |icmp_ln98_reg_880                 |   1|   0|    1|          0|
    |icmp_ln98_reg_880_pp0_iter1_reg   |   1|   0|    1|          0|
    |index_4_fu_140                    |   2|   0|    2|          0|
    |magnitude_9_reg_895               |  32|   0|   32|          0|
    |negative_reg_890                  |   1|   0|    1|          0|
    |negative_reg_890_pp0_iter1_reg    |   1|   0|    1|          0|
    |or_ln127_4_reg_941                |   1|   0|    1|          0|
    |quotient_27_reg_911               |  32|   0|   32|          0|
    |raw_reg_861                       |  33|   0|   33|          0|
    |raw_reg_861_pp0_iter1_reg         |  33|   0|   33|          0|
    |shift_reg_867                     |  17|   0|   17|          0|
    |shift_reg_867_pp0_iter1_reg       |  17|   0|   17|          0|
    |tmp_reg_874                       |   1|   0|    1|          0|
    |tmp_reg_874_pp0_iter1_reg         |   1|   0|    1|          0|
    |trunc_ln106_8_reg_906             |  32|   0|   32|          0|
    |zext_ln105_7_reg_901              |  32|   0|   64|         32|
    |icmp_ln187_reg_857                |  64|  32|    1|          0|
    +----------------------------------+----+----+-----+-----------+
    |Total                             | 555|  32|  524|         32|
    +----------------------------------+----+----+-----+-----------+



================================================================
== Interface
================================================================
* Summary: 
+-------------------------+-----+-----+------------+---------------------------------------------+--------------+
|        RTL Ports        | Dir | Bits|  Protocol  |                Source Object                |    C Type    |
+-------------------------+-----+-----+------------+---------------------------------------------+--------------+
|ap_clk                   |   in|    1|  ap_ctrl_hs|  aligned_sum_guarded<3>_Pipeline_align_terms|  return value|
|ap_rst                   |   in|    1|  ap_ctrl_hs|  aligned_sum_guarded<3>_Pipeline_align_terms|  return value|
|ap_start                 |   in|    1|  ap_ctrl_hs|  aligned_sum_guarded<3>_Pipeline_align_terms|  return value|
|ap_done                  |  out|    1|  ap_ctrl_hs|  aligned_sum_guarded<3>_Pipeline_align_terms|  return value|
|ap_idle                  |  out|    1|  ap_ctrl_hs|  aligned_sum_guarded<3>_Pipeline_align_terms|  return value|
|ap_ready                 |  out|    1|  ap_ctrl_hs|  aligned_sum_guarded<3>_Pipeline_align_terms|  return value|
|p_read2                  |   in|   64|     ap_none|                                      p_read2|        scalar|
|p_read3                  |   in|   64|     ap_none|                                      p_read3|        scalar|
|sext_ln169_3             |   in|    5|     ap_none|                                 sext_ln169_3|        scalar|
|sext_ln169_2             |   in|    5|     ap_none|                                 sext_ln169_2|        scalar|
|mantissas_2_val          |   in|   33|     ap_none|                              mantissas_2_val|        scalar|
|sext_ln169_1             |   in|    8|     ap_none|                                 sext_ln169_1|        scalar|
|sext_ln169               |   in|    8|     ap_none|                                   sext_ln169|        scalar|
|exponents_2_val          |   in|   16|     ap_none|                              exponents_2_val|        scalar|
|sext_ln187               |   in|   16|     ap_none|                                   sext_ln187|        scalar|
|counters_1_0_out         |  out|   64|      ap_vld|                             counters_1_0_out|       pointer|
|counters_1_0_out_ap_vld  |  out|    1|      ap_vld|                             counters_1_0_out|       pointer|
|counters_3_0_out         |  out|   64|      ap_vld|                             counters_3_0_out|       pointer|
|counters_3_0_out_ap_vld  |  out|    1|      ap_vld|                             counters_3_0_out|       pointer|
|accumulator_out          |  out|   32|      ap_vld|                              accumulator_out|       pointer|
|accumulator_out_ap_vld   |  out|    1|      ap_vld|                              accumulator_out|       pointer|
+-------------------------+-----+-----+------------+---------------------------------------------+--------------+

