

================================================================
== Vitis HLS Report for 'gdn_e2m0_top_impl_Outline_decay_coefficients_heads'
================================================================
* Date:           Sun Aug  2 05:05:45 2026

* Version:        2025.2 (Build 6295257 on Nov 14 2025)
* Project:        gdn_e2m0_hls
* Solution:       u55c_250mhz (Vivado IP Flow Target)
* Product family: virtexuplusHBM
* Target device:  xcu55c-fsvh2892-2L-e


================================================================
== Performance Estimates
================================================================
+ Timing: 
    * Summary: 
    +--------+---------+----------+------------+
    |  Clock |  Target | Estimated| Uncertainty|
    +--------+---------+----------+------------+
    |ap_clk  |  4.00 ns|  2.920 ns|     1.08 ns|
    +--------+---------+----------+------------+

+ Latency: 
    * Summary: 
    +---------+---------+----------+----------+-----+-----+---------+
    |  Latency (cycles) |  Latency (absolute) |  Interval | Pipeline|
    |   min   |   max   |    min   |    max   | min | max |   Type  |
    +---------+---------+----------+----------+-----+-----+---------+
    |      353|      993|  1.412 us|  3.972 us|  353|  993|       no|
    +---------+---------+----------+----------+-----+-----+---------+

    + Detail: 
        * Instance: 
        N/A

        * Loop: 
        +----------------------------+---------+---------+----------+-----------+-----------+------+----------+
        |                            |  Latency (cycles) | Iteration|  Initiation Interval  | Trip |          |
        |          Loop Name         |   min   |   max   |  Latency |  achieved |   target  | Count| Pipelined|
        +----------------------------+---------+---------+----------+-----------+-----------+------+----------+
        |- decay_coefficients_heads  |      352|      992|   11 ~ 31|          -|          -|    32|        no|
        +----------------------------+---------+---------+----------+-----------+-----------+------+----------+



================================================================
== Utilization Estimates
================================================================
* Summary: 
+---------------------+---------+------+---------+---------+-----+
|         Name        | BRAM_18K|  DSP |    FF   |   LUT   | URAM|
+---------------------+---------+------+---------+---------+-----+
|DSP                  |        -|     -|        -|        -|    -|
|Expression           |        -|     -|        0|     1306|    -|
|FIFO                 |        -|     -|        -|        -|    -|
|Instance             |        -|     8|        0|       40|    -|
|Memory               |        -|     -|        -|        -|    -|
|Multiplexer          |        -|     -|        0|      292|    -|
|Register             |        -|     -|      774|        -|    -|
+---------------------+---------+------+---------+---------+-----+
|Total                |        0|     8|      774|     1638|    0|
+---------------------+---------+------+---------+---------+-----+
|Available SLR        |     1344|  3008|   869120|   434560|  320|
+---------------------+---------+------+---------+---------+-----+
|Utilization SLR (%)  |        0|    ~0|       ~0|       ~0|    0|
+---------------------+---------+------+---------+---------+-----+
|Available            |     4032|  9024|  2607360|  1303680|  960|
+---------------------+---------+------+---------+---------+-----+
|Utilization (%)      |        0|    ~0|       ~0|       ~0|    0|
+---------------------+---------+------+---------+---------+-----+

+ Detail: 
    * Instance: 
    +---------------------------+----------------------+---------+----+---+----+-----+
    |          Instance         |        Module        | BRAM_18K| DSP| FF| LUT| URAM|
    +---------------------------+----------------------+---------+----+---+----+-----+
    |mul_16ns_16ns_32_1_1_U237  |mul_16ns_16ns_32_1_1  |        0|   1|  0|   5|    0|
    |mul_16ns_16ns_32_1_1_U238  |mul_16ns_16ns_32_1_1  |        0|   1|  0|   5|    0|
    |mul_16ns_16ns_32_1_1_U239  |mul_16ns_16ns_32_1_1  |        0|   1|  0|   5|    0|
    |mul_16ns_16ns_32_1_1_U240  |mul_16ns_16ns_32_1_1  |        0|   1|  0|   5|    0|
    |mul_16ns_16ns_32_1_1_U241  |mul_16ns_16ns_32_1_1  |        0|   1|  0|   5|    0|
    |mul_16ns_16ns_32_1_1_U242  |mul_16ns_16ns_32_1_1  |        0|   1|  0|   5|    0|
    |mul_16ns_16ns_32_1_1_U243  |mul_16ns_16ns_32_1_1  |        0|   1|  0|   5|    0|
    |mul_16ns_16ns_32_1_1_U244  |mul_16ns_16ns_32_1_1  |        0|   1|  0|   5|    0|
    +---------------------------+----------------------+---------+----+---+----+-----+
    |Total                      |                      |        0|   8|  0|  40|    0|
    +---------------------------+----------------------+---------+----+---+----+-----+

    * DSP: 
    N/A

    * Memory: 
    N/A

    * FIFO: 
    N/A

    * Expression: 
    +---------------------------+----------+----+---+----+------------+------------+
    |       Variable Name       | Operation| DSP| FF| LUT| Bitwidth P0| Bitwidth P1|
    +---------------------------+----------+----+---+----+------------+------------+
    |add_ln1295_fu_305_p2       |         +|   0|  0|  13|           6|           1|
    |add_ln1296_fu_320_p2       |         +|   0|  0|  18|          11|          11|
    |add_ln1302_1_fu_665_p2     |         +|   0|  0|  21|          14|          14|
    |add_ln1302_2_fu_789_p2     |         +|   0|  0|  21|          14|          14|
    |add_ln1302_3_fu_913_p2     |         +|   0|  0|  21|          14|          14|
    |add_ln1302_4_fu_1033_p2    |         +|   0|  0|  21|          14|          14|
    |add_ln1302_5_fu_1161_p2    |         +|   0|  0|  21|          14|          14|
    |add_ln1302_fu_541_p2       |         +|   0|  0|  21|          14|          14|
    |quotient_10_fu_720_p2      |         +|   0|  0|  24|          17|           1|
    |quotient_13_fu_844_p2      |         +|   0|  0|  24|          17|           1|
    |quotient_16_fu_968_p2      |         +|   0|  0|  24|          17|           1|
    |quotient_19_fu_1088_p2     |         +|   0|  0|  24|          17|           1|
    |quotient_1_fu_368_p2       |         +|   0|  0|  24|          17|           1|
    |quotient_22_fu_1215_p2     |         +|   0|  0|  24|          17|           1|
    |quotient_4_fu_476_p2       |         +|   0|  0|  24|          17|           1|
    |quotient_7_fu_596_p2       |         +|   0|  0|  24|          17|           1|
    |and_ln156_1_fu_489_p2      |       and|   0|  0|   2|           1|           1|
    |and_ln156_2_fu_609_p2      |       and|   0|  0|   2|           1|           1|
    |and_ln156_3_fu_733_p2      |       and|   0|  0|   2|           1|           1|
    |and_ln156_4_fu_857_p2      |       and|   0|  0|   2|           1|           1|
    |and_ln156_5_fu_981_p2      |       and|   0|  0|   2|           1|           1|
    |and_ln156_6_fu_1101_p2     |       and|   0|  0|   2|           1|           1|
    |and_ln156_7_fu_1228_p2     |       and|   0|  0|   2|           1|           1|
    |and_ln156_fu_381_p2        |       and|   0|  0|   2|           1|           1|
    |icmp_ln1295_fu_299_p2      |      icmp|   0|  0|  14|           6|           7|
    |icmp_ln1300_1_fu_255_p2    |      icmp|   0|  0|  10|           3|           1|
    |icmp_ln1300_2_fu_261_p2    |      icmp|   0|  0|  12|           4|           2|
    |icmp_ln1300_3_fu_267_p2    |      icmp|   0|  0|   9|           2|           1|
    |icmp_ln1300_4_fu_273_p2    |      icmp|   0|  0|  12|           4|           3|
    |icmp_ln1300_5_fu_279_p2    |      icmp|   0|  0|  12|           4|           3|
    |icmp_ln1300_6_fu_285_p2    |      icmp|   0|  0|  12|           4|           3|
    |icmp_ln1300_fu_249_p2      |      icmp|   0|  0|  12|           4|           1|
    |icmp_ln155_1_fu_464_p2     |      icmp|   0|  0|  23|          15|          16|
    |icmp_ln155_2_fu_584_p2     |      icmp|   0|  0|  23|          15|          16|
    |icmp_ln155_3_fu_708_p2     |      icmp|   0|  0|  23|          15|          16|
    |icmp_ln155_4_fu_832_p2     |      icmp|   0|  0|  23|          15|          16|
    |icmp_ln155_5_fu_956_p2     |      icmp|   0|  0|  23|          15|          16|
    |icmp_ln155_6_fu_1076_p2    |      icmp|   0|  0|  23|          15|          16|
    |icmp_ln155_7_fu_1203_p2    |      icmp|   0|  0|  23|          15|          16|
    |icmp_ln155_fu_356_p2       |      icmp|   0|  0|  23|          15|          16|
    |icmp_ln156_1_fu_470_p2     |      icmp|   0|  0|  23|          15|          16|
    |icmp_ln156_2_fu_590_p2     |      icmp|   0|  0|  23|          15|          16|
    |icmp_ln156_3_fu_714_p2     |      icmp|   0|  0|  23|          15|          16|
    |icmp_ln156_4_fu_838_p2     |      icmp|   0|  0|  23|          15|          16|
    |icmp_ln156_5_fu_962_p2     |      icmp|   0|  0|  23|          15|          16|
    |icmp_ln156_6_fu_1082_p2    |      icmp|   0|  0|  23|          15|          16|
    |icmp_ln156_7_fu_1209_p2    |      icmp|   0|  0|  23|          15|          16|
    |icmp_ln156_fu_362_p2       |      icmp|   0|  0|  23|          15|          16|
    |icmp_ln159_1_fu_505_p2     |      icmp|   0|  0|  24|          17|          16|
    |icmp_ln159_2_fu_625_p2     |      icmp|   0|  0|  24|          17|          16|
    |icmp_ln159_3_fu_749_p2     |      icmp|   0|  0|  24|          17|          16|
    |icmp_ln159_4_fu_873_p2     |      icmp|   0|  0|  24|          17|          16|
    |icmp_ln159_5_fu_997_p2     |      icmp|   0|  0|  24|          17|          16|
    |icmp_ln159_6_fu_1117_p2    |      icmp|   0|  0|  24|          17|          16|
    |icmp_ln159_7_fu_1244_p2    |      icmp|   0|  0|  24|          17|          16|
    |icmp_ln159_fu_397_p2       |      icmp|   0|  0|  24|          17|          16|
    |or_ln156_1_fu_494_p2       |        or|   0|  0|   2|           1|           1|
    |or_ln156_2_fu_614_p2       |        or|   0|  0|   2|           1|           1|
    |or_ln156_3_fu_738_p2       |        or|   0|  0|   2|           1|           1|
    |or_ln156_4_fu_862_p2       |        or|   0|  0|   2|           1|           1|
    |or_ln156_5_fu_986_p2       |        or|   0|  0|   2|           1|           1|
    |or_ln156_6_fu_1106_p2      |        or|   0|  0|   2|           1|           1|
    |or_ln156_7_fu_1233_p2      |        or|   0|  0|   2|           1|           1|
    |or_ln156_fu_386_p2         |        or|   0|  0|   2|           1|           1|
    |quotient_11_fu_743_p3      |    select|   0|  0|  17|           1|          17|
    |quotient_14_fu_867_p3      |    select|   0|  0|  17|           1|          17|
    |quotient_17_fu_991_p3      |    select|   0|  0|  17|           1|          17|
    |quotient_20_fu_1111_p3     |    select|   0|  0|  17|           1|          17|
    |quotient_23_fu_1238_p3     |    select|   0|  0|  17|           1|          17|
    |quotient_2_fu_391_p3       |    select|   0|  0|  17|           1|          17|
    |quotient_5_fu_499_p3       |    select|   0|  0|  17|           1|          17|
    |quotient_8_fu_619_p3       |    select|   0|  0|  17|           1|          17|
    |select_ln159_1_fu_515_p3   |    select|   0|  0|  17|           1|          17|
    |select_ln159_2_fu_635_p3   |    select|   0|  0|  17|           1|          17|
    |select_ln159_3_fu_759_p3   |    select|   0|  0|  17|           1|          17|
    |select_ln159_4_fu_883_p3   |    select|   0|  0|  17|           1|          17|
    |select_ln159_5_fu_1007_p3  |    select|   0|  0|  17|           1|          17|
    |select_ln159_6_fu_1127_p3  |    select|   0|  0|  17|           1|          17|
    |select_ln159_7_fu_1254_p3  |    select|   0|  0|  17|           1|          17|
    |select_ln159_fu_407_p3     |    select|   0|  0|  17|           1|          17|
    +---------------------------+----------+----+---+----+------------+------------+
    |Total                      |          |   0|  0|1306|         676|         797|
    +---------------------------+----------+----+---+----+------------+------------+

    * Multiplexer: 
    +--------------------------------+-----+-----------+-----+-----------+
    |              Name              | LUT | Input Size| Bits| Total Bits|
    +--------------------------------+-----+-----------+-----+-----------+
    |ap_NS_fsm                       |  152|         33|    1|         33|
    |gmem3_blk_n_R                   |    9|          2|    1|          2|
    |head_1_fu_122                   |    9|          2|    6|         12|
    |resident_gamma_address0_local   |   14|          3|   11|         33|
    |resident_lambda_address0_local  |   65|         15|   13|        195|
    |resident_lambda_d0_local        |   43|          8|   16|        128|
    +--------------------------------+-----+-----------+-----+-----------+
    |Total                           |  292|         63|   48|        403|
    +--------------------------------+-----+-----------+-----+-----------+

    * Register: 
    +---------------------------------+----+----+-----+-----------+
    |               Name              | FF | LUT| Bits| Const Bits|
    +---------------------------------+----+----+-----+-----------+
    |add_ln1295_reg_1329              |   6|   0|    6|          0|
    |ap_CS_fsm                        |  32|   0|   32|          0|
    |head_1_fu_122                    |   6|   0|    6|          0|
    |icmp_ln1300_1_reg_1299           |   1|   0|    1|          0|
    |icmp_ln1300_2_reg_1303           |   1|   0|    1|          0|
    |icmp_ln1300_3_reg_1307           |   1|   0|    1|          0|
    |icmp_ln1300_4_reg_1311           |   1|   0|    1|          0|
    |icmp_ln1300_5_reg_1315           |   1|   0|    1|          0|
    |icmp_ln1300_6_reg_1319           |   1|   0|    1|          0|
    |icmp_ln1300_reg_1295             |   1|   0|    1|          0|
    |icmp_ln155_1_reg_1405            |   1|   0|    1|          0|
    |icmp_ln155_2_reg_1435            |   1|   0|    1|          0|
    |icmp_ln155_3_reg_1465            |   1|   0|    1|          0|
    |icmp_ln155_4_reg_1495            |   1|   0|    1|          0|
    |icmp_ln155_5_reg_1525            |   1|   0|    1|          0|
    |icmp_ln155_6_reg_1555            |   1|   0|    1|          0|
    |icmp_ln155_7_reg_1590            |   1|   0|    1|          0|
    |icmp_ln155_reg_1375              |   1|   0|    1|          0|
    |icmp_ln156_1_reg_1410            |   1|   0|    1|          0|
    |icmp_ln156_2_reg_1440            |   1|   0|    1|          0|
    |icmp_ln156_3_reg_1470            |   1|   0|    1|          0|
    |icmp_ln156_4_reg_1500            |   1|   0|    1|          0|
    |icmp_ln156_5_reg_1530            |   1|   0|    1|          0|
    |icmp_ln156_6_reg_1560            |   1|   0|    1|          0|
    |icmp_ln156_7_reg_1595            |   1|   0|    1|          0|
    |icmp_ln156_reg_1380              |   1|   0|    1|          0|
    |left_reg_1344                    |  16|   0|   16|          0|
    |product_1_reg_1395               |  32|   0|   32|          0|
    |product_2_reg_1425               |  32|   0|   32|          0|
    |product_3_reg_1455               |  32|   0|   32|          0|
    |product_4_reg_1485               |  32|   0|   32|          0|
    |product_5_reg_1515               |  32|   0|   32|          0|
    |product_6_reg_1545               |  32|   0|   32|          0|
    |product_7_reg_1580               |  32|   0|   32|          0|
    |product_reg_1365                 |  32|   0|   32|          0|
    |quotient_10_reg_1475             |  17|   0|   17|          0|
    |quotient_12_reg_1490             |  17|   0|   17|          0|
    |quotient_13_reg_1505             |  17|   0|   17|          0|
    |quotient_15_reg_1520             |  17|   0|   17|          0|
    |quotient_16_reg_1535             |  17|   0|   17|          0|
    |quotient_18_reg_1550             |  17|   0|   17|          0|
    |quotient_19_reg_1565             |  17|   0|   17|          0|
    |quotient_1_reg_1385              |  17|   0|   17|          0|
    |quotient_21_reg_1585             |  17|   0|   17|          0|
    |quotient_22_reg_1600             |  17|   0|   17|          0|
    |quotient_3_reg_1400              |  17|   0|   17|          0|
    |quotient_4_reg_1415              |  17|   0|   17|          0|
    |quotient_6_reg_1430              |  17|   0|   17|          0|
    |quotient_7_reg_1445              |  17|   0|   17|          0|
    |quotient_9_reg_1460              |  17|   0|   17|          0|
    |quotient_reg_1370                |  17|   0|   17|          0|
    |reg_241                          |  16|   0|   16|          0|
    |resident_gamma_addr_reg_1339     |  11|   0|   11|          0|
    |resident_lambda_addr_1_reg_1420  |  13|   0|   13|          0|
    |resident_lambda_addr_2_reg_1450  |  13|   0|   13|          0|
    |resident_lambda_addr_3_reg_1480  |  13|   0|   13|          0|
    |resident_lambda_addr_4_reg_1510  |  13|   0|   13|          0|
    |resident_lambda_addr_5_reg_1540  |  13|   0|   13|          0|
    |resident_lambda_addr_6_reg_1575  |  13|   0|   13|          0|
    |resident_lambda_addr_reg_1390    |  13|   0|   13|          0|
    |right_reg_1349                   |  16|   0|   16|          0|
    |tmp_15_reg_1570                  |  13|   0|   13|          0|
    |zext_ln151_1_reg_1354            |  16|   0|   32|         16|
    +---------------------------------+----+----+-----+-----------+
    |Total                            | 774|   0|  790|         16|
    +---------------------------------+----+----+-----+-----------+



================================================================
== Interface
================================================================
* Summary: 
+--------------------------+-----+-----+------------+----------------------------------------------------+--------------+
|         RTL Ports        | Dir | Bits|  Protocol  |                    Source Object                   |    C Type    |
+--------------------------+-----+-----+------------+----------------------------------------------------+--------------+
|ap_clk                    |   in|    1|  ap_ctrl_hs|  gdn_e2m0_top_impl_Outline_decay_coefficients_heads|  return value|
|ap_rst                    |   in|    1|  ap_ctrl_hs|  gdn_e2m0_top_impl_Outline_decay_coefficients_heads|  return value|
|ap_start                  |   in|    1|  ap_ctrl_hs|  gdn_e2m0_top_impl_Outline_decay_coefficients_heads|  return value|
|ap_done                   |  out|    1|  ap_ctrl_hs|  gdn_e2m0_top_impl_Outline_decay_coefficients_heads|  return value|
|ap_idle                   |  out|    1|  ap_ctrl_hs|  gdn_e2m0_top_impl_Outline_decay_coefficients_heads|  return value|
|ap_ready                  |  out|    1|  ap_ctrl_hs|  gdn_e2m0_top_impl_Outline_decay_coefficients_heads|  return value|
|old_live                  |   in|    4|     ap_none|                                            old_live|        scalar|
|empty_193                 |   in|    3|     ap_none|                                           empty_193|        scalar|
|empty                     |   in|    2|     ap_none|                                               empty|        scalar|
|mul_ln1295                |   in|   14|     ap_none|                                          mul_ln1295|        scalar|
|m_axi_gmem3_0_AWVALID     |  out|    1|       m_axi|                                               gmem3|       pointer|
|m_axi_gmem3_0_AWREADY     |   in|    1|       m_axi|                                               gmem3|       pointer|
|m_axi_gmem3_0_AWADDR      |  out|   64|       m_axi|                                               gmem3|       pointer|
|m_axi_gmem3_0_AWID        |  out|    1|       m_axi|                                               gmem3|       pointer|
|m_axi_gmem3_0_AWLEN       |  out|   32|       m_axi|                                               gmem3|       pointer|
|m_axi_gmem3_0_AWSIZE      |  out|    3|       m_axi|                                               gmem3|       pointer|
|m_axi_gmem3_0_AWBURST     |  out|    2|       m_axi|                                               gmem3|       pointer|
|m_axi_gmem3_0_AWLOCK      |  out|    2|       m_axi|                                               gmem3|       pointer|
|m_axi_gmem3_0_AWCACHE     |  out|    4|       m_axi|                                               gmem3|       pointer|
|m_axi_gmem3_0_AWPROT      |  out|    3|       m_axi|                                               gmem3|       pointer|
|m_axi_gmem3_0_AWQOS       |  out|    4|       m_axi|                                               gmem3|       pointer|
|m_axi_gmem3_0_AWREGION    |  out|    4|       m_axi|                                               gmem3|       pointer|
|m_axi_gmem3_0_AWUSER      |  out|    1|       m_axi|                                               gmem3|       pointer|
|m_axi_gmem3_0_WVALID      |  out|    1|       m_axi|                                               gmem3|       pointer|
|m_axi_gmem3_0_WREADY      |   in|    1|       m_axi|                                               gmem3|       pointer|
|m_axi_gmem3_0_WDATA       |  out|   16|       m_axi|                                               gmem3|       pointer|
|m_axi_gmem3_0_WSTRB       |  out|    2|       m_axi|                                               gmem3|       pointer|
|m_axi_gmem3_0_WLAST       |  out|    1|       m_axi|                                               gmem3|       pointer|
|m_axi_gmem3_0_WID         |  out|    1|       m_axi|                                               gmem3|       pointer|
|m_axi_gmem3_0_WUSER       |  out|    1|       m_axi|                                               gmem3|       pointer|
|m_axi_gmem3_0_ARVALID     |  out|    1|       m_axi|                                               gmem3|       pointer|
|m_axi_gmem3_0_ARREADY     |   in|    1|       m_axi|                                               gmem3|       pointer|
|m_axi_gmem3_0_ARADDR      |  out|   64|       m_axi|                                               gmem3|       pointer|
|m_axi_gmem3_0_ARID        |  out|    1|       m_axi|                                               gmem3|       pointer|
|m_axi_gmem3_0_ARLEN       |  out|   32|       m_axi|                                               gmem3|       pointer|
|m_axi_gmem3_0_ARSIZE      |  out|    3|       m_axi|                                               gmem3|       pointer|
|m_axi_gmem3_0_ARBURST     |  out|    2|       m_axi|                                               gmem3|       pointer|
|m_axi_gmem3_0_ARLOCK      |  out|    2|       m_axi|                                               gmem3|       pointer|
|m_axi_gmem3_0_ARCACHE     |  out|    4|       m_axi|                                               gmem3|       pointer|
|m_axi_gmem3_0_ARPROT      |  out|    3|       m_axi|                                               gmem3|       pointer|
|m_axi_gmem3_0_ARQOS       |  out|    4|       m_axi|                                               gmem3|       pointer|
|m_axi_gmem3_0_ARREGION    |  out|    4|       m_axi|                                               gmem3|       pointer|
|m_axi_gmem3_0_ARUSER      |  out|    1|       m_axi|                                               gmem3|       pointer|
|m_axi_gmem3_0_RVALID      |   in|    1|       m_axi|                                               gmem3|       pointer|
|m_axi_gmem3_0_RREADY      |  out|    1|       m_axi|                                               gmem3|       pointer|
|m_axi_gmem3_0_RDATA       |   in|   16|       m_axi|                                               gmem3|       pointer|
|m_axi_gmem3_0_RLAST       |   in|    1|       m_axi|                                               gmem3|       pointer|
|m_axi_gmem3_0_RID         |   in|    1|       m_axi|                                               gmem3|       pointer|
|m_axi_gmem3_0_RFIFONUM    |   in|   10|       m_axi|                                               gmem3|       pointer|
|m_axi_gmem3_0_RUSER       |   in|    1|       m_axi|                                               gmem3|       pointer|
|m_axi_gmem3_0_RRESP       |   in|    2|       m_axi|                                               gmem3|       pointer|
|m_axi_gmem3_0_BVALID      |   in|    1|       m_axi|                                               gmem3|       pointer|
|m_axi_gmem3_0_BREADY      |  out|    1|       m_axi|                                               gmem3|       pointer|
|m_axi_gmem3_0_BRESP       |   in|    2|       m_axi|                                               gmem3|       pointer|
|m_axi_gmem3_0_BID         |   in|    1|       m_axi|                                               gmem3|       pointer|
|m_axi_gmem3_0_BUSER       |   in|    1|       m_axi|                                               gmem3|       pointer|
|sext_ln1295               |   in|   63|     ap_none|                                         sext_ln1295|        scalar|
|zext_ln1296               |   in|   11|     ap_none|                                         zext_ln1296|        scalar|
|resident_lambda_address0  |  out|   13|   ap_memory|                                     resident_lambda|         array|
|resident_lambda_ce0       |  out|    1|   ap_memory|                                     resident_lambda|         array|
|resident_lambda_we0       |  out|    1|   ap_memory|                                     resident_lambda|         array|
|resident_lambda_d0        |  out|   16|   ap_memory|                                     resident_lambda|         array|
|resident_lambda_q0        |   in|   16|   ap_memory|                                     resident_lambda|         array|
|resident_gamma_address0   |  out|   11|   ap_memory|                                      resident_gamma|         array|
|resident_gamma_ce0        |  out|    1|   ap_memory|                                      resident_gamma|         array|
|resident_gamma_we0        |  out|    1|   ap_memory|                                      resident_gamma|         array|
|resident_gamma_d0         |  out|   16|   ap_memory|                                      resident_gamma|         array|
|resident_gamma_q0         |   in|   16|   ap_memory|                                      resident_gamma|         array|
+--------------------------+-----+-----+------------+----------------------------------------------------+--------------+

