

================================================================
== Vitis HLS Report for 'gdn_e2m0_top_impl_Pipeline_clear_e2m0_output_heads_clear_e2m0_output_values'
================================================================
* Date:           Sun Aug  2 05:05:42 2026

* Version:        2025.2 (Build 6295257 on Nov 14 2025)
* Project:        gdn_e2m0_hls
* Solution:       u55c_250mhz (Vivado IP Flow Target)
* Product family: virtexuplusHBM
* Target device:  xcu55c-fsvh2892-2L-e


================================================================
== Performance Estimates
================================================================
+ Timing: 
    * Summary: 
    +--------+---------+----------+------------+
    |  Clock |  Target | Estimated| Uncertainty|
    +--------+---------+----------+------------+
    |ap_clk  |  4.00 ns|  2.920 ns|     1.08 ns|
    +--------+---------+----------+------------+

+ Latency: 
    * Summary: 
    +---------+---------+-----------+-----------+-----+-----+-------------------+
    |  Latency (cycles) |   Latency (absolute)  |  Interval |      Pipeline     |
    |   min   |   max   |    min    |    max    | min | max |        Type       |
    +---------+---------+-----------+-----------+-----+-----+-------------------+
    |     8201|     8201|  32.804 us|  32.804 us|    0|    0|  loop pipeline stp|
    +---------+---------+-----------+-----------+-----+-----+-------------------+

    + Detail: 
        * Instance: 
        N/A

        * Loop: 
        +----------------------------------------------------+---------+---------+----------+-----------+-----------+------+----------+
        |                                                    |  Latency (cycles) | Iteration|  Initiation Interval  | Trip |          |
        |                      Loop Name                     |   min   |   max   |  Latency |  achieved |   target  | Count| Pipelined|
        +----------------------------------------------------+---------+---------+----------+-----------+-----------+------+----------+
        |- clear_e2m0_output_heads_clear_e2m0_output_values  |     8199|     8199|        10|          2|          1|  4096|       yes|
        +----------------------------------------------------+---------+---------+----------+-----------+-----------+------+----------+



================================================================
== Utilization Estimates
================================================================
* Summary: 
+---------------------+---------+------+---------+---------+-----+
|         Name        | BRAM_18K|  DSP |    FF   |   LUT   | URAM|
+---------------------+---------+------+---------+---------+-----+
|DSP                  |        -|     -|        -|        -|    -|
|Expression           |        -|     -|        0|      290|    -|
|FIFO                 |        -|     -|        -|        -|    -|
|Instance             |        -|     -|        -|        -|    -|
|Memory               |        -|     -|        -|        -|    -|
|Multiplexer          |        -|     -|        0|      132|    -|
|Register             |        -|     -|      256|        -|    -|
+---------------------+---------+------+---------+---------+-----+
|Total                |        0|     0|      256|      422|    0|
+---------------------+---------+------+---------+---------+-----+
|Available SLR        |     1344|  3008|   869120|   434560|  320|
+---------------------+---------+------+---------+---------+-----+
|Utilization SLR (%)  |        0|     0|       ~0|       ~0|    0|
+---------------------+---------+------+---------+---------+-----+
|Available            |     4032|  9024|  2607360|  1303680|  960|
+---------------------+---------+------+---------+---------+-----+
|Utilization (%)      |        0|     0|       ~0|       ~0|    0|
+---------------------+---------+------+---------+---------+-----+

+ Detail: 
    * Instance: 
    N/A

    * DSP: 
    N/A

    * Memory: 
    N/A

    * FIFO: 
    N/A

    * Expression: 
    +--------------------------------+----------+----+---+----+------------+------------+
    |          Variable Name         | Operation| DSP| FF| LUT| Bitwidth P0| Bitwidth P1|
    +--------------------------------+----------+----+---+----+------------+------------+
    |add_ln1055_1_fu_164_p2          |         +|   0|  0|  20|          13|           1|
    |add_ln1055_fu_181_p2            |         +|   0|  0|  13|           6|           1|
    |add_ln1057_fu_250_p2            |         +|   0|  0|  15|           8|           1|
    |add_ln1059_1_fu_235_p2          |         +|   0|  0|  70|          63|          63|
    |add_ln1059_fu_225_p2            |         +|   0|  0|  19|          12|          12|
    |add_ln1060_fu_277_p2            |         +|   0|  0|  71|          64|          64|
    |ap_block_pp0_stage0_11001_grp1  |       and|   0|  0|   2|           1|           1|
    |ap_block_pp0_stage0_11001_grp4  |       and|   0|  0|   2|           1|           1|
    |ap_block_pp0_stage0_11001_grp5  |       and|   0|  0|   2|           1|           1|
    |ap_block_pp0_stage1_11001_grp2  |       and|   0|  0|   2|           1|           1|
    |ap_block_pp0_stage1_11001_grp3  |       and|   0|  0|   2|           1|           1|
    |ap_block_pp0_stage1_11001_grp6  |       and|   0|  0|   2|           1|           1|
    |ap_condition_515                |       and|   0|  0|   2|           1|           1|
    |ap_condition_519                |       and|   0|  0|   2|           1|           1|
    |icmp_ln1055_fu_158_p2           |      icmp|   0|  0|  21|          13|          14|
    |icmp_ln1057_fu_187_p2           |      icmp|   0|  0|  16|           8|           9|
    |ap_block_pp0_stage0_11001       |        or|   0|  0|   2|           1|           1|
    |ap_block_pp0_stage1_11001       |        or|   0|  0|   2|           1|           1|
    |select_ln1055_1_fu_201_p3       |    select|   0|  0|   6|           1|           6|
    |select_ln1055_fu_193_p3         |    select|   0|  0|   8|           1|           1|
    |shl_ln1060_fu_309_p2            |       shl|   0|  0|   9|           2|           4|
    |ap_enable_pp0                   |       xor|   0|  0|   2|           1|           2|
    +--------------------------------+----------+----+---+----+------------+------------+
    |Total                           |          |   0|  0| 290|         202|         188|
    +--------------------------------+----------+----+---+----+------------+------------+

    * Multiplexer: 
    +--------------------------------------+----+-----------+-----+-----------+
    |                 Name                 | LUT| Input Size| Bits| Total Bits|
    +--------------------------------------+----+-----------+-----+-----------+
    |ap_NS_fsm                             |  14|          3|    1|          3|
    |ap_done_int                           |   9|          2|    1|          2|
    |ap_enable_reg_pp0_iter0               |   9|          2|    1|          2|
    |ap_enable_reg_pp0_iter1               |   9|          2|    1|          2|
    |ap_sig_allocacmp_indvar_flatten_load  |   9|          2|   13|         26|
    |column_fu_88                          |   9|          2|    8|         16|
    |gmem9_blk_n_AW                        |   9|          2|    1|          2|
    |gmem9_blk_n_B                         |   9|          2|    1|          2|
    |gmem9_blk_n_W                         |   9|          2|    1|          2|
    |head_fu_92                            |   9|          2|    6|         12|
    |indvar_flatten_fu_96                  |   9|          2|   13|         26|
    |m_axi_gmem9_0_AWADDR                  |  14|          3|   64|        192|
    |m_axi_gmem9_0_WSTRB                   |  14|          3|    4|         12|
    +--------------------------------------+----+-----------+-----+-----------+
    |Total                                 | 132|         29|  115|        299|
    +--------------------------------------+----+-----------+-----+-----------+

    * Register: 
    +-------------------------------------------+----+----+-----+-----------+
    |                    Name                   | FF | LUT| Bits| Const Bits|
    +-------------------------------------------+----+----+-----+-----------+
    |add_ln1059_reg_350                         |  12|   0|   12|          0|
    |ap_CS_fsm                                  |   2|   0|    2|          0|
    |ap_block_pp0_stage0_subdone_grp0_done_reg  |   1|   0|    1|          0|
    |ap_block_pp0_stage0_subdone_grp1_done_reg  |   1|   0|    1|          0|
    |ap_block_pp0_stage0_subdone_grp4_done_reg  |   1|   0|    1|          0|
    |ap_block_pp0_stage0_subdone_grp5_done_reg  |   1|   0|    1|          0|
    |ap_block_pp0_stage1_subdone_grp0_done_reg  |   1|   0|    1|          0|
    |ap_block_pp0_stage1_subdone_grp2_done_reg  |   1|   0|    1|          0|
    |ap_block_pp0_stage1_subdone_grp3_done_reg  |   1|   0|    1|          0|
    |ap_block_pp0_stage1_subdone_grp6_done_reg  |   1|   0|    1|          0|
    |ap_done_reg                                |   1|   0|    1|          0|
    |ap_enable_reg_pp0_iter0_reg                |   1|   0|    1|          0|
    |ap_enable_reg_pp0_iter1                    |   1|   0|    1|          0|
    |ap_enable_reg_pp0_iter2                    |   1|   0|    1|          0|
    |ap_enable_reg_pp0_iter3                    |   1|   0|    1|          0|
    |ap_enable_reg_pp0_iter4                    |   1|   0|    1|          0|
    |ap_loop_exit_ready_pp0_iter1_reg           |   1|   0|    1|          0|
    |ap_loop_exit_ready_pp0_iter2_reg           |   1|   0|    1|          0|
    |ap_loop_exit_ready_pp0_iter3_reg           |   1|   0|    1|          0|
    |column_fu_88                               |   8|   0|    8|          0|
    |gmem9_addr_1_reg_367                       |  64|   0|   64|          0|
    |gmem9_addr_reg_355                         |  64|   0|   64|          0|
    |head_fu_92                                 |   6|   0|    6|          0|
    |icmp_ln1055_reg_346                        |   1|   0|    1|          0|
    |indvar_flatten_fu_96                       |  13|   0|   13|          0|
    |sext_ln1055_cast_reg_341                   |  63|   0|   63|          0|
    |shl_ln1060_reg_374                         |   4|   0|    4|          0|
    |trunc_ln1060_reg_362                       |   2|   0|    2|          0|
    +-------------------------------------------+----+----+-----+-----------+
    |Total                                      | 256|   0|  256|          0|
    +-------------------------------------------+----+----+-----+-----------+



================================================================
== Interface
================================================================
* Summary: 
+------------------------+-----+-----+------------+-----------------------------------------------------------------------------+--------------+
|        RTL Ports       | Dir | Bits|  Protocol  |                                Source Object                                |    C Type    |
+------------------------+-----+-----+------------+-----------------------------------------------------------------------------+--------------+
|ap_clk                  |   in|    1|  ap_ctrl_hs|  gdn_e2m0_top_impl_Pipeline_clear_e2m0_output_heads_clear_e2m0_output_values|  return value|
|ap_rst                  |   in|    1|  ap_ctrl_hs|  gdn_e2m0_top_impl_Pipeline_clear_e2m0_output_heads_clear_e2m0_output_values|  return value|
|ap_start                |   in|    1|  ap_ctrl_hs|  gdn_e2m0_top_impl_Pipeline_clear_e2m0_output_heads_clear_e2m0_output_values|  return value|
|ap_done                 |  out|    1|  ap_ctrl_hs|  gdn_e2m0_top_impl_Pipeline_clear_e2m0_output_heads_clear_e2m0_output_values|  return value|
|ap_idle                 |  out|    1|  ap_ctrl_hs|  gdn_e2m0_top_impl_Pipeline_clear_e2m0_output_heads_clear_e2m0_output_values|  return value|
|ap_ready                |  out|    1|  ap_ctrl_hs|  gdn_e2m0_top_impl_Pipeline_clear_e2m0_output_heads_clear_e2m0_output_values|  return value|
|m_axi_gmem9_0_AWVALID   |  out|    1|       m_axi|                                                                        gmem9|       pointer|
|m_axi_gmem9_0_AWREADY   |   in|    1|       m_axi|                                                                        gmem9|       pointer|
|m_axi_gmem9_0_AWADDR    |  out|   64|       m_axi|                                                                        gmem9|       pointer|
|m_axi_gmem9_0_AWID      |  out|    1|       m_axi|                                                                        gmem9|       pointer|
|m_axi_gmem9_0_AWLEN     |  out|   32|       m_axi|                                                                        gmem9|       pointer|
|m_axi_gmem9_0_AWSIZE    |  out|    3|       m_axi|                                                                        gmem9|       pointer|
|m_axi_gmem9_0_AWBURST   |  out|    2|       m_axi|                                                                        gmem9|       pointer|
|m_axi_gmem9_0_AWLOCK    |  out|    2|       m_axi|                                                                        gmem9|       pointer|
|m_axi_gmem9_0_AWCACHE   |  out|    4|       m_axi|                                                                        gmem9|       pointer|
|m_axi_gmem9_0_AWPROT    |  out|    3|       m_axi|                                                                        gmem9|       pointer|
|m_axi_gmem9_0_AWQOS     |  out|    4|       m_axi|                                                                        gmem9|       pointer|
|m_axi_gmem9_0_AWREGION  |  out|    4|       m_axi|                                                                        gmem9|       pointer|
|m_axi_gmem9_0_AWUSER    |  out|    1|       m_axi|                                                                        gmem9|       pointer|
|m_axi_gmem9_0_WVALID    |  out|    1|       m_axi|                                                                        gmem9|       pointer|
|m_axi_gmem9_0_WREADY    |   in|    1|       m_axi|                                                                        gmem9|       pointer|
|m_axi_gmem9_0_WDATA     |  out|   32|       m_axi|                                                                        gmem9|       pointer|
|m_axi_gmem9_0_WSTRB     |  out|    4|       m_axi|                                                                        gmem9|       pointer|
|m_axi_gmem9_0_WLAST     |  out|    1|       m_axi|                                                                        gmem9|       pointer|
|m_axi_gmem9_0_WID       |  out|    1|       m_axi|                                                                        gmem9|       pointer|
|m_axi_gmem9_0_WUSER     |  out|    1|       m_axi|                                                                        gmem9|       pointer|
|m_axi_gmem9_0_ARVALID   |  out|    1|       m_axi|                                                                        gmem9|       pointer|
|m_axi_gmem9_0_ARREADY   |   in|    1|       m_axi|                                                                        gmem9|       pointer|
|m_axi_gmem9_0_ARADDR    |  out|   64|       m_axi|                                                                        gmem9|       pointer|
|m_axi_gmem9_0_ARID      |  out|    1|       m_axi|                                                                        gmem9|       pointer|
|m_axi_gmem9_0_ARLEN     |  out|   32|       m_axi|                                                                        gmem9|       pointer|
|m_axi_gmem9_0_ARSIZE    |  out|    3|       m_axi|                                                                        gmem9|       pointer|
|m_axi_gmem9_0_ARBURST   |  out|    2|       m_axi|                                                                        gmem9|       pointer|
|m_axi_gmem9_0_ARLOCK    |  out|    2|       m_axi|                                                                        gmem9|       pointer|
|m_axi_gmem9_0_ARCACHE   |  out|    4|       m_axi|                                                                        gmem9|       pointer|
|m_axi_gmem9_0_ARPROT    |  out|    3|       m_axi|                                                                        gmem9|       pointer|
|m_axi_gmem9_0_ARQOS     |  out|    4|       m_axi|                                                                        gmem9|       pointer|
|m_axi_gmem9_0_ARREGION  |  out|    4|       m_axi|                                                                        gmem9|       pointer|
|m_axi_gmem9_0_ARUSER    |  out|    1|       m_axi|                                                                        gmem9|       pointer|
|m_axi_gmem9_0_RVALID    |   in|    1|       m_axi|                                                                        gmem9|       pointer|
|m_axi_gmem9_0_RREADY    |  out|    1|       m_axi|                                                                        gmem9|       pointer|
|m_axi_gmem9_0_RDATA     |   in|   32|       m_axi|                                                                        gmem9|       pointer|
|m_axi_gmem9_0_RLAST     |   in|    1|       m_axi|                                                                        gmem9|       pointer|
|m_axi_gmem9_0_RID       |   in|    1|       m_axi|                                                                        gmem9|       pointer|
|m_axi_gmem9_0_RFIFONUM  |   in|    9|       m_axi|                                                                        gmem9|       pointer|
|m_axi_gmem9_0_RUSER     |   in|    1|       m_axi|                                                                        gmem9|       pointer|
|m_axi_gmem9_0_RRESP     |   in|    2|       m_axi|                                                                        gmem9|       pointer|
|m_axi_gmem9_0_BVALID    |   in|    1|       m_axi|                                                                        gmem9|       pointer|
|m_axi_gmem9_0_BREADY    |  out|    1|       m_axi|                                                                        gmem9|       pointer|
|m_axi_gmem9_0_BRESP     |   in|    2|       m_axi|                                                                        gmem9|       pointer|
|m_axi_gmem9_0_BID       |   in|    1|       m_axi|                                                                        gmem9|       pointer|
|m_axi_gmem9_0_BUSER     |   in|    1|       m_axi|                                                                        gmem9|       pointer|
|sext_ln1055             |   in|   62|     ap_none|                                                                  sext_ln1055|        scalar|
|output_exponents        |   in|   64|     ap_none|                                                             output_exponents|        scalar|
+------------------------+-----+-----+------------+-----------------------------------------------------------------------------+--------------+

