

================================================================
== Vitis HLS Report for 'gdn_e2m0_top_impl_Pipeline_VITIS_LOOP_1336_1'
================================================================
* Date:           Sun Aug  2 05:05:47 2026

* Version:        2025.2 (Build 6295257 on Nov 14 2025)
* Project:        gdn_e2m0_hls
* Solution:       u55c_250mhz (Vivado IP Flow Target)
* Product family: virtexuplusHBM
* Target device:  xcu55c-fsvh2892-2L-e


================================================================
== Performance Estimates
================================================================
+ Timing: 
    * Summary: 
    +--------+---------+----------+------------+
    |  Clock |  Target | Estimated| Uncertainty|
    +--------+---------+----------+------------+
    |ap_clk  |  4.00 ns|  2.400 ns|     1.08 ns|
    +--------+---------+----------+------------+

+ Latency: 
    * Summary: 
    +---------+---------+----------+----------+-----+-----+-------------------+
    |  Latency (cycles) |  Latency (absolute) |  Interval |      Pipeline     |
    |   min   |   max   |    min   |    max   | min | max |        Type       |
    +---------+---------+----------+----------+-----+-----+-------------------+
    |       34|       34|  0.136 us|  0.136 us|    0|    0|  loop pipeline stp|
    +---------+---------+----------+----------+-----+-----+-------------------+

    + Detail: 
        * Instance: 
        N/A

        * Loop: 
        +---------------------+---------+---------+----------+-----------+-----------+------+----------+
        |                     |  Latency (cycles) | Iteration|  Initiation Interval  | Trip |          |
        |      Loop Name      |   min   |   max   |  Latency |  achieved |   target  | Count| Pipelined|
        +---------------------+---------+---------+----------+-----------+-----------+------+----------+
        |- VITIS_LOOP_1336_1  |       32|       32|         1|          1|          1|    32|       yes|
        +---------------------+---------+---------+----------+-----------+-----------+------+----------+



================================================================
== Utilization Estimates
================================================================
* Summary: 
+---------------------+---------+------+---------+---------+-----+
|         Name        | BRAM_18K|  DSP |    FF   |   LUT   | URAM|
+---------------------+---------+------+---------+---------+-----+
|DSP                  |        -|     -|        -|        -|    -|
|Expression           |        -|     -|        0|       48|    -|
|FIFO                 |        -|     -|        -|        -|    -|
|Instance             |        -|     -|        -|        -|    -|
|Memory               |        -|     -|        -|        -|    -|
|Multiplexer          |        -|     -|        0|       27|    -|
|Register             |        -|     -|        8|        -|    -|
+---------------------+---------+------+---------+---------+-----+
|Total                |        0|     0|        8|       75|    0|
+---------------------+---------+------+---------+---------+-----+
|Available SLR        |     1344|  3008|   869120|   434560|  320|
+---------------------+---------+------+---------+---------+-----+
|Utilization SLR (%)  |        0|     0|       ~0|       ~0|    0|
+---------------------+---------+------+---------+---------+-----+
|Available            |     4032|  9024|  2607360|  1303680|  960|
+---------------------+---------+------+---------+---------+-----+
|Utilization (%)      |        0|     0|       ~0|       ~0|    0|
+---------------------+---------+------+---------+---------+-----+

+ Detail: 
    * Instance: 
    N/A

    * DSP: 
    N/A

    * Memory: 
    N/A

    * FIFO: 
    N/A

    * Expression: 
    +----------------------+----------+----+---+----+------------+------------+
    |     Variable Name    | Operation| DSP| FF| LUT| Bitwidth P0| Bitwidth P1|
    +----------------------+----------+----+---+----+------------+------------+
    |add_ln1336_fu_98_p2   |         +|   0|  0|  13|           6|           1|
    |add_ln1338_fu_128_p2  |         +|   0|  0|  21|          14|          14|
    |icmp_ln1336_fu_92_p2  |      icmp|   0|  0|  14|           6|           7|
    +----------------------+----------+----+---+----+------------+------------+
    |Total                 |          |   0|  0|  48|          26|          22|
    +----------------------+----------+----+---+----+------------+------------+

    * Multiplexer: 
    +-------------------------+----+-----------+-----+-----------+
    |           Name          | LUT| Input Size| Bits| Total Bits|
    +-------------------------+----+-----------+-----+-----------+
    |ap_done_int              |   9|          2|    1|          2|
    |ap_sig_allocacmp_head_1  |   9|          2|    6|         12|
    |head_fu_50               |   9|          2|    6|         12|
    +-------------------------+----+-----------+-----+-----------+
    |Total                    |  27|          6|   13|         26|
    +-------------------------+----+-----------+-----+-----------+

    * Register: 
    +-------------+---+----+-----+-----------+
    |     Name    | FF| LUT| Bits| Const Bits|
    +-------------+---+----+-----+-----------+
    |ap_CS_fsm    |  1|   0|    1|          0|
    |ap_done_reg  |  1|   0|    1|          0|
    |head_fu_50   |  6|   0|    6|          0|
    +-------------+---+----+-----+-----------+
    |Total        |  8|   0|    8|          0|
    +-------------+---+----+-----+-----------+



================================================================
== Interface
================================================================
* Summary: 
+--------------------------+-----+-----+------------+----------------------------------------------+--------------+
|         RTL Ports        | Dir | Bits|  Protocol  |                 Source Object                |    C Type    |
+--------------------------+-----+-----+------------+----------------------------------------------+--------------+
|ap_clk                    |   in|    1|  ap_ctrl_hs|  gdn_e2m0_top_impl_Pipeline_VITIS_LOOP_1336_1|  return value|
|ap_rst                    |   in|    1|  ap_ctrl_hs|  gdn_e2m0_top_impl_Pipeline_VITIS_LOOP_1336_1|  return value|
|ap_start                  |   in|    1|  ap_ctrl_hs|  gdn_e2m0_top_impl_Pipeline_VITIS_LOOP_1336_1|  return value|
|ap_done                   |  out|    1|  ap_ctrl_hs|  gdn_e2m0_top_impl_Pipeline_VITIS_LOOP_1336_1|  return value|
|ap_idle                   |  out|    1|  ap_ctrl_hs|  gdn_e2m0_top_impl_Pipeline_VITIS_LOOP_1336_1|  return value|
|ap_ready                  |  out|    1|  ap_ctrl_hs|  gdn_e2m0_top_impl_Pipeline_VITIS_LOOP_1336_1|  return value|
|mul_ln1295                |   in|   14|     ap_none|                                    mul_ln1295|        scalar|
|zext_ln1336               |   in|   10|     ap_none|                                   zext_ln1336|        scalar|
|resident_lambda_address0  |  out|   13|   ap_memory|                               resident_lambda|         array|
|resident_lambda_ce0       |  out|    1|   ap_memory|                               resident_lambda|         array|
|resident_lambda_we0       |  out|    1|   ap_memory|                               resident_lambda|         array|
|resident_lambda_d0        |  out|   16|   ap_memory|                               resident_lambda|         array|
+--------------------------+-----+-----+------------+----------------------------------------------+--------------+

