

================================================================
== Vitis HLS Report for 'p_anonymous_namespace_read_snapshot_Outline_read_snapshot_terms'
================================================================
* Date:           Sun Aug  2 05:06:32 2026

* Version:        2025.2 (Build 6295257 on Nov 14 2025)
* Project:        gdn_e2m0_hls
* Solution:       u55c_250mhz (Vivado IP Flow Target)
* Product family: virtexuplusHBM
* Target device:  xcu55c-fsvh2892-2L-e


================================================================
== Performance Estimates
================================================================
+ Timing: 
    * Summary: 
    +--------+---------+----------+------------+
    |  Clock |  Target | Estimated| Uncertainty|
    +--------+---------+----------+------------+
    |ap_clk  |  4.00 ns|  2.920 ns|     1.08 ns|
    +--------+---------+----------+------------+

+ Latency: 
    * Summary: 
    +---------+---------+-----------+-----------+-------+-------+---------+
    |  Latency (cycles) |   Latency (absolute)  |    Interval   | Pipeline|
    |   min   |   max   |    min    |    max    |  min  |  max  |   Type  |
    +---------+---------+-----------+-----------+-------+-------+---------+
    |    12999|    12999|  51.996 us|  51.996 us|  12999|  12999|       no|
    +---------+---------+-----------+-----------+-------+-------+---------+

    + Detail: 
        * Instance: 
        +-----------------------------------------------------------------------------------+------------------------------------------------------------------------+---------+---------+-----------+-----------+------+------+---------+
        |                                                                                   |                                                                        |  Latency (cycles) |   Latency (absolute)  |   Interval  | Pipeline|
        |                                      Instance                                     |                                 Module                                 |   min   |   max   |    min    |    max    |  min |  max |   Type  |
        +-----------------------------------------------------------------------------------+------------------------------------------------------------------------+---------+---------+-----------+-----------+------+------+---------+
        |grp_p_anonymous_namespace_read_snapshot_Outline_read_snapshot_key_heads_fu_162     |p_anonymous_namespace_read_snapshot_Outline_read_snapshot_key_heads     |     3249|     3249|  12.996 us|  12.996 us|  3249|  3249|       no|
        |grp_p_anonymous_namespace_read_snapshot_Outline_read_snapshot_update_heads_fu_178  |p_anonymous_namespace_read_snapshot_Outline_read_snapshot_update_heads  |     6497|     6497|  25.988 us|  25.988 us|  6497|  6497|       no|
        +-----------------------------------------------------------------------------------+------------------------------------------------------------------------+---------+---------+-----------+-----------+------+------+---------+

        * Loop: 
        +-----------------------+---------+---------+----------+-----------+-----------+------+----------+
        |                       |  Latency (cycles) | Iteration|  Initiation Interval  | Trip |          |
        |       Loop Name       |   min   |   max   |  Latency |  achieved |   target  | Count| Pipelined|
        +-----------------------+---------+---------+----------+-----------+-----------+------+----------+
        |- read_snapshot_terms  |    12998|    12998|      6499|          -|          -|     2|        no|
        +-----------------------+---------+---------+----------+-----------+-----------+------+----------+



================================================================
== Utilization Estimates
================================================================
* Summary: 
+---------------------+---------+------+---------+---------+-----+
|         Name        | BRAM_18K|  DSP |    FF   |   LUT   | URAM|
+---------------------+---------+------+---------+---------+-----+
|DSP                  |        -|     -|        -|        -|    -|
|Expression           |        -|     -|        0|       37|    -|
|FIFO                 |        -|     -|        -|        -|    -|
|Instance             |        -|     -|      801|     1701|    -|
|Memory               |        -|     -|        -|        -|    -|
|Multiplexer          |        -|     -|        0|       29|    -|
|Register             |        -|     -|       19|        -|    -|
+---------------------+---------+------+---------+---------+-----+
|Total                |        0|     0|      820|     1767|    0|
+---------------------+---------+------+---------+---------+-----+
|Available SLR        |     1344|  3008|   869120|   434560|  320|
+---------------------+---------+------+---------+---------+-----+
|Utilization SLR (%)  |        0|     0|       ~0|       ~0|    0|
+---------------------+---------+------+---------+---------+-----+
|Available            |     4032|  9024|  2607360|  1303680|  960|
+---------------------+---------+------+---------+---------+-----+
|Utilization (%)      |        0|     0|       ~0|       ~0|    0|
+---------------------+---------+------+---------+---------+-----+

+ Detail: 
    * Instance: 
    +-----------------------------------------------------------------------------------+------------------------------------------------------------------------+---------+----+-----+-----+-----+
    |                                      Instance                                     |                                 Module                                 | BRAM_18K| DSP|  FF | LUT | URAM|
    +-----------------------------------------------------------------------------------+------------------------------------------------------------------------+---------+----+-----+-----+-----+
    |grp_p_anonymous_namespace_read_snapshot_Outline_read_snapshot_key_heads_fu_162     |p_anonymous_namespace_read_snapshot_Outline_read_snapshot_key_heads     |        0|   0|  411|  845|    0|
    |grp_p_anonymous_namespace_read_snapshot_Outline_read_snapshot_update_heads_fu_178  |p_anonymous_namespace_read_snapshot_Outline_read_snapshot_update_heads  |        0|   0|  390|  856|    0|
    +-----------------------------------------------------------------------------------+------------------------------------------------------------------------+---------+----+-----+-----+-----+
    |Total                                                                              |                                                                        |        0|   0|  801| 1701|    0|
    +-----------------------------------------------------------------------------------+------------------------------------------------------------------------+---------+----+-----+-----+-----+

    * DSP: 
    N/A

    * Memory: 
    N/A

    * FIFO: 
    N/A

    * Expression: 
    +---------------------------------+----------+----+---+----+------------+------------+
    |          Variable Name          | Operation| DSP| FF| LUT| Bitwidth P0| Bitwidth P1|
    +---------------------------------+----------+----+---+----+------------+------------+
    |add_ln939_fu_209_p2              |         +|   0|  0|   9|           2|           1|
    |add_ln951_fu_219_p2              |         +|   0|  0|  16|           9|           9|
    |icmp_ln939_fu_203_p2             |      icmp|   0|  0|  10|           2|           3|
    |ap_block_state3_on_subcall_done  |        or|   0|  0|   2|           1|           1|
    +---------------------------------+----------+----+---+----+------------+------------+
    |Total                            |          |   0|  0|  37|          14|          14|
    +---------------------------------+----------+----+---+----+------------+------------+

    * Multiplexer: 
    +-------------+----+-----------+-----+-----------+
    |     Name    | LUT| Input Size| Bits| Total Bits|
    +-------------+----+-----------+-----+-----------+
    |ap_NS_fsm    |  20|          4|    1|          4|
    |term_fu_104  |   9|          2|    2|          4|
    +-------------+----+-----------+-----+-----------+
    |Total        |  29|          6|    3|          8|
    +-------------+----+-----------+-----+-----------+

    * Register: 
    +------------------------------------------------------------------------------------------------+---+----+-----+-----------+
    |                                              Name                                              | FF| LUT| Bits| Const Bits|
    +------------------------------------------------------------------------------------------------+---+----+-----+-----------+
    |ap_CS_fsm                                                                                       |  3|   0|    3|          0|
    |grp_p_anonymous_namespace_read_snapshot_Outline_read_snapshot_key_heads_fu_162_ap_start_reg     |  1|   0|    1|          0|
    |grp_p_anonymous_namespace_read_snapshot_Outline_read_snapshot_update_heads_fu_178_ap_start_reg  |  1|   0|    1|          0|
    |shl_ln941_2_reg_328                                                                             |  1|   0|   12|         11|
    |shl_ln941_5_reg_333                                                                             |  1|   0|   13|         12|
    |term_fu_104                                                                                     |  2|   0|    2|          0|
    |tmp_50_reg_317                                                                                  |  9|   0|   13|          4|
    |trunc_ln941_reg_322                                                                             |  1|   0|    1|          0|
    +------------------------------------------------------------------------------------------------+---+----+-----+-----------+
    |Total                                                                                           | 19|   0|   46|         27|
    +------------------------------------------------------------------------------------------------+---+----+-----+-----------+



================================================================
== Interface
================================================================
* Summary: 
+---------------------------------+-----+-----+------------+----------------------------------------------------------------+--------------+
|            RTL Ports            | Dir | Bits|  Protocol  |                          Source Object                         |    C Type    |
+---------------------------------+-----+-----+------------+----------------------------------------------------------------+--------------+
|ap_clk                           |   in|    1|  ap_ctrl_hs|  (anonymous namespace)read_snapshot_Outline_read_snapshot_terms|  return value|
|ap_rst                           |   in|    1|  ap_ctrl_hs|  (anonymous namespace)read_snapshot_Outline_read_snapshot_terms|  return value|
|ap_start                         |   in|    1|  ap_ctrl_hs|  (anonymous namespace)read_snapshot_Outline_read_snapshot_terms|  return value|
|ap_done                          |  out|    1|  ap_ctrl_hs|  (anonymous namespace)read_snapshot_Outline_read_snapshot_terms|  return value|
|ap_idle                          |  out|    1|  ap_ctrl_hs|  (anonymous namespace)read_snapshot_Outline_read_snapshot_terms|  return value|
|ap_ready                         |  out|    1|  ap_ctrl_hs|  (anonymous namespace)read_snapshot_Outline_read_snapshot_terms|  return value|
|empty                            |   in|    9|     ap_none|                                                           empty|        scalar|
|key_scales_address0              |  out|   13|   ap_memory|                                                      key_scales|         array|
|key_scales_ce0                   |  out|    1|   ap_memory|                                                      key_scales|         array|
|key_scales_q0                    |   in|   32|   ap_memory|                                                      key_scales|         array|
|keys_address0                    |  out|   15|   ap_memory|                                                            keys|         array|
|keys_ce0                         |  out|    1|   ap_memory|                                                            keys|         array|
|keys_q0                          |   in|  128|   ap_memory|                                                            keys|         array|
|add_ln944_1                      |   in|   64|     ap_none|                                                     add_ln944_1|        scalar|
|m_axi_gmem12_0_AWVALID           |  out|    1|       m_axi|                                                          gmem12|       pointer|
|m_axi_gmem12_0_AWREADY           |   in|    1|       m_axi|                                                          gmem12|       pointer|
|m_axi_gmem12_0_AWADDR            |  out|   64|       m_axi|                                                          gmem12|       pointer|
|m_axi_gmem12_0_AWID              |  out|    1|       m_axi|                                                          gmem12|       pointer|
|m_axi_gmem12_0_AWLEN             |  out|   32|       m_axi|                                                          gmem12|       pointer|
|m_axi_gmem12_0_AWSIZE            |  out|    3|       m_axi|                                                          gmem12|       pointer|
|m_axi_gmem12_0_AWBURST           |  out|    2|       m_axi|                                                          gmem12|       pointer|
|m_axi_gmem12_0_AWLOCK            |  out|    2|       m_axi|                                                          gmem12|       pointer|
|m_axi_gmem12_0_AWCACHE           |  out|    4|       m_axi|                                                          gmem12|       pointer|
|m_axi_gmem12_0_AWPROT            |  out|    3|       m_axi|                                                          gmem12|       pointer|
|m_axi_gmem12_0_AWQOS             |  out|    4|       m_axi|                                                          gmem12|       pointer|
|m_axi_gmem12_0_AWREGION          |  out|    4|       m_axi|                                                          gmem12|       pointer|
|m_axi_gmem12_0_AWUSER            |  out|    1|       m_axi|                                                          gmem12|       pointer|
|m_axi_gmem12_0_WVALID            |  out|    1|       m_axi|                                                          gmem12|       pointer|
|m_axi_gmem12_0_WREADY            |   in|    1|       m_axi|                                                          gmem12|       pointer|
|m_axi_gmem12_0_WDATA             |  out|    8|       m_axi|                                                          gmem12|       pointer|
|m_axi_gmem12_0_WSTRB             |  out|    1|       m_axi|                                                          gmem12|       pointer|
|m_axi_gmem12_0_WLAST             |  out|    1|       m_axi|                                                          gmem12|       pointer|
|m_axi_gmem12_0_WID               |  out|    1|       m_axi|                                                          gmem12|       pointer|
|m_axi_gmem12_0_WUSER             |  out|    1|       m_axi|                                                          gmem12|       pointer|
|m_axi_gmem12_0_ARVALID           |  out|    1|       m_axi|                                                          gmem12|       pointer|
|m_axi_gmem12_0_ARREADY           |   in|    1|       m_axi|                                                          gmem12|       pointer|
|m_axi_gmem12_0_ARADDR            |  out|   64|       m_axi|                                                          gmem12|       pointer|
|m_axi_gmem12_0_ARID              |  out|    1|       m_axi|                                                          gmem12|       pointer|
|m_axi_gmem12_0_ARLEN             |  out|   32|       m_axi|                                                          gmem12|       pointer|
|m_axi_gmem12_0_ARSIZE            |  out|    3|       m_axi|                                                          gmem12|       pointer|
|m_axi_gmem12_0_ARBURST           |  out|    2|       m_axi|                                                          gmem12|       pointer|
|m_axi_gmem12_0_ARLOCK            |  out|    2|       m_axi|                                                          gmem12|       pointer|
|m_axi_gmem12_0_ARCACHE           |  out|    4|       m_axi|                                                          gmem12|       pointer|
|m_axi_gmem12_0_ARPROT            |  out|    3|       m_axi|                                                          gmem12|       pointer|
|m_axi_gmem12_0_ARQOS             |  out|    4|       m_axi|                                                          gmem12|       pointer|
|m_axi_gmem12_0_ARREGION          |  out|    4|       m_axi|                                                          gmem12|       pointer|
|m_axi_gmem12_0_ARUSER            |  out|    1|       m_axi|                                                          gmem12|       pointer|
|m_axi_gmem12_0_RVALID            |   in|    1|       m_axi|                                                          gmem12|       pointer|
|m_axi_gmem12_0_RREADY            |  out|    1|       m_axi|                                                          gmem12|       pointer|
|m_axi_gmem12_0_RDATA             |   in|    8|       m_axi|                                                          gmem12|       pointer|
|m_axi_gmem12_0_RLAST             |   in|    1|       m_axi|                                                          gmem12|       pointer|
|m_axi_gmem12_0_RID               |   in|    1|       m_axi|                                                          gmem12|       pointer|
|m_axi_gmem12_0_RFIFONUM          |   in|   11|       m_axi|                                                          gmem12|       pointer|
|m_axi_gmem12_0_RUSER             |   in|    1|       m_axi|                                                          gmem12|       pointer|
|m_axi_gmem12_0_RRESP             |   in|    2|       m_axi|                                                          gmem12|       pointer|
|m_axi_gmem12_0_BVALID            |   in|    1|       m_axi|                                                          gmem12|       pointer|
|m_axi_gmem12_0_BREADY            |  out|    1|       m_axi|                                                          gmem12|       pointer|
|m_axi_gmem12_0_BRESP             |   in|    2|       m_axi|                                                          gmem12|       pointer|
|m_axi_gmem12_0_BID               |   in|    1|       m_axi|                                                          gmem12|       pointer|
|m_axi_gmem12_0_BUSER             |   in|    1|       m_axi|                                                          gmem12|       pointer|
|keys_out                         |   in|   64|     ap_none|                                                        keys_out|        scalar|
|zext_ln941_1                     |   in|   15|     ap_none|                                                    zext_ln941_1|        scalar|
|add_ln960                        |   in|   16|     ap_none|                                                       add_ln960|        scalar|
|add_ln959_1                      |   in|   64|     ap_none|                                                     add_ln959_1|        scalar|
|m_axi_gmem13_0_AWVALID           |  out|    1|       m_axi|                                                          gmem13|       pointer|
|m_axi_gmem13_0_AWREADY           |   in|    1|       m_axi|                                                          gmem13|       pointer|
|m_axi_gmem13_0_AWADDR            |  out|   64|       m_axi|                                                          gmem13|       pointer|
|m_axi_gmem13_0_AWID              |  out|    1|       m_axi|                                                          gmem13|       pointer|
|m_axi_gmem13_0_AWLEN             |  out|   32|       m_axi|                                                          gmem13|       pointer|
|m_axi_gmem13_0_AWSIZE            |  out|    3|       m_axi|                                                          gmem13|       pointer|
|m_axi_gmem13_0_AWBURST           |  out|    2|       m_axi|                                                          gmem13|       pointer|
|m_axi_gmem13_0_AWLOCK            |  out|    2|       m_axi|                                                          gmem13|       pointer|
|m_axi_gmem13_0_AWCACHE           |  out|    4|       m_axi|                                                          gmem13|       pointer|
|m_axi_gmem13_0_AWPROT            |  out|    3|       m_axi|                                                          gmem13|       pointer|
|m_axi_gmem13_0_AWQOS             |  out|    4|       m_axi|                                                          gmem13|       pointer|
|m_axi_gmem13_0_AWREGION          |  out|    4|       m_axi|                                                          gmem13|       pointer|
|m_axi_gmem13_0_AWUSER            |  out|    1|       m_axi|                                                          gmem13|       pointer|
|m_axi_gmem13_0_WVALID            |  out|    1|       m_axi|                                                          gmem13|       pointer|
|m_axi_gmem13_0_WREADY            |   in|    1|       m_axi|                                                          gmem13|       pointer|
|m_axi_gmem13_0_WDATA             |  out|    8|       m_axi|                                                          gmem13|       pointer|
|m_axi_gmem13_0_WSTRB             |  out|    1|       m_axi|                                                          gmem13|       pointer|
|m_axi_gmem13_0_WLAST             |  out|    1|       m_axi|                                                          gmem13|       pointer|
|m_axi_gmem13_0_WID               |  out|    1|       m_axi|                                                          gmem13|       pointer|
|m_axi_gmem13_0_WUSER             |  out|    1|       m_axi|                                                          gmem13|       pointer|
|m_axi_gmem13_0_ARVALID           |  out|    1|       m_axi|                                                          gmem13|       pointer|
|m_axi_gmem13_0_ARREADY           |   in|    1|       m_axi|                                                          gmem13|       pointer|
|m_axi_gmem13_0_ARADDR            |  out|   64|       m_axi|                                                          gmem13|       pointer|
|m_axi_gmem13_0_ARID              |  out|    1|       m_axi|                                                          gmem13|       pointer|
|m_axi_gmem13_0_ARLEN             |  out|   32|       m_axi|                                                          gmem13|       pointer|
|m_axi_gmem13_0_ARSIZE            |  out|    3|       m_axi|                                                          gmem13|       pointer|
|m_axi_gmem13_0_ARBURST           |  out|    2|       m_axi|                                                          gmem13|       pointer|
|m_axi_gmem13_0_ARLOCK            |  out|    2|       m_axi|                                                          gmem13|       pointer|
|m_axi_gmem13_0_ARCACHE           |  out|    4|       m_axi|                                                          gmem13|       pointer|
|m_axi_gmem13_0_ARPROT            |  out|    3|       m_axi|                                                          gmem13|       pointer|
|m_axi_gmem13_0_ARQOS             |  out|    4|       m_axi|                                                          gmem13|       pointer|
|m_axi_gmem13_0_ARREGION          |  out|    4|       m_axi|                                                          gmem13|       pointer|
|m_axi_gmem13_0_ARUSER            |  out|    1|       m_axi|                                                          gmem13|       pointer|
|m_axi_gmem13_0_RVALID            |   in|    1|       m_axi|                                                          gmem13|       pointer|
|m_axi_gmem13_0_RREADY            |  out|    1|       m_axi|                                                          gmem13|       pointer|
|m_axi_gmem13_0_RDATA             |   in|    8|       m_axi|                                                          gmem13|       pointer|
|m_axi_gmem13_0_RLAST             |   in|    1|       m_axi|                                                          gmem13|       pointer|
|m_axi_gmem13_0_RID               |   in|    1|       m_axi|                                                          gmem13|       pointer|
|m_axi_gmem13_0_RFIFONUM          |   in|   11|       m_axi|                                                          gmem13|       pointer|
|m_axi_gmem13_0_RUSER             |   in|    1|       m_axi|                                                          gmem13|       pointer|
|m_axi_gmem13_0_RRESP             |   in|    2|       m_axi|                                                          gmem13|       pointer|
|m_axi_gmem13_0_BVALID            |   in|    1|       m_axi|                                                          gmem13|       pointer|
|m_axi_gmem13_0_BREADY            |  out|    1|       m_axi|                                                          gmem13|       pointer|
|m_axi_gmem13_0_BRESP             |   in|    2|       m_axi|                                                          gmem13|       pointer|
|m_axi_gmem13_0_BID               |   in|    1|       m_axi|                                                          gmem13|       pointer|
|m_axi_gmem13_0_BUSER             |   in|    1|       m_axi|                                                          gmem13|       pointer|
|add_ln966                        |   in|   20|     ap_none|                                                       add_ln966|        scalar|
|updates_out                      |   in|   64|     ap_none|                                                     updates_out|        scalar|
|zext_ln939                       |   in|   16|     ap_none|                                                      zext_ln939|        scalar|
|resident_update_scales_address0  |  out|   14|   ap_memory|                                          resident_update_scales|         array|
|resident_update_scales_ce0       |  out|    1|   ap_memory|                                          resident_update_scales|         array|
|resident_update_scales_q0        |   in|   32|   ap_memory|                                          resident_update_scales|         array|
|resident_updates_address0        |  out|   16|   ap_memory|                                                resident_updates|         array|
|resident_updates_ce0             |  out|    1|   ap_memory|                                                resident_updates|         array|
|resident_updates_q0              |   in|  128|   ap_memory|                                                resident_updates|         array|
+---------------------------------+-----+-----+------------+----------------------------------------------------------------+--------------+

