

================================================================
== Vitis HLS Report for 'p_anonymous_namespace_read_snapshot'
================================================================
* Date:           Sun Aug  2 05:06:33 2026

* Version:        2025.2 (Build 6295257 on Nov 14 2025)
* Project:        gdn_e2m0_hls
* Solution:       u55c_250mhz (Vivado IP Flow Target)
* Product family: virtexuplusHBM
* Target device:  xcu55c-fsvh2892-2L-e


================================================================
== Performance Estimates
================================================================
+ Timing: 
    * Summary: 
    +--------+---------+----------+------------+
    |  Clock |  Target | Estimated| Uncertainty|
    +--------+---------+----------+------------+
    |ap_clk  |  4.00 ns|  2.920 ns|     1.08 ns|
    +--------+---------+----------+------------+

+ Latency: 
    * Summary: 
    +---------+---------+----------+----------+--------+--------+---------+
    |  Latency (cycles) |  Latency (absolute) |     Interval    | Pipeline|
    |   min   |   max   |    min   |    max   |   min  |   max  |   Type  |
    +---------+---------+----------+----------+--------+--------+---------+
    |   922635|   922635|  3.691 ms|  3.691 ms|  922635|  922635|       no|
    +---------+---------+----------+----------+--------+--------+---------+

    + Detail: 
        * Instance: 
        +------------------------------------------------------------------------------+-------------------------------------------------------------------+---------+---------+-----------+-----------+-------+-------+-------------------+
        |                                                                              |                                                                   |  Latency (cycles) |   Latency (absolute)  |    Interval   |      Pipeline     |
        |                                   Instance                                   |                               Module                              |   min   |   max   |    min    |    max    |  min  |  max  |        Type       |
        +------------------------------------------------------------------------------+-------------------------------------------------------------------+---------+---------+-----------+-----------+-------+-------+-------------------+
        |grp_p_anonymous_namespace_read_snapshot_Pipeline_read_snapshot_lanes_fu_494   |p_anonymous_namespace_read_snapshot_Pipeline_read_snapshot_lanes   |       40|       40|   0.160 us|   0.160 us|      0|      0|  loop pipeline stp|
        |grp_p_anonymous_namespace_read_snapshot_Outline_read_snapshot_terms_fu_509    |p_anonymous_namespace_read_snapshot_Outline_read_snapshot_terms    |    12999|    12999|  51.996 us|  51.996 us|  12999|  12999|                 no|
        |grp_p_anonymous_namespace_read_snapshot_Pipeline_read_snapshot_lambda_fu_534  |p_anonymous_namespace_read_snapshot_Pipeline_read_snapshot_lambda  |       35|       35|   0.140 us|   0.140 us|      0|      0|  loop pipeline stp|
        +------------------------------------------------------------------------------+-------------------------------------------------------------------+---------+---------+-----------+-----------+-------+-------+-------------------+

        * Loop: 
        +---------------------------+---------+---------+----------+-----------+-----------+------+----------+
        |                           |  Latency (cycles) | Iteration|  Initiation Interval  | Trip |          |
        |         Loop Name         |   min   |   max   |  Latency |  achieved |   target  | Count| Pipelined|
        +---------------------------+---------+---------+----------+-----------+-----------+------+----------+
        |- read_snapshot_heads      |   831616|   831616|     25988|          -|          -|    32|        no|
        | + read_snapshot_rows      |    25984|    25984|       203|          -|          -|   128|        no|
        |  ++ read_snapshot_blocks  |      200|      200|        50|          -|          -|     4|        no|
        |- read_snapshot_entries    |    91007|    91007|     13001|          -|          -|     7|        no|
        +---------------------------+---------+---------+----------+-----------+-----------+------+----------+



================================================================
== Utilization Estimates
================================================================
* Summary: 
+---------------------+---------+------+---------+---------+-----+
|         Name        | BRAM_18K|  DSP |    FF   |   LUT   | URAM|
+---------------------+---------+------+---------+---------+-----+
|DSP                  |        -|     -|        -|        -|    -|
|Expression           |        -|     -|        0|      613|    -|
|FIFO                 |        -|     -|        -|        -|    -|
|Instance             |        -|     -|     1016|     2276|    -|
|Memory               |        -|     -|        -|        -|    -|
|Multiplexer          |        -|     -|        0|      892|    -|
|Register             |        -|     -|      851|        -|    -|
+---------------------+---------+------+---------+---------+-----+
|Total                |        0|     0|     1867|     3781|    0|
+---------------------+---------+------+---------+---------+-----+
|Available SLR        |     1344|  3008|   869120|   434560|  320|
+---------------------+---------+------+---------+---------+-----+
|Utilization SLR (%)  |        0|     0|       ~0|       ~0|    0|
+---------------------+---------+------+---------+---------+-----+
|Available            |     4032|  9024|  2607360|  1303680|  960|
+---------------------+---------+------+---------+---------+-----+
|Utilization (%)      |        0|     0|       ~0|       ~0|    0|
+---------------------+---------+------+---------+---------+-----+

+ Detail: 
    * Instance: 
    +------------------------------------------------------------------------------+-------------------------------------------------------------------+---------+----+-----+------+-----+
    |                                   Instance                                   |                               Module                              | BRAM_18K| DSP|  FF |  LUT | URAM|
    +------------------------------------------------------------------------------+-------------------------------------------------------------------+---------+----+-----+------+-----+
    |grp_p_anonymous_namespace_read_snapshot_Outline_read_snapshot_terms_fu_509    |p_anonymous_namespace_read_snapshot_Outline_read_snapshot_terms    |        0|   0|  820|  1767|    0|
    |grp_p_anonymous_namespace_read_snapshot_Pipeline_read_snapshot_lambda_fu_534  |p_anonymous_namespace_read_snapshot_Pipeline_read_snapshot_lambda  |        0|   0|   27|   108|    0|
    |grp_p_anonymous_namespace_read_snapshot_Pipeline_read_snapshot_lanes_fu_494   |p_anonymous_namespace_read_snapshot_Pipeline_read_snapshot_lanes   |        0|   0|  169|   383|    0|
    |partselect_8ns_32ns_5ns_8_1_1_U1636                                           |partselect_8ns_32ns_5ns_8_1_1                                      |        0|   0|    0|     9|    0|
    |partselect_8ns_32ns_5ns_8_1_1_U1637                                           |partselect_8ns_32ns_5ns_8_1_1                                      |        0|   0|    0|     9|    0|
    +------------------------------------------------------------------------------+-------------------------------------------------------------------+---------+----+-----+------+-----+
    |Total                                                                         |                                                                   |        0|   0| 1016|  2276|    0|
    +------------------------------------------------------------------------------+-------------------------------------------------------------------+---------+----+-----+------+-----+

    * DSP: 
    N/A

    * Memory: 
    N/A

    * FIFO: 
    N/A

    * Expression: 
    +----------------------------------+----------+----+---+----+------------+------------+
    |           Variable Name          | Operation| DSP| FF| LUT| Bitwidth P0| Bitwidth P1|
    +----------------------------------+----------+----+---+----+------------+------------+
    |add_ln35_fu_757_p2                |         +|   0|  0|  21|          14|          14|
    |add_ln913_fu_610_p2               |         +|   0|  0|  13|           6|           1|
    |add_ln914_fu_620_p2               |         +|   0|  0|  18|          11|          11|
    |add_ln916_fu_681_p2               |         +|   0|  0|  15|           8|           1|
    |add_ln918_fu_742_p2               |         +|   0|  0|  10|           3|           1|
    |add_ln919_fu_785_p2               |         +|   0|  0|  71|          64|          64|
    |add_ln920_1_fu_708_p2             |         +|   0|  0|  20|          20|          20|
    |add_ln920_fu_703_p2               |         +|   0|  0|  20|          20|          20|
    |add_ln921_fu_803_p2               |         +|   0|  0|  71|          64|          64|
    |add_ln928_1_fu_827_p2             |         +|   0|  0|  31|          24|          24|
    |add_ln928_fu_670_p2               |         +|   0|  0|  31|          24|          24|
    |add_ln937_fu_870_p2               |         +|   0|  0|  10|           3|           1|
    |add_ln944_1_fu_944_p2             |         +|   0|  0|  71|          64|          64|
    |add_ln951_fu_880_p2               |         +|   0|  0|  15|           8|           8|
    |add_ln959_1_fu_956_p2             |         +|   0|  0|  71|          64|          64|
    |add_ln960_fu_950_p2               |         +|   0|  0|  23|          16|          16|
    |add_ln966_fu_962_p2               |         +|   0|  0|  27|          20|          20|
    |sub_ln914_fu_561_p2               |         -|   0|  0|  15|           8|           8|
    |icmp_ln913_fu_604_p2              |      icmp|   0|  0|  14|           6|           7|
    |icmp_ln916_fu_675_p2              |      icmp|   0|  0|  16|           8|           9|
    |icmp_ln918_fu_736_p2              |      icmp|   0|  0|  12|           3|           4|
    |icmp_ln937_fu_864_p2              |      icmp|   0|  0|  10|           3|           2|
    |ap_block_state14                  |        or|   0|  0|   2|           1|           1|
    |ap_block_state23_on_subcall_done  |        or|   0|  0|   2|           1|           1|
    |ap_block_state8_io                |        or|   0|  0|   2|           1|           1|
    |ap_block_state9_io                |        or|   0|  0|   2|           1|           1|
    +----------------------------------+----------+----+---+----+------------+------------+
    |Total                             |          |   0|  0| 613|         465|         451|
    +----------------------------------+----------+----+---+----+------------+------------+

    * Multiplexer: 
    +-------------------------+-----+-----------+-----+-----------+
    |           Name          | LUT | Input Size| Bits| Total Bits|
    +-------------------------+-----+-----------+-----+-----------+
    |ap_NS_fsm                |  145|         29|    1|         29|
    |block_reg_483            |    9|          2|    3|          6|
    |entry_4_fu_246           |    9|          2|    3|          6|
    |gmem10_blk_n_AW          |    9|          2|    1|          2|
    |gmem10_blk_n_B           |    9|          2|    1|          2|
    |gmem10_blk_n_W           |    9|          2|    1|          2|
    |gmem11_blk_n_AW          |    9|          2|    1|          2|
    |gmem11_blk_n_B           |    9|          2|    1|          2|
    |gmem11_blk_n_W           |    9|          2|    1|          2|
    |gmem14_blk_n_AW          |    9|          2|    1|          2|
    |gmem14_blk_n_B           |    9|          2|    1|          2|
    |gmem14_blk_n_W           |    9|          2|    1|          2|
    |head_fu_242              |    9|          2|    6|         12|
    |m_axi_gmem10_0_AWADDR    |   14|          3|   64|        192|
    |m_axi_gmem10_0_AWBURST   |    9|          2|    2|          4|
    |m_axi_gmem10_0_AWCACHE   |    9|          2|    4|          8|
    |m_axi_gmem10_0_AWID      |    9|          2|    1|          2|
    |m_axi_gmem10_0_AWLEN     |   14|          3|   32|         96|
    |m_axi_gmem10_0_AWLOCK    |    9|          2|    2|          4|
    |m_axi_gmem10_0_AWPROT    |    9|          2|    3|          6|
    |m_axi_gmem10_0_AWQOS     |    9|          2|    4|          8|
    |m_axi_gmem10_0_AWREGION  |    9|          2|    4|          8|
    |m_axi_gmem10_0_AWSIZE    |    9|          2|    3|          6|
    |m_axi_gmem10_0_AWUSER    |    9|          2|    1|          2|
    |m_axi_gmem10_0_AWVALID   |   14|          3|    1|          3|
    |m_axi_gmem10_0_BREADY    |   14|          3|    1|          3|
    |m_axi_gmem10_0_WDATA     |   14|          3|    8|         24|
    |m_axi_gmem10_0_WID       |    9|          2|    1|          2|
    |m_axi_gmem10_0_WLAST     |    9|          2|    1|          2|
    |m_axi_gmem10_0_WSTRB     |   14|          3|    1|          3|
    |m_axi_gmem10_0_WUSER     |    9|          2|    1|          2|
    |m_axi_gmem10_0_WVALID    |   14|          3|    1|          3|
    |m_axi_gmem11_0_AWADDR    |   14|          3|   64|        192|
    |m_axi_gmem11_0_AWBURST   |    9|          2|    2|          4|
    |m_axi_gmem11_0_AWCACHE   |    9|          2|    4|          8|
    |m_axi_gmem11_0_AWID      |    9|          2|    1|          2|
    |m_axi_gmem11_0_AWLEN     |   14|          3|   32|         96|
    |m_axi_gmem11_0_AWLOCK    |    9|          2|    2|          4|
    |m_axi_gmem11_0_AWPROT    |    9|          2|    3|          6|
    |m_axi_gmem11_0_AWQOS     |    9|          2|    4|          8|
    |m_axi_gmem11_0_AWREGION  |    9|          2|    4|          8|
    |m_axi_gmem11_0_AWSIZE    |    9|          2|    3|          6|
    |m_axi_gmem11_0_AWUSER    |    9|          2|    1|          2|
    |m_axi_gmem11_0_AWVALID   |   14|          3|    1|          3|
    |m_axi_gmem11_0_BREADY    |   14|          3|    1|          3|
    |m_axi_gmem11_0_WDATA     |   14|          3|    8|         24|
    |m_axi_gmem11_0_WID       |    9|          2|    1|          2|
    |m_axi_gmem11_0_WLAST     |    9|          2|    1|          2|
    |m_axi_gmem11_0_WSTRB     |   14|          3|    1|          3|
    |m_axi_gmem11_0_WUSER     |    9|          2|    1|          2|
    |m_axi_gmem11_0_WVALID    |   14|          3|    1|          3|
    |m_axi_gmem14_0_AWADDR    |   20|          4|   64|        256|
    |m_axi_gmem14_0_AWBURST   |    9|          2|    2|          4|
    |m_axi_gmem14_0_AWCACHE   |    9|          2|    4|          8|
    |m_axi_gmem14_0_AWID      |    9|          2|    1|          2|
    |m_axi_gmem14_0_AWLEN     |   20|          4|   32|        128|
    |m_axi_gmem14_0_AWLOCK    |    9|          2|    2|          4|
    |m_axi_gmem14_0_AWPROT    |    9|          2|    3|          6|
    |m_axi_gmem14_0_AWQOS     |    9|          2|    4|          8|
    |m_axi_gmem14_0_AWREGION  |    9|          2|    4|          8|
    |m_axi_gmem14_0_AWSIZE    |    9|          2|    3|          6|
    |m_axi_gmem14_0_AWUSER    |    9|          2|    1|          2|
    |m_axi_gmem14_0_AWVALID   |   14|          3|    1|          3|
    |m_axi_gmem14_0_BREADY    |   14|          3|    1|          3|
    |m_axi_gmem14_0_WDATA     |   14|          3|   16|         48|
    |m_axi_gmem14_0_WID       |    9|          2|    1|          2|
    |m_axi_gmem14_0_WLAST     |    9|          2|    1|          2|
    |m_axi_gmem14_0_WSTRB     |   14|          3|    2|          6|
    |m_axi_gmem14_0_WUSER     |    9|          2|    1|          2|
    |m_axi_gmem14_0_WVALID    |   14|          3|    1|          3|
    |row_reg_472              |    9|          2|    8|         16|
    +-------------------------+-----+-----------+-----+-----------+
    |Total                    |  892|        192|  444|       1344|
    +-------------------------+-----+-----------+-----+-----------+

    * Register: 
    +-------------------------------------------------------------------------------------------+-----+----+-----+-----------+
    |                                            Name                                           |  FF | LUT| Bits| Const Bits|
    +-------------------------------------------------------------------------------------------+-----+----+-----+-----------+
    |add_ln913_reg_1078                                                                         |    6|   0|    6|          0|
    |add_ln916_reg_1127                                                                         |    8|   0|    8|          0|
    |add_ln918_reg_1171                                                                         |    3|   0|    3|          0|
    |add_ln928_reg_1119                                                                         |   24|   0|   24|          0|
    |add_ln944_1_reg_1253                                                                       |   64|   0|   64|          0|
    |add_ln959_1_reg_1263                                                                       |   64|   0|   64|          0|
    |add_ln960_reg_1258                                                                         |   16|   0|   16|          0|
    |add_ln966_reg_1268                                                                         |   20|   0|   20|          0|
    |ap_CS_fsm                                                                                  |   28|   0|   28|          0|
    |block_reg_483                                                                              |    3|   0|    3|          0|
    |empty_867_reg_1225                                                                         |   96|   0|   96|          0|
    |entry_4_fu_246                                                                             |    3|   0|    3|          0|
    |gamma_load_reg_1109                                                                        |   16|   0|   16|          0|
    |gmem10_addr_reg_1186                                                                       |   64|   0|   64|          0|
    |gmem11_addr_reg_1198                                                                       |   64|   0|   64|          0|
    |grp_p_anonymous_namespace_read_snapshot_Outline_read_snapshot_terms_fu_509_ap_start_reg    |    1|   0|    1|          0|
    |grp_p_anonymous_namespace_read_snapshot_Pipeline_read_snapshot_lambda_fu_534_ap_start_reg  |    1|   0|    1|          0|
    |grp_p_anonymous_namespace_read_snapshot_Pipeline_read_snapshot_lanes_fu_494_ap_start_reg   |    1|   0|    1|          0|
    |head_fu_242                                                                                |    6|   0|    6|          0|
    |resident_primary_load_reg_1220                                                             |  128|   0|  128|          0|
    |row_reg_472                                                                                |    8|   0|    8|          0|
    |shl_ln18_reg_1243                                                                          |    3|   0|   15|         12|
    |shl_ln19_reg_1273                                                                          |    3|   0|    9|          6|
    |shl_ln20_reg_1138                                                                          |    7|   0|    9|          2|
    |shl_ln941_4_reg_1248                                                                       |    3|   0|   16|         13|
    |sub_ln914_reg_1059                                                                         |    8|   0|    8|          0|
    |tmp_17_reg_1064                                                                            |    6|   0|   11|          5|
    |tmp_19_reg_1205                                                                            |   20|   0|   20|          0|
    |tmp_54_reg_1238                                                                            |    8|   0|    9|          1|
    |tmp_reg_1181                                                                               |    8|   0|    8|          0|
    |tmp_s_reg_1193                                                                             |    8|   0|    8|          0|
    |trunc_ln19_reg_1103                                                                        |   63|   0|   63|          0|
    |trunc_ln35_reg_1176                                                                        |    2|   0|    2|          0|
    |trunc_ln914_reg_1088                                                                       |    5|   0|    5|          0|
    |trunc_ln920_reg_1132                                                                       |    7|   0|    7|          0|
    |word_2_reg_1163                                                                            |   32|   0|   32|          0|
    |word_reg_1158                                                                              |   32|   0|   32|          0|
    |zext_ln914_reg_1114                                                                        |    5|   0|   20|         15|
    |zext_ln920_reg_1153                                                                        |    7|   0|   14|          7|
    +-------------------------------------------------------------------------------------------+-----+----+-----+-----------+
    |Total                                                                                      |  851|   0|  912|         61|
    +-------------------------------------------------------------------------------------------+-----+----+-----+-----------+



================================================================
== Interface
================================================================
* Summary: 
+-----------------------------------+-----+-----+------------+------------------------------------+--------------+
|             RTL Ports             | Dir | Bits|  Protocol  |            Source Object           |    C Type    |
+-----------------------------------+-----+-----+------------+------------------------------------+--------------+
|ap_clk                             |   in|    1|  ap_ctrl_hs|  (anonymous namespace)read_snapshot|  return value|
|ap_rst                             |   in|    1|  ap_ctrl_hs|  (anonymous namespace)read_snapshot|  return value|
|ap_start                           |   in|    1|  ap_ctrl_hs|  (anonymous namespace)read_snapshot|  return value|
|ap_done                            |  out|    1|  ap_ctrl_hs|  (anonymous namespace)read_snapshot|  return value|
|ap_idle                            |  out|    1|  ap_ctrl_hs|  (anonymous namespace)read_snapshot|  return value|
|ap_ready                           |  out|    1|  ap_ctrl_hs|  (anonymous namespace)read_snapshot|  return value|
|primary                            |   in|   24|     ap_none|                             primary|        scalar|
|primary_scales                     |   in|   20|     ap_none|                      primary_scales|        scalar|
|keys_address0                      |  out|   15|   ap_memory|                                keys|         array|
|keys_ce0                           |  out|    1|   ap_memory|                                keys|         array|
|keys_q0                            |   in|  128|   ap_memory|                                keys|         array|
|keys_offset1                       |   in|    6|     ap_none|                        keys_offset1|        scalar|
|key_scales_address0                |  out|   13|   ap_memory|                          key_scales|         array|
|key_scales_ce0                     |  out|    1|   ap_memory|                          key_scales|         array|
|key_scales_q0                      |   in|   32|   ap_memory|                          key_scales|         array|
|updates                            |   in|   20|     ap_none|                             updates|        scalar|
|update_scales                      |   in|   16|     ap_none|                       update_scales|        scalar|
|gamma_address0                     |  out|   11|   ap_memory|                               gamma|         array|
|gamma_ce0                          |  out|    1|   ap_memory|                               gamma|         array|
|gamma_q0                           |   in|   16|   ap_memory|                               gamma|         array|
|lambda                             |   in|   14|     ap_none|                              lambda|        scalar|
|m_axi_gmem10_0_AWVALID             |  out|    1|       m_axi|                              gmem10|       pointer|
|m_axi_gmem10_0_AWREADY             |   in|    1|       m_axi|                              gmem10|       pointer|
|m_axi_gmem10_0_AWADDR              |  out|   64|       m_axi|                              gmem10|       pointer|
|m_axi_gmem10_0_AWID                |  out|    1|       m_axi|                              gmem10|       pointer|
|m_axi_gmem10_0_AWLEN               |  out|   32|       m_axi|                              gmem10|       pointer|
|m_axi_gmem10_0_AWSIZE              |  out|    3|       m_axi|                              gmem10|       pointer|
|m_axi_gmem10_0_AWBURST             |  out|    2|       m_axi|                              gmem10|       pointer|
|m_axi_gmem10_0_AWLOCK              |  out|    2|       m_axi|                              gmem10|       pointer|
|m_axi_gmem10_0_AWCACHE             |  out|    4|       m_axi|                              gmem10|       pointer|
|m_axi_gmem10_0_AWPROT              |  out|    3|       m_axi|                              gmem10|       pointer|
|m_axi_gmem10_0_AWQOS               |  out|    4|       m_axi|                              gmem10|       pointer|
|m_axi_gmem10_0_AWREGION            |  out|    4|       m_axi|                              gmem10|       pointer|
|m_axi_gmem10_0_AWUSER              |  out|    1|       m_axi|                              gmem10|       pointer|
|m_axi_gmem10_0_WVALID              |  out|    1|       m_axi|                              gmem10|       pointer|
|m_axi_gmem10_0_WREADY              |   in|    1|       m_axi|                              gmem10|       pointer|
|m_axi_gmem10_0_WDATA               |  out|    8|       m_axi|                              gmem10|       pointer|
|m_axi_gmem10_0_WSTRB               |  out|    1|       m_axi|                              gmem10|       pointer|
|m_axi_gmem10_0_WLAST               |  out|    1|       m_axi|                              gmem10|       pointer|
|m_axi_gmem10_0_WID                 |  out|    1|       m_axi|                              gmem10|       pointer|
|m_axi_gmem10_0_WUSER               |  out|    1|       m_axi|                              gmem10|       pointer|
|m_axi_gmem10_0_ARVALID             |  out|    1|       m_axi|                              gmem10|       pointer|
|m_axi_gmem10_0_ARREADY             |   in|    1|       m_axi|                              gmem10|       pointer|
|m_axi_gmem10_0_ARADDR              |  out|   64|       m_axi|                              gmem10|       pointer|
|m_axi_gmem10_0_ARID                |  out|    1|       m_axi|                              gmem10|       pointer|
|m_axi_gmem10_0_ARLEN               |  out|   32|       m_axi|                              gmem10|       pointer|
|m_axi_gmem10_0_ARSIZE              |  out|    3|       m_axi|                              gmem10|       pointer|
|m_axi_gmem10_0_ARBURST             |  out|    2|       m_axi|                              gmem10|       pointer|
|m_axi_gmem10_0_ARLOCK              |  out|    2|       m_axi|                              gmem10|       pointer|
|m_axi_gmem10_0_ARCACHE             |  out|    4|       m_axi|                              gmem10|       pointer|
|m_axi_gmem10_0_ARPROT              |  out|    3|       m_axi|                              gmem10|       pointer|
|m_axi_gmem10_0_ARQOS               |  out|    4|       m_axi|                              gmem10|       pointer|
|m_axi_gmem10_0_ARREGION            |  out|    4|       m_axi|                              gmem10|       pointer|
|m_axi_gmem10_0_ARUSER              |  out|    1|       m_axi|                              gmem10|       pointer|
|m_axi_gmem10_0_RVALID              |   in|    1|       m_axi|                              gmem10|       pointer|
|m_axi_gmem10_0_RREADY              |  out|    1|       m_axi|                              gmem10|       pointer|
|m_axi_gmem10_0_RDATA               |   in|    8|       m_axi|                              gmem10|       pointer|
|m_axi_gmem10_0_RLAST               |   in|    1|       m_axi|                              gmem10|       pointer|
|m_axi_gmem10_0_RID                 |   in|    1|       m_axi|                              gmem10|       pointer|
|m_axi_gmem10_0_RFIFONUM            |   in|   11|       m_axi|                              gmem10|       pointer|
|m_axi_gmem10_0_RUSER               |   in|    1|       m_axi|                              gmem10|       pointer|
|m_axi_gmem10_0_RRESP               |   in|    2|       m_axi|                              gmem10|       pointer|
|m_axi_gmem10_0_BVALID              |   in|    1|       m_axi|                              gmem10|       pointer|
|m_axi_gmem10_0_BREADY              |  out|    1|       m_axi|                              gmem10|       pointer|
|m_axi_gmem10_0_BRESP               |   in|    2|       m_axi|                              gmem10|       pointer|
|m_axi_gmem10_0_BID                 |   in|    1|       m_axi|                              gmem10|       pointer|
|m_axi_gmem10_0_BUSER               |   in|    1|       m_axi|                              gmem10|       pointer|
|primary_out                        |   in|   64|     ap_none|                         primary_out|        scalar|
|primary_scales_out                 |   in|   64|     ap_none|                  primary_scales_out|        scalar|
|m_axi_gmem11_0_AWVALID             |  out|    1|       m_axi|                              gmem11|       pointer|
|m_axi_gmem11_0_AWREADY             |   in|    1|       m_axi|                              gmem11|       pointer|
|m_axi_gmem11_0_AWADDR              |  out|   64|       m_axi|                              gmem11|       pointer|
|m_axi_gmem11_0_AWID                |  out|    1|       m_axi|                              gmem11|       pointer|
|m_axi_gmem11_0_AWLEN               |  out|   32|       m_axi|                              gmem11|       pointer|
|m_axi_gmem11_0_AWSIZE              |  out|    3|       m_axi|                              gmem11|       pointer|
|m_axi_gmem11_0_AWBURST             |  out|    2|       m_axi|                              gmem11|       pointer|
|m_axi_gmem11_0_AWLOCK              |  out|    2|       m_axi|                              gmem11|       pointer|
|m_axi_gmem11_0_AWCACHE             |  out|    4|       m_axi|                              gmem11|       pointer|
|m_axi_gmem11_0_AWPROT              |  out|    3|       m_axi|                              gmem11|       pointer|
|m_axi_gmem11_0_AWQOS               |  out|    4|       m_axi|                              gmem11|       pointer|
|m_axi_gmem11_0_AWREGION            |  out|    4|       m_axi|                              gmem11|       pointer|
|m_axi_gmem11_0_AWUSER              |  out|    1|       m_axi|                              gmem11|       pointer|
|m_axi_gmem11_0_WVALID              |  out|    1|       m_axi|                              gmem11|       pointer|
|m_axi_gmem11_0_WREADY              |   in|    1|       m_axi|                              gmem11|       pointer|
|m_axi_gmem11_0_WDATA               |  out|    8|       m_axi|                              gmem11|       pointer|
|m_axi_gmem11_0_WSTRB               |  out|    1|       m_axi|                              gmem11|       pointer|
|m_axi_gmem11_0_WLAST               |  out|    1|       m_axi|                              gmem11|       pointer|
|m_axi_gmem11_0_WID                 |  out|    1|       m_axi|                              gmem11|       pointer|
|m_axi_gmem11_0_WUSER               |  out|    1|       m_axi|                              gmem11|       pointer|
|m_axi_gmem11_0_ARVALID             |  out|    1|       m_axi|                              gmem11|       pointer|
|m_axi_gmem11_0_ARREADY             |   in|    1|       m_axi|                              gmem11|       pointer|
|m_axi_gmem11_0_ARADDR              |  out|   64|       m_axi|                              gmem11|       pointer|
|m_axi_gmem11_0_ARID                |  out|    1|       m_axi|                              gmem11|       pointer|
|m_axi_gmem11_0_ARLEN               |  out|   32|       m_axi|                              gmem11|       pointer|
|m_axi_gmem11_0_ARSIZE              |  out|    3|       m_axi|                              gmem11|       pointer|
|m_axi_gmem11_0_ARBURST             |  out|    2|       m_axi|                              gmem11|       pointer|
|m_axi_gmem11_0_ARLOCK              |  out|    2|       m_axi|                              gmem11|       pointer|
|m_axi_gmem11_0_ARCACHE             |  out|    4|       m_axi|                              gmem11|       pointer|
|m_axi_gmem11_0_ARPROT              |  out|    3|       m_axi|                              gmem11|       pointer|
|m_axi_gmem11_0_ARQOS               |  out|    4|       m_axi|                              gmem11|       pointer|
|m_axi_gmem11_0_ARREGION            |  out|    4|       m_axi|                              gmem11|       pointer|
|m_axi_gmem11_0_ARUSER              |  out|    1|       m_axi|                              gmem11|       pointer|
|m_axi_gmem11_0_RVALID              |   in|    1|       m_axi|                              gmem11|       pointer|
|m_axi_gmem11_0_RREADY              |  out|    1|       m_axi|                              gmem11|       pointer|
|m_axi_gmem11_0_RDATA               |   in|    8|       m_axi|                              gmem11|       pointer|
|m_axi_gmem11_0_RLAST               |   in|    1|       m_axi|                              gmem11|       pointer|
|m_axi_gmem11_0_RID                 |   in|    1|       m_axi|                              gmem11|       pointer|
|m_axi_gmem11_0_RFIFONUM            |   in|   11|       m_axi|                              gmem11|       pointer|
|m_axi_gmem11_0_RUSER               |   in|    1|       m_axi|                              gmem11|       pointer|
|m_axi_gmem11_0_RRESP               |   in|    2|       m_axi|                              gmem11|       pointer|
|m_axi_gmem11_0_BVALID              |   in|    1|       m_axi|                              gmem11|       pointer|
|m_axi_gmem11_0_BREADY              |  out|    1|       m_axi|                              gmem11|       pointer|
|m_axi_gmem11_0_BRESP               |   in|    2|       m_axi|                              gmem11|       pointer|
|m_axi_gmem11_0_BID                 |   in|    1|       m_axi|                              gmem11|       pointer|
|m_axi_gmem11_0_BUSER               |   in|    1|       m_axi|                              gmem11|       pointer|
|residual_out                       |   in|   64|     ap_none|                        residual_out|        scalar|
|residual_scales_out                |   in|   64|     ap_none|                 residual_scales_out|        scalar|
|m_axi_gmem12_0_AWVALID             |  out|    1|       m_axi|                              gmem12|       pointer|
|m_axi_gmem12_0_AWREADY             |   in|    1|       m_axi|                              gmem12|       pointer|
|m_axi_gmem12_0_AWADDR              |  out|   64|       m_axi|                              gmem12|       pointer|
|m_axi_gmem12_0_AWID                |  out|    1|       m_axi|                              gmem12|       pointer|
|m_axi_gmem12_0_AWLEN               |  out|   32|       m_axi|                              gmem12|       pointer|
|m_axi_gmem12_0_AWSIZE              |  out|    3|       m_axi|                              gmem12|       pointer|
|m_axi_gmem12_0_AWBURST             |  out|    2|       m_axi|                              gmem12|       pointer|
|m_axi_gmem12_0_AWLOCK              |  out|    2|       m_axi|                              gmem12|       pointer|
|m_axi_gmem12_0_AWCACHE             |  out|    4|       m_axi|                              gmem12|       pointer|
|m_axi_gmem12_0_AWPROT              |  out|    3|       m_axi|                              gmem12|       pointer|
|m_axi_gmem12_0_AWQOS               |  out|    4|       m_axi|                              gmem12|       pointer|
|m_axi_gmem12_0_AWREGION            |  out|    4|       m_axi|                              gmem12|       pointer|
|m_axi_gmem12_0_AWUSER              |  out|    1|       m_axi|                              gmem12|       pointer|
|m_axi_gmem12_0_WVALID              |  out|    1|       m_axi|                              gmem12|       pointer|
|m_axi_gmem12_0_WREADY              |   in|    1|       m_axi|                              gmem12|       pointer|
|m_axi_gmem12_0_WDATA               |  out|    8|       m_axi|                              gmem12|       pointer|
|m_axi_gmem12_0_WSTRB               |  out|    1|       m_axi|                              gmem12|       pointer|
|m_axi_gmem12_0_WLAST               |  out|    1|       m_axi|                              gmem12|       pointer|
|m_axi_gmem12_0_WID                 |  out|    1|       m_axi|                              gmem12|       pointer|
|m_axi_gmem12_0_WUSER               |  out|    1|       m_axi|                              gmem12|       pointer|
|m_axi_gmem12_0_ARVALID             |  out|    1|       m_axi|                              gmem12|       pointer|
|m_axi_gmem12_0_ARREADY             |   in|    1|       m_axi|                              gmem12|       pointer|
|m_axi_gmem12_0_ARADDR              |  out|   64|       m_axi|                              gmem12|       pointer|
|m_axi_gmem12_0_ARID                |  out|    1|       m_axi|                              gmem12|       pointer|
|m_axi_gmem12_0_ARLEN               |  out|   32|       m_axi|                              gmem12|       pointer|
|m_axi_gmem12_0_ARSIZE              |  out|    3|       m_axi|                              gmem12|       pointer|
|m_axi_gmem12_0_ARBURST             |  out|    2|       m_axi|                              gmem12|       pointer|
|m_axi_gmem12_0_ARLOCK              |  out|    2|       m_axi|                              gmem12|       pointer|
|m_axi_gmem12_0_ARCACHE             |  out|    4|       m_axi|                              gmem12|       pointer|
|m_axi_gmem12_0_ARPROT              |  out|    3|       m_axi|                              gmem12|       pointer|
|m_axi_gmem12_0_ARQOS               |  out|    4|       m_axi|                              gmem12|       pointer|
|m_axi_gmem12_0_ARREGION            |  out|    4|       m_axi|                              gmem12|       pointer|
|m_axi_gmem12_0_ARUSER              |  out|    1|       m_axi|                              gmem12|       pointer|
|m_axi_gmem12_0_RVALID              |   in|    1|       m_axi|                              gmem12|       pointer|
|m_axi_gmem12_0_RREADY              |  out|    1|       m_axi|                              gmem12|       pointer|
|m_axi_gmem12_0_RDATA               |   in|    8|       m_axi|                              gmem12|       pointer|
|m_axi_gmem12_0_RLAST               |   in|    1|       m_axi|                              gmem12|       pointer|
|m_axi_gmem12_0_RID                 |   in|    1|       m_axi|                              gmem12|       pointer|
|m_axi_gmem12_0_RFIFONUM            |   in|   11|       m_axi|                              gmem12|       pointer|
|m_axi_gmem12_0_RUSER               |   in|    1|       m_axi|                              gmem12|       pointer|
|m_axi_gmem12_0_RRESP               |   in|    2|       m_axi|                              gmem12|       pointer|
|m_axi_gmem12_0_BVALID              |   in|    1|       m_axi|                              gmem12|       pointer|
|m_axi_gmem12_0_BREADY              |  out|    1|       m_axi|                              gmem12|       pointer|
|m_axi_gmem12_0_BRESP               |   in|    2|       m_axi|                              gmem12|       pointer|
|m_axi_gmem12_0_BID                 |   in|    1|       m_axi|                              gmem12|       pointer|
|m_axi_gmem12_0_BUSER               |   in|    1|       m_axi|                              gmem12|       pointer|
|keys_out                           |   in|   64|     ap_none|                            keys_out|        scalar|
|key_scales_out                     |   in|   64|     ap_none|                      key_scales_out|        scalar|
|m_axi_gmem13_0_AWVALID             |  out|    1|       m_axi|                              gmem13|       pointer|
|m_axi_gmem13_0_AWREADY             |   in|    1|       m_axi|                              gmem13|       pointer|
|m_axi_gmem13_0_AWADDR              |  out|   64|       m_axi|                              gmem13|       pointer|
|m_axi_gmem13_0_AWID                |  out|    1|       m_axi|                              gmem13|       pointer|
|m_axi_gmem13_0_AWLEN               |  out|   32|       m_axi|                              gmem13|       pointer|
|m_axi_gmem13_0_AWSIZE              |  out|    3|       m_axi|                              gmem13|       pointer|
|m_axi_gmem13_0_AWBURST             |  out|    2|       m_axi|                              gmem13|       pointer|
|m_axi_gmem13_0_AWLOCK              |  out|    2|       m_axi|                              gmem13|       pointer|
|m_axi_gmem13_0_AWCACHE             |  out|    4|       m_axi|                              gmem13|       pointer|
|m_axi_gmem13_0_AWPROT              |  out|    3|       m_axi|                              gmem13|       pointer|
|m_axi_gmem13_0_AWQOS               |  out|    4|       m_axi|                              gmem13|       pointer|
|m_axi_gmem13_0_AWREGION            |  out|    4|       m_axi|                              gmem13|       pointer|
|m_axi_gmem13_0_AWUSER              |  out|    1|       m_axi|                              gmem13|       pointer|
|m_axi_gmem13_0_WVALID              |  out|    1|       m_axi|                              gmem13|       pointer|
|m_axi_gmem13_0_WREADY              |   in|    1|       m_axi|                              gmem13|       pointer|
|m_axi_gmem13_0_WDATA               |  out|    8|       m_axi|                              gmem13|       pointer|
|m_axi_gmem13_0_WSTRB               |  out|    1|       m_axi|                              gmem13|       pointer|
|m_axi_gmem13_0_WLAST               |  out|    1|       m_axi|                              gmem13|       pointer|
|m_axi_gmem13_0_WID                 |  out|    1|       m_axi|                              gmem13|       pointer|
|m_axi_gmem13_0_WUSER               |  out|    1|       m_axi|                              gmem13|       pointer|
|m_axi_gmem13_0_ARVALID             |  out|    1|       m_axi|                              gmem13|       pointer|
|m_axi_gmem13_0_ARREADY             |   in|    1|       m_axi|                              gmem13|       pointer|
|m_axi_gmem13_0_ARADDR              |  out|   64|       m_axi|                              gmem13|       pointer|
|m_axi_gmem13_0_ARID                |  out|    1|       m_axi|                              gmem13|       pointer|
|m_axi_gmem13_0_ARLEN               |  out|   32|       m_axi|                              gmem13|       pointer|
|m_axi_gmem13_0_ARSIZE              |  out|    3|       m_axi|                              gmem13|       pointer|
|m_axi_gmem13_0_ARBURST             |  out|    2|       m_axi|                              gmem13|       pointer|
|m_axi_gmem13_0_ARLOCK              |  out|    2|       m_axi|                              gmem13|       pointer|
|m_axi_gmem13_0_ARCACHE             |  out|    4|       m_axi|                              gmem13|       pointer|
|m_axi_gmem13_0_ARPROT              |  out|    3|       m_axi|                              gmem13|       pointer|
|m_axi_gmem13_0_ARQOS               |  out|    4|       m_axi|                              gmem13|       pointer|
|m_axi_gmem13_0_ARREGION            |  out|    4|       m_axi|                              gmem13|       pointer|
|m_axi_gmem13_0_ARUSER              |  out|    1|       m_axi|                              gmem13|       pointer|
|m_axi_gmem13_0_RVALID              |   in|    1|       m_axi|                              gmem13|       pointer|
|m_axi_gmem13_0_RREADY              |  out|    1|       m_axi|                              gmem13|       pointer|
|m_axi_gmem13_0_RDATA               |   in|    8|       m_axi|                              gmem13|       pointer|
|m_axi_gmem13_0_RLAST               |   in|    1|       m_axi|                              gmem13|       pointer|
|m_axi_gmem13_0_RID                 |   in|    1|       m_axi|                              gmem13|       pointer|
|m_axi_gmem13_0_RFIFONUM            |   in|   11|       m_axi|                              gmem13|       pointer|
|m_axi_gmem13_0_RUSER               |   in|    1|       m_axi|                              gmem13|       pointer|
|m_axi_gmem13_0_RRESP               |   in|    2|       m_axi|                              gmem13|       pointer|
|m_axi_gmem13_0_BVALID              |   in|    1|       m_axi|                              gmem13|       pointer|
|m_axi_gmem13_0_BREADY              |  out|    1|       m_axi|                              gmem13|       pointer|
|m_axi_gmem13_0_BRESP               |   in|    2|       m_axi|                              gmem13|       pointer|
|m_axi_gmem13_0_BID                 |   in|    1|       m_axi|                              gmem13|       pointer|
|m_axi_gmem13_0_BUSER               |   in|    1|       m_axi|                              gmem13|       pointer|
|updates_out                        |   in|   64|     ap_none|                         updates_out|        scalar|
|update_scales_out                  |   in|   64|     ap_none|                   update_scales_out|        scalar|
|m_axi_gmem14_0_AWVALID             |  out|    1|       m_axi|                              gmem14|       pointer|
|m_axi_gmem14_0_AWREADY             |   in|    1|       m_axi|                              gmem14|       pointer|
|m_axi_gmem14_0_AWADDR              |  out|   64|       m_axi|                              gmem14|       pointer|
|m_axi_gmem14_0_AWID                |  out|    1|       m_axi|                              gmem14|       pointer|
|m_axi_gmem14_0_AWLEN               |  out|   32|       m_axi|                              gmem14|       pointer|
|m_axi_gmem14_0_AWSIZE              |  out|    3|       m_axi|                              gmem14|       pointer|
|m_axi_gmem14_0_AWBURST             |  out|    2|       m_axi|                              gmem14|       pointer|
|m_axi_gmem14_0_AWLOCK              |  out|    2|       m_axi|                              gmem14|       pointer|
|m_axi_gmem14_0_AWCACHE             |  out|    4|       m_axi|                              gmem14|       pointer|
|m_axi_gmem14_0_AWPROT              |  out|    3|       m_axi|                              gmem14|       pointer|
|m_axi_gmem14_0_AWQOS               |  out|    4|       m_axi|                              gmem14|       pointer|
|m_axi_gmem14_0_AWREGION            |  out|    4|       m_axi|                              gmem14|       pointer|
|m_axi_gmem14_0_AWUSER              |  out|    1|       m_axi|                              gmem14|       pointer|
|m_axi_gmem14_0_WVALID              |  out|    1|       m_axi|                              gmem14|       pointer|
|m_axi_gmem14_0_WREADY              |   in|    1|       m_axi|                              gmem14|       pointer|
|m_axi_gmem14_0_WDATA               |  out|   16|       m_axi|                              gmem14|       pointer|
|m_axi_gmem14_0_WSTRB               |  out|    2|       m_axi|                              gmem14|       pointer|
|m_axi_gmem14_0_WLAST               |  out|    1|       m_axi|                              gmem14|       pointer|
|m_axi_gmem14_0_WID                 |  out|    1|       m_axi|                              gmem14|       pointer|
|m_axi_gmem14_0_WUSER               |  out|    1|       m_axi|                              gmem14|       pointer|
|m_axi_gmem14_0_ARVALID             |  out|    1|       m_axi|                              gmem14|       pointer|
|m_axi_gmem14_0_ARREADY             |   in|    1|       m_axi|                              gmem14|       pointer|
|m_axi_gmem14_0_ARADDR              |  out|   64|       m_axi|                              gmem14|       pointer|
|m_axi_gmem14_0_ARID                |  out|    1|       m_axi|                              gmem14|       pointer|
|m_axi_gmem14_0_ARLEN               |  out|   32|       m_axi|                              gmem14|       pointer|
|m_axi_gmem14_0_ARSIZE              |  out|    3|       m_axi|                              gmem14|       pointer|
|m_axi_gmem14_0_ARBURST             |  out|    2|       m_axi|                              gmem14|       pointer|
|m_axi_gmem14_0_ARLOCK              |  out|    2|       m_axi|                              gmem14|       pointer|
|m_axi_gmem14_0_ARCACHE             |  out|    4|       m_axi|                              gmem14|       pointer|
|m_axi_gmem14_0_ARPROT              |  out|    3|       m_axi|                              gmem14|       pointer|
|m_axi_gmem14_0_ARQOS               |  out|    4|       m_axi|                              gmem14|       pointer|
|m_axi_gmem14_0_ARREGION            |  out|    4|       m_axi|                              gmem14|       pointer|
|m_axi_gmem14_0_ARUSER              |  out|    1|       m_axi|                              gmem14|       pointer|
|m_axi_gmem14_0_RVALID              |   in|    1|       m_axi|                              gmem14|       pointer|
|m_axi_gmem14_0_RREADY              |  out|    1|       m_axi|                              gmem14|       pointer|
|m_axi_gmem14_0_RDATA               |   in|   16|       m_axi|                              gmem14|       pointer|
|m_axi_gmem14_0_RLAST               |   in|    1|       m_axi|                              gmem14|       pointer|
|m_axi_gmem14_0_RID                 |   in|    1|       m_axi|                              gmem14|       pointer|
|m_axi_gmem14_0_RFIFONUM            |   in|   10|       m_axi|                              gmem14|       pointer|
|m_axi_gmem14_0_RUSER               |   in|    1|       m_axi|                              gmem14|       pointer|
|m_axi_gmem14_0_RRESP               |   in|    2|       m_axi|                              gmem14|       pointer|
|m_axi_gmem14_0_BVALID              |   in|    1|       m_axi|                              gmem14|       pointer|
|m_axi_gmem14_0_BREADY              |  out|    1|       m_axi|                              gmem14|       pointer|
|m_axi_gmem14_0_BRESP               |   in|    2|       m_axi|                              gmem14|       pointer|
|m_axi_gmem14_0_BID                 |   in|    1|       m_axi|                              gmem14|       pointer|
|m_axi_gmem14_0_BUSER               |   in|    1|       m_axi|                              gmem14|       pointer|
|gamma_out                          |   in|   64|     ap_none|                           gamma_out|        scalar|
|lambda_out                         |   in|   64|     ap_none|                          lambda_out|        scalar|
|resident_primary_scales_address0   |  out|   18|   ap_memory|             resident_primary_scales|         array|
|resident_primary_scales_ce0        |  out|    1|   ap_memory|             resident_primary_scales|         array|
|resident_primary_scales_q0         |   in|   32|   ap_memory|             resident_primary_scales|         array|
|resident_residual_scales_address0  |  out|   18|   ap_memory|            resident_residual_scales|         array|
|resident_residual_scales_ce0       |  out|    1|   ap_memory|            resident_residual_scales|         array|
|resident_residual_scales_q0        |   in|   32|   ap_memory|            resident_residual_scales|         array|
|resident_primary_address0          |  out|   20|   ap_memory|                    resident_primary|         array|
|resident_primary_ce0               |  out|    1|   ap_memory|                    resident_primary|         array|
|resident_primary_q0                |   in|  128|   ap_memory|                    resident_primary|         array|
|resident_residual_address0         |  out|   20|   ap_memory|                   resident_residual|         array|
|resident_residual_ce0              |  out|    1|   ap_memory|                   resident_residual|         array|
|resident_residual_q0               |   in|  128|   ap_memory|                   resident_residual|         array|
|resident_update_scales_address0    |  out|   14|   ap_memory|              resident_update_scales|         array|
|resident_update_scales_ce0         |  out|    1|   ap_memory|              resident_update_scales|         array|
|resident_update_scales_q0          |   in|   32|   ap_memory|              resident_update_scales|         array|
|resident_updates_address0          |  out|   16|   ap_memory|                    resident_updates|         array|
|resident_updates_ce0               |  out|    1|   ap_memory|                    resident_updates|         array|
|resident_updates_q0                |   in|  128|   ap_memory|                    resident_updates|         array|
|resident_lambda_address0           |  out|   13|   ap_memory|                     resident_lambda|         array|
|resident_lambda_ce0                |  out|    1|   ap_memory|                     resident_lambda|         array|
|resident_lambda_q0                 |   in|   16|   ap_memory|                     resident_lambda|         array|
+-----------------------------------+-----+-----+------------+------------------------------------+--------------+

