

================================================================
== Vitis HLS Report for 'p_anonymous_namespace_read_snapshot_Pipeline_read_snapshot_lanes'
================================================================
* Date:           Sun Aug  2 05:06:31 2026

* Version:        2025.2 (Build 6295257 on Nov 14 2025)
* Project:        gdn_e2m0_hls
* Solution:       u55c_250mhz (Vivado IP Flow Target)
* Product family: virtexuplusHBM
* Target device:  xcu55c-fsvh2892-2L-e


================================================================
== Performance Estimates
================================================================
+ Timing: 
    * Summary: 
    +--------+---------+----------+------------+
    |  Clock |  Target | Estimated| Uncertainty|
    +--------+---------+----------+------------+
    |ap_clk  |  4.00 ns|  2.920 ns|     1.08 ns|
    +--------+---------+----------+------------+

+ Latency: 
    * Summary: 
    +---------+---------+----------+----------+-----+-----+-------------------+
    |  Latency (cycles) |  Latency (absolute) |  Interval |      Pipeline     |
    |   min   |   max   |    min   |    max   | min | max |        Type       |
    +---------+---------+----------+----------+-----+-----+-------------------+
    |       40|       40|  0.160 us|  0.160 us|    0|    0|  loop pipeline stp|
    +---------+---------+----------+----------+-----+-----+-------------------+

    + Detail: 
        * Instance: 
        N/A

        * Loop: 
        +-----------------------+---------+---------+----------+-----------+-----------+------+----------+
        |                       |  Latency (cycles) | Iteration|  Initiation Interval  | Trip |          |
        |       Loop Name       |   min   |   max   |  Latency |  achieved |   target  | Count| Pipelined|
        +-----------------------+---------+---------+----------+-----------+-----------+------+----------+
        |- read_snapshot_lanes  |       38|       38|         8|          1|          1|    32|       yes|
        +-----------------------+---------+---------+----------+-----------+-----------+------+----------+



================================================================
== Utilization Estimates
================================================================
* Summary: 
+---------------------+---------+------+---------+---------+-----+
|         Name        | BRAM_18K|  DSP |    FF   |   LUT   | URAM|
+---------------------+---------+------+---------+---------+-----+
|DSP                  |        -|     -|        -|        -|    -|
|Expression           |        -|     -|        0|      225|    -|
|FIFO                 |        -|     -|        -|        -|    -|
|Instance             |        -|     -|        0|       68|    -|
|Memory               |        -|     -|        -|        -|    -|
|Multiplexer          |        -|     -|        0|       90|    -|
|Register             |        -|     -|      169|        -|    -|
+---------------------+---------+------+---------+---------+-----+
|Total                |        0|     0|      169|      383|    0|
+---------------------+---------+------+---------+---------+-----+
|Available SLR        |     1344|  3008|   869120|   434560|  320|
+---------------------+---------+------+---------+---------+-----+
|Utilization SLR (%)  |        0|     0|       ~0|       ~0|    0|
+---------------------+---------+------+---------+---------+-----+
|Available            |     4032|  9024|  2607360|  1303680|  960|
+---------------------+---------+------+---------+---------+-----+
|Utilization (%)      |        0|     0|       ~0|       ~0|    0|
+---------------------+---------+------+---------+---------+-----+

+ Detail: 
    * Instance: 
    +--------------------------------------+--------------------------------+---------+----+---+----+-----+
    |               Instance               |             Module             | BRAM_18K| DSP| FF| LUT| URAM|
    +--------------------------------------+--------------------------------+---------+----+---+----+-----+
    |partselect_3ns_96ns_7ns_3_1_1_U1569   |partselect_3ns_96ns_7ns_3_1_1   |        0|   0|  0|  34|    0|
    |partselect_4ns_128ns_7ns_4_1_1_U1568  |partselect_4ns_128ns_7ns_4_1_1  |        0|   0|  0|  34|    0|
    +--------------------------------------+--------------------------------+---------+----+---+----+-----+
    |Total                                 |                                |        0|   0|  0|  68|    0|
    +--------------------------------------+--------------------------------+---------+----+---+----+-----+

    * DSP: 
    N/A

    * Memory: 
    N/A

    * FIFO: 
    N/A

    * Expression: 
    +--------------------------------+----------+----+---+----+------------+------------+
    |          Variable Name         | Operation| DSP| FF| LUT| Bitwidth P0| Bitwidth P1|
    +--------------------------------+----------+----+---+----+------------+------------+
    |add_ln924_fu_194_p2             |         +|   0|  0|  13|           6|           1|
    |add_ln926_fu_226_p2             |         +|   0|  0|  26|          19|          19|
    |add_ln927_fu_260_p2             |         +|   0|  0|  71|          64|          64|
    |add_ln929_fu_286_p2             |         +|   0|  0|  71|          64|          64|
    |tmp_1_fu_278_p2                 |         -|   0|  0|  14|           7|           7|
    |ap_block_pp0_stage0_11001_grp1  |       and|   0|  0|   2|           1|           1|
    |ap_block_pp0_stage0_11001_grp2  |       and|   0|  0|   2|           1|           1|
    |ap_block_pp0_stage0_11001_grp3  |       and|   0|  0|   2|           1|           1|
    |ap_block_pp0_stage0_11001_grp4  |       and|   0|  0|   2|           1|           1|
    |ap_block_pp0_stage0_11001_grp5  |       and|   0|  0|   2|           1|           1|
    |ap_block_pp0_stage0_11001_grp6  |       and|   0|  0|   2|           1|           1|
    |icmp_ln924_fu_188_p2            |      icmp|   0|  0|  14|           6|           7|
    |ap_block_pp0_stage0_11001       |        or|   0|  0|   2|           1|           1|
    |ap_enable_pp0                   |       xor|   0|  0|   2|           1|           2|
    +--------------------------------+----------+----+---+----+------------+------------+
    |Total                           |          |   0|  0| 225|         174|         171|
    +--------------------------------+----------+----+---+----+------------+------------+

    * Multiplexer: 
    +-------------------------+----+-----------+-----+-----------+
    |           Name          | LUT| Input Size| Bits| Total Bits|
    +-------------------------+----+-----------+-----+-----------+
    |ap_done_int              |   9|          2|    1|          2|
    |ap_enable_reg_pp0_iter1  |   9|          2|    1|          2|
    |ap_sig_allocacmp_lane_7  |   9|          2|    6|         12|
    |gmem10_blk_n_AW          |   9|          2|    1|          2|
    |gmem10_blk_n_B           |   9|          2|    1|          2|
    |gmem10_blk_n_W           |   9|          2|    1|          2|
    |gmem11_blk_n_AW          |   9|          2|    1|          2|
    |gmem11_blk_n_B           |   9|          2|    1|          2|
    |gmem11_blk_n_W           |   9|          2|    1|          2|
    |lane_fu_94               |   9|          2|    6|         12|
    +-------------------------+----+-----------+-----+-----------+
    |Total                    |  90|         20|   20|         40|
    +-------------------------+----+-----------+-----+-----------+

    * Register: 
    +-------------------------------------------+----+----+-----+-----------+
    |                    Name                   | FF | LUT| Bits| Const Bits|
    +-------------------------------------------+----+----+-----+-----------+
    |ap_CS_fsm                                  |   1|   0|    1|          0|
    |ap_block_pp0_stage0_subdone_grp1_done_reg  |   1|   0|    1|          0|
    |ap_block_pp0_stage0_subdone_grp2_done_reg  |   1|   0|    1|          0|
    |ap_block_pp0_stage0_subdone_grp3_done_reg  |   1|   0|    1|          0|
    |ap_block_pp0_stage0_subdone_grp4_done_reg  |   1|   0|    1|          0|
    |ap_block_pp0_stage0_subdone_grp5_done_reg  |   1|   0|    1|          0|
    |ap_block_pp0_stage0_subdone_grp6_done_reg  |   1|   0|    1|          0|
    |ap_done_reg                                |   1|   0|    1|          0|
    |ap_enable_reg_pp0_iter1                    |   1|   0|    1|          0|
    |ap_enable_reg_pp0_iter2                    |   1|   0|    1|          0|
    |ap_enable_reg_pp0_iter3                    |   1|   0|    1|          0|
    |ap_enable_reg_pp0_iter4                    |   1|   0|    1|          0|
    |ap_enable_reg_pp0_iter5                    |   1|   0|    1|          0|
    |ap_enable_reg_pp0_iter6                    |   1|   0|    1|          0|
    |ap_enable_reg_pp0_iter7                    |   1|   0|    1|          0|
    |ap_loop_exit_ready_pp0_iter1_reg           |   1|   0|    1|          0|
    |ap_loop_exit_ready_pp0_iter2_reg           |   1|   0|    1|          0|
    |ap_loop_exit_ready_pp0_iter3_reg           |   1|   0|    1|          0|
    |ap_loop_exit_ready_pp0_iter4_reg           |   1|   0|    1|          0|
    |ap_loop_exit_ready_pp0_iter5_reg           |   1|   0|    1|          0|
    |ap_loop_exit_ready_pp0_iter6_reg           |   1|   0|    1|          0|
    |gmem10_addr_reg_327                        |  64|   0|   64|          0|
    |gmem11_addr_reg_339                        |  64|   0|   64|          0|
    |lane_fu_94                                 |   6|   0|    6|          0|
    |tmp_1_reg_334                              |   3|   0|    3|          0|
    |tmp_1_reg_334_pp0_iter1_reg                |   3|   0|    3|          0|
    |tmp_9_reg_322                              |   4|   0|    4|          0|
    |tmp_9_reg_322_pp0_iter1_reg                |   4|   0|    4|          0|
    +-------------------------------------------+----+----+-----+-----------+
    |Total                                      | 169|   0|  169|          0|
    +-------------------------------------------+----+----+-----+-----------+



================================================================
== Interface
================================================================
* Summary: 
+-------------------------+-----+-----+------------+-----------------------------------------------------------------+--------------+
|        RTL Ports        | Dir | Bits|  Protocol  |                          Source Object                          |    C Type    |
+-------------------------+-----+-----+------------+-----------------------------------------------------------------+--------------+
|ap_clk                   |   in|    1|  ap_ctrl_hs|  (anonymous namespace)read_snapshot_Pipeline_read_snapshot_lanes|  return value|
|ap_rst                   |   in|    1|  ap_ctrl_hs|  (anonymous namespace)read_snapshot_Pipeline_read_snapshot_lanes|  return value|
|ap_start                 |   in|    1|  ap_ctrl_hs|  (anonymous namespace)read_snapshot_Pipeline_read_snapshot_lanes|  return value|
|ap_done                  |  out|    1|  ap_ctrl_hs|  (anonymous namespace)read_snapshot_Pipeline_read_snapshot_lanes|  return value|
|ap_idle                  |  out|    1|  ap_ctrl_hs|  (anonymous namespace)read_snapshot_Pipeline_read_snapshot_lanes|  return value|
|ap_ready                 |  out|    1|  ap_ctrl_hs|  (anonymous namespace)read_snapshot_Pipeline_read_snapshot_lanes|  return value|
|m_axi_gmem10_0_AWVALID   |  out|    1|       m_axi|                                                           gmem10|       pointer|
|m_axi_gmem10_0_AWREADY   |   in|    1|       m_axi|                                                           gmem10|       pointer|
|m_axi_gmem10_0_AWADDR    |  out|   64|       m_axi|                                                           gmem10|       pointer|
|m_axi_gmem10_0_AWID      |  out|    1|       m_axi|                                                           gmem10|       pointer|
|m_axi_gmem10_0_AWLEN     |  out|   32|       m_axi|                                                           gmem10|       pointer|
|m_axi_gmem10_0_AWSIZE    |  out|    3|       m_axi|                                                           gmem10|       pointer|
|m_axi_gmem10_0_AWBURST   |  out|    2|       m_axi|                                                           gmem10|       pointer|
|m_axi_gmem10_0_AWLOCK    |  out|    2|       m_axi|                                                           gmem10|       pointer|
|m_axi_gmem10_0_AWCACHE   |  out|    4|       m_axi|                                                           gmem10|       pointer|
|m_axi_gmem10_0_AWPROT    |  out|    3|       m_axi|                                                           gmem10|       pointer|
|m_axi_gmem10_0_AWQOS     |  out|    4|       m_axi|                                                           gmem10|       pointer|
|m_axi_gmem10_0_AWREGION  |  out|    4|       m_axi|                                                           gmem10|       pointer|
|m_axi_gmem10_0_AWUSER    |  out|    1|       m_axi|                                                           gmem10|       pointer|
|m_axi_gmem10_0_WVALID    |  out|    1|       m_axi|                                                           gmem10|       pointer|
|m_axi_gmem10_0_WREADY    |   in|    1|       m_axi|                                                           gmem10|       pointer|
|m_axi_gmem10_0_WDATA     |  out|    8|       m_axi|                                                           gmem10|       pointer|
|m_axi_gmem10_0_WSTRB     |  out|    1|       m_axi|                                                           gmem10|       pointer|
|m_axi_gmem10_0_WLAST     |  out|    1|       m_axi|                                                           gmem10|       pointer|
|m_axi_gmem10_0_WID       |  out|    1|       m_axi|                                                           gmem10|       pointer|
|m_axi_gmem10_0_WUSER     |  out|    1|       m_axi|                                                           gmem10|       pointer|
|m_axi_gmem10_0_ARVALID   |  out|    1|       m_axi|                                                           gmem10|       pointer|
|m_axi_gmem10_0_ARREADY   |   in|    1|       m_axi|                                                           gmem10|       pointer|
|m_axi_gmem10_0_ARADDR    |  out|   64|       m_axi|                                                           gmem10|       pointer|
|m_axi_gmem10_0_ARID      |  out|    1|       m_axi|                                                           gmem10|       pointer|
|m_axi_gmem10_0_ARLEN     |  out|   32|       m_axi|                                                           gmem10|       pointer|
|m_axi_gmem10_0_ARSIZE    |  out|    3|       m_axi|                                                           gmem10|       pointer|
|m_axi_gmem10_0_ARBURST   |  out|    2|       m_axi|                                                           gmem10|       pointer|
|m_axi_gmem10_0_ARLOCK    |  out|    2|       m_axi|                                                           gmem10|       pointer|
|m_axi_gmem10_0_ARCACHE   |  out|    4|       m_axi|                                                           gmem10|       pointer|
|m_axi_gmem10_0_ARPROT    |  out|    3|       m_axi|                                                           gmem10|       pointer|
|m_axi_gmem10_0_ARQOS     |  out|    4|       m_axi|                                                           gmem10|       pointer|
|m_axi_gmem10_0_ARREGION  |  out|    4|       m_axi|                                                           gmem10|       pointer|
|m_axi_gmem10_0_ARUSER    |  out|    1|       m_axi|                                                           gmem10|       pointer|
|m_axi_gmem10_0_RVALID    |   in|    1|       m_axi|                                                           gmem10|       pointer|
|m_axi_gmem10_0_RREADY    |  out|    1|       m_axi|                                                           gmem10|       pointer|
|m_axi_gmem10_0_RDATA     |   in|    8|       m_axi|                                                           gmem10|       pointer|
|m_axi_gmem10_0_RLAST     |   in|    1|       m_axi|                                                           gmem10|       pointer|
|m_axi_gmem10_0_RID       |   in|    1|       m_axi|                                                           gmem10|       pointer|
|m_axi_gmem10_0_RFIFONUM  |   in|   11|       m_axi|                                                           gmem10|       pointer|
|m_axi_gmem10_0_RUSER     |   in|    1|       m_axi|                                                           gmem10|       pointer|
|m_axi_gmem10_0_RRESP     |   in|    2|       m_axi|                                                           gmem10|       pointer|
|m_axi_gmem10_0_BVALID    |   in|    1|       m_axi|                                                           gmem10|       pointer|
|m_axi_gmem10_0_BREADY    |  out|    1|       m_axi|                                                           gmem10|       pointer|
|m_axi_gmem10_0_BRESP     |   in|    2|       m_axi|                                                           gmem10|       pointer|
|m_axi_gmem10_0_BID       |   in|    1|       m_axi|                                                           gmem10|       pointer|
|m_axi_gmem10_0_BUSER     |   in|    1|       m_axi|                                                           gmem10|       pointer|
|m_axi_gmem11_0_AWVALID   |  out|    1|       m_axi|                                                           gmem11|       pointer|
|m_axi_gmem11_0_AWREADY   |   in|    1|       m_axi|                                                           gmem11|       pointer|
|m_axi_gmem11_0_AWADDR    |  out|   64|       m_axi|                                                           gmem11|       pointer|
|m_axi_gmem11_0_AWID      |  out|    1|       m_axi|                                                           gmem11|       pointer|
|m_axi_gmem11_0_AWLEN     |  out|   32|       m_axi|                                                           gmem11|       pointer|
|m_axi_gmem11_0_AWSIZE    |  out|    3|       m_axi|                                                           gmem11|       pointer|
|m_axi_gmem11_0_AWBURST   |  out|    2|       m_axi|                                                           gmem11|       pointer|
|m_axi_gmem11_0_AWLOCK    |  out|    2|       m_axi|                                                           gmem11|       pointer|
|m_axi_gmem11_0_AWCACHE   |  out|    4|       m_axi|                                                           gmem11|       pointer|
|m_axi_gmem11_0_AWPROT    |  out|    3|       m_axi|                                                           gmem11|       pointer|
|m_axi_gmem11_0_AWQOS     |  out|    4|       m_axi|                                                           gmem11|       pointer|
|m_axi_gmem11_0_AWREGION  |  out|    4|       m_axi|                                                           gmem11|       pointer|
|m_axi_gmem11_0_AWUSER    |  out|    1|       m_axi|                                                           gmem11|       pointer|
|m_axi_gmem11_0_WVALID    |  out|    1|       m_axi|                                                           gmem11|       pointer|
|m_axi_gmem11_0_WREADY    |   in|    1|       m_axi|                                                           gmem11|       pointer|
|m_axi_gmem11_0_WDATA     |  out|    8|       m_axi|                                                           gmem11|       pointer|
|m_axi_gmem11_0_WSTRB     |  out|    1|       m_axi|                                                           gmem11|       pointer|
|m_axi_gmem11_0_WLAST     |  out|    1|       m_axi|                                                           gmem11|       pointer|
|m_axi_gmem11_0_WID       |  out|    1|       m_axi|                                                           gmem11|       pointer|
|m_axi_gmem11_0_WUSER     |  out|    1|       m_axi|                                                           gmem11|       pointer|
|m_axi_gmem11_0_ARVALID   |  out|    1|       m_axi|                                                           gmem11|       pointer|
|m_axi_gmem11_0_ARREADY   |   in|    1|       m_axi|                                                           gmem11|       pointer|
|m_axi_gmem11_0_ARADDR    |  out|   64|       m_axi|                                                           gmem11|       pointer|
|m_axi_gmem11_0_ARID      |  out|    1|       m_axi|                                                           gmem11|       pointer|
|m_axi_gmem11_0_ARLEN     |  out|   32|       m_axi|                                                           gmem11|       pointer|
|m_axi_gmem11_0_ARSIZE    |  out|    3|       m_axi|                                                           gmem11|       pointer|
|m_axi_gmem11_0_ARBURST   |  out|    2|       m_axi|                                                           gmem11|       pointer|
|m_axi_gmem11_0_ARLOCK    |  out|    2|       m_axi|                                                           gmem11|       pointer|
|m_axi_gmem11_0_ARCACHE   |  out|    4|       m_axi|                                                           gmem11|       pointer|
|m_axi_gmem11_0_ARPROT    |  out|    3|       m_axi|                                                           gmem11|       pointer|
|m_axi_gmem11_0_ARQOS     |  out|    4|       m_axi|                                                           gmem11|       pointer|
|m_axi_gmem11_0_ARREGION  |  out|    4|       m_axi|                                                           gmem11|       pointer|
|m_axi_gmem11_0_ARUSER    |  out|    1|       m_axi|                                                           gmem11|       pointer|
|m_axi_gmem11_0_RVALID    |   in|    1|       m_axi|                                                           gmem11|       pointer|
|m_axi_gmem11_0_RREADY    |  out|    1|       m_axi|                                                           gmem11|       pointer|
|m_axi_gmem11_0_RDATA     |   in|    8|       m_axi|                                                           gmem11|       pointer|
|m_axi_gmem11_0_RLAST     |   in|    1|       m_axi|                                                           gmem11|       pointer|
|m_axi_gmem11_0_RID       |   in|    1|       m_axi|                                                           gmem11|       pointer|
|m_axi_gmem11_0_RFIFONUM  |   in|   11|       m_axi|                                                           gmem11|       pointer|
|m_axi_gmem11_0_RUSER     |   in|    1|       m_axi|                                                           gmem11|       pointer|
|m_axi_gmem11_0_RRESP     |   in|    2|       m_axi|                                                           gmem11|       pointer|
|m_axi_gmem11_0_BVALID    |   in|    1|       m_axi|                                                           gmem11|       pointer|
|m_axi_gmem11_0_BREADY    |  out|    1|       m_axi|                                                           gmem11|       pointer|
|m_axi_gmem11_0_BRESP     |   in|    2|       m_axi|                                                           gmem11|       pointer|
|m_axi_gmem11_0_BID       |   in|    1|       m_axi|                                                           gmem11|       pointer|
|m_axi_gmem11_0_BUSER     |   in|    1|       m_axi|                                                           gmem11|       pointer|
|empty_196                |   in|    5|     ap_none|                                                        empty_196|        scalar|
|empty_197                |   in|    2|     ap_none|                                                        empty_197|        scalar|
|empty_198                |   in|    7|     ap_none|                                                        empty_198|        scalar|
|word_3                   |   in|  128|     ap_none|                                                           word_3|        scalar|
|primary_out              |   in|   64|     ap_none|                                                      primary_out|        scalar|
|empty                    |   in|   96|     ap_none|                                                            empty|        scalar|
|residual_out             |   in|   64|     ap_none|                                                     residual_out|        scalar|
+-------------------------+-----+-----+------------+-----------------------------------------------------------------+--------------+

