

================================================================
== Vitis HLS Report for 'p_anonymous_namespace_dot_base_column'
================================================================
* Date:           Sun Aug  2 05:05:48 2026

* Version:        2025.2 (Build 6295257 on Nov 14 2025)
* Project:        gdn_e2m0_hls
* Solution:       u55c_250mhz (Vivado IP Flow Target)
* Product family: virtexuplusHBM
* Target device:  xcu55c-fsvh2892-2L-e


================================================================
== Performance Estimates
================================================================
+ Timing: 
    * Summary: 
    +--------+---------+----------+------------+
    |  Clock |  Target | Estimated| Uncertainty|
    +--------+---------+----------+------------+
    |ap_clk  |  4.00 ns|  3.106 ns|     1.08 ns|
    +--------+---------+----------+------------+

+ Latency: 
    * Summary: 
    +---------+---------+----------+----------+------+------+---------+
    |  Latency (cycles) |  Latency (absolute) |   Interval  | Pipeline|
    |   min   |   max   |    min   |    max   |  min |  max |   Type  |
    +---------+---------+----------+----------+------+------+---------+
    |     1558|     2077|  6.232 us|  8.308 us|  1558|  2077|       no|
    +---------+---------+----------+----------+------+------+---------+

    + Detail: 
        * Instance: 
        +----------------------------------------------------------------------------------------------+-----------------------------------------------------------------------------------+---------+---------+----------+----------+-----+------+-------------------+
        |                                                                                              |                                                                                   |  Latency (cycles) |  Latency (absolute) |  Interval  |      Pipeline     |
        |                                           Instance                                           |                                       Module                                      |   min   |   max   |    min   |    max   | min |  max |        Type       |
        +----------------------------------------------------------------------------------------------+-----------------------------------------------------------------------------------+---------+---------+----------+----------+-----+------+-------------------+
        |grp_p_anonymous_namespace_dot_base_column_Pipeline_dot_base_vector_terms_dot_base_sta_fu_364  |p_anonymous_namespace_dot_base_column_Pipeline_dot_base_vector_terms_dot_base_sta  |     1035|     1035|  4.140 us|  4.140 us|    0|     0|  loop pipeline stp|
        |grp_aligned_sum_guarded_512_s_fu_462                                                          |aligned_sum_guarded_512_s                                                          |      517|     1036|  2.068 us|  4.144 us|  517|  1036|                 no|
        +----------------------------------------------------------------------------------------------+-----------------------------------------------------------------------------------+---------+---------+----------+----------+-----+------+-------------------+

        * Loop: 
        N/A



================================================================
== Utilization Estimates
================================================================
* Summary: 
+---------------------+---------+------+---------+---------+-----+
|         Name        | BRAM_18K|  DSP |    FF   |   LUT   | URAM|
+---------------------+---------+------+---------+---------+-----+
|DSP                  |        -|     -|        -|        -|    -|
|Expression           |        -|     -|        0|      521|    -|
|FIFO                 |        -|     -|        -|        -|    -|
|Instance             |        -|     2|     2210|     5143|    -|
|Memory               |        0|     -|      512|      544|    0|
|Multiplexer          |        -|     -|        0|     1227|    -|
|Register             |        -|     -|      318|        -|    -|
+---------------------+---------+------+---------+---------+-----+
|Total                |        0|     2|     3040|     7435|    0|
+---------------------+---------+------+---------+---------+-----+
|Available SLR        |     1344|  3008|   869120|   434560|  320|
+---------------------+---------+------+---------+---------+-----+
|Utilization SLR (%)  |        0|    ~0|       ~0|        1|    0|
+---------------------+---------+------+---------+---------+-----+
|Available            |     4032|  9024|  2607360|  1303680|  960|
+---------------------+---------+------+---------+---------+-----+
|Utilization (%)      |        0|    ~0|       ~0|       ~0|    0|
+---------------------+---------+------+---------+---------+-----+

+ Detail: 
    * Instance: 
    +----------------------------------------------------------------------------------------------+-----------------------------------------------------------------------------------+---------+----+------+------+-----+
    |                                           Instance                                           |                                       Module                                      | BRAM_18K| DSP|  FF  |  LUT | URAM|
    +----------------------------------------------------------------------------------------------+-----------------------------------------------------------------------------------+---------+----+------+------+-----+
    |grp_aligned_sum_guarded_512_s_fu_462                                                          |aligned_sum_guarded_512_s                                                          |        0|   0|   944|  3351|    0|
    |mul_32s_16ns_48_2_1_U594                                                                      |mul_32s_16ns_48_2_1                                                                |        0|   2|   165|    49|    0|
    |grp_p_anonymous_namespace_dot_base_column_Pipeline_dot_base_vector_terms_dot_base_sta_fu_364  |p_anonymous_namespace_dot_base_column_Pipeline_dot_base_vector_terms_dot_base_sta  |        0|   0|  1101|  1725|    0|
    |sparsemux_7_2_32_1_1_U596                                                                     |sparsemux_7_2_32_1_1                                                               |        0|   0|     0|     9|    0|
    |sparsemux_7_2_64_1_1_U595                                                                     |sparsemux_7_2_64_1_1                                                               |        0|   0|     0|     9|    0|
    +----------------------------------------------------------------------------------------------+-----------------------------------------------------------------------------------+---------+----+------+------+-----+
    |Total                                                                                         |                                                                                   |        0|   2|  2210|  5143|    0|
    +----------------------------------------------------------------------------------------------+-----------------------------------------------------------------------------------+---------+----+------+------+-----+

    * DSP: 
    N/A

    * Memory: 
    +----------------+---------------------------------------------------------------+---------+----+----+-----+------+-----+------+-------------+
    |     Memory     |                             Module                            | BRAM_18K| FF | LUT| URAM| Words| Bits| Banks| W*Bits*Banks|
    +----------------+---------------------------------------------------------------+---------+----+----+-----+------+-----+------+-------------+
    |exponents_U     |p_anonymous_namespace_dot_base_column_exponents_RAM_AUTO_1R1W  |        0|  16|  17|    0|    32|    9|     1|          288|
    |exponents_1_U   |p_anonymous_namespace_dot_base_column_exponents_RAM_AUTO_1R1W  |        0|  16|  17|    0|    32|    9|     1|          288|
    |exponents_2_U   |p_anonymous_namespace_dot_base_column_exponents_RAM_AUTO_1R1W  |        0|  16|  17|    0|    32|    9|     1|          288|
    |exponents_3_U   |p_anonymous_namespace_dot_base_column_exponents_RAM_AUTO_1R1W  |        0|  16|  17|    0|    32|    9|     1|          288|
    |exponents_4_U   |p_anonymous_namespace_dot_base_column_exponents_RAM_AUTO_1R1W  |        0|  16|  17|    0|    32|    9|     1|          288|
    |exponents_5_U   |p_anonymous_namespace_dot_base_column_exponents_RAM_AUTO_1R1W  |        0|  16|  17|    0|    32|    9|     1|          288|
    |exponents_6_U   |p_anonymous_namespace_dot_base_column_exponents_RAM_AUTO_1R1W  |        0|  16|  17|    0|    32|    9|     1|          288|
    |exponents_7_U   |p_anonymous_namespace_dot_base_column_exponents_RAM_AUTO_1R1W  |        0|  16|  17|    0|    32|    9|     1|          288|
    |exponents_8_U   |p_anonymous_namespace_dot_base_column_exponents_RAM_AUTO_1R1W  |        0|  16|  17|    0|    32|    9|     1|          288|
    |exponents_9_U   |p_anonymous_namespace_dot_base_column_exponents_RAM_AUTO_1R1W  |        0|  16|  17|    0|    32|    9|     1|          288|
    |exponents_10_U  |p_anonymous_namespace_dot_base_column_exponents_RAM_AUTO_1R1W  |        0|  16|  17|    0|    32|    9|     1|          288|
    |exponents_11_U  |p_anonymous_namespace_dot_base_column_exponents_RAM_AUTO_1R1W  |        0|  16|  17|    0|    32|    9|     1|          288|
    |exponents_12_U  |p_anonymous_namespace_dot_base_column_exponents_RAM_AUTO_1R1W  |        0|  16|  17|    0|    32|    9|     1|          288|
    |exponents_13_U  |p_anonymous_namespace_dot_base_column_exponents_RAM_AUTO_1R1W  |        0|  16|  17|    0|    32|    9|     1|          288|
    |exponents_14_U  |p_anonymous_namespace_dot_base_column_exponents_RAM_AUTO_1R1W  |        0|  16|  17|    0|    32|    9|     1|          288|
    |exponents_15_U  |p_anonymous_namespace_dot_base_column_exponents_RAM_AUTO_1R1W  |        0|  16|  17|    0|    32|    9|     1|          288|
    |terms_U         |p_anonymous_namespace_dot_base_column_terms_RAM_AUTO_1R1W      |        0|  16|  17|    0|    32|   10|     1|          320|
    |terms_1_U       |p_anonymous_namespace_dot_base_column_terms_RAM_AUTO_1R1W      |        0|  16|  17|    0|    32|   10|     1|          320|
    |terms_2_U       |p_anonymous_namespace_dot_base_column_terms_RAM_AUTO_1R1W      |        0|  16|  17|    0|    32|   10|     1|          320|
    |terms_3_U       |p_anonymous_namespace_dot_base_column_terms_RAM_AUTO_1R1W      |        0|  16|  17|    0|    32|   10|     1|          320|
    |terms_4_U       |p_anonymous_namespace_dot_base_column_terms_RAM_AUTO_1R1W      |        0|  16|  17|    0|    32|   10|     1|          320|
    |terms_5_U       |p_anonymous_namespace_dot_base_column_terms_RAM_AUTO_1R1W      |        0|  16|  17|    0|    32|   10|     1|          320|
    |terms_6_U       |p_anonymous_namespace_dot_base_column_terms_RAM_AUTO_1R1W      |        0|  16|  17|    0|    32|   10|     1|          320|
    |terms_7_U       |p_anonymous_namespace_dot_base_column_terms_RAM_AUTO_1R1W      |        0|  16|  17|    0|    32|   10|     1|          320|
    |terms_8_U       |p_anonymous_namespace_dot_base_column_terms_RAM_AUTO_1R1W      |        0|  16|  17|    0|    32|   10|     1|          320|
    |terms_9_U       |p_anonymous_namespace_dot_base_column_terms_RAM_AUTO_1R1W      |        0|  16|  17|    0|    32|   10|     1|          320|
    |terms_10_U      |p_anonymous_namespace_dot_base_column_terms_RAM_AUTO_1R1W      |        0|  16|  17|    0|    32|   10|     1|          320|
    |terms_11_U      |p_anonymous_namespace_dot_base_column_terms_RAM_AUTO_1R1W      |        0|  16|  17|    0|    32|   10|     1|          320|
    |terms_12_U      |p_anonymous_namespace_dot_base_column_terms_RAM_AUTO_1R1W      |        0|  16|  17|    0|    32|   10|     1|          320|
    |terms_13_U      |p_anonymous_namespace_dot_base_column_terms_RAM_AUTO_1R1W      |        0|  16|  17|    0|    32|   10|     1|          320|
    |terms_14_U      |p_anonymous_namespace_dot_base_column_terms_RAM_AUTO_1R1W      |        0|  16|  17|    0|    32|   10|     1|          320|
    |terms_15_U      |p_anonymous_namespace_dot_base_column_terms_RAM_AUTO_1R1W      |        0|  16|  17|    0|    32|   10|     1|          320|
    +----------------+---------------------------------------------------------------+---------+----+----+-----+------+-----+------+-------------+
    |Total           |                                                               |        0| 512| 544|    0|  1024|  304|    32|         9728|
    +----------------+---------------------------------------------------------------+---------+----+----+-----+------+-----+------+-------------+

    * FIFO: 
    N/A

    * Expression: 
    +------------------------+----------+----+---+----+------------+------------+
    |      Variable Name     | Operation| DSP| FF| LUT| Bitwidth P0| Bitwidth P1|
    +------------------------+----------+----+---+----+------------+------------+
    |add_ln111_fu_666_p2     |         +|   0|  0|  39|          32|           1|
    |add_ln124_fu_737_p2     |         +|   0|  0|  71|          64|           1|
    |magnitude_fu_627_p2     |         -|   0|  0|  54|           1|          47|
    |sub_ln115_fu_701_p2     |         -|   0|  0|  40|           1|          33|
    |sub_ln25_fu_521_p2      |         -|   0|  0|  14|           7|           7|
    |and_ln110_fu_678_p2     |       and|   0|  0|   2|           1|           1|
    |and_ln127_fu_758_p2     |       and|   0|  0|   2|           1|           1|
    |icmp_ln109_fu_660_p2    |      icmp|   0|  0|  23|          15|          16|
    |icmp_ln110_fu_672_p2    |      icmp|   0|  0|  23|          15|          16|
    |icmp_ln123_fu_731_p2    |      icmp|   0|  0|   9|           2|           1|
    |icmp_ln127_fu_742_p2    |      icmp|   0|  0|  40|          33|          33|
    |icmp_ln95_fu_622_p2     |      icmp|   0|  0|  55|          48|           1|
    |or_ln110_fu_684_p2      |        or|   0|  0|   2|           1|           1|
    |magnitude_33_fu_632_p3  |    select|   0|  0|  47|           1|          47|
    |quotient_fu_690_p3      |    select|   0|  0|  32|           1|          32|
    |ref_tmp3_i_1_fu_714_p3  |    select|   0|  0|  33|           1|           1|
    |select_ln114_fu_707_p3  |    select|   0|  0|  33|           1|          33|
    |xor_ln123_fu_752_p2     |       xor|   0|  0|   2|           1|           2|
    +------------------------+----------+----+---+----+------------+------------+
    |Total                   |          |   0|  0| 521|         226|         274|
    +------------------------+----------+----+---+----+------------+------------+

    * Multiplexer: 
    +-----------------------+----+-----------+-----+-----------+
    |          Name         | LUT| Input Size| Bits| Total Bits|
    +-----------------------+----+-----------+-----+-----------+
    |ap_NS_fsm              |  43|          8|    1|          8|
    |exponents_10_address0  |  14|          3|    5|         15|
    |exponents_10_ce0       |  14|          3|    1|          3|
    |exponents_10_we0       |   9|          2|    1|          2|
    |exponents_11_address0  |  14|          3|    5|         15|
    |exponents_11_ce0       |  14|          3|    1|          3|
    |exponents_11_we0       |   9|          2|    1|          2|
    |exponents_12_address0  |  14|          3|    5|         15|
    |exponents_12_ce0       |  14|          3|    1|          3|
    |exponents_12_we0       |   9|          2|    1|          2|
    |exponents_13_address0  |  14|          3|    5|         15|
    |exponents_13_ce0       |  14|          3|    1|          3|
    |exponents_13_we0       |   9|          2|    1|          2|
    |exponents_14_address0  |  14|          3|    5|         15|
    |exponents_14_ce0       |  14|          3|    1|          3|
    |exponents_14_we0       |   9|          2|    1|          2|
    |exponents_15_address0  |  14|          3|    5|         15|
    |exponents_15_ce0       |  14|          3|    1|          3|
    |exponents_15_we0       |   9|          2|    1|          2|
    |exponents_1_address0   |  14|          3|    5|         15|
    |exponents_1_ce0        |  14|          3|    1|          3|
    |exponents_1_we0        |   9|          2|    1|          2|
    |exponents_2_address0   |  14|          3|    5|         15|
    |exponents_2_ce0        |  14|          3|    1|          3|
    |exponents_2_we0        |   9|          2|    1|          2|
    |exponents_3_address0   |  14|          3|    5|         15|
    |exponents_3_ce0        |  14|          3|    1|          3|
    |exponents_3_we0        |   9|          2|    1|          2|
    |exponents_4_address0   |  14|          3|    5|         15|
    |exponents_4_ce0        |  14|          3|    1|          3|
    |exponents_4_we0        |   9|          2|    1|          2|
    |exponents_5_address0   |  14|          3|    5|         15|
    |exponents_5_ce0        |  14|          3|    1|          3|
    |exponents_5_we0        |   9|          2|    1|          2|
    |exponents_6_address0   |  14|          3|    5|         15|
    |exponents_6_ce0        |  14|          3|    1|          3|
    |exponents_6_we0        |   9|          2|    1|          2|
    |exponents_7_address0   |  14|          3|    5|         15|
    |exponents_7_ce0        |  14|          3|    1|          3|
    |exponents_7_we0        |   9|          2|    1|          2|
    |exponents_8_address0   |  14|          3|    5|         15|
    |exponents_8_ce0        |  14|          3|    1|          3|
    |exponents_8_we0        |   9|          2|    1|          2|
    |exponents_9_address0   |  14|          3|    5|         15|
    |exponents_9_ce0        |  14|          3|    1|          3|
    |exponents_9_we0        |   9|          2|    1|          2|
    |exponents_address0     |  14|          3|    5|         15|
    |exponents_ce0          |  14|          3|    1|          3|
    |exponents_we0          |   9|          2|    1|          2|
    |terms_10_address0      |  14|          3|    5|         15|
    |terms_10_ce0           |  14|          3|    1|          3|
    |terms_10_we0           |   9|          2|    1|          2|
    |terms_11_address0      |  14|          3|    5|         15|
    |terms_11_ce0           |  14|          3|    1|          3|
    |terms_11_we0           |   9|          2|    1|          2|
    |terms_12_address0      |  14|          3|    5|         15|
    |terms_12_ce0           |  14|          3|    1|          3|
    |terms_12_we0           |   9|          2|    1|          2|
    |terms_13_address0      |  14|          3|    5|         15|
    |terms_13_ce0           |  14|          3|    1|          3|
    |terms_13_we0           |   9|          2|    1|          2|
    |terms_14_address0      |  14|          3|    5|         15|
    |terms_14_ce0           |  14|          3|    1|          3|
    |terms_14_we0           |   9|          2|    1|          2|
    |terms_15_address0      |  14|          3|    5|         15|
    |terms_15_ce0           |  14|          3|    1|          3|
    |terms_15_we0           |   9|          2|    1|          2|
    |terms_1_address0       |  14|          3|    5|         15|
    |terms_1_ce0            |  14|          3|    1|          3|
    |terms_1_we0            |   9|          2|    1|          2|
    |terms_2_address0       |  14|          3|    5|         15|
    |terms_2_ce0            |  14|          3|    1|          3|
    |terms_2_we0            |   9|          2|    1|          2|
    |terms_3_address0       |  14|          3|    5|         15|
    |terms_3_ce0            |  14|          3|    1|          3|
    |terms_3_we0            |   9|          2|    1|          2|
    |terms_4_address0       |  14|          3|    5|         15|
    |terms_4_ce0            |  14|          3|    1|          3|
    |terms_4_we0            |   9|          2|    1|          2|
    |terms_5_address0       |  14|          3|    5|         15|
    |terms_5_ce0            |  14|          3|    1|          3|
    |terms_5_we0            |   9|          2|    1|          2|
    |terms_6_address0       |  14|          3|    5|         15|
    |terms_6_ce0            |  14|          3|    1|          3|
    |terms_6_we0            |   9|          2|    1|          2|
    |terms_7_address0       |  14|          3|    5|         15|
    |terms_7_ce0            |  14|          3|    1|          3|
    |terms_7_we0            |   9|          2|    1|          2|
    |terms_8_address0       |  14|          3|    5|         15|
    |terms_8_ce0            |  14|          3|    1|          3|
    |terms_8_we0            |   9|          2|    1|          2|
    |terms_9_address0       |  14|          3|    5|         15|
    |terms_9_ce0            |  14|          3|    1|          3|
    |terms_9_we0            |   9|          2|    1|          2|
    |terms_address0         |  14|          3|    5|         15|
    |terms_ce0              |  14|          3|    1|          3|
    |terms_we0              |   9|          2|    1|          2|
    +-----------------------+----+-----------+-----+-----------+
    |Total                  |1227|        264|  225|        648|
    +-----------------------+----+-----------+-----+-----------+

    * Register: 
    +-----------------------------------------------------------------------------------------------------------+----+----+-----+-----------+
    |                                                    Name                                                   | FF | LUT| Bits| Const Bits|
    +-----------------------------------------------------------------------------------------------------------+----+----+-----+-----------+
    |ap_CS_fsm                                                                                                  |   7|   0|    7|          0|
    |counters_1_ret_reg_918                                                                                     |  64|   0|   64|          0|
    |counters_3_ret_reg_924                                                                                     |  64|   0|   64|          0|
    |grp_aligned_sum_guarded_512_s_fu_462_ap_start_reg                                                          |   1|   0|    1|          0|
    |grp_p_anonymous_namespace_dot_base_column_Pipeline_dot_base_vector_terms_dot_base_sta_fu_364_ap_start_reg  |   1|   0|    1|          0|
    |icmp_ln95_reg_956                                                                                          |   1|   0|    1|          0|
    |negative_reg_950                                                                                           |   1|   0|    1|          0|
    |product_reg_939                                                                                            |  48|   0|   48|          0|
    |quotient_reg_961                                                                                           |  32|   0|   32|          0|
    |result_exponent_reg_913                                                                                    |  16|   0|   16|          0|
    |shl_ln15_reg_863                                                                                           |   7|   0|    7|          0|
    |shl_ln35_reg_878                                                                                           |   2|   0|    5|          3|
    |shl_ln36_reg_888                                                                                           |   4|   0|    6|          2|
    |shl_ln37_reg_893                                                                                           |   5|   0|   18|         13|
    |shl_ln38_reg_898                                                                                           |   5|   0|   14|          9|
    |shl_ln_reg_883                                                                                             |   4|   0|   11|          7|
    |sub_ln25_reg_868                                                                                           |   7|   0|    7|          0|
    |tmp_s_reg_873                                                                                              |   2|   0|    2|          0|
    |trunc_ln139_reg_944                                                                                        |  47|   0|   47|          0|
    +-----------------------------------------------------------------------------------------------------------+----+----+-----+-----------+
    |Total                                                                                                      | 318|   0|  352|         34|
    +-----------------------------------------------------------------------------------------------------------+----+----+-----+-----------+



================================================================
== Interface
================================================================
* Summary: 
+-----------------------------------+-----+-----+------------+--------------------------------------+--------------+
|             RTL Ports             | Dir | Bits|  Protocol  |             Source Object            |    C Type    |
+-----------------------------------+-----+-----+------------+--------------------------------------+--------------+
|ap_clk                             |   in|    1|  ap_ctrl_hs|  (anonymous namespace)dot_base_column|  return value|
|ap_rst                             |   in|    1|  ap_ctrl_hs|  (anonymous namespace)dot_base_column|  return value|
|ap_start                           |   in|    1|  ap_ctrl_hs|  (anonymous namespace)dot_base_column|  return value|
|ap_done                            |  out|    1|  ap_ctrl_hs|  (anonymous namespace)dot_base_column|  return value|
|ap_idle                            |  out|    1|  ap_ctrl_hs|  (anonymous namespace)dot_base_column|  return value|
|ap_ready                           |  out|    1|  ap_ctrl_hs|  (anonymous namespace)dot_base_column|  return value|
|ap_return_0                        |  out|   32|  ap_ctrl_hs|  (anonymous namespace)dot_base_column|  return value|
|ap_return_1                        |  out|   16|  ap_ctrl_hs|  (anonymous namespace)dot_base_column|  return value|
|ap_return_2                        |  out|   64|  ap_ctrl_hs|  (anonymous namespace)dot_base_column|  return value|
|ap_return_3                        |  out|   64|  ap_ctrl_hs|  (anonymous namespace)dot_base_column|  return value|
|m_axi_gmem1_0_AWVALID              |  out|    1|       m_axi|                                 gmem1|       pointer|
|m_axi_gmem1_0_AWREADY              |   in|    1|       m_axi|                                 gmem1|       pointer|
|m_axi_gmem1_0_AWADDR               |  out|   64|       m_axi|                                 gmem1|       pointer|
|m_axi_gmem1_0_AWID                 |  out|    1|       m_axi|                                 gmem1|       pointer|
|m_axi_gmem1_0_AWLEN                |  out|   32|       m_axi|                                 gmem1|       pointer|
|m_axi_gmem1_0_AWSIZE               |  out|    3|       m_axi|                                 gmem1|       pointer|
|m_axi_gmem1_0_AWBURST              |  out|    2|       m_axi|                                 gmem1|       pointer|
|m_axi_gmem1_0_AWLOCK               |  out|    2|       m_axi|                                 gmem1|       pointer|
|m_axi_gmem1_0_AWCACHE              |  out|    4|       m_axi|                                 gmem1|       pointer|
|m_axi_gmem1_0_AWPROT               |  out|    3|       m_axi|                                 gmem1|       pointer|
|m_axi_gmem1_0_AWQOS                |  out|    4|       m_axi|                                 gmem1|       pointer|
|m_axi_gmem1_0_AWREGION             |  out|    4|       m_axi|                                 gmem1|       pointer|
|m_axi_gmem1_0_AWUSER               |  out|    1|       m_axi|                                 gmem1|       pointer|
|m_axi_gmem1_0_WVALID               |  out|    1|       m_axi|                                 gmem1|       pointer|
|m_axi_gmem1_0_WREADY               |   in|    1|       m_axi|                                 gmem1|       pointer|
|m_axi_gmem1_0_WDATA                |  out|    8|       m_axi|                                 gmem1|       pointer|
|m_axi_gmem1_0_WSTRB                |  out|    1|       m_axi|                                 gmem1|       pointer|
|m_axi_gmem1_0_WLAST                |  out|    1|       m_axi|                                 gmem1|       pointer|
|m_axi_gmem1_0_WID                  |  out|    1|       m_axi|                                 gmem1|       pointer|
|m_axi_gmem1_0_WUSER                |  out|    1|       m_axi|                                 gmem1|       pointer|
|m_axi_gmem1_0_ARVALID              |  out|    1|       m_axi|                                 gmem1|       pointer|
|m_axi_gmem1_0_ARREADY              |   in|    1|       m_axi|                                 gmem1|       pointer|
|m_axi_gmem1_0_ARADDR               |  out|   64|       m_axi|                                 gmem1|       pointer|
|m_axi_gmem1_0_ARID                 |  out|    1|       m_axi|                                 gmem1|       pointer|
|m_axi_gmem1_0_ARLEN                |  out|   32|       m_axi|                                 gmem1|       pointer|
|m_axi_gmem1_0_ARSIZE               |  out|    3|       m_axi|                                 gmem1|       pointer|
|m_axi_gmem1_0_ARBURST              |  out|    2|       m_axi|                                 gmem1|       pointer|
|m_axi_gmem1_0_ARLOCK               |  out|    2|       m_axi|                                 gmem1|       pointer|
|m_axi_gmem1_0_ARCACHE              |  out|    4|       m_axi|                                 gmem1|       pointer|
|m_axi_gmem1_0_ARPROT               |  out|    3|       m_axi|                                 gmem1|       pointer|
|m_axi_gmem1_0_ARQOS                |  out|    4|       m_axi|                                 gmem1|       pointer|
|m_axi_gmem1_0_ARREGION             |  out|    4|       m_axi|                                 gmem1|       pointer|
|m_axi_gmem1_0_ARUSER               |  out|    1|       m_axi|                                 gmem1|       pointer|
|m_axi_gmem1_0_RVALID               |   in|    1|       m_axi|                                 gmem1|       pointer|
|m_axi_gmem1_0_RREADY               |  out|    1|       m_axi|                                 gmem1|       pointer|
|m_axi_gmem1_0_RDATA                |   in|    8|       m_axi|                                 gmem1|       pointer|
|m_axi_gmem1_0_RLAST                |   in|    1|       m_axi|                                 gmem1|       pointer|
|m_axi_gmem1_0_RID                  |   in|    1|       m_axi|                                 gmem1|       pointer|
|m_axi_gmem1_0_RFIFONUM             |   in|   11|       m_axi|                                 gmem1|       pointer|
|m_axi_gmem1_0_RUSER                |   in|    1|       m_axi|                                 gmem1|       pointer|
|m_axi_gmem1_0_RRESP                |   in|    2|       m_axi|                                 gmem1|       pointer|
|m_axi_gmem1_0_BVALID               |   in|    1|       m_axi|                                 gmem1|       pointer|
|m_axi_gmem1_0_BREADY               |  out|    1|       m_axi|                                 gmem1|       pointer|
|m_axi_gmem1_0_BRESP                |   in|    2|       m_axi|                                 gmem1|       pointer|
|m_axi_gmem1_0_BID                  |   in|    1|       m_axi|                                 gmem1|       pointer|
|m_axi_gmem1_0_BUSER                |   in|    1|       m_axi|                                 gmem1|       pointer|
|vector_elements                    |   in|   64|     ap_none|                       vector_elements|        scalar|
|vector_scales                      |   in|   64|     ap_none|                         vector_scales|        scalar|
|qk_head                            |   in|    4|     ap_none|                               qk_head|        scalar|
|value_head                         |   in|    5|     ap_none|                            value_head|        scalar|
|column                             |   in|    7|     ap_none|                                column|        scalar|
|primary                            |   in|   24|     ap_none|                               primary|        scalar|
|primary_scales                     |   in|   20|     ap_none|                        primary_scales|        scalar|
|residual                           |   in|   24|     ap_none|                              residual|        scalar|
|residual_scales                    |   in|   20|     ap_none|                       residual_scales|        scalar|
|gamma                              |   in|   16|     ap_none|                                 gamma|        scalar|
|p_read2                            |   in|   64|     ap_none|                               p_read2|        scalar|
|p_read3                            |   in|   64|     ap_none|                               p_read3|        scalar|
|resident_primary_scales_address0   |  out|   18|   ap_memory|               resident_primary_scales|         array|
|resident_primary_scales_ce0        |  out|    1|   ap_memory|               resident_primary_scales|         array|
|resident_primary_scales_q0         |   in|   32|   ap_memory|               resident_primary_scales|         array|
|resident_primary_address0          |  out|   20|   ap_memory|                      resident_primary|         array|
|resident_primary_ce0               |  out|    1|   ap_memory|                      resident_primary|         array|
|resident_primary_q0                |   in|  128|   ap_memory|                      resident_primary|         array|
|resident_residual_scales_address0  |  out|   18|   ap_memory|              resident_residual_scales|         array|
|resident_residual_scales_ce0       |  out|    1|   ap_memory|              resident_residual_scales|         array|
|resident_residual_scales_q0        |   in|   32|   ap_memory|              resident_residual_scales|         array|
|resident_residual_address0         |  out|   20|   ap_memory|                     resident_residual|         array|
|resident_residual_ce0              |  out|    1|   ap_memory|                     resident_residual|         array|
|resident_residual_q0               |   in|  128|   ap_memory|                     resident_residual|         array|
+-----------------------------------+-----+-----+------------+--------------------------------------+--------------+

