

================================================================
== Vitis HLS Report for 'p_anonymous_namespace_store_key'
================================================================
* Date:           Sun Aug  2 05:05:47 2026

* Version:        2025.2 (Build 6295257 on Nov 14 2025)
* Project:        gdn_e2m0_hls
* Solution:       u55c_250mhz (Vivado IP Flow Target)
* Product family: virtexuplusHBM
* Target device:  xcu55c-fsvh2892-2L-e


================================================================
== Performance Estimates
================================================================
+ Timing: 
    * Summary: 
    +--------+---------+----------+------------+
    |  Clock |  Target | Estimated| Uncertainty|
    +--------+---------+----------+------------+
    |ap_clk  |  4.00 ns|  2.920 ns|     1.08 ns|
    +--------+---------+----------+------------+

+ Latency: 
    * Summary: 
    +---------+---------+-----------+-----------+------+------+---------+
    |  Latency (cycles) |   Latency (absolute)  |   Interval  | Pipeline|
    |   min   |   max   |    min    |    max    |  min |  max |   Type  |
    +---------+---------+-----------+-----------+------+------+---------+
    |     7109|     7109|  28.436 us|  28.436 us|  7109|  7109|       no|
    +---------+---------+-----------+-----------+------+------+---------+

    + Detail: 
        * Instance: 
        +---------------------------------------------------------------------+----------------------------------------------------------+---------+---------+----------+----------+-----+-----+-------------------+
        |                                                                     |                                                          |  Latency (cycles) |  Latency (absolute) |  Interval |      Pipeline     |
        |                               Instance                              |                          Module                          |   min   |   max   |    min   |    max   | min | max |        Type       |
        +---------------------------------------------------------------------+----------------------------------------------------------+---------+---------+----------+----------+-----+-----+-------------------+
        |grp_p_anonymous_namespace_store_key_Pipeline_store_key_lanes_fu_224  |p_anonymous_namespace_store_key_Pipeline_store_key_lanes  |       43|       43|  0.172 us|  0.172 us|    0|    0|  loop pipeline stp|
        +---------------------------------------------------------------------+----------------------------------------------------------+---------+---------+----------+----------+-----+-----+-------------------+

        * Loop: 
        +-----------------------+---------+---------+----------+-----------+-----------+------+----------+
        |                       |  Latency (cycles) | Iteration|  Initiation Interval  | Trip |          |
        |       Loop Name       |   min   |   max   |  Latency |  achieved |   target  | Count| Pipelined|
        +-----------------------+---------+---------+----------+-----------+-----------+------+----------+
        |- store_key_terms      |     7108|     7108|      3554|          -|          -|     2|        no|
        | + store_key_heads     |     3552|     3552|       222|          -|          -|    16|        no|
        |  ++ store_key_blocks  |      220|      220|        55|          -|          -|     4|        no|
        +-----------------------+---------+---------+----------+-----------+-----------+------+----------+



================================================================
== Utilization Estimates
================================================================
* Summary: 
+---------------------+---------+------+---------+---------+-----+
|         Name        | BRAM_18K|  DSP |    FF   |   LUT   | URAM|
+---------------------+---------+------+---------+---------+-----+
|DSP                  |        -|     -|        -|        -|    -|
|Expression           |        -|     -|        0|      317|    -|
|FIFO                 |        -|     -|        -|        -|    -|
|Instance             |        -|     -|      360|      592|    -|
|Memory               |        -|     -|        -|        -|    -|
|Multiplexer          |        -|     -|        0|      256|    -|
|Register             |        -|     -|      275|        -|    -|
+---------------------+---------+------+---------+---------+-----+
|Total                |        0|     0|      635|     1165|    0|
+---------------------+---------+------+---------+---------+-----+
|Available SLR        |     1344|  3008|   869120|   434560|  320|
+---------------------+---------+------+---------+---------+-----+
|Utilization SLR (%)  |        0|     0|       ~0|       ~0|    0|
+---------------------+---------+------+---------+---------+-----+
|Available            |     4032|  9024|  2607360|  1303680|  960|
+---------------------+---------+------+---------+---------+-----+
|Utilization (%)      |        0|     0|       ~0|       ~0|    0|
+---------------------+---------+------+---------+---------+-----+

+ Detail: 
    * Instance: 
    +---------------------------------------------------------------------+----------------------------------------------------------+---------+----+-----+-----+-----+
    |                               Instance                              |                          Module                          | BRAM_18K| DSP|  FF | LUT | URAM|
    +---------------------------------------------------------------------+----------------------------------------------------------+---------+----+-----+-----+-----+
    |grp_p_anonymous_namespace_store_key_Pipeline_store_key_lanes_fu_224  |p_anonymous_namespace_store_key_Pipeline_store_key_lanes  |        0|   0|  360|  448|    0|
    |partset_32ns_32ns_8ns_5ns_32_1_1_U495                                |partset_32ns_32ns_8ns_5ns_32_1_1                          |        0|   0|    0|  144|    0|
    +---------------------------------------------------------------------+----------------------------------------------------------+---------+----+-----+-----+-----+
    |Total                                                                |                                                          |        0|   0|  360|  592|    0|
    +---------------------------------------------------------------------+----------------------------------------------------------+---------+----+-----+-----+-----+

    * DSP: 
    N/A

    * Memory: 
    N/A

    * FIFO: 
    N/A

    * Expression: 
    +-----------------------+----------+----+---+----+------------+------------+
    |     Variable Name     | Operation| DSP| FF| LUT| Bitwidth P0| Bitwidth P1|
    +-----------------------+----------+----+---+----+------------+------------+
    |add_ln761_fu_289_p2    |         +|   0|  0|   9|           2|           1|
    |add_ln763_fu_347_p2    |         +|   0|  0|  12|           5|           1|
    |add_ln766_fu_397_p2    |         +|   0|  0|  10|           3|           1|
    |add_ln776_1_fu_299_p2  |         +|   0|  0|  16|           9|           9|
    |add_ln776_2_fu_357_p2  |         +|   0|  0|  20|          13|          13|
    |add_ln776_3_fu_407_p2  |         +|   0|  0|  22|          15|          15|
    |add_ln776_fu_261_p2    |         +|   0|  0|  19|           8|           8|
    |empty_fu_438_p2        |         +|   0|  0|  71|          64|          64|
    |tmp3_fu_336_p2         |         +|   0|  0|  71|          64|          64|
    |tmp4_fu_429_p2         |         +|   0|  0|  13|           6|           6|
    |sub_ln776_fu_251_p2    |         -|   0|  0|  19|           8|           8|
    |icmp_ln761_fu_283_p2   |      icmp|   0|  0|  10|           2|           3|
    |icmp_ln763_fu_341_p2   |      icmp|   0|  0|  13|           5|           6|
    |icmp_ln766_fu_391_p2   |      icmp|   0|  0|  12|           3|           4|
    +-----------------------+----------+----+---+----+------------+------------+
    |Total                  |          |   0|  0| 317|         207|         203|
    +-----------------------+----------+----+---+----+------------+------------+

    * Multiplexer: 
    +------------------------+----+-----------+-----+-----------+
    |          Name          | LUT| Input Size| Bits| Total Bits|
    +------------------------+----+-----------+-----+-----------+
    |ap_NS_fsm               |  65|         16|    1|         16|
    |block_reg_200           |   9|          2|    3|          6|
    |gmem1_blk_n_AR          |   9|          2|    1|          2|
    |gmem1_blk_n_R           |   9|          2|    1|          2|
    |head_reg_189            |   9|          2|    5|         10|
    |m_axi_gmem1_0_ARADDR    |  14|          3|   64|        192|
    |m_axi_gmem1_0_ARBURST   |   9|          2|    2|          4|
    |m_axi_gmem1_0_ARCACHE   |   9|          2|    4|          8|
    |m_axi_gmem1_0_ARID      |   9|          2|    1|          2|
    |m_axi_gmem1_0_ARLEN     |  14|          3|   32|         96|
    |m_axi_gmem1_0_ARLOCK    |   9|          2|    2|          4|
    |m_axi_gmem1_0_ARPROT    |   9|          2|    3|          6|
    |m_axi_gmem1_0_ARQOS     |   9|          2|    4|          8|
    |m_axi_gmem1_0_ARREGION  |   9|          2|    4|          8|
    |m_axi_gmem1_0_ARSIZE    |   9|          2|    3|          6|
    |m_axi_gmem1_0_ARUSER    |   9|          2|    1|          2|
    |m_axi_gmem1_0_ARVALID   |  14|          3|    1|          3|
    |m_axi_gmem1_0_RREADY    |  14|          3|    1|          3|
    |scales_reg_211          |   9|          2|   32|         64|
    |term_fu_120             |   9|          2|    2|          4|
    +------------------------+----+-----------+-----+-----------+
    |Total                   | 256|         58|  167|        446|
    +------------------------+----+-----------+-----+-----------+

    * Register: 
    +----------------------------------------------------------------------------------+----+----+-----+-----------+
    |                                       Name                                       | FF | LUT| Bits| Const Bits|
    +----------------------------------------------------------------------------------+----+----+-----+-----------+
    |add_ln761_reg_504                                                                 |   2|   0|    2|          0|
    |add_ln763_reg_527                                                                 |   5|   0|    5|          0|
    |add_ln766_reg_555                                                                 |   3|   0|    3|          0|
    |add_ln776_3_reg_560                                                               |  15|   0|   15|          0|
    |ap_CS_fsm                                                                         |  15|   0|   15|          0|
    |block_reg_200                                                                     |   3|   0|    3|          0|
    |gmem1_addr_reg_575                                                                |  64|   0|   64|          0|
    |grp_p_anonymous_namespace_store_key_Pipeline_store_key_lanes_fu_224_ap_start_reg  |   1|   0|    1|          0|
    |head_reg_189                                                                      |   5|   0|    5|          0|
    |key_scales_addr_reg_537                                                           |  13|   0|   13|          0|
    |scales_reg_211                                                                    |  32|   0|   32|          0|
    |shl_ln13_reg_547                                                                  |   4|   0|    6|          2|
    |shl_ln14_reg_570                                                                  |   2|   0|    7|          5|
    |shl_ln763_1_reg_514                                                               |   1|   0|   12|         11|
    |term_fu_120                                                                       |   2|   0|    2|          0|
    |tmp3_reg_519                                                                      |  64|   0|   64|          0|
    |tmp_44_reg_496                                                                    |   8|   0|    9|          1|
    |tmp_45_reg_509                                                                    |   9|   0|   13|          4|
    |tmp_46_reg_532                                                                    |  13|   0|   15|          2|
    |trunc_ln766_reg_542                                                               |   4|   0|    4|          0|
    |trunc_ln774_reg_565                                                               |   2|   0|    2|          0|
    |value_reg_581                                                                     |   8|   0|    8|          0|
    +----------------------------------------------------------------------------------+----+----+-----+-----------+
    |Total                                                                             | 275|   0|  300|         25|
    +----------------------------------------------------------------------------------+----+----+-----+-----------+



================================================================
== Interface
================================================================
* Summary: 
+------------------------+-----+-----+------------+--------------------------------+--------------+
|        RTL Ports       | Dir | Bits|  Protocol  |          Source Object         |    C Type    |
+------------------------+-----+-----+------------+--------------------------------+--------------+
|ap_clk                  |   in|    1|  ap_ctrl_hs|  (anonymous namespace)store_key|  return value|
|ap_rst                  |   in|    1|  ap_ctrl_hs|  (anonymous namespace)store_key|  return value|
|ap_start                |   in|    1|  ap_ctrl_hs|  (anonymous namespace)store_key|  return value|
|ap_done                 |  out|    1|  ap_ctrl_hs|  (anonymous namespace)store_key|  return value|
|ap_idle                 |  out|    1|  ap_ctrl_hs|  (anonymous namespace)store_key|  return value|
|ap_ready                |  out|    1|  ap_ctrl_hs|  (anonymous namespace)store_key|  return value|
|entry1                  |   in|    4|     ap_none|                          entry1|        scalar|
|m_axi_gmem1_0_AWVALID   |  out|    1|       m_axi|                           gmem1|       pointer|
|m_axi_gmem1_0_AWREADY   |   in|    1|       m_axi|                           gmem1|       pointer|
|m_axi_gmem1_0_AWADDR    |  out|   64|       m_axi|                           gmem1|       pointer|
|m_axi_gmem1_0_AWID      |  out|    1|       m_axi|                           gmem1|       pointer|
|m_axi_gmem1_0_AWLEN     |  out|   32|       m_axi|                           gmem1|       pointer|
|m_axi_gmem1_0_AWSIZE    |  out|    3|       m_axi|                           gmem1|       pointer|
|m_axi_gmem1_0_AWBURST   |  out|    2|       m_axi|                           gmem1|       pointer|
|m_axi_gmem1_0_AWLOCK    |  out|    2|       m_axi|                           gmem1|       pointer|
|m_axi_gmem1_0_AWCACHE   |  out|    4|       m_axi|                           gmem1|       pointer|
|m_axi_gmem1_0_AWPROT    |  out|    3|       m_axi|                           gmem1|       pointer|
|m_axi_gmem1_0_AWQOS     |  out|    4|       m_axi|                           gmem1|       pointer|
|m_axi_gmem1_0_AWREGION  |  out|    4|       m_axi|                           gmem1|       pointer|
|m_axi_gmem1_0_AWUSER    |  out|    1|       m_axi|                           gmem1|       pointer|
|m_axi_gmem1_0_WVALID    |  out|    1|       m_axi|                           gmem1|       pointer|
|m_axi_gmem1_0_WREADY    |   in|    1|       m_axi|                           gmem1|       pointer|
|m_axi_gmem1_0_WDATA     |  out|    8|       m_axi|                           gmem1|       pointer|
|m_axi_gmem1_0_WSTRB     |  out|    1|       m_axi|                           gmem1|       pointer|
|m_axi_gmem1_0_WLAST     |  out|    1|       m_axi|                           gmem1|       pointer|
|m_axi_gmem1_0_WID       |  out|    1|       m_axi|                           gmem1|       pointer|
|m_axi_gmem1_0_WUSER     |  out|    1|       m_axi|                           gmem1|       pointer|
|m_axi_gmem1_0_ARVALID   |  out|    1|       m_axi|                           gmem1|       pointer|
|m_axi_gmem1_0_ARREADY   |   in|    1|       m_axi|                           gmem1|       pointer|
|m_axi_gmem1_0_ARADDR    |  out|   64|       m_axi|                           gmem1|       pointer|
|m_axi_gmem1_0_ARID      |  out|    1|       m_axi|                           gmem1|       pointer|
|m_axi_gmem1_0_ARLEN     |  out|   32|       m_axi|                           gmem1|       pointer|
|m_axi_gmem1_0_ARSIZE    |  out|    3|       m_axi|                           gmem1|       pointer|
|m_axi_gmem1_0_ARBURST   |  out|    2|       m_axi|                           gmem1|       pointer|
|m_axi_gmem1_0_ARLOCK    |  out|    2|       m_axi|                           gmem1|       pointer|
|m_axi_gmem1_0_ARCACHE   |  out|    4|       m_axi|                           gmem1|       pointer|
|m_axi_gmem1_0_ARPROT    |  out|    3|       m_axi|                           gmem1|       pointer|
|m_axi_gmem1_0_ARQOS     |  out|    4|       m_axi|                           gmem1|       pointer|
|m_axi_gmem1_0_ARREGION  |  out|    4|       m_axi|                           gmem1|       pointer|
|m_axi_gmem1_0_ARUSER    |  out|    1|       m_axi|                           gmem1|       pointer|
|m_axi_gmem1_0_RVALID    |   in|    1|       m_axi|                           gmem1|       pointer|
|m_axi_gmem1_0_RREADY    |  out|    1|       m_axi|                           gmem1|       pointer|
|m_axi_gmem1_0_RDATA     |   in|    8|       m_axi|                           gmem1|       pointer|
|m_axi_gmem1_0_RLAST     |   in|    1|       m_axi|                           gmem1|       pointer|
|m_axi_gmem1_0_RID       |   in|    1|       m_axi|                           gmem1|       pointer|
|m_axi_gmem1_0_RFIFONUM  |   in|   11|       m_axi|                           gmem1|       pointer|
|m_axi_gmem1_0_RUSER     |   in|    1|       m_axi|                           gmem1|       pointer|
|m_axi_gmem1_0_RRESP     |   in|    2|       m_axi|                           gmem1|       pointer|
|m_axi_gmem1_0_BVALID    |   in|    1|       m_axi|                           gmem1|       pointer|
|m_axi_gmem1_0_BREADY    |  out|    1|       m_axi|                           gmem1|       pointer|
|m_axi_gmem1_0_BRESP     |   in|    2|       m_axi|                           gmem1|       pointer|
|m_axi_gmem1_0_BID       |   in|    1|       m_axi|                           gmem1|       pointer|
|m_axi_gmem1_0_BUSER     |   in|    1|       m_axi|                           gmem1|       pointer|
|k_elements              |   in|   64|     ap_none|                      k_elements|        scalar|
|k_scales                |   in|   64|     ap_none|                        k_scales|        scalar|
|keys_address0           |  out|   15|   ap_memory|                            keys|         array|
|keys_ce0                |  out|    1|   ap_memory|                            keys|         array|
|keys_we0                |  out|    1|   ap_memory|                            keys|         array|
|keys_d0                 |  out|  128|   ap_memory|                            keys|         array|
|keys_offset1            |   in|    6|     ap_none|                    keys_offset1|        scalar|
|key_scales_address0     |  out|   13|   ap_memory|                      key_scales|         array|
|key_scales_ce0          |  out|    1|   ap_memory|                      key_scales|         array|
|key_scales_we0          |  out|    1|   ap_memory|                      key_scales|         array|
|key_scales_d0           |  out|   32|   ap_memory|                      key_scales|         array|
+------------------------+-----+-----+------------+--------------------------------+--------------+

