

================================================================
== Vitis HLS Report for 'p_anonymous_namespace_load_snapshot_Pipeline_load_snapshot_lanes'
================================================================
* Date:           Sun Aug  2 05:05:43 2026

* Version:        2025.2 (Build 6295257 on Nov 14 2025)
* Project:        gdn_e2m0_hls
* Solution:       u55c_250mhz (Vivado IP Flow Target)
* Product family: virtexuplusHBM
* Target device:  xcu55c-fsvh2892-2L-e


================================================================
== Performance Estimates
================================================================
+ Timing: 
    * Summary: 
    +--------+---------+----------+------------+
    |  Clock |  Target | Estimated| Uncertainty|
    +--------+---------+----------+------------+
    |ap_clk  |  4.00 ns|  2.920 ns|     1.08 ns|
    +--------+---------+----------+------------+

+ Latency: 
    * Summary: 
    +---------+---------+----------+----------+-----+-----+-------------------+
    |  Latency (cycles) |  Latency (absolute) |  Interval |      Pipeline     |
    |   min   |   max   |    min   |    max   | min | max |        Type       |
    +---------+---------+----------+----------+-----+-----+-------------------+
    |       43|       43|  0.172 us|  0.172 us|    0|    0|  loop pipeline stp|
    +---------+---------+----------+----------+-----+-----+-------------------+

    + Detail: 
        * Instance: 
        N/A

        * Loop: 
        +-----------------------+---------+---------+----------+-----------+-----------+------+----------+
        |                       |  Latency (cycles) | Iteration|  Initiation Interval  | Trip |          |
        |       Loop Name       |   min   |   max   |  Latency |  achieved |   target  | Count| Pipelined|
        +-----------------------+---------+---------+----------+-----------+-----------+------+----------+
        |- load_snapshot_lanes  |       41|       41|        11|          1|          1|    32|       yes|
        +-----------------------+---------+---------+----------+-----------+-----------+------+----------+



================================================================
== Utilization Estimates
================================================================
* Summary: 
+---------------------+---------+------+---------+---------+-----+
|         Name        | BRAM_18K|  DSP |    FF   |   LUT   | URAM|
+---------------------+---------+------+---------+---------+-----+
|DSP                  |        -|     -|        -|        -|    -|
|Expression           |        -|     -|        0|      221|    -|
|FIFO                 |        -|     -|        -|        -|    -|
|Instance             |        -|     -|        0|      288|    -|
|Memory               |        -|     -|        -|        -|    -|
|Multiplexer          |        -|     -|        0|       90|    -|
|Register             |        -|     -|      525|       64|    -|
+---------------------+---------+------+---------+---------+-----+
|Total                |        0|     0|      525|      663|    0|
+---------------------+---------+------+---------+---------+-----+
|Available SLR        |     1344|  3008|   869120|   434560|  320|
+---------------------+---------+------+---------+---------+-----+
|Utilization SLR (%)  |        0|     0|       ~0|       ~0|    0|
+---------------------+---------+------+---------+---------+-----+
|Available            |     4032|  9024|  2607360|  1303680|  960|
+---------------------+---------+------+---------+---------+-----+
|Utilization (%)      |        0|     0|       ~0|       ~0|    0|
+---------------------+---------+------+---------+---------+-----+

+ Detail: 
    * Instance: 
    +-----------------------------------------+-------------------------------------+---------+----+---+-----+-----+
    |                 Instance                |                Module               | BRAM_18K| DSP| FF| LUT | URAM|
    +-----------------------------------------+-------------------------------------+---------+----+---+-----+-----+
    |partset_128ns_128ns_4ns_7ns_128_1_1_U51  |partset_128ns_128ns_4ns_7ns_128_1_1  |        0|   0|  0|  144|    0|
    |partset_96ns_96ns_3ns_7ns_96_1_1_U52     |partset_96ns_96ns_3ns_7ns_96_1_1     |        0|   0|  0|  144|    0|
    +-----------------------------------------+-------------------------------------+---------+----+---+-----+-----+
    |Total                                    |                                     |        0|   0|  0|  288|    0|
    +-----------------------------------------+-------------------------------------+---------+----+---+-----+-----+

    * DSP: 
    N/A

    * Memory: 
    N/A

    * FIFO: 
    N/A

    * Expression: 
    +--------------------------------+----------+----+---+----+------------+------------+
    |          Variable Name         | Operation| DSP| FF| LUT| Bitwidth P0| Bitwidth P1|
    +--------------------------------+----------+----+---+----+------------+------------+
    |add_ln818_fu_198_p2             |         +|   0|  0|  13|           6|           1|
    |add_ln820_fu_230_p2             |         +|   0|  0|  26|          19|          19|
    |empty_872_fu_240_p2             |         +|   0|  0|  71|          64|          64|
    |empty_873_fu_256_p2             |         +|   0|  0|  71|          64|          64|
    |residual_word_2_fu_312_p3       |         -|   0|  0|  14|           7|           7|
    |ap_block_pp0_stage0_11001_grp1  |       and|   0|  0|   2|           1|           1|
    |ap_block_pp0_stage0_11001_grp2  |       and|   0|  0|   2|           1|           1|
    |ap_block_pp0_stage0_11001_grp3  |       and|   0|  0|   2|           1|           1|
    |ap_block_pp0_stage0_11001_grp4  |       and|   0|  0|   2|           1|           1|
    |icmp_ln818_fu_192_p2            |      icmp|   0|  0|  14|           6|           7|
    |ap_block_pp0_stage0_11001       |        or|   0|  0|   2|           1|           1|
    |ap_enable_pp0                   |       xor|   0|  0|   2|           1|           2|
    +--------------------------------+----------+----+---+----+------------+------------+
    |Total                           |          |   0|  0| 221|         172|         169|
    +--------------------------------+----------+----+---+----+------------+------------+

    * Multiplexer: 
    +--------------------------+----+-----------+-----+-----------+
    |           Name           | LUT| Input Size| Bits| Total Bits|
    +--------------------------+----+-----------+-----+-----------+
    |ap_done_int               |   9|          2|    1|          2|
    |ap_enable_reg_pp0_iter1   |   9|          2|    1|          2|
    |ap_sig_allocacmp_lane_10  |   9|          2|    6|         12|
    |gmem4_blk_n_AR            |   9|          2|    1|          2|
    |gmem4_blk_n_R             |   9|          2|    1|          2|
    |gmem5_blk_n_AR            |   9|          2|    1|          2|
    |gmem5_blk_n_R             |   9|          2|    1|          2|
    |lane_fu_102               |   9|          2|    6|         12|
    |primary_word_fu_94        |   9|          2|  128|        256|
    |residual_word_fu_98       |   9|          2|   96|        192|
    +--------------------------+----+-----------+-----+-----------+
    |Total                     |  90|         20|  242|        484|
    +--------------------------+----+-----------+-----+-----------+

    * Register: 
    +-------------------------------------------+-----+----+-----+-----------+
    |                    Name                   |  FF | LUT| Bits| Const Bits|
    +-------------------------------------------+-----+----+-----+-----------+
    |ap_CS_fsm                                  |    1|   0|    1|          0|
    |ap_block_pp0_stage0_subdone_grp0_done_reg  |    1|   0|    1|          0|
    |ap_block_pp0_stage0_subdone_grp1_done_reg  |    1|   0|    1|          0|
    |ap_block_pp0_stage0_subdone_grp2_done_reg  |    1|   0|    1|          0|
    |ap_block_pp0_stage0_subdone_grp3_done_reg  |    1|   0|    1|          0|
    |ap_block_pp0_stage0_subdone_grp4_done_reg  |    1|   0|    1|          0|
    |ap_done_reg                                |    1|   0|    1|          0|
    |ap_enable_reg_pp0_iter1                    |    1|   0|    1|          0|
    |ap_enable_reg_pp0_iter10                   |    1|   0|    1|          0|
    |ap_enable_reg_pp0_iter2                    |    1|   0|    1|          0|
    |ap_enable_reg_pp0_iter3                    |    1|   0|    1|          0|
    |ap_enable_reg_pp0_iter4                    |    1|   0|    1|          0|
    |ap_enable_reg_pp0_iter5                    |    1|   0|    1|          0|
    |ap_enable_reg_pp0_iter6                    |    1|   0|    1|          0|
    |ap_enable_reg_pp0_iter7                    |    1|   0|    1|          0|
    |ap_enable_reg_pp0_iter8                    |    1|   0|    1|          0|
    |ap_enable_reg_pp0_iter9                    |    1|   0|    1|          0|
    |ap_loop_exit_ready_pp0_iter1_reg           |    1|   0|    1|          0|
    |ap_loop_exit_ready_pp0_iter2_reg           |    1|   0|    1|          0|
    |ap_loop_exit_ready_pp0_iter3_reg           |    1|   0|    1|          0|
    |ap_loop_exit_ready_pp0_iter4_reg           |    1|   0|    1|          0|
    |ap_loop_exit_ready_pp0_iter5_reg           |    1|   0|    1|          0|
    |ap_loop_exit_ready_pp0_iter6_reg           |    1|   0|    1|          0|
    |ap_loop_exit_ready_pp0_iter7_reg           |    1|   0|    1|          0|
    |ap_loop_exit_ready_pp0_iter8_reg           |    1|   0|    1|          0|
    |ap_loop_exit_ready_pp0_iter9_reg           |    1|   0|    1|          0|
    |gmem4_addr_reg_366                         |   64|   0|   64|          0|
    |gmem5_addr_reg_378                         |   64|   0|   64|          0|
    |icmp_ln818_reg_362                         |    1|   0|    1|          0|
    |lane_fu_102                                |    6|   0|    6|          0|
    |primary_word_fu_94                         |  128|   0|  128|          0|
    |residual_word_fu_98                        |   96|   0|   96|          0|
    |trunc_ln20_reg_372                         |    5|   0|    5|          0|
    |value_416_reg_389                          |    3|   0|    3|          0|
    |value_reg_384                              |    4|   0|    4|          0|
    |icmp_ln818_reg_362                         |   64|  32|    1|          0|
    |trunc_ln20_reg_372                         |   64|  32|    5|          0|
    +-------------------------------------------+-----+----+-----+-----------+
    |Total                                      |  525|  64|  403|          0|
    +-------------------------------------------+-----+----+-----+-----------+



================================================================
== Interface
================================================================
* Summary: 
+--------------------------+-----+-----+------------+-----------------------------------------------------------------+--------------+
|         RTL Ports        | Dir | Bits|  Protocol  |                          Source Object                          |    C Type    |
+--------------------------+-----+-----+------------+-----------------------------------------------------------------+--------------+
|ap_clk                    |   in|    1|  ap_ctrl_hs|  (anonymous namespace)load_snapshot_Pipeline_load_snapshot_lanes|  return value|
|ap_rst                    |   in|    1|  ap_ctrl_hs|  (anonymous namespace)load_snapshot_Pipeline_load_snapshot_lanes|  return value|
|ap_start                  |   in|    1|  ap_ctrl_hs|  (anonymous namespace)load_snapshot_Pipeline_load_snapshot_lanes|  return value|
|ap_done                   |  out|    1|  ap_ctrl_hs|  (anonymous namespace)load_snapshot_Pipeline_load_snapshot_lanes|  return value|
|ap_idle                   |  out|    1|  ap_ctrl_hs|  (anonymous namespace)load_snapshot_Pipeline_load_snapshot_lanes|  return value|
|ap_ready                  |  out|    1|  ap_ctrl_hs|  (anonymous namespace)load_snapshot_Pipeline_load_snapshot_lanes|  return value|
|m_axi_gmem4_0_AWVALID     |  out|    1|       m_axi|                                                            gmem4|       pointer|
|m_axi_gmem4_0_AWREADY     |   in|    1|       m_axi|                                                            gmem4|       pointer|
|m_axi_gmem4_0_AWADDR      |  out|   64|       m_axi|                                                            gmem4|       pointer|
|m_axi_gmem4_0_AWID        |  out|    1|       m_axi|                                                            gmem4|       pointer|
|m_axi_gmem4_0_AWLEN       |  out|   32|       m_axi|                                                            gmem4|       pointer|
|m_axi_gmem4_0_AWSIZE      |  out|    3|       m_axi|                                                            gmem4|       pointer|
|m_axi_gmem4_0_AWBURST     |  out|    2|       m_axi|                                                            gmem4|       pointer|
|m_axi_gmem4_0_AWLOCK      |  out|    2|       m_axi|                                                            gmem4|       pointer|
|m_axi_gmem4_0_AWCACHE     |  out|    4|       m_axi|                                                            gmem4|       pointer|
|m_axi_gmem4_0_AWPROT      |  out|    3|       m_axi|                                                            gmem4|       pointer|
|m_axi_gmem4_0_AWQOS       |  out|    4|       m_axi|                                                            gmem4|       pointer|
|m_axi_gmem4_0_AWREGION    |  out|    4|       m_axi|                                                            gmem4|       pointer|
|m_axi_gmem4_0_AWUSER      |  out|    1|       m_axi|                                                            gmem4|       pointer|
|m_axi_gmem4_0_WVALID      |  out|    1|       m_axi|                                                            gmem4|       pointer|
|m_axi_gmem4_0_WREADY      |   in|    1|       m_axi|                                                            gmem4|       pointer|
|m_axi_gmem4_0_WDATA       |  out|    8|       m_axi|                                                            gmem4|       pointer|
|m_axi_gmem4_0_WSTRB       |  out|    1|       m_axi|                                                            gmem4|       pointer|
|m_axi_gmem4_0_WLAST       |  out|    1|       m_axi|                                                            gmem4|       pointer|
|m_axi_gmem4_0_WID         |  out|    1|       m_axi|                                                            gmem4|       pointer|
|m_axi_gmem4_0_WUSER       |  out|    1|       m_axi|                                                            gmem4|       pointer|
|m_axi_gmem4_0_ARVALID     |  out|    1|       m_axi|                                                            gmem4|       pointer|
|m_axi_gmem4_0_ARREADY     |   in|    1|       m_axi|                                                            gmem4|       pointer|
|m_axi_gmem4_0_ARADDR      |  out|   64|       m_axi|                                                            gmem4|       pointer|
|m_axi_gmem4_0_ARID        |  out|    1|       m_axi|                                                            gmem4|       pointer|
|m_axi_gmem4_0_ARLEN       |  out|   32|       m_axi|                                                            gmem4|       pointer|
|m_axi_gmem4_0_ARSIZE      |  out|    3|       m_axi|                                                            gmem4|       pointer|
|m_axi_gmem4_0_ARBURST     |  out|    2|       m_axi|                                                            gmem4|       pointer|
|m_axi_gmem4_0_ARLOCK      |  out|    2|       m_axi|                                                            gmem4|       pointer|
|m_axi_gmem4_0_ARCACHE     |  out|    4|       m_axi|                                                            gmem4|       pointer|
|m_axi_gmem4_0_ARPROT      |  out|    3|       m_axi|                                                            gmem4|       pointer|
|m_axi_gmem4_0_ARQOS       |  out|    4|       m_axi|                                                            gmem4|       pointer|
|m_axi_gmem4_0_ARREGION    |  out|    4|       m_axi|                                                            gmem4|       pointer|
|m_axi_gmem4_0_ARUSER      |  out|    1|       m_axi|                                                            gmem4|       pointer|
|m_axi_gmem4_0_RVALID      |   in|    1|       m_axi|                                                            gmem4|       pointer|
|m_axi_gmem4_0_RREADY      |  out|    1|       m_axi|                                                            gmem4|       pointer|
|m_axi_gmem4_0_RDATA       |   in|    8|       m_axi|                                                            gmem4|       pointer|
|m_axi_gmem4_0_RLAST       |   in|    1|       m_axi|                                                            gmem4|       pointer|
|m_axi_gmem4_0_RID         |   in|    1|       m_axi|                                                            gmem4|       pointer|
|m_axi_gmem4_0_RFIFONUM    |   in|   11|       m_axi|                                                            gmem4|       pointer|
|m_axi_gmem4_0_RUSER       |   in|    1|       m_axi|                                                            gmem4|       pointer|
|m_axi_gmem4_0_RRESP       |   in|    2|       m_axi|                                                            gmem4|       pointer|
|m_axi_gmem4_0_BVALID      |   in|    1|       m_axi|                                                            gmem4|       pointer|
|m_axi_gmem4_0_BREADY      |  out|    1|       m_axi|                                                            gmem4|       pointer|
|m_axi_gmem4_0_BRESP       |   in|    2|       m_axi|                                                            gmem4|       pointer|
|m_axi_gmem4_0_BID         |   in|    1|       m_axi|                                                            gmem4|       pointer|
|m_axi_gmem4_0_BUSER       |   in|    1|       m_axi|                                                            gmem4|       pointer|
|m_axi_gmem5_0_AWVALID     |  out|    1|       m_axi|                                                            gmem5|       pointer|
|m_axi_gmem5_0_AWREADY     |   in|    1|       m_axi|                                                            gmem5|       pointer|
|m_axi_gmem5_0_AWADDR      |  out|   64|       m_axi|                                                            gmem5|       pointer|
|m_axi_gmem5_0_AWID        |  out|    1|       m_axi|                                                            gmem5|       pointer|
|m_axi_gmem5_0_AWLEN       |  out|   32|       m_axi|                                                            gmem5|       pointer|
|m_axi_gmem5_0_AWSIZE      |  out|    3|       m_axi|                                                            gmem5|       pointer|
|m_axi_gmem5_0_AWBURST     |  out|    2|       m_axi|                                                            gmem5|       pointer|
|m_axi_gmem5_0_AWLOCK      |  out|    2|       m_axi|                                                            gmem5|       pointer|
|m_axi_gmem5_0_AWCACHE     |  out|    4|       m_axi|                                                            gmem5|       pointer|
|m_axi_gmem5_0_AWPROT      |  out|    3|       m_axi|                                                            gmem5|       pointer|
|m_axi_gmem5_0_AWQOS       |  out|    4|       m_axi|                                                            gmem5|       pointer|
|m_axi_gmem5_0_AWREGION    |  out|    4|       m_axi|                                                            gmem5|       pointer|
|m_axi_gmem5_0_AWUSER      |  out|    1|       m_axi|                                                            gmem5|       pointer|
|m_axi_gmem5_0_WVALID      |  out|    1|       m_axi|                                                            gmem5|       pointer|
|m_axi_gmem5_0_WREADY      |   in|    1|       m_axi|                                                            gmem5|       pointer|
|m_axi_gmem5_0_WDATA       |  out|    8|       m_axi|                                                            gmem5|       pointer|
|m_axi_gmem5_0_WSTRB       |  out|    1|       m_axi|                                                            gmem5|       pointer|
|m_axi_gmem5_0_WLAST       |  out|    1|       m_axi|                                                            gmem5|       pointer|
|m_axi_gmem5_0_WID         |  out|    1|       m_axi|                                                            gmem5|       pointer|
|m_axi_gmem5_0_WUSER       |  out|    1|       m_axi|                                                            gmem5|       pointer|
|m_axi_gmem5_0_ARVALID     |  out|    1|       m_axi|                                                            gmem5|       pointer|
|m_axi_gmem5_0_ARREADY     |   in|    1|       m_axi|                                                            gmem5|       pointer|
|m_axi_gmem5_0_ARADDR      |  out|   64|       m_axi|                                                            gmem5|       pointer|
|m_axi_gmem5_0_ARID        |  out|    1|       m_axi|                                                            gmem5|       pointer|
|m_axi_gmem5_0_ARLEN       |  out|   32|       m_axi|                                                            gmem5|       pointer|
|m_axi_gmem5_0_ARSIZE      |  out|    3|       m_axi|                                                            gmem5|       pointer|
|m_axi_gmem5_0_ARBURST     |  out|    2|       m_axi|                                                            gmem5|       pointer|
|m_axi_gmem5_0_ARLOCK      |  out|    2|       m_axi|                                                            gmem5|       pointer|
|m_axi_gmem5_0_ARCACHE     |  out|    4|       m_axi|                                                            gmem5|       pointer|
|m_axi_gmem5_0_ARPROT      |  out|    3|       m_axi|                                                            gmem5|       pointer|
|m_axi_gmem5_0_ARQOS       |  out|    4|       m_axi|                                                            gmem5|       pointer|
|m_axi_gmem5_0_ARREGION    |  out|    4|       m_axi|                                                            gmem5|       pointer|
|m_axi_gmem5_0_ARUSER      |  out|    1|       m_axi|                                                            gmem5|       pointer|
|m_axi_gmem5_0_RVALID      |   in|    1|       m_axi|                                                            gmem5|       pointer|
|m_axi_gmem5_0_RREADY      |  out|    1|       m_axi|                                                            gmem5|       pointer|
|m_axi_gmem5_0_RDATA       |   in|    8|       m_axi|                                                            gmem5|       pointer|
|m_axi_gmem5_0_RLAST       |   in|    1|       m_axi|                                                            gmem5|       pointer|
|m_axi_gmem5_0_RID         |   in|    1|       m_axi|                                                            gmem5|       pointer|
|m_axi_gmem5_0_RFIFONUM    |   in|   11|       m_axi|                                                            gmem5|       pointer|
|m_axi_gmem5_0_RUSER       |   in|    1|       m_axi|                                                            gmem5|       pointer|
|m_axi_gmem5_0_RRESP       |   in|    2|       m_axi|                                                            gmem5|       pointer|
|m_axi_gmem5_0_BVALID      |   in|    1|       m_axi|                                                            gmem5|       pointer|
|m_axi_gmem5_0_BREADY      |  out|    1|       m_axi|                                                            gmem5|       pointer|
|m_axi_gmem5_0_BRESP       |   in|    2|       m_axi|                                                            gmem5|       pointer|
|m_axi_gmem5_0_BID         |   in|    1|       m_axi|                                                            gmem5|       pointer|
|m_axi_gmem5_0_BUSER       |   in|    1|       m_axi|                                                            gmem5|       pointer|
|empty_201                 |   in|    5|     ap_none|                                                        empty_201|        scalar|
|empty_202                 |   in|    2|     ap_none|                                                        empty_202|        scalar|
|empty                     |   in|    7|     ap_none|                                                            empty|        scalar|
|primary_in                |   in|   64|     ap_none|                                                       primary_in|        scalar|
|residual_in               |   in|   64|     ap_none|                                                      residual_in|        scalar|
|residual_word_out         |  out|   96|      ap_vld|                                                residual_word_out|       pointer|
|residual_word_out_ap_vld  |  out|    1|      ap_vld|                                                residual_word_out|       pointer|
|primary_word_out          |  out|  128|      ap_vld|                                                 primary_word_out|       pointer|
|primary_word_out_ap_vld   |  out|    1|      ap_vld|                                                 primary_word_out|       pointer|
+--------------------------+-----+-----+------------+-----------------------------------------------------------------+--------------+

