

================================================================
== Vitis HLS Report for 'p_anonymous_namespace_clear_log'
================================================================
* Date:           Sun Aug  2 05:05:44 2026

* Version:        2025.2 (Build 6295257 on Nov 14 2025)
* Project:        gdn_e2m0_hls
* Solution:       u55c_250mhz (Vivado IP Flow Target)
* Product family: virtexuplusHBM
* Target device:  xcu55c-fsvh2892-2L-e


================================================================
== Performance Estimates
================================================================
+ Timing: 
    * Summary: 
    +--------+---------+----------+------------+
    |  Clock |  Target | Estimated| Uncertainty|
    +--------+---------+----------+------------+
    |ap_clk  |  4.00 ns|  2.902 ns|     1.08 ns|
    +--------+---------+----------+------------+

+ Latency: 
    * Summary: 
    +---------+---------+----------+----------+------+------+---------+
    |  Latency (cycles) |  Latency (absolute) |   Interval  | Pipeline|
    |   min   |   max   |    min   |    max   |  min |  max |   Type  |
    +---------+---------+----------+----------+------+------+---------+
    |     1870|     1870|  7.480 us|  7.480 us|  1870|  1870|       no|
    +---------+---------+----------+----------+------+------+---------+

    + Detail: 
        * Instance: 
        +----------------------------------------------------------------------+-----------------------------------------------------------+---------+---------+----------+----------+-----+-----+-------------------+
        |                                                                      |                                                           |  Latency (cycles) |  Latency (absolute) |  Interval |      Pipeline     |
        |                               Instance                               |                           Module                          |   min   |   max   |    min   |    max   | min | max |        Type       |
        +----------------------------------------------------------------------+-----------------------------------------------------------+---------+---------+----------+----------+-----+-----+-------------------+
        |grp_p_anonymous_namespace_clear_log_Outline_clear_log_terms_fu_112    |p_anonymous_namespace_clear_log_Outline_clear_log_terms    |      265|      265|  1.060 us|  1.060 us|  265|  265|                 no|
        |grp_p_anonymous_namespace_clear_log_Pipeline_clear_log_lambda_fu_129  |p_anonymous_namespace_clear_log_Pipeline_clear_log_lambda  |       34|       34|  0.136 us|  0.136 us|    0|    0|  loop pipeline stp|
        +----------------------------------------------------------------------+-----------------------------------------------------------+---------+---------+----------+----------+-----+-----+-------------------+

        * Loop: 
        +---------------------+---------+---------+----------+-----------+-----------+------+----------+
        |                     |  Latency (cycles) | Iteration|  Initiation Interval  | Trip |          |
        |      Loop Name      |   min   |   max   |  Latency |  achieved |   target  | Count| Pipelined|
        +---------------------+---------+---------+----------+-----------+-----------+------+----------+
        |- clear_log_entries  |     1869|     1869|       267|          -|          -|     7|        no|
        +---------------------+---------+---------+----------+-----------+-----------+------+----------+



================================================================
== Utilization Estimates
================================================================
* Summary: 
+---------------------+---------+------+---------+---------+-----+
|         Name        | BRAM_18K|  DSP |    FF   |   LUT   | URAM|
+---------------------+---------+------+---------+---------+-----+
|DSP                  |        -|     -|        -|        -|    -|
|Expression           |        -|     -|        0|      105|    -|
|FIFO                 |        -|     -|        -|        -|    -|
|Instance             |        -|     -|      123|      616|    -|
|Memory               |        -|     -|        -|        -|    -|
|Multiplexer          |        -|     -|        0|       29|    -|
|Register             |        -|     -|       62|        -|    -|
+---------------------+---------+------+---------+---------+-----+
|Total                |        0|     0|      185|      750|    0|
+---------------------+---------+------+---------+---------+-----+
|Available SLR        |     1344|  3008|   869120|   434560|  320|
+---------------------+---------+------+---------+---------+-----+
|Utilization SLR (%)  |        0|     0|       ~0|       ~0|    0|
+---------------------+---------+------+---------+---------+-----+
|Available            |     4032|  9024|  2607360|  1303680|  960|
+---------------------+---------+------+---------+---------+-----+
|Utilization (%)      |        0|     0|       ~0|       ~0|    0|
+---------------------+---------+------+---------+---------+-----+

+ Detail: 
    * Instance: 
    +----------------------------------------------------------------------+-----------------------------------------------------------+---------+----+-----+-----+-----+
    |                               Instance                               |                           Module                          | BRAM_18K| DSP|  FF | LUT | URAM|
    +----------------------------------------------------------------------+-----------------------------------------------------------+---------+----+-----+-----+-----+
    |grp_p_anonymous_namespace_clear_log_Outline_clear_log_terms_fu_112    |p_anonymous_namespace_clear_log_Outline_clear_log_terms    |        0|   0|  115|  530|    0|
    |grp_p_anonymous_namespace_clear_log_Pipeline_clear_log_lambda_fu_129  |p_anonymous_namespace_clear_log_Pipeline_clear_log_lambda  |        0|   0|    8|   86|    0|
    +----------------------------------------------------------------------+-----------------------------------------------------------+---------+----+-----+-----+-----+
    |Total                                                                 |                                                           |        0|   0|  123|  616|    0|
    +----------------------------------------------------------------------+-----------------------------------------------------------+---------+----+-----+-----+-----+

    * DSP: 
    N/A

    * Memory: 
    N/A

    * FIFO: 
    N/A

    * Expression: 
    +---------------------------------+----------+----+---+----+------------+------------+
    |          Variable Name          | Operation| DSP| FF| LUT| Bitwidth P0| Bitwidth P1|
    +---------------------------------+----------+----+---+----+------------+------------+
    |add_ln506_fu_195_p2              |         +|   0|  0|  10|           3|           1|
    |add_ln511_fu_219_p2              |         +|   0|  0|  15|           8|           8|
    |add_ln515_fu_205_p2              |         +|   0|  0|  15|           8|           8|
    |add_ln520_fu_254_p2              |         +|   0|  0|  23|          16|          16|
    |sub_ln511_fu_153_p2              |         -|   0|  0|  15|           8|           8|
    |sub_ln515_fu_175_p2              |         -|   0|  0|  15|           8|           8|
    |icmp_ln506_fu_189_p2             |      icmp|   0|  0|  10|           3|           2|
    |ap_block_state3_on_subcall_done  |        or|   0|  0|   2|           1|           1|
    +---------------------------------+----------+----+---+----+------------+------------+
    |Total                            |          |   0|  0| 105|          55|          52|
    +---------------------------------+----------+----+---+----+------------+------------+

    * Multiplexer: 
    +---------------+----+-----------+-----+-----------+
    |      Name     | LUT| Input Size| Bits| Total Bits|
    +---------------+----+-----------+-----+-----------+
    |ap_NS_fsm      |  20|          4|    1|          4|
    |entry_6_fu_78  |   9|          2|    3|          6|
    +---------------+----+-----------+-----+-----------+
    |Total          |  29|          6|    4|         10|
    +---------------+----+-----------+-----+-----------+

    * Register: 
    +-----------------------------------------------------------------------------------+----+----+-----+-----------+
    |                                        Name                                       | FF | LUT| Bits| Const Bits|
    +-----------------------------------------------------------------------------------+----+----+-----+-----------+
    |add_ln520_reg_324                                                                  |  16|   0|   16|          0|
    |ap_CS_fsm                                                                          |   3|   0|    3|          0|
    |entry_6_fu_78                                                                      |   3|   0|    3|          0|
    |grp_p_anonymous_namespace_clear_log_Outline_clear_log_terms_fu_112_ap_start_reg    |   1|   0|    1|          0|
    |grp_p_anonymous_namespace_clear_log_Pipeline_clear_log_lambda_fu_129_ap_start_reg  |   1|   0|    1|          0|
    |shl_ln41_reg_319                                                                   |   3|   0|   15|         12|
    |shl_ln42_reg_329                                                                   |   3|   0|    9|          6|
    |sub_ln511_reg_296                                                                  |   8|   0|    8|          0|
    |sub_ln515_reg_301                                                                  |   8|   0|    8|          0|
    |tmp_9739_reg_309                                                                   |   8|   0|    9|          1|
    |tmp_9740_reg_314                                                                   |   8|   0|    9|          1|
    +-----------------------------------------------------------------------------------+----+----+-----+-----------+
    |Total                                                                              |  62|   0|   82|         20|
    +-----------------------------------------------------------------------------------+----+----+-----+-----------+



================================================================
== Interface
================================================================
* Summary: 
+---------------------------------+-----+-----+------------+--------------------------------+--------------+
|            RTL Ports            | Dir | Bits|  Protocol  |          Source Object         |    C Type    |
+---------------------------------+-----+-----+------------+--------------------------------+--------------+
|ap_clk                           |   in|    1|  ap_ctrl_hs|  (anonymous namespace)clear_log|  return value|
|ap_rst                           |   in|    1|  ap_ctrl_hs|  (anonymous namespace)clear_log|  return value|
|ap_start                         |   in|    1|  ap_ctrl_hs|  (anonymous namespace)clear_log|  return value|
|ap_done                          |  out|    1|  ap_ctrl_hs|  (anonymous namespace)clear_log|  return value|
|ap_idle                          |  out|    1|  ap_ctrl_hs|  (anonymous namespace)clear_log|  return value|
|ap_ready                         |  out|    1|  ap_ctrl_hs|  (anonymous namespace)clear_log|  return value|
|keys_address0                    |  out|   15|   ap_memory|                            keys|         array|
|keys_ce0                         |  out|    1|   ap_memory|                            keys|         array|
|keys_we0                         |  out|    1|   ap_memory|                            keys|         array|
|keys_d0                          |  out|  128|   ap_memory|                            keys|         array|
|keys_offset1                     |   in|    6|     ap_none|                    keys_offset1|        scalar|
|key_scales_address0              |  out|   13|   ap_memory|                      key_scales|         array|
|key_scales_ce0                   |  out|    1|   ap_memory|                      key_scales|         array|
|key_scales_we0                   |  out|    1|   ap_memory|                      key_scales|         array|
|key_scales_d0                    |  out|   32|   ap_memory|                      key_scales|         array|
|key_scales_offset2               |   in|    6|     ap_none|              key_scales_offset2|        scalar|
|updates                          |   in|   20|     ap_none|                         updates|        scalar|
|update_scales                    |   in|   16|     ap_none|                   update_scales|        scalar|
|lambda                           |   in|   14|     ap_none|                          lambda|        scalar|
|resident_updates_address0        |  out|   16|   ap_memory|                resident_updates|         array|
|resident_updates_ce0             |  out|    1|   ap_memory|                resident_updates|         array|
|resident_updates_we0             |  out|    1|   ap_memory|                resident_updates|         array|
|resident_updates_d0              |  out|  128|   ap_memory|                resident_updates|         array|
|resident_update_scales_address0  |  out|   14|   ap_memory|          resident_update_scales|         array|
|resident_update_scales_ce0       |  out|    1|   ap_memory|          resident_update_scales|         array|
|resident_update_scales_we0       |  out|    4|   ap_memory|          resident_update_scales|         array|
|resident_update_scales_d0        |  out|   32|   ap_memory|          resident_update_scales|         array|
|resident_lambda_address0         |  out|   13|   ap_memory|                 resident_lambda|         array|
|resident_lambda_ce0              |  out|    1|   ap_memory|                 resident_lambda|         array|
|resident_lambda_we0              |  out|    1|   ap_memory|                 resident_lambda|         array|
|resident_lambda_d0               |  out|   16|   ap_memory|                 resident_lambda|         array|
+---------------------------------+-----+-----+------------+--------------------------------+--------------+

