

================================================================
== Vitis HLS Report for 'p_anonymous_namespace_load_snapshot_Pipeline_load_snapshot_lambda'
================================================================
* Date:           Sun Aug  2 05:05:43 2026

* Version:        2025.2 (Build 6295257 on Nov 14 2025)
* Project:        gdn_e2m0_hls
* Solution:       u55c_250mhz (Vivado IP Flow Target)
* Product family: virtexuplusHBM
* Target device:  xcu55c-fsvh2892-2L-e


================================================================
== Performance Estimates
================================================================
+ Timing: 
    * Summary: 
    +--------+---------+----------+------------+
    |  Clock |  Target | Estimated| Uncertainty|
    +--------+---------+----------+------------+
    |ap_clk  |  4.00 ns|  2.920 ns|     1.08 ns|
    +--------+---------+----------+------------+

+ Latency: 
    * Summary: 
    +---------+---------+----------+----------+-----+-----+-------------------+
    |  Latency (cycles) |  Latency (absolute) |  Interval |      Pipeline     |
    |   min   |   max   |    min   |    max   | min | max |        Type       |
    +---------+---------+----------+----------+-----+-----+-------------------+
    |       35|       35|  0.140 us|  0.140 us|    0|    0|  loop pipeline stp|
    +---------+---------+----------+----------+-----+-----+-------------------+

    + Detail: 
        * Instance: 
        N/A

        * Loop: 
        +------------------------+---------+---------+----------+-----------+-----------+------+----------+
        |                        |  Latency (cycles) | Iteration|  Initiation Interval  | Trip |          |
        |        Loop Name       |   min   |   max   |  Latency |  achieved |   target  | Count| Pipelined|
        +------------------------+---------+---------+----------+-----------+-----------+------+----------+
        |- load_snapshot_lambda  |       33|       33|         3|          1|          1|    32|       yes|
        +------------------------+---------+---------+----------+-----------+-----------+------+----------+



================================================================
== Utilization Estimates
================================================================
* Summary: 
+---------------------+---------+------+---------+---------+-----+
|         Name        | BRAM_18K|  DSP |    FF   |   LUT   | URAM|
+---------------------+---------+------+---------+---------+-----+
|DSP                  |        -|     -|        -|        -|    -|
|Expression           |        -|     -|        0|       63|    -|
|FIFO                 |        -|     -|        -|        -|    -|
|Instance             |        -|     -|        -|        -|    -|
|Memory               |        -|     -|        -|        -|    -|
|Multiplexer          |        -|     -|        0|       45|    -|
|Register             |        -|     -|       49|        -|    -|
+---------------------+---------+------+---------+---------+-----+
|Total                |        0|     0|       49|      108|    0|
+---------------------+---------+------+---------+---------+-----+
|Available SLR        |     1344|  3008|   869120|   434560|  320|
+---------------------+---------+------+---------+---------+-----+
|Utilization SLR (%)  |        0|     0|       ~0|       ~0|    0|
+---------------------+---------+------+---------+---------+-----+
|Available            |     4032|  9024|  2607360|  1303680|  960|
+---------------------+---------+------+---------+---------+-----+
|Utilization (%)      |        0|     0|       ~0|       ~0|    0|
+---------------------+---------+------+---------+---------+-----+

+ Detail: 
    * Instance: 
    N/A

    * DSP: 
    N/A

    * Memory: 
    N/A

    * FIFO: 
    N/A

    * Expression: 
    +---------------------------+----------+----+---+----+------------+------------+
    |       Variable Name       | Operation| DSP| FF| LUT| Bitwidth P0| Bitwidth P1|
    +---------------------------+----------+----+---+----+------------+------------+
    |add_ln883_fu_122_p2        |         +|   0|  0|  13|           6|           1|
    |add_ln885_1_fu_153_p2      |         +|   0|  0|  16|          14|          14|
    |add_ln885_fu_148_p2        |         +|   0|  0|  16|          14|          14|
    |ap_block_pp0_stage0_11001  |       and|   0|  0|   2|           1|           1|
    |icmp_ln883_fu_116_p2       |      icmp|   0|  0|  14|           6|           7|
    |ap_enable_pp0              |       xor|   0|  0|   2|           1|           2|
    +---------------------------+----------+----+---+----+------------+------------+
    |Total                      |          |   0|  0|  63|          42|          39|
    +---------------------------+----------+----+---+----+------------+------------+

    * Multiplexer: 
    +--------------------------+----+-----------+-----+-----------+
    |           Name           | LUT| Input Size| Bits| Total Bits|
    +--------------------------+----+-----------+-----+-----------+
    |ap_done_int               |   9|          2|    1|          2|
    |ap_enable_reg_pp0_iter1   |   9|          2|    1|          2|
    |ap_sig_allocacmp_head_10  |   9|          2|    6|         12|
    |gmem8_blk_n_R             |   9|          2|    1|          2|
    |head_fu_60                |   9|          2|    6|         12|
    +--------------------------+----+-----------+-----+-----------+
    |Total                     |  45|         10|   15|         30|
    +--------------------------+----+-----------+-----+-----------+

    * Register: 
    +-------------------------------------------+----+----+-----+-----------+
    |                    Name                   | FF | LUT| Bits| Const Bits|
    +-------------------------------------------+----+----+-----+-----------+
    |ap_CS_fsm                                  |   1|   0|    1|          0|
    |ap_block_pp0_stage0_subdone_grp0_done_reg  |   1|   0|    1|          0|
    |ap_done_reg                                |   1|   0|    1|          0|
    |ap_enable_reg_pp0_iter1                    |   1|   0|    1|          0|
    |ap_enable_reg_pp0_iter2                    |   1|   0|    1|          0|
    |ap_loop_exit_ready_pp0_iter1_reg           |   1|   0|    1|          0|
    |gmem8_addr_read_reg_204                    |  16|   0|   16|          0|
    |head_10_reg_195                            |   6|   0|    6|          0|
    |head_10_reg_195_pp0_iter1_reg              |   6|   0|    6|          0|
    |head_fu_60                                 |   6|   0|    6|          0|
    |zext_ln883_cast_reg_185                    |   9|   0|   14|          5|
    +-------------------------------------------+----+----+-----+-----------+
    |Total                                      |  49|   0|   54|          5|
    +-------------------------------------------+----+----+-----+-----------+



================================================================
== Interface
================================================================
* Summary: 
+--------------------------+-----+-----+------------+------------------------------------------------------------------+--------------+
|         RTL Ports        | Dir | Bits|  Protocol  |                           Source Object                          |    C Type    |
+--------------------------+-----+-----+------------+------------------------------------------------------------------+--------------+
|ap_clk                    |   in|    1|  ap_ctrl_hs|  (anonymous namespace)load_snapshot_Pipeline_load_snapshot_lambda|  return value|
|ap_rst                    |   in|    1|  ap_ctrl_hs|  (anonymous namespace)load_snapshot_Pipeline_load_snapshot_lambda|  return value|
|ap_start                  |   in|    1|  ap_ctrl_hs|  (anonymous namespace)load_snapshot_Pipeline_load_snapshot_lambda|  return value|
|ap_done                   |  out|    1|  ap_ctrl_hs|  (anonymous namespace)load_snapshot_Pipeline_load_snapshot_lambda|  return value|
|ap_idle                   |  out|    1|  ap_ctrl_hs|  (anonymous namespace)load_snapshot_Pipeline_load_snapshot_lambda|  return value|
|ap_ready                  |  out|    1|  ap_ctrl_hs|  (anonymous namespace)load_snapshot_Pipeline_load_snapshot_lambda|  return value|
|m_axi_gmem8_0_AWVALID     |  out|    1|       m_axi|                                                             gmem8|       pointer|
|m_axi_gmem8_0_AWREADY     |   in|    1|       m_axi|                                                             gmem8|       pointer|
|m_axi_gmem8_0_AWADDR      |  out|   64|       m_axi|                                                             gmem8|       pointer|
|m_axi_gmem8_0_AWID        |  out|    1|       m_axi|                                                             gmem8|       pointer|
|m_axi_gmem8_0_AWLEN       |  out|   32|       m_axi|                                                             gmem8|       pointer|
|m_axi_gmem8_0_AWSIZE      |  out|    3|       m_axi|                                                             gmem8|       pointer|
|m_axi_gmem8_0_AWBURST     |  out|    2|       m_axi|                                                             gmem8|       pointer|
|m_axi_gmem8_0_AWLOCK      |  out|    2|       m_axi|                                                             gmem8|       pointer|
|m_axi_gmem8_0_AWCACHE     |  out|    4|       m_axi|                                                             gmem8|       pointer|
|m_axi_gmem8_0_AWPROT      |  out|    3|       m_axi|                                                             gmem8|       pointer|
|m_axi_gmem8_0_AWQOS       |  out|    4|       m_axi|                                                             gmem8|       pointer|
|m_axi_gmem8_0_AWREGION    |  out|    4|       m_axi|                                                             gmem8|       pointer|
|m_axi_gmem8_0_AWUSER      |  out|    1|       m_axi|                                                             gmem8|       pointer|
|m_axi_gmem8_0_WVALID      |  out|    1|       m_axi|                                                             gmem8|       pointer|
|m_axi_gmem8_0_WREADY      |   in|    1|       m_axi|                                                             gmem8|       pointer|
|m_axi_gmem8_0_WDATA       |  out|   16|       m_axi|                                                             gmem8|       pointer|
|m_axi_gmem8_0_WSTRB       |  out|    2|       m_axi|                                                             gmem8|       pointer|
|m_axi_gmem8_0_WLAST       |  out|    1|       m_axi|                                                             gmem8|       pointer|
|m_axi_gmem8_0_WID         |  out|    1|       m_axi|                                                             gmem8|       pointer|
|m_axi_gmem8_0_WUSER       |  out|    1|       m_axi|                                                             gmem8|       pointer|
|m_axi_gmem8_0_ARVALID     |  out|    1|       m_axi|                                                             gmem8|       pointer|
|m_axi_gmem8_0_ARREADY     |   in|    1|       m_axi|                                                             gmem8|       pointer|
|m_axi_gmem8_0_ARADDR      |  out|   64|       m_axi|                                                             gmem8|       pointer|
|m_axi_gmem8_0_ARID        |  out|    1|       m_axi|                                                             gmem8|       pointer|
|m_axi_gmem8_0_ARLEN       |  out|   32|       m_axi|                                                             gmem8|       pointer|
|m_axi_gmem8_0_ARSIZE      |  out|    3|       m_axi|                                                             gmem8|       pointer|
|m_axi_gmem8_0_ARBURST     |  out|    2|       m_axi|                                                             gmem8|       pointer|
|m_axi_gmem8_0_ARLOCK      |  out|    2|       m_axi|                                                             gmem8|       pointer|
|m_axi_gmem8_0_ARCACHE     |  out|    4|       m_axi|                                                             gmem8|       pointer|
|m_axi_gmem8_0_ARPROT      |  out|    3|       m_axi|                                                             gmem8|       pointer|
|m_axi_gmem8_0_ARQOS       |  out|    4|       m_axi|                                                             gmem8|       pointer|
|m_axi_gmem8_0_ARREGION    |  out|    4|       m_axi|                                                             gmem8|       pointer|
|m_axi_gmem8_0_ARUSER      |  out|    1|       m_axi|                                                             gmem8|       pointer|
|m_axi_gmem8_0_RVALID      |   in|    1|       m_axi|                                                             gmem8|       pointer|
|m_axi_gmem8_0_RREADY      |  out|    1|       m_axi|                                                             gmem8|       pointer|
|m_axi_gmem8_0_RDATA       |   in|   16|       m_axi|                                                             gmem8|       pointer|
|m_axi_gmem8_0_RLAST       |   in|    1|       m_axi|                                                             gmem8|       pointer|
|m_axi_gmem8_0_RID         |   in|    1|       m_axi|                                                             gmem8|       pointer|
|m_axi_gmem8_0_RFIFONUM    |   in|   10|       m_axi|                                                             gmem8|       pointer|
|m_axi_gmem8_0_RUSER       |   in|    1|       m_axi|                                                             gmem8|       pointer|
|m_axi_gmem8_0_RRESP       |   in|    2|       m_axi|                                                             gmem8|       pointer|
|m_axi_gmem8_0_BVALID      |   in|    1|       m_axi|                                                             gmem8|       pointer|
|m_axi_gmem8_0_BREADY      |  out|    1|       m_axi|                                                             gmem8|       pointer|
|m_axi_gmem8_0_BRESP       |   in|    2|       m_axi|                                                             gmem8|       pointer|
|m_axi_gmem8_0_BID         |   in|    1|       m_axi|                                                             gmem8|       pointer|
|m_axi_gmem8_0_BUSER       |   in|    1|       m_axi|                                                             gmem8|       pointer|
|sext_ln837                |   in|   63|     ap_none|                                                        sext_ln837|        scalar|
|lambda                    |   in|   14|     ap_none|                                                            lambda|        scalar|
|zext_ln883                |   in|    9|     ap_none|                                                        zext_ln883|        scalar|
|resident_lambda_address0  |  out|   13|   ap_memory|                                                   resident_lambda|         array|
|resident_lambda_ce0       |  out|    1|   ap_memory|                                                   resident_lambda|         array|
|resident_lambda_we0       |  out|    1|   ap_memory|                                                   resident_lambda|         array|
|resident_lambda_d0        |  out|   16|   ap_memory|                                                   resident_lambda|         array|
+--------------------------+-----+-----+------------+------------------------------------------------------------------+--------------+

