

================================================================
== Vitis HLS Report for 'p_anonymous_namespace_combine_action'
================================================================
* Date:           Sun Aug  2 05:05:49 2026

* Version:        2025.2 (Build 6295257 on Nov 14 2025)
* Project:        gdn_e2m0_hls
* Solution:       u55c_250mhz (Vivado IP Flow Target)
* Product family: virtexuplusHBM
* Target device:  xcu55c-fsvh2892-2L-e


================================================================
== Performance Estimates
================================================================
+ Timing: 
    * Summary: 
    +--------+---------+----------+------------+
    |  Clock |  Target | Estimated| Uncertainty|
    +--------+---------+----------+------------+
    |ap_clk  |  4.00 ns|  3.106 ns|     1.08 ns|
    +--------+---------+----------+------------+

+ Latency: 
    * Summary: 
    +---------+---------+----------+----------+-----+-----+---------+
    |  Latency (cycles) |  Latency (absolute) |  Interval | Pipeline|
    |   min   |   max   |    min   |    max   | min | max |   Type  |
    +---------+---------+----------+----------+-----+-----+---------+
    |       33|       55|  0.132 us|  0.220 us|   33|   55|       no|
    +---------+---------+----------+----------+-----+-----+---------+

    + Detail: 
        * Instance: 
        +-------------------------------------+--------------------------+---------+---------+-----------+----------+-----+-----+---------+
        |                                     |                          |  Latency (cycles) |  Latency (absolute)  |  Interval | Pipeline|
        |               Instance              |          Module          |   min   |   max   |    min    |    max   | min | max |   Type  |
        +-------------------------------------+--------------------------+---------+---------+-----------+----------+-----+-----+---------+
        |grp_aligned_sum_guarded_15_s_fu_855  |aligned_sum_guarded_15_s  |       20|       42|  80.000 ns|  0.168 us|   20|   42|       no|
        +-------------------------------------+--------------------------+---------+---------+-----------+----------+-----+-----+---------+

        * Loop: 
        N/A



================================================================
== Utilization Estimates
================================================================
* Summary: 
+---------------------+---------+------+---------+---------+-----+
|         Name        | BRAM_18K|  DSP |    FF   |   LUT   | URAM|
+---------------------+---------+------+---------+---------+-----+
|DSP                  |        -|     -|        -|        -|    -|
|Expression           |        -|     -|        0|     6567|    -|
|FIFO                 |        -|     -|        -|        -|    -|
|Instance             |        -|    34|     3778|     4510|    -|
|Memory               |        -|     -|        -|        -|    -|
|Multiplexer          |        -|     -|        0|      389|    -|
|Register             |        -|     -|     3440|        -|    -|
+---------------------+---------+------+---------+---------+-----+
|Total                |        0|    34|     7218|    11466|    0|
+---------------------+---------+------+---------+---------+-----+
|Available SLR        |     1344|  3008|   869120|   434560|  320|
+---------------------+---------+------+---------+---------+-----+
|Utilization SLR (%)  |        0|     1|       ~0|        2|    0|
+---------------------+---------+------+---------+---------+-----+
|Available            |     4032|  9024|  2607360|  1303680|  960|
+---------------------+---------+------+---------+---------+-----+
|Utilization (%)      |        0|    ~0|       ~0|       ~0|    0|
+---------------------+---------+------+---------+---------+-----+

+ Detail: 
    * Instance: 
    +-------------------------------------+--------------------------------+---------+----+-----+------+-----+
    |               Instance              |             Module             | BRAM_18K| DSP|  FF |  LUT | URAM|
    +-------------------------------------+--------------------------------+---------+----+-----+------+-----+
    |grp_aligned_sum_guarded_15_s_fu_855  |aligned_sum_guarded_15_s        |        0|   0|  973|  2687|    0|
    |mul_32s_16ns_48_2_1_U727             |mul_32s_16ns_48_2_1             |        0|   2|  165|    49|    0|
    |mul_32s_16ns_48_2_1_U728             |mul_32s_16ns_48_2_1             |        0|   2|  165|    49|    0|
    |mul_32s_16ns_48_2_1_U729             |mul_32s_16ns_48_2_1             |        0|   2|  165|    49|    0|
    |mul_5s_32s_36_2_1_U768               |mul_5s_32s_36_2_1               |        0|   2|  165|    49|    0|
    |mul_5s_32s_36_2_1_U769               |mul_5s_32s_36_2_1               |        0|   2|  165|    49|    0|
    |mul_5s_32s_36_2_1_U770               |mul_5s_32s_36_2_1               |        0|   2|  165|    49|    0|
    |mul_5s_32s_36_2_1_U771               |mul_5s_32s_36_2_1               |        0|   2|  165|    49|    0|
    |mul_5s_32s_36_2_1_U772               |mul_5s_32s_36_2_1               |        0|   2|  165|    49|    0|
    |mul_5s_32s_36_2_1_U773               |mul_5s_32s_36_2_1               |        0|   2|  165|    49|    0|
    |mul_5s_32s_36_2_1_U774               |mul_5s_32s_36_2_1               |        0|   2|  165|    49|    0|
    |mul_5s_32s_36_2_1_U775               |mul_5s_32s_36_2_1               |        0|   2|  165|    49|    0|
    |mul_5s_32s_36_2_1_U776               |mul_5s_32s_36_2_1               |        0|   2|  165|    49|    0|
    |mul_5s_32s_36_2_1_U777               |mul_5s_32s_36_2_1               |        0|   2|  165|    49|    0|
    |mul_5s_32s_36_2_1_U780               |mul_5s_32s_36_2_1               |        0|   2|  165|    49|    0|
    |mul_5s_32s_36_2_1_U782               |mul_5s_32s_36_2_1               |        0|   2|  165|    49|    0|
    |mul_5s_32s_36_2_1_U785               |mul_5s_32s_36_2_1               |        0|   2|  165|    49|    0|
    |mul_5s_32s_36_2_1_U786               |mul_5s_32s_36_2_1               |        0|   2|  165|    49|    0|
    |partselect_4ns_128ns_7ns_4_1_1_U730  |partselect_4ns_128ns_7ns_4_1_1  |        0|   0|    0|    34|    0|
    |partselect_4ns_128ns_7ns_4_1_1_U731  |partselect_4ns_128ns_7ns_4_1_1  |        0|   0|    0|    34|    0|
    |partselect_4ns_128ns_7ns_4_1_1_U732  |partselect_4ns_128ns_7ns_4_1_1  |        0|   0|    0|    34|    0|
    |partselect_4ns_128ns_7ns_4_1_1_U734  |partselect_4ns_128ns_7ns_4_1_1  |        0|   0|    0|    34|    0|
    |partselect_8ns_32ns_5ns_8_1_1_U740   |partselect_8ns_32ns_5ns_8_1_1   |        0|   0|    0|     9|    0|
    |partselect_8ns_32ns_5ns_8_1_1_U741   |partselect_8ns_32ns_5ns_8_1_1   |        0|   0|    0|     9|    0|
    |partselect_8ns_32ns_5ns_8_1_1_U746   |partselect_8ns_32ns_5ns_8_1_1   |        0|   0|    0|     9|    0|
    |partselect_8ns_32ns_5ns_8_1_1_U747   |partselect_8ns_32ns_5ns_8_1_1   |        0|   0|    0|     9|    0|
    |partselect_8ns_32ns_5ns_8_1_1_U752   |partselect_8ns_32ns_5ns_8_1_1   |        0|   0|    0|     9|    0|
    |partselect_8ns_32ns_5ns_8_1_1_U753   |partselect_8ns_32ns_5ns_8_1_1   |        0|   0|    0|     9|    0|
    |partselect_8ns_32ns_5ns_8_1_1_U758   |partselect_8ns_32ns_5ns_8_1_1   |        0|   0|    0|     9|    0|
    |partselect_8ns_32ns_5ns_8_1_1_U759   |partselect_8ns_32ns_5ns_8_1_1   |        0|   0|    0|     9|    0|
    |partselect_8ns_32ns_5ns_8_1_1_U764   |partselect_8ns_32ns_5ns_8_1_1   |        0|   0|    0|     9|    0|
    |partselect_8ns_32ns_5ns_8_1_1_U765   |partselect_8ns_32ns_5ns_8_1_1   |        0|   0|    0|     9|    0|
    |partselect_8ns_32ns_5ns_8_1_1_U781   |partselect_8ns_32ns_5ns_8_1_1   |        0|   0|    0|     9|    0|
    |partselect_8ns_32ns_5ns_8_1_1_U783   |partselect_8ns_32ns_5ns_8_1_1   |        0|   0|    0|     9|    0|
    |partselect_8ns_32ns_5ns_8_1_1_U788   |partselect_8ns_32ns_5ns_8_1_1   |        0|   0|    0|     9|    0|
    |partselect_8ns_32ns_5ns_8_1_1_U789   |partselect_8ns_32ns_5ns_8_1_1   |        0|   0|    0|     9|    0|
    |sparsemux_17_3_4_1_1_U733            |sparsemux_17_3_4_1_1            |        0|   0|    0|    43|    0|
    |sparsemux_17_3_4_1_1_U735            |sparsemux_17_3_4_1_1            |        0|   0|    0|    43|    0|
    |sparsemux_17_3_4_1_1_U736            |sparsemux_17_3_4_1_1            |        0|   0|    0|    43|    0|
    |sparsemux_17_3_4_1_1_U737            |sparsemux_17_3_4_1_1            |        0|   0|    0|    43|    0|
    |sparsemux_17_3_4_1_1_U742            |sparsemux_17_3_4_1_1            |        0|   0|    0|    43|    0|
    |sparsemux_17_3_4_1_1_U743            |sparsemux_17_3_4_1_1            |        0|   0|    0|    43|    0|
    |sparsemux_17_3_4_1_1_U748            |sparsemux_17_3_4_1_1            |        0|   0|    0|    43|    0|
    |sparsemux_17_3_4_1_1_U749            |sparsemux_17_3_4_1_1            |        0|   0|    0|    43|    0|
    |sparsemux_17_3_4_1_1_U754            |sparsemux_17_3_4_1_1            |        0|   0|    0|    43|    0|
    |sparsemux_17_3_4_1_1_U755            |sparsemux_17_3_4_1_1            |        0|   0|    0|    43|    0|
    |sparsemux_17_3_4_1_1_U760            |sparsemux_17_3_4_1_1            |        0|   0|    0|    43|    0|
    |sparsemux_17_3_4_1_1_U761            |sparsemux_17_3_4_1_1            |        0|   0|    0|    43|    0|
    |sparsemux_17_3_4_1_1_U766            |sparsemux_17_3_4_1_1            |        0|   0|    0|    43|    0|
    |sparsemux_17_3_4_1_1_U767            |sparsemux_17_3_4_1_1            |        0|   0|    0|    43|    0|
    |sparsemux_7_2_32_1_1_U739            |sparsemux_7_2_32_1_1            |        0|   0|    0|     9|    0|
    |sparsemux_7_2_32_1_1_U745            |sparsemux_7_2_32_1_1            |        0|   0|    0|     9|    0|
    |sparsemux_7_2_32_1_1_U751            |sparsemux_7_2_32_1_1            |        0|   0|    0|     9|    0|
    |sparsemux_7_2_32_1_1_U757            |sparsemux_7_2_32_1_1            |        0|   0|    0|     9|    0|
    |sparsemux_7_2_32_1_1_U763            |sparsemux_7_2_32_1_1            |        0|   0|    0|     9|    0|
    |sparsemux_7_2_32_1_1_U779            |sparsemux_7_2_32_1_1            |        0|   0|    0|     9|    0|
    |sparsemux_7_2_32_1_1_U784            |sparsemux_7_2_32_1_1            |        0|   0|    0|     9|    0|
    |sparsemux_7_2_64_1_1_U738            |sparsemux_7_2_64_1_1            |        0|   0|    0|     9|    0|
    |sparsemux_7_2_64_1_1_U744            |sparsemux_7_2_64_1_1            |        0|   0|    0|     9|    0|
    |sparsemux_7_2_64_1_1_U750            |sparsemux_7_2_64_1_1            |        0|   0|    0|     9|    0|
    |sparsemux_7_2_64_1_1_U756            |sparsemux_7_2_64_1_1            |        0|   0|    0|     9|    0|
    |sparsemux_7_2_64_1_1_U762            |sparsemux_7_2_64_1_1            |        0|   0|    0|     9|    0|
    |sparsemux_7_2_64_1_1_U778            |sparsemux_7_2_64_1_1            |        0|   0|    0|     9|    0|
    |sparsemux_7_2_64_1_1_U787            |sparsemux_7_2_64_1_1            |        0|   0|    0|     9|    0|
    +-------------------------------------+--------------------------------+---------+----+-----+------+-----+
    |Total                                |                                |        0|  34| 3778|  4510|    0|
    +-------------------------------------+--------------------------------+---------+----+-----+------+-----+

    * DSP: 
    N/A

    * Memory: 
    N/A

    * FIFO: 
    N/A

    * Expression: 
    +----------------------------+----------+----+---+----+------------+------------+
    |        Variable Name       | Operation| DSP| FF| LUT| Bitwidth P0| Bitwidth P1|
    +----------------------------+----------+----+---+----+------------+------------+
    |add_ln111_10_fu_3314_p2     |         +|   0|  0|  39|          32|           1|
    |add_ln111_11_fu_3801_p2     |         +|   0|  0|  39|          32|           1|
    |add_ln111_12_fu_3927_p2     |         +|   0|  0|  39|          32|           1|
    |add_ln111_13_fu_4167_p2     |         +|   0|  0|  39|          32|           1|
    |add_ln111_8_fu_2314_p2      |         +|   0|  0|  39|          32|           1|
    |add_ln111_9_fu_2819_p2      |         +|   0|  0|  39|          32|           1|
    |add_ln111_fu_1645_p2        |         +|   0|  0|  39|          32|           1|
    |add_ln124_10_fu_3635_p2     |         +|   0|  0|  71|          64|           1|
    |add_ln124_11_fu_4238_p2     |         +|   0|  0|  71|          64|           1|
    |add_ln124_12_fu_4854_p2     |         +|   0|  0|  71|          64|           1|
    |add_ln124_13_fu_5148_p2     |         +|   0|  0|  71|          64|           1|
    |add_ln124_8_fu_2660_p2      |         +|   0|  0|  71|          64|           1|
    |add_ln124_9_fu_3141_p2      |         +|   0|  0|  71|          64|           1|
    |add_ln124_fu_2133_p2        |         +|   0|  0|  71|          64|           1|
    |add_ln206_1_fu_2745_p2      |         +|   0|  0|  23|          16|           9|
    |add_ln206_2_fu_3226_p2      |         +|   0|  0|  23|          16|           9|
    |add_ln206_3_fu_3720_p2      |         +|   0|  0|  23|          16|           9|
    |add_ln206_4_fu_4323_p2      |         +|   0|  0|  23|          16|           9|
    |add_ln206_5_fu_4919_p2      |         +|   0|  0|  23|          16|           9|
    |add_ln206_6_fu_5182_p2      |         +|   0|  0|  23|          16|           9|
    |add_ln206_fu_2221_p2        |         +|   0|  0|  23|          16|           9|
    |add_ln423_10_fu_1571_p2     |         +|   0|  0|  16|          14|          14|
    |add_ln423_11_fu_1586_p2     |         +|   0|  0|  16|          14|           9|
    |add_ln423_12_fu_1591_p2     |         +|   0|  0|  16|          14|          14|
    |add_ln423_1_fu_1091_p2      |         +|   0|  0|  16|          14|           7|
    |add_ln423_2_fu_1096_p2      |         +|   0|  0|  16|          14|          14|
    |add_ln423_3_fu_1185_p2      |         +|   0|  0|  16|          14|           8|
    |add_ln423_4_fu_1190_p2      |         +|   0|  0|  16|          14|          14|
    |add_ln423_5_fu_1472_p2      |         +|   0|  0|  16|          14|           8|
    |add_ln423_6_fu_1477_p2      |         +|   0|  0|  16|          14|          14|
    |add_ln423_7_fu_1541_p2      |         +|   0|  0|  16|          14|           9|
    |add_ln423_8_fu_1546_p2      |         +|   0|  0|  16|          14|          14|
    |add_ln423_9_fu_1566_p2      |         +|   0|  0|  16|          14|           9|
    |add_ln423_fu_978_p2         |         +|   0|  0|  21|          14|          14|
    |add_ln429_10_fu_1936_p2     |         +|   0|  0|  27|          20|          20|
    |add_ln429_11_fu_1962_p2     |         +|   0|  0|  27|          20|          20|
    |add_ln429_12_fu_1992_p2     |         +|   0|  0|  27|          20|          20|
    |add_ln429_13_fu_2018_p2     |         +|   0|  0|  27|          20|          20|
    |add_ln429_14_fu_2044_p2     |         +|   0|  0|  27|          20|          20|
    |add_ln429_15_fu_2066_p2     |         +|   0|  0|  27|          20|          20|
    |add_ln429_1_fu_1029_p2      |         +|   0|  0|  20|          20|          20|
    |add_ln429_2_fu_1045_p2      |         +|   0|  0|  27|          20|          20|
    |add_ln429_3_fu_1067_p2      |         +|   0|  0|  27|          20|          20|
    |add_ln429_4_fu_1131_p2      |         +|   0|  0|  27|          20|          20|
    |add_ln429_5_fu_1153_p2      |         +|   0|  0|  27|          20|          20|
    |add_ln429_6_fu_1225_p2      |         +|   0|  0|  27|          20|          20|
    |add_ln429_7_fu_1251_p2      |         +|   0|  0|  27|          20|          20|
    |add_ln429_8_fu_1504_p2      |         +|   0|  0|  27|          20|          20|
    |add_ln429_9_fu_1526_p2      |         +|   0|  0|  27|          20|          20|
    |add_ln429_fu_1023_p2        |         +|   0|  0|  20|          20|          20|
    |add_ln435_10_fu_2881_p2     |         +|   0|  0|  16|          16|          16|
    |add_ln435_11_fu_3346_p2     |         +|   0|  0|  16|          16|          10|
    |add_ln435_12_fu_3351_p2     |         +|   0|  0|  16|          16|          16|
    |add_ln435_13_fu_3371_p2     |         +|   0|  0|  16|          16|          10|
    |add_ln435_14_fu_3376_p2     |         +|   0|  0|  16|          16|          16|
    |add_ln435_15_fu_3833_p2     |         +|   0|  0|  16|          16|          11|
    |add_ln435_16_fu_3838_p2     |         +|   0|  0|  16|          16|          16|
    |add_ln435_17_fu_3858_p2     |         +|   0|  0|  16|          16|          11|
    |add_ln435_18_fu_3863_p2     |         +|   0|  0|  16|          16|          16|
    |add_ln435_19_fu_4426_p2     |         +|   0|  0|  16|          16|          11|
    |add_ln435_1_fu_1709_p2      |         +|   0|  0|  16|          16|           8|
    |add_ln435_20_fu_4431_p2     |         +|   0|  0|  16|          16|          16|
    |add_ln435_21_fu_4451_p2     |         +|   0|  0|  16|          16|          11|
    |add_ln435_22_fu_4456_p2     |         +|   0|  0|  16|          16|          16|
    |add_ln435_23_fu_4627_p2     |         +|   0|  0|  16|          16|          11|
    |add_ln435_24_fu_4632_p2     |         +|   0|  0|  16|          16|          16|
    |add_ln435_25_fu_4729_p2     |         +|   0|  0|  16|          16|          11|
    |add_ln435_26_fu_4734_p2     |         +|   0|  0|  16|          16|          16|
    |add_ln435_2_fu_1715_p2      |         +|   0|  0|  16|          16|          16|
    |add_ln435_3_fu_2346_p2      |         +|   0|  0|  16|          16|           9|
    |add_ln435_4_fu_2351_p2      |         +|   0|  0|  16|          16|          16|
    |add_ln435_5_fu_2371_p2      |         +|   0|  0|  16|          16|           9|
    |add_ln435_6_fu_2376_p2      |         +|   0|  0|  16|          16|          16|
    |add_ln435_7_fu_2851_p2      |         +|   0|  0|  16|          16|          10|
    |add_ln435_8_fu_2856_p2      |         +|   0|  0|  16|          16|          16|
    |add_ln435_9_fu_2876_p2      |         +|   0|  0|  16|          16|          10|
    |add_ln435_fu_1688_p2        |         +|   0|  0|  23|          16|          16|
    |exponents_16_fu_2245_p2     |         +|   0|  0|  23|          16|          16|
    |exponents_19_fu_2751_p2     |         +|   0|  0|  23|          16|          16|
    |exponents_20_fu_2768_p2     |         +|   0|  0|  23|          16|          16|
    |exponents_23_fu_3232_p2     |         +|   0|  0|  23|          16|          16|
    |exponents_24_fu_3249_p2     |         +|   0|  0|  23|          16|          16|
    |exponents_27_fu_3726_p2     |         +|   0|  0|  23|          16|          16|
    |exponents_28_fu_3743_p2     |         +|   0|  0|  23|          16|          16|
    |exponents_31_fu_4328_p2     |         +|   0|  0|  23|          16|          16|
    |exponents_32_fu_4345_p2     |         +|   0|  0|  23|          16|          16|
    |exponents_35_fu_4924_p2     |         +|   0|  0|  23|          16|          16|
    |exponents_36_fu_4950_p2     |         +|   0|  0|  23|          16|          16|
    |exponents_39_fu_5187_p2     |         +|   0|  0|  23|          16|          16|
    |exponents_40_fu_5204_p2     |         +|   0|  0|  23|          16|          16|
    |exponents_fu_2227_p2        |         +|   0|  0|  23|          16|          16|
    |magnitude_35_fu_2275_p2     |         -|   0|  0|  54|           1|          47|
    |magnitude_37_fu_2780_p2     |         -|   0|  0|  54|           1|          47|
    |magnitude_39_fu_3275_p2     |         -|   0|  0|  54|           1|          47|
    |magnitude_41_fu_3762_p2     |         -|   0|  0|  54|           1|          47|
    |magnitude_43_fu_3888_p2     |         -|   0|  0|  54|           1|          47|
    |magnitude_45_fu_4128_p2     |         -|   0|  0|  54|           1|          47|
    |magnitude_fu_1606_p2        |         -|   0|  0|  54|           1|          47|
    |sub_ln115_10_fu_3599_p2     |         -|   0|  0|  40|           1|          33|
    |sub_ln115_11_fu_4202_p2     |         -|   0|  0|  40|           1|          33|
    |sub_ln115_12_fu_4360_p2     |         -|   0|  0|  40|           1|          33|
    |sub_ln115_13_fu_4479_p2     |         -|   0|  0|  40|           1|          33|
    |sub_ln115_8_fu_2624_p2      |         -|   0|  0|  40|           1|          33|
    |sub_ln115_9_fu_3105_p2      |         -|   0|  0|  40|           1|          33|
    |sub_ln115_fu_2097_p2        |         -|   0|  0|  40|           1|          33|
    |sub_ln189_32_fu_1441_p2     |         -|   0|  0|  12|           1|           5|
    |sub_ln189_33_fu_1808_p2     |         -|   0|  0|  12|           1|           5|
    |sub_ln189_34_fu_1890_p2     |         -|   0|  0|  12|           1|           5|
    |sub_ln189_35_fu_2474_p2     |         -|   0|  0|  12|           1|           5|
    |sub_ln189_36_fu_2556_p2     |         -|   0|  0|  12|           1|           5|
    |sub_ln189_37_fu_2973_p2     |         -|   0|  0|  12|           1|           5|
    |sub_ln189_38_fu_3055_p2     |         -|   0|  0|  12|           1|           5|
    |sub_ln189_39_fu_3468_p2     |         -|   0|  0|  12|           1|           5|
    |sub_ln189_40_fu_3550_p2     |         -|   0|  0|  12|           1|           5|
    |sub_ln189_41_fu_4027_p2     |         -|   0|  0|  12|           1|           5|
    |sub_ln189_42_fu_4109_p2     |         -|   0|  0|  12|           1|           5|
    |sub_ln189_43_fu_4613_p2     |         -|   0|  0|  12|           1|           5|
    |sub_ln189_44_fu_4715_p2     |         -|   0|  0|  12|           1|           5|
    |sub_ln189_fu_1351_p2        |         -|   0|  0|  12|           1|           5|
    |and_ln110_10_fu_3326_p2     |       and|   0|  0|   2|           1|           1|
    |and_ln110_11_fu_3813_p2     |       and|   0|  0|   2|           1|           1|
    |and_ln110_12_fu_3939_p2     |       and|   0|  0|   2|           1|           1|
    |and_ln110_13_fu_4179_p2     |       and|   0|  0|   2|           1|           1|
    |and_ln110_8_fu_2326_p2      |       and|   0|  0|   2|           1|           1|
    |and_ln110_9_fu_2831_p2      |       and|   0|  0|   2|           1|           1|
    |and_ln110_fu_1657_p2        |       and|   0|  0|   2|           1|           1|
    |and_ln127_10_fu_3656_p2     |       and|   0|  0|   2|           1|           1|
    |and_ln127_11_fu_4259_p2     |       and|   0|  0|   2|           1|           1|
    |and_ln127_12_fu_4412_p2     |       and|   0|  0|   2|           1|           1|
    |and_ln127_13_fu_4531_p2     |       and|   0|  0|   2|           1|           1|
    |and_ln127_8_fu_2681_p2      |       and|   0|  0|   2|           1|           1|
    |and_ln127_9_fu_3162_p2      |       and|   0|  0|   2|           1|           1|
    |and_ln127_fu_2155_p2        |       and|   0|  0|   2|           1|           1|
    |and_ln188_18_fu_1435_p2     |       and|   0|  0|   2|           1|           1|
    |and_ln188_19_fu_1802_p2     |       and|   0|  0|   2|           1|           1|
    |and_ln188_20_fu_1884_p2     |       and|   0|  0|   2|           1|           1|
    |and_ln188_21_fu_2468_p2     |       and|   0|  0|   2|           1|           1|
    |and_ln188_22_fu_2550_p2     |       and|   0|  0|   2|           1|           1|
    |and_ln188_23_fu_2967_p2     |       and|   0|  0|   2|           1|           1|
    |and_ln188_24_fu_3049_p2     |       and|   0|  0|   2|           1|           1|
    |and_ln188_25_fu_3462_p2     |       and|   0|  0|   2|           1|           1|
    |and_ln188_26_fu_3544_p2     |       and|   0|  0|   2|           1|           1|
    |and_ln188_27_fu_4021_p2     |       and|   0|  0|   2|           1|           1|
    |and_ln188_28_fu_4103_p2     |       and|   0|  0|   2|           1|           1|
    |and_ln188_29_fu_4607_p2     |       and|   0|  0|   2|           1|           1|
    |and_ln188_30_fu_4709_p2     |       and|   0|  0|   2|           1|           1|
    |and_ln188_fu_1345_p2        |       and|   0|  0|   2|           1|           1|
    |grp_fu_931_p2               |      icmp|   0|  0|  55|          48|           1|
    |icmp_ln109_10_fu_3308_p2    |      icmp|   0|  0|  23|          15|          16|
    |icmp_ln109_11_fu_3795_p2    |      icmp|   0|  0|  23|          15|          16|
    |icmp_ln109_12_fu_3921_p2    |      icmp|   0|  0|  23|          15|          16|
    |icmp_ln109_13_fu_4161_p2    |      icmp|   0|  0|  23|          15|          16|
    |icmp_ln109_8_fu_2308_p2     |      icmp|   0|  0|  23|          15|          16|
    |icmp_ln109_9_fu_2813_p2     |      icmp|   0|  0|  23|          15|          16|
    |icmp_ln109_fu_1639_p2       |      icmp|   0|  0|  23|          15|          16|
    |icmp_ln110_10_fu_3320_p2    |      icmp|   0|  0|  23|          15|          16|
    |icmp_ln110_11_fu_3807_p2    |      icmp|   0|  0|  23|          15|          16|
    |icmp_ln110_12_fu_3933_p2    |      icmp|   0|  0|  23|          15|          16|
    |icmp_ln110_13_fu_4173_p2    |      icmp|   0|  0|  23|          15|          16|
    |icmp_ln110_8_fu_2320_p2     |      icmp|   0|  0|  23|          15|          16|
    |icmp_ln110_9_fu_2825_p2     |      icmp|   0|  0|  23|          15|          16|
    |icmp_ln110_fu_1651_p2       |      icmp|   0|  0|  23|          15|          16|
    |icmp_ln123_10_fu_3629_p2    |      icmp|   0|  0|   9|           2|           1|
    |icmp_ln123_11_fu_4232_p2    |      icmp|   0|  0|   9|           2|           1|
    |icmp_ln123_12_fu_4390_p2    |      icmp|   0|  0|   9|           2|           1|
    |icmp_ln123_13_fu_4509_p2    |      icmp|   0|  0|   9|           2|           1|
    |icmp_ln123_8_fu_2654_p2     |      icmp|   0|  0|   9|           2|           1|
    |icmp_ln123_9_fu_3135_p2     |      icmp|   0|  0|   9|           2|           1|
    |icmp_ln123_fu_2127_p2       |      icmp|   0|  0|   9|           2|           1|
    |icmp_ln127_10_fu_3640_p2    |      icmp|   0|  0|  40|          33|          33|
    |icmp_ln127_11_fu_4243_p2    |      icmp|   0|  0|  40|          33|          33|
    |icmp_ln127_12_fu_4396_p2    |      icmp|   0|  0|  40|          33|          33|
    |icmp_ln127_13_fu_4515_p2    |      icmp|   0|  0|  40|          33|          33|
    |icmp_ln127_8_fu_2665_p2     |      icmp|   0|  0|  40|          33|          33|
    |icmp_ln127_9_fu_3146_p2     |      icmp|   0|  0|  40|          33|          33|
    |icmp_ln127_fu_2139_p2       |      icmp|   0|  0|  40|          33|          33|
    |icmp_ln188_32_fu_1429_p2    |      icmp|   0|  0|  12|           4|           1|
    |icmp_ln188_33_fu_1796_p2    |      icmp|   0|  0|  12|           4|           1|
    |icmp_ln188_34_fu_1878_p2    |      icmp|   0|  0|  12|           4|           1|
    |icmp_ln188_35_fu_2462_p2    |      icmp|   0|  0|  12|           4|           1|
    |icmp_ln188_36_fu_2544_p2    |      icmp|   0|  0|  12|           4|           1|
    |icmp_ln188_37_fu_2961_p2    |      icmp|   0|  0|  12|           4|           1|
    |icmp_ln188_38_fu_3043_p2    |      icmp|   0|  0|  12|           4|           1|
    |icmp_ln188_39_fu_3456_p2    |      icmp|   0|  0|  12|           4|           1|
    |icmp_ln188_40_fu_3538_p2    |      icmp|   0|  0|  12|           4|           1|
    |icmp_ln188_41_fu_4015_p2    |      icmp|   0|  0|  12|           4|           1|
    |icmp_ln188_42_fu_4097_p2    |      icmp|   0|  0|  12|           4|           1|
    |icmp_ln188_43_fu_4601_p2    |      icmp|   0|  0|  12|           4|           1|
    |icmp_ln188_44_fu_4703_p2    |      icmp|   0|  0|  12|           4|           1|
    |icmp_ln188_fu_1339_p2       |      icmp|   0|  0|  12|           4|           1|
    |icmp_ln421_1_fu_2269_p2     |      icmp|   0|  0|  12|           4|           1|
    |icmp_ln421_2_fu_2396_p2     |      icmp|   0|  0|  12|           5|           2|
    |icmp_ln421_3_fu_2580_p2     |      icmp|   0|  0|  10|           3|           1|
    |icmp_ln421_4_fu_2595_p2     |      icmp|   0|  0|  12|           5|           3|
    |icmp_ln421_5_fu_2609_p2     |      icmp|   0|  0|  12|           5|           3|
    |icmp_ln421_6_fu_2615_p2     |      icmp|   0|  0|  12|           5|           3|
    |icmp_ln421_fu_2088_p2       |      icmp|   0|  0|  12|           5|           1|
    |icmp_ln95_12_fu_3883_p2     |      icmp|   0|  0|  55|          48|           1|
    |icmp_ln95_13_fu_4123_p2     |      icmp|   0|  0|  55|          48|           1|
    |or_ln110_10_fu_3332_p2      |        or|   0|  0|   2|           1|           1|
    |or_ln110_11_fu_3819_p2      |        or|   0|  0|   2|           1|           1|
    |or_ln110_12_fu_3945_p2      |        or|   0|  0|   2|           1|           1|
    |or_ln110_13_fu_4185_p2      |        or|   0|  0|   2|           1|           1|
    |or_ln110_8_fu_2332_p2       |        or|   0|  0|   2|           1|           1|
    |or_ln110_9_fu_2837_p2       |        or|   0|  0|   2|           1|           1|
    |or_ln110_fu_1663_p2         |        or|   0|  0|   2|           1|           1|
    |counters_1_10_fu_4351_p3    |    select|   0|  0|  63|           1|          64|
    |counters_1_12_fu_4956_p3    |    select|   0|  0|  63|           1|          64|
    |counters_1_1_fu_2251_p3     |    select|   0|  0|  63|           1|          64|
    |counters_1_2_fu_5210_p3     |    select|   0|  0|  63|           1|          64|
    |counters_1_4_fu_2774_p3     |    select|   0|  0|  63|           1|          64|
    |counters_1_6_fu_3255_p3     |    select|   0|  0|  63|           1|          64|
    |counters_1_8_fu_3749_p3     |    select|   0|  0|  63|           1|          64|
    |exponents_17_fu_5016_p3     |    select|   0|  0|  16|           1|          16|
    |exponents_18_fu_5010_p3     |    select|   0|  0|  16|           1|          16|
    |exponents_21_fu_5042_p3     |    select|   0|  0|  16|           1|          16|
    |exponents_22_fu_5036_p3     |    select|   0|  0|  16|           1|          16|
    |exponents_25_fu_3268_p3     |    select|   0|  0|  16|           1|          16|
    |exponents_26_fu_3261_p3     |    select|   0|  0|  16|           1|          16|
    |exponents_29_fu_5076_p3     |    select|   0|  0|  16|           1|          16|
    |exponents_30_fu_3755_p3     |    select|   0|  0|  16|           1|          16|
    |exponents_33_fu_5102_p3     |    select|   0|  0|  16|           1|          16|
    |exponents_34_fu_5096_p3     |    select|   0|  0|  16|           1|          16|
    |exponents_37_fu_5128_p3     |    select|   0|  0|  16|           1|          16|
    |exponents_38_fu_5122_p3     |    select|   0|  0|  16|           1|          16|
    |exponents_41_fu_5223_p3     |    select|   0|  0|  16|           1|          16|
    |exponents_42_fu_5216_p3     |    select|   0|  0|  16|           1|          16|
    |magnitude_34_fu_1611_p3     |    select|   0|  0|  47|           1|          47|
    |magnitude_36_fu_2280_p3     |    select|   0|  0|  47|           1|          47|
    |magnitude_38_fu_2785_p3     |    select|   0|  0|  47|           1|          47|
    |magnitude_40_fu_3280_p3     |    select|   0|  0|  47|           1|          47|
    |magnitude_42_fu_3767_p3     |    select|   0|  0|  47|           1|          47|
    |magnitude_44_fu_3893_p3     |    select|   0|  0|  47|           1|          47|
    |magnitude_46_fu_4133_p3     |    select|   0|  0|  47|           1|          47|
    |quotient_39_fu_2338_p3      |    select|   0|  0|  32|           1|          32|
    |quotient_40_fu_2843_p3      |    select|   0|  0|  32|           1|          32|
    |quotient_41_fu_3338_p3      |    select|   0|  0|  32|           1|          32|
    |quotient_42_fu_3825_p3      |    select|   0|  0|  32|           1|          32|
    |quotient_43_fu_3951_p3      |    select|   0|  0|  32|           1|          32|
    |quotient_44_fu_4191_p3      |    select|   0|  0|  32|           1|          32|
    |quotient_fu_1669_p3         |    select|   0|  0|  32|           1|          32|
    |ref_tmp3_i_1_1_fu_2637_p3   |    select|   0|  0|  33|           1|           1|
    |ref_tmp3_i_1_2_fu_3118_p3   |    select|   0|  0|  33|           1|           1|
    |ref_tmp3_i_1_3_fu_3612_p3   |    select|   0|  0|  33|           1|           1|
    |ref_tmp3_i_1_4_fu_4215_p3   |    select|   0|  0|  33|           1|           1|
    |ref_tmp3_i_1_5_fu_4373_p3   |    select|   0|  0|  33|           1|           1|
    |ref_tmp3_i_1_6_fu_4492_p3   |    select|   0|  0|  33|           1|           1|
    |ref_tmp3_i_1_fu_2110_p3     |    select|   0|  0|  33|           1|           1|
    |select_ln114_10_fu_3605_p3  |    select|   0|  0|  33|           1|          33|
    |select_ln114_11_fu_4208_p3  |    select|   0|  0|  33|           1|          33|
    |select_ln114_12_fu_4366_p3  |    select|   0|  0|  33|           1|          33|
    |select_ln114_13_fu_4485_p3  |    select|   0|  0|  33|           1|          33|
    |select_ln114_8_fu_2630_p3   |    select|   0|  0|  33|           1|          33|
    |select_ln114_9_fu_3111_p3   |    select|   0|  0|  33|           1|          33|
    |select_ln114_fu_2103_p3     |    select|   0|  0|  33|           1|          33|
    |select_ln188_32_fu_1447_p3  |    select|   0|  0|   5|           1|           5|
    |select_ln188_33_fu_1814_p3  |    select|   0|  0|   5|           1|           5|
    |select_ln188_34_fu_1896_p3  |    select|   0|  0|   5|           1|           5|
    |select_ln188_35_fu_2480_p3  |    select|   0|  0|   5|           1|           5|
    |select_ln188_36_fu_2562_p3  |    select|   0|  0|   5|           1|           5|
    |select_ln188_37_fu_2979_p3  |    select|   0|  0|   5|           1|           5|
    |select_ln188_38_fu_3061_p3  |    select|   0|  0|   5|           1|           5|
    |select_ln188_39_fu_3474_p3  |    select|   0|  0|   5|           1|           5|
    |select_ln188_40_fu_3556_p3  |    select|   0|  0|   5|           1|           5|
    |select_ln188_41_fu_4033_p3  |    select|   0|  0|   5|           1|           5|
    |select_ln188_42_fu_4115_p3  |    select|   0|  0|   5|           1|           5|
    |select_ln188_43_fu_4619_p3  |    select|   0|  0|   5|           1|           5|
    |select_ln188_44_fu_4721_p3  |    select|   0|  0|   5|           1|           5|
    |select_ln188_fu_1357_p3     |    select|   0|  0|   5|           1|           5|
    |terms_16_fu_5022_p3         |    select|   0|  0|  36|           1|          36|
    |terms_17_fu_5055_p3         |    select|   0|  0|  36|           1|          36|
    |terms_18_fu_5048_p3         |    select|   0|  0|  36|           1|          36|
    |terms_19_fu_5069_p3         |    select|   0|  0|  36|           1|          36|
    |terms_20_fu_5062_p3         |    select|   0|  0|  36|           1|          36|
    |terms_21_fu_5089_p3         |    select|   0|  0|  36|           1|          36|
    |terms_22_fu_5082_p3         |    select|   0|  0|  36|           1|          36|
    |terms_23_fu_5115_p3         |    select|   0|  0|  36|           1|          36|
    |terms_24_fu_5108_p3         |    select|   0|  0|  36|           1|          36|
    |terms_25_fu_5141_p3         |    select|   0|  0|  36|           1|          36|
    |terms_26_fu_5134_p3         |    select|   0|  0|  36|           1|          36|
    |terms_27_fu_5237_p3         |    select|   0|  0|  36|           1|          36|
    |terms_28_fu_5230_p3         |    select|   0|  0|  36|           1|          36|
    |terms_fu_5029_p3            |    select|   0|  0|  36|           1|          36|
    |xor_ln123_10_fu_3650_p2     |       xor|   0|  0|   2|           1|           2|
    |xor_ln123_11_fu_4253_p2     |       xor|   0|  0|   2|           1|           2|
    |xor_ln123_12_fu_4406_p2     |       xor|   0|  0|   2|           1|           2|
    |xor_ln123_13_fu_4525_p2     |       xor|   0|  0|   2|           1|           2|
    |xor_ln123_8_fu_2675_p2      |       xor|   0|  0|   2|           1|           2|
    |xor_ln123_9_fu_3156_p2      |       xor|   0|  0|   2|           1|           2|
    |xor_ln123_fu_2149_p2        |       xor|   0|  0|   2|           1|           2|
    +----------------------------+----------+----+---+----+------------+------------+
    |Total                       |          |   0|  0|6567|        2776|        4334|
    +----------------------------+----------+----+---+----+------------+------------+

    * Multiplexer: 
    +---------------------------------------+----+-----------+-----+-----------+
    |                  Name                 | LUT| Input Size| Bits| Total Bits|
    +---------------------------------------+----+-----------+-----+-----------+
    |ap_NS_fsm                              |  65|         15|    1|         15|
    |ap_return_0                            |   9|          2|   64|        128|
    |ap_return_1                            |   9|          2|   32|         64|
    |ap_return_2                            |   9|          2|   16|         32|
    |ap_return_3                            |   9|          2|   64|        128|
    |grp_fu_894_p0                          |  31|          6|   32|        192|
    |grp_fu_894_p1                          |  31|          6|   16|         96|
    |reg_914                                |   9|          2|   16|         32|
    |resident_lambda_address0_local         |  31|          6|   13|         78|
    |resident_lambda_address1_local         |  14|          3|   13|         39|
    |resident_update_scales_address0_local  |  43|          8|   14|        112|
    |resident_update_scales_address1_local  |  43|          8|   14|        112|
    |resident_updates_address0_local        |  43|          8|   16|        128|
    |resident_updates_address1_local        |  43|          8|   16|        128|
    +---------------------------------------+----+-----------+-----+-----------+
    |Total                                  | 389|         78|  327|       1284|
    +---------------------------------------+----+-----------+-----+-----------+

    * Register: 
    +--------------------------------------------------+-----+----+-----+-----------+
    |                       Name                       |  FF | LUT| Bits| Const Bits|
    +--------------------------------------------------+-----+----+-----+-----------+
    |add_ln429_2_reg_5358                              |   20|   0|   20|          0|
    |ap_CS_fsm                                         |   14|   0|   14|          0|
    |ap_return_0_preg                                  |   64|   0|   64|          0|
    |ap_return_1_preg                                  |   32|   0|   32|          0|
    |ap_return_2_preg                                  |   16|   0|   16|          0|
    |ap_return_3_preg                                  |   64|   0|   64|          0|
    |coefficient_11_reg_5689                           |   16|   0|   16|          0|
    |coefficient_13_reg_5926                           |   16|   0|   16|          0|
    |counters_1_10_reg_6270                            |   64|   0|   64|          0|
    |counters_1_12_reg_6435                            |   64|   0|   64|          0|
    |counters_1_1_reg_5783                             |   64|   0|   64|          0|
    |counters_1_2_reg_6573                             |   64|   0|   64|          0|
    |counters_1_4_reg_5946                             |   64|   0|   64|          0|
    |counters_1_6_reg_6045                             |   64|   0|   64|          0|
    |counters_1_8_reg_6178                             |   64|   0|   64|          0|
    |exponents_16_reg_5778                             |   16|   0|   16|          0|
    |exponents_17_reg_6473                             |   16|   0|   16|          0|
    |exponents_18_reg_6468                             |   16|   0|   16|          0|
    |exponents_19_reg_5936                             |   16|   0|   16|          0|
    |exponents_20_reg_5941                             |   16|   0|   16|          0|
    |exponents_21_reg_6493                             |   16|   0|   16|          0|
    |exponents_22_reg_6488                             |   16|   0|   16|          0|
    |exponents_25_reg_6057                             |   16|   0|   16|          0|
    |exponents_26_reg_6052                             |   16|   0|   16|          0|
    |exponents_27_reg_6173                             |   16|   0|   16|          0|
    |exponents_29_reg_6518                             |   16|   0|   16|          0|
    |exponents_30_reg_6185                             |   16|   0|   16|          0|
    |exponents_31_reg_6260                             |   16|   0|   16|          0|
    |exponents_32_reg_6265                             |   16|   0|   16|          0|
    |exponents_33_reg_6538                             |   16|   0|   16|          0|
    |exponents_34_reg_6533                             |   16|   0|   16|          0|
    |exponents_35_reg_6420                             |   16|   0|   16|          0|
    |exponents_36_reg_6430                             |   16|   0|   16|          0|
    |exponents_37_reg_6558                             |   16|   0|   16|          0|
    |exponents_38_reg_6553                             |   16|   0|   16|          0|
    |exponents_41_reg_6583                             |   16|   0|   16|          0|
    |exponents_42_reg_6578                             |   16|   0|   16|          0|
    |exponents_reg_5773                                |   16|   0|   16|          0|
    |grp_aligned_sum_guarded_15_s_fu_855_ap_start_reg  |    1|   0|    1|          0|
    |icmp_ln421_1_reg_5790                             |    1|   0|    1|          0|
    |icmp_ln421_2_reg_5824                             |    1|   0|    1|          0|
    |icmp_ln421_3_reg_5855                             |    1|   0|    1|          0|
    |icmp_ln421_4_reg_5874                             |    1|   0|    1|          0|
    |icmp_ln421_5_reg_5898                             |    1|   0|    1|          0|
    |icmp_ln421_6_reg_5912                             |    1|   0|    1|          0|
    |icmp_ln421_reg_5760                               |    1|   0|    1|          0|
    |icmp_ln95_10_reg_6062                             |    1|   0|    1|          0|
    |icmp_ln95_11_reg_6190                             |    1|   0|    1|          0|
    |icmp_ln95_12_reg_6215                             |    1|   0|    1|          0|
    |icmp_ln95_13_reg_6240                             |    1|   0|    1|          0|
    |icmp_ln95_8_reg_5799                              |    1|   0|    1|          0|
    |icmp_ln95_9_reg_5953                              |    1|   0|    1|          0|
    |icmp_ln95_reg_5596                                |    1|   0|    1|          0|
    |log_dot_x_4_load_reg_6200                         |   16|   0|   16|          0|
    |log_dot_x_5_load_reg_6225                         |   16|   0|   16|          0|
    |log_dot_x_6_load_reg_6250                         |   16|   0|   16|          0|
    |negative_10_reg_5984                              |    1|   0|    1|          0|
    |negative_11_reg_6093                              |    1|   0|    1|          0|
    |negative_12_reg_6125                              |    1|   0|    1|          0|
    |negative_13_reg_6147                              |    1|   0|    1|          0|
    |negative_8_reg_5643                               |    1|   0|    1|          0|
    |negative_9_reg_5839                               |    1|   0|    1|          0|
    |negative_reg_5504                                 |    1|   0|    1|          0|
    |product_19_reg_6114                               |   48|   0|   48|          0|
    |product_20_reg_6136                               |   48|   0|   48|          0|
    |quotient_39_reg_5804                              |   32|   0|   32|          0|
    |quotient_40_reg_5958                              |   32|   0|   32|          0|
    |quotient_41_reg_6067                              |   32|   0|   32|          0|
    |quotient_42_reg_6195                              |   32|   0|   32|          0|
    |quotient_43_reg_6220                              |   32|   0|   32|          0|
    |quotient_44_reg_6245                              |   32|   0|   32|          0|
    |quotient_reg_5601                                 |   32|   0|   32|          0|
    |reg_914                                           |   16|   0|   16|          0|
    |reg_919                                           |  128|   0|  128|          0|
    |reg_923                                           |  128|   0|  128|          0|
    |reg_927                                           |   48|   0|   48|          0|
    |scaled_dot_10_reg_6277                            |   32|   0|   32|          0|
    |scaled_dot_12_reg_6298                            |   32|   0|   32|          0|
    |scaled_dot_1_reg_5768                             |   32|   0|   32|          0|
    |scaled_dot_3_reg_5931                             |   32|   0|   32|          0|
    |scaled_dot_5_reg_6040                             |   32|   0|   32|          0|
    |scaled_dot_7_reg_6168                             |   32|   0|   32|          0|
    |scaled_dot_9_reg_6255                             |   32|   0|   32|          0|
    |sel_tmp1_reg_6282                                 |    2|   0|    2|          0|
    |sel_tmp2_reg_6303                                 |    2|   0|    2|          0|
    |select_ln188_32_reg_5515                          |    5|   0|    5|          0|
    |select_ln188_33_reg_5649                          |    5|   0|    5|          0|
    |select_ln188_34_reg_5654                          |    5|   0|    5|          0|
    |select_ln188_35_reg_5845                          |    5|   0|    5|          0|
    |select_ln188_36_reg_5850                          |    5|   0|    5|          0|
    |select_ln188_37_reg_5990                          |    5|   0|    5|          0|
    |select_ln188_38_reg_5995                          |    5|   0|    5|          0|
    |select_ln188_39_reg_6104                          |    5|   0|    5|          0|
    |select_ln188_40_reg_6109                          |    5|   0|    5|          0|
    |select_ln188_41_reg_6230                          |    5|   0|    5|          0|
    |select_ln188_42_reg_6235                          |    5|   0|    5|          0|
    |select_ln188_43_reg_6309                          |    5|   0|    5|          0|
    |select_ln188_44_reg_6319                          |    5|   0|    5|          0|
    |select_ln188_reg_5510                             |    5|   0|    5|          0|
    |shl_ln15_reg_5492                                 |    7|   0|    7|          0|
    |shl_ln35_reg_5744                                 |    2|   0|    5|          3|
    |shl_ln429_1_reg_5346                              |    2|   0|    6|          4|
    |terms_16_reg_6478                                 |   36|   0|   36|          0|
    |terms_17_reg_6503                                 |   36|   0|   36|          0|
    |terms_18_reg_6498                                 |   36|   0|   36|          0|
    |terms_19_reg_6513                                 |   36|   0|   36|          0|
    |terms_20_reg_6508                                 |   36|   0|   36|          0|
    |terms_21_reg_6528                                 |   36|   0|   36|          0|
    |terms_22_reg_6523                                 |   36|   0|   36|          0|
    |terms_23_reg_6548                                 |   36|   0|   36|          0|
    |terms_24_reg_6543                                 |   36|   0|   36|          0|
    |terms_25_reg_6568                                 |   36|   0|   36|          0|
    |terms_26_reg_6563                                 |   36|   0|   36|          0|
    |terms_27_reg_6593                                 |   36|   0|   36|          0|
    |terms_28_reg_6588                                 |   36|   0|   36|          0|
    |terms_reg_6483                                    |   36|   0|   36|          0|
    |tmp_102_reg_5477                                  |   16|   0|   16|          0|
    |tmp_104_reg_5487                                  |   16|   0|   16|          0|
    |tmp_107_reg_5555                                  |   16|   0|   16|          0|
    |tmp_109_reg_5560                                  |   16|   0|   16|          0|
    |tmp_112_reg_5694                                  |   16|   0|   16|          0|
    |tmp_114_reg_5699                                  |   16|   0|   16|          0|
    |tmp_116_reg_5570                                  |   13|   0|   13|          0|
    |tmp_117_reg_5714                                  |   16|   0|   16|          0|
    |tmp_119_reg_5719                                  |   16|   0|   16|          0|
    |tmp_121_reg_5575                                  |   13|   0|   13|          0|
    |tmp_122_reg_5734                                  |   16|   0|   16|          0|
    |tmp_123_reg_6314                                  |   14|   0|   14|          0|
    |tmp_124_reg_5739                                  |   16|   0|   16|          0|
    |tmp_125_reg_6324                                  |   14|   0|   14|          0|
    |tmp_92_reg_5353                                   |   16|   0|   16|          0|
    |tmp_94_reg_5387                                   |   16|   0|   16|          0|
    |tmp_97_reg_5427                                   |   16|   0|   16|          0|
    |tmp_99_reg_5432                                   |   16|   0|   16|          0|
    |tmp_s_reg_5321                                    |    2|   0|    2|          0|
    |trunc_ln139_10_reg_5978                           |   47|   0|   47|          0|
    |trunc_ln139_11_reg_6087                           |   47|   0|   47|          0|
    |trunc_ln139_12_reg_6119                           |   47|   0|   47|          0|
    |trunc_ln139_13_reg_6141                           |   47|   0|   47|          0|
    |trunc_ln139_8_reg_5637                            |   47|   0|   47|          0|
    |trunc_ln139_9_reg_5833                            |   47|   0|   47|          0|
    |trunc_ln139_reg_5498                              |   47|   0|   47|          0|
    |value_471_reg_5447                                |   32|   0|   32|          0|
    |value_475_reg_5530                                |   32|   0|   32|          0|
    |value_479_reg_5669                                |   32|   0|   32|          0|
    |value_483_reg_5883                                |   32|   0|   32|          0|
    |value_487_reg_5907                                |   32|   0|   32|          0|
    |value_491_reg_5921                                |   32|   0|   32|          0|
    |value_reg_5392                                    |   32|   0|   32|          0|
    |zext_ln423_1_reg_5331                             |    5|   0|   14|          9|
    |zext_ln423_reg_5304                               |    4|   0|   64|         60|
    |zext_ln429_10_cast_reg_5482                       |    2|   0|   14|         12|
    |zext_ln429_2_reg_5374                             |    2|   0|   11|          9|
    |zext_ln429_3_cast_reg_5381                        |    2|   0|   12|         10|
    |zext_ln429_4_reg_5417                             |    2|   0|   12|         10|
    |zext_ln429_5_cast_reg_5422                        |    2|   0|   13|         11|
    |zext_ln429_8_cast_reg_5472                        |    2|   0|   14|         12|
    |zext_ln435_reg_5611                               |    5|   0|   16|         11|
    +--------------------------------------------------+-----+----+-----+-----------+
    |Total                                             | 3440|   0| 3591|        151|
    +--------------------------------------------------+-----+----+-----+-----------+



================================================================
== Interface
================================================================
* Summary: 
+---------------------------------+-----+-----+------------+-------------------------------------+--------------+
|            RTL Ports            | Dir | Bits|  Protocol  |            Source Object            |    C Type    |
+---------------------------------+-----+-----+------------+-------------------------------------+--------------+
|ap_clk                           |   in|    1|  ap_ctrl_hs|  (anonymous namespace)combine_action|  return value|
|ap_rst                           |   in|    1|  ap_ctrl_hs|  (anonymous namespace)combine_action|  return value|
|ap_start                         |   in|    1|  ap_ctrl_hs|  (anonymous namespace)combine_action|  return value|
|ap_done                          |  out|    1|  ap_ctrl_hs|  (anonymous namespace)combine_action|  return value|
|ap_idle                          |  out|    1|  ap_ctrl_hs|  (anonymous namespace)combine_action|  return value|
|ap_ready                         |  out|    1|  ap_ctrl_hs|  (anonymous namespace)combine_action|  return value|
|ap_return_0                      |  out|   64|  ap_ctrl_hs|  (anonymous namespace)combine_action|  return value|
|ap_return_1                      |  out|   32|  ap_ctrl_hs|  (anonymous namespace)combine_action|  return value|
|ap_return_2                      |  out|   16|  ap_ctrl_hs|  (anonymous namespace)combine_action|  return value|
|ap_return_3                      |  out|   64|  ap_ctrl_hs|  (anonymous namespace)combine_action|  return value|
|base_mantissa                    |   in|   32|     ap_none|                        base_mantissa|        scalar|
|base_exponent                    |   in|   16|     ap_none|                        base_exponent|        scalar|
|qk_head                          |   in|    4|     ap_none|                              qk_head|        scalar|
|value_head                       |   in|    5|     ap_none|                           value_head|        scalar|
|column                           |   in|    7|     ap_none|                               column|        scalar|
|live_entries                     |   in|    5|     ap_none|                         live_entries|        scalar|
|log_dot_m_0_address0             |  out|    4|   ap_memory|                          log_dot_m_0|         array|
|log_dot_m_0_ce0                  |  out|    1|   ap_memory|                          log_dot_m_0|         array|
|log_dot_m_0_q0                   |   in|   32|   ap_memory|                          log_dot_m_0|         array|
|log_dot_m_1_address0             |  out|    4|   ap_memory|                          log_dot_m_1|         array|
|log_dot_m_1_ce0                  |  out|    1|   ap_memory|                          log_dot_m_1|         array|
|log_dot_m_1_q0                   |   in|   32|   ap_memory|                          log_dot_m_1|         array|
|log_dot_m_2_address0             |  out|    4|   ap_memory|                          log_dot_m_2|         array|
|log_dot_m_2_ce0                  |  out|    1|   ap_memory|                          log_dot_m_2|         array|
|log_dot_m_2_q0                   |   in|   32|   ap_memory|                          log_dot_m_2|         array|
|log_dot_m_3_address0             |  out|    4|   ap_memory|                          log_dot_m_3|         array|
|log_dot_m_3_ce0                  |  out|    1|   ap_memory|                          log_dot_m_3|         array|
|log_dot_m_3_q0                   |   in|   32|   ap_memory|                          log_dot_m_3|         array|
|log_dot_m_4_address0             |  out|    4|   ap_memory|                          log_dot_m_4|         array|
|log_dot_m_4_ce0                  |  out|    1|   ap_memory|                          log_dot_m_4|         array|
|log_dot_m_4_q0                   |   in|   32|   ap_memory|                          log_dot_m_4|         array|
|log_dot_m_5_address0             |  out|    4|   ap_memory|                          log_dot_m_5|         array|
|log_dot_m_5_ce0                  |  out|    1|   ap_memory|                          log_dot_m_5|         array|
|log_dot_m_5_q0                   |   in|   32|   ap_memory|                          log_dot_m_5|         array|
|log_dot_m_6_address0             |  out|    4|   ap_memory|                          log_dot_m_6|         array|
|log_dot_m_6_ce0                  |  out|    1|   ap_memory|                          log_dot_m_6|         array|
|log_dot_m_6_q0                   |   in|   32|   ap_memory|                          log_dot_m_6|         array|
|log_dot_x_0_address0             |  out|    4|   ap_memory|                          log_dot_x_0|         array|
|log_dot_x_0_ce0                  |  out|    1|   ap_memory|                          log_dot_x_0|         array|
|log_dot_x_0_q0                   |   in|   16|   ap_memory|                          log_dot_x_0|         array|
|log_dot_x_1_address0             |  out|    4|   ap_memory|                          log_dot_x_1|         array|
|log_dot_x_1_ce0                  |  out|    1|   ap_memory|                          log_dot_x_1|         array|
|log_dot_x_1_q0                   |   in|   16|   ap_memory|                          log_dot_x_1|         array|
|log_dot_x_2_address0             |  out|    4|   ap_memory|                          log_dot_x_2|         array|
|log_dot_x_2_ce0                  |  out|    1|   ap_memory|                          log_dot_x_2|         array|
|log_dot_x_2_q0                   |   in|   16|   ap_memory|                          log_dot_x_2|         array|
|log_dot_x_3_address0             |  out|    4|   ap_memory|                          log_dot_x_3|         array|
|log_dot_x_3_ce0                  |  out|    1|   ap_memory|                          log_dot_x_3|         array|
|log_dot_x_3_q0                   |   in|   16|   ap_memory|                          log_dot_x_3|         array|
|log_dot_x_4_address0             |  out|    4|   ap_memory|                          log_dot_x_4|         array|
|log_dot_x_4_ce0                  |  out|    1|   ap_memory|                          log_dot_x_4|         array|
|log_dot_x_4_q0                   |   in|   16|   ap_memory|                          log_dot_x_4|         array|
|log_dot_x_5_address0             |  out|    4|   ap_memory|                          log_dot_x_5|         array|
|log_dot_x_5_ce0                  |  out|    1|   ap_memory|                          log_dot_x_5|         array|
|log_dot_x_5_q0                   |   in|   16|   ap_memory|                          log_dot_x_5|         array|
|log_dot_x_6_address0             |  out|    4|   ap_memory|                          log_dot_x_6|         array|
|log_dot_x_6_ce0                  |  out|    1|   ap_memory|                          log_dot_x_6|         array|
|log_dot_x_6_q0                   |   in|   16|   ap_memory|                          log_dot_x_6|         array|
|updates                          |   in|   20|     ap_none|                              updates|        scalar|
|update_scales                    |   in|   16|     ap_none|                        update_scales|        scalar|
|lambda                           |   in|   14|     ap_none|                               lambda|        scalar|
|p_read2                          |   in|   64|     ap_none|                              p_read2|        scalar|
|counters_3_read                  |   in|   64|     ap_none|                      counters_3_read|        scalar|
|resident_lambda_address0         |  out|   13|   ap_memory|                      resident_lambda|         array|
|resident_lambda_ce0              |  out|    1|   ap_memory|                      resident_lambda|         array|
|resident_lambda_q0               |   in|   16|   ap_memory|                      resident_lambda|         array|
|resident_lambda_address1         |  out|   13|   ap_memory|                      resident_lambda|         array|
|resident_lambda_ce1              |  out|    1|   ap_memory|                      resident_lambda|         array|
|resident_lambda_q1               |   in|   16|   ap_memory|                      resident_lambda|         array|
|resident_updates_address0        |  out|   16|   ap_memory|                     resident_updates|         array|
|resident_updates_ce0             |  out|    1|   ap_memory|                     resident_updates|         array|
|resident_updates_q0              |   in|  128|   ap_memory|                     resident_updates|         array|
|resident_updates_address1        |  out|   16|   ap_memory|                     resident_updates|         array|
|resident_updates_ce1             |  out|    1|   ap_memory|                     resident_updates|         array|
|resident_updates_q1              |   in|  128|   ap_memory|                     resident_updates|         array|
|resident_update_scales_address0  |  out|   14|   ap_memory|               resident_update_scales|         array|
|resident_update_scales_ce0       |  out|    1|   ap_memory|               resident_update_scales|         array|
|resident_update_scales_q0        |   in|   32|   ap_memory|               resident_update_scales|         array|
|resident_update_scales_address1  |  out|   14|   ap_memory|               resident_update_scales|         array|
|resident_update_scales_ce1       |  out|    1|   ap_memory|               resident_update_scales|         array|
|resident_update_scales_q1        |   in|   32|   ap_memory|               resident_update_scales|         array|
+---------------------------------+-----+-----+------------+-------------------------------------+--------------+

