

================================================================
== Vitis HLS Report for 'p_anonymous_namespace_clear_log_Outline_clear_log_terms'
================================================================
* Date:           Sun Aug  2 05:05:44 2026

* Version:        2025.2 (Build 6295257 on Nov 14 2025)
* Project:        gdn_e2m0_hls
* Solution:       u55c_250mhz (Vivado IP Flow Target)
* Product family: virtexuplusHBM
* Target device:  xcu55c-fsvh2892-2L-e


================================================================
== Performance Estimates
================================================================
+ Timing: 
    * Summary: 
    +--------+---------+----------+------------+
    |  Clock |  Target | Estimated| Uncertainty|
    +--------+---------+----------+------------+
    |ap_clk  |  4.00 ns|  2.902 ns|     1.08 ns|
    +--------+---------+----------+------------+

+ Latency: 
    * Summary: 
    +---------+---------+----------+----------+-----+-----+---------+
    |  Latency (cycles) |  Latency (absolute) |  Interval | Pipeline|
    |   min   |   max   |    min   |    max   | min | max |   Type  |
    +---------+---------+----------+----------+-----+-----+---------+
    |      265|      265|  1.060 us|  1.060 us|  265|  265|       no|
    +---------+---------+----------+----------+-----+-----+---------+

    + Detail: 
        * Instance: 
        +-----------------------------------------------------------------------------------------------+------------------------------------------------------------------------------------+---------+---------+----------+----------+-----+-----+-------------------+
        |                                                                                               |                                                                                    |  Latency (cycles) |  Latency (absolute) |  Interval |      Pipeline     |
        |                                            Instance                                           |                                       Module                                       |   min   |   max   |    min   |    max   | min | max |        Type       |
        +-----------------------------------------------------------------------------------------------+------------------------------------------------------------------------------------+---------+---------+----------+----------+-----+-----+-------------------+
        |grp_p_anonymous_namespace_clear_log_Pipeline_clear_log_key_heads_clear_log_key_blocks_fu_98    |p_anonymous_namespace_clear_log_Pipeline_clear_log_key_heads_clear_log_key_blocks   |       66|       66|  0.264 us|  0.264 us|    0|    0|  loop pipeline stp|
        |grp_p_anonymous_namespace_clear_log_Pipeline_clear_log_update_heads_clear_log_update_s_fu_108  |p_anonymous_namespace_clear_log_Pipeline_clear_log_update_heads_clear_log_update_s  |      130|      130|  0.520 us|  0.520 us|    0|    0|  loop pipeline stp|
        +-----------------------------------------------------------------------------------------------+------------------------------------------------------------------------------------+---------+---------+----------+----------+-----+-----+-------------------+

        * Loop: 
        +-------------------+---------+---------+----------+-----------+-----------+------+----------+
        |                   |  Latency (cycles) | Iteration|  Initiation Interval  | Trip |          |
        |     Loop Name     |   min   |   max   |  Latency |  achieved |   target  | Count| Pipelined|
        +-------------------+---------+---------+----------+-----------+-----------+------+----------+
        |- clear_log_terms  |      264|      264|       132|          -|          -|     2|        no|
        +-------------------+---------+---------+----------+-----------+-----------+------+----------+



================================================================
== Utilization Estimates
================================================================
* Summary: 
+---------------------+---------+------+---------+---------+-----+
|         Name        | BRAM_18K|  DSP |    FF   |   LUT   | URAM|
+---------------------+---------+------+---------+---------+-----+
|DSP                  |        -|     -|        -|        -|    -|
|Expression           |        -|     -|        0|       53|    -|
|FIFO                 |        -|     -|        -|        -|    -|
|Instance             |        -|     -|       89|      448|    -|
|Memory               |        -|     -|        -|        -|    -|
|Multiplexer          |        -|     -|        0|       29|    -|
|Register             |        -|     -|       26|        -|    -|
+---------------------+---------+------+---------+---------+-----+
|Total                |        0|     0|      115|      530|    0|
+---------------------+---------+------+---------+---------+-----+
|Available SLR        |     1344|  3008|   869120|   434560|  320|
+---------------------+---------+------+---------+---------+-----+
|Utilization SLR (%)  |        0|     0|       ~0|       ~0|    0|
+---------------------+---------+------+---------+---------+-----+
|Available            |     4032|  9024|  2607360|  1303680|  960|
+---------------------+---------+------+---------+---------+-----+
|Utilization (%)      |        0|     0|       ~0|       ~0|    0|
+---------------------+---------+------+---------+---------+-----+

+ Detail: 
    * Instance: 
    +-----------------------------------------------------------------------------------------------+------------------------------------------------------------------------------------+---------+----+----+-----+-----+
    |                                            Instance                                           |                                       Module                                       | BRAM_18K| DSP| FF | LUT | URAM|
    +-----------------------------------------------------------------------------------------------+------------------------------------------------------------------------------------+---------+----+----+-----+-----+
    |grp_p_anonymous_namespace_clear_log_Pipeline_clear_log_key_heads_clear_log_key_blocks_fu_98    |p_anonymous_namespace_clear_log_Pipeline_clear_log_key_heads_clear_log_key_blocks   |        0|   0|  47|  217|    0|
    |grp_p_anonymous_namespace_clear_log_Pipeline_clear_log_update_heads_clear_log_update_s_fu_108  |p_anonymous_namespace_clear_log_Pipeline_clear_log_update_heads_clear_log_update_s  |        0|   0|  42|  231|    0|
    +-----------------------------------------------------------------------------------------------+------------------------------------------------------------------------------------+---------+----+----+-----+-----+
    |Total                                                                                          |                                                                                    |        0|   0|  89|  448|    0|
    +-----------------------------------------------------------------------------------------------+------------------------------------------------------------------------------------+---------+----+----+-----+-----+

    * DSP: 
    N/A

    * Memory: 
    N/A

    * FIFO: 
    N/A

    * Expression: 
    +---------------------------------+----------+----+---+----+------------+------------+
    |          Variable Name          | Operation| DSP| FF| LUT| Bitwidth P0| Bitwidth P1|
    +---------------------------------+----------+----+---+----+------------+------------+
    |add_ln508_fu_134_p2              |         +|   0|  0|   9|           2|           1|
    |add_ln511_fu_163_p2              |         +|   0|  0|  16|           9|           9|
    |add_ln515_1_fu_149_p2            |         +|   0|  0|  16|           9|           9|
    |icmp_ln508_fu_128_p2             |      icmp|   0|  0|  10|           2|           3|
    |ap_block_state3_on_subcall_done  |        or|   0|  0|   2|           1|           1|
    +---------------------------------+----------+----+---+----+------------+------------+
    |Total                            |          |   0|  0|  53|          23|          23|
    +---------------------------------+----------+----+---+----+------------+------------+

    * Multiplexer: 
    +------------+----+-----------+-----+-----------+
    |    Name    | LUT| Input Size| Bits| Total Bits|
    +------------+----+-----------+-----+-----------+
    |ap_NS_fsm   |  20|          4|    1|          4|
    |term_fu_64  |   9|          2|    2|          4|
    +------------+----+-----------+-----+-----------+
    |Total       |  29|          6|    3|          8|
    +------------+----+-----------+-----+-----------+

    * Register: 
    +------------------------------------------------------------------------------------------------------------+---+----+-----+-----------+
    |                                                    Name                                                    | FF| LUT| Bits| Const Bits|
    +------------------------------------------------------------------------------------------------------------+---+----+-----+-----------+
    |ap_CS_fsm                                                                                                   |  3|   0|    3|          0|
    |grp_p_anonymous_namespace_clear_log_Pipeline_clear_log_key_heads_clear_log_key_blocks_fu_98_ap_start_reg    |  1|   0|    1|          0|
    |grp_p_anonymous_namespace_clear_log_Pipeline_clear_log_update_heads_clear_log_update_s_fu_108_ap_start_reg  |  1|   0|    1|          0|
    |term_fu_64                                                                                                  |  2|   0|    2|          0|
    |tmp_9736_reg_222                                                                                            |  9|   0|   13|          4|
    |tmp_9737_reg_227                                                                                            |  9|   0|   13|          4|
    |trunc_ln508_reg_217                                                                                         |  1|   0|    1|          0|
    +------------------------------------------------------------------------------------------------------------+---+----+-----+-----------+
    |Total                                                                                                       | 26|   0|   34|          8|
    +------------------------------------------------------------------------------------------------------------+---+----+-----+-----------+



================================================================
== Interface
================================================================
* Summary: 
+---------------------------------+-----+-----+------------+--------------------------------------------------------+--------------+
|            RTL Ports            | Dir | Bits|  Protocol  |                      Source Object                     |    C Type    |
+---------------------------------+-----+-----+------------+--------------------------------------------------------+--------------+
|ap_clk                           |   in|    1|  ap_ctrl_hs|  (anonymous namespace)clear_log_Outline_clear_log_terms|  return value|
|ap_rst                           |   in|    1|  ap_ctrl_hs|  (anonymous namespace)clear_log_Outline_clear_log_terms|  return value|
|ap_start                         |   in|    1|  ap_ctrl_hs|  (anonymous namespace)clear_log_Outline_clear_log_terms|  return value|
|ap_done                          |  out|    1|  ap_ctrl_hs|  (anonymous namespace)clear_log_Outline_clear_log_terms|  return value|
|ap_idle                          |  out|    1|  ap_ctrl_hs|  (anonymous namespace)clear_log_Outline_clear_log_terms|  return value|
|ap_ready                         |  out|    1|  ap_ctrl_hs|  (anonymous namespace)clear_log_Outline_clear_log_terms|  return value|
|zext_ln508                       |   in|   15|     ap_none|                                              zext_ln508|        scalar|
|updates                          |   in|   20|     ap_none|                                                 updates|        scalar|
|add_ln520                        |   in|   16|     ap_none|                                               add_ln520|        scalar|
|empty_206                        |   in|    9|     ap_none|                                               empty_206|        scalar|
|empty                            |   in|    9|     ap_none|                                                   empty|        scalar|
|keys_address0                    |  out|   15|   ap_memory|                                                    keys|         array|
|keys_ce0                         |  out|    1|   ap_memory|                                                    keys|         array|
|keys_we0                         |  out|    1|   ap_memory|                                                    keys|         array|
|keys_d0                          |  out|  128|   ap_memory|                                                    keys|         array|
|key_scales_address0              |  out|   13|   ap_memory|                                              key_scales|         array|
|key_scales_ce0                   |  out|    1|   ap_memory|                                              key_scales|         array|
|key_scales_we0                   |  out|    1|   ap_memory|                                              key_scales|         array|
|key_scales_d0                    |  out|   32|   ap_memory|                                              key_scales|         array|
|resident_updates_address0        |  out|   16|   ap_memory|                                        resident_updates|         array|
|resident_updates_ce0             |  out|    1|   ap_memory|                                        resident_updates|         array|
|resident_updates_we0             |  out|    1|   ap_memory|                                        resident_updates|         array|
|resident_updates_d0              |  out|  128|   ap_memory|                                        resident_updates|         array|
|resident_update_scales_address0  |  out|   14|   ap_memory|                                  resident_update_scales|         array|
|resident_update_scales_ce0       |  out|    1|   ap_memory|                                  resident_update_scales|         array|
|resident_update_scales_we0       |  out|    4|   ap_memory|                                  resident_update_scales|         array|
|resident_update_scales_d0        |  out|   32|   ap_memory|                                  resident_update_scales|         array|
+---------------------------------+-----+-----+------------+--------------------------------------------------------+--------------+

