

================================================================
== Vitis HLS Report for 'p_anonymous_namespace_read_snapshot_Pipeline_read_snapshot_update_lanes'
================================================================
* Date:           Sun Aug  2 05:06:32 2026

* Version:        2025.2 (Build 6295257 on Nov 14 2025)
* Project:        gdn_e2m0_hls
* Solution:       u55c_250mhz (Vivado IP Flow Target)
* Product family: virtexuplusHBM
* Target device:  xcu55c-fsvh2892-2L-e


================================================================
== Performance Estimates
================================================================
+ Timing: 
    * Summary: 
    +--------+---------+----------+------------+
    |  Clock |  Target | Estimated| Uncertainty|
    +--------+---------+----------+------------+
    |ap_clk  |  4.00 ns|  2.920 ns|     1.08 ns|
    +--------+---------+----------+------------+

+ Latency: 
    * Summary: 
    +---------+---------+----------+----------+-----+-----+-------------------+
    |  Latency (cycles) |  Latency (absolute) |  Interval |      Pipeline     |
    |   min   |   max   |    min   |    max   | min | max |        Type       |
    +---------+---------+----------+----------+-----+-----+-------------------+
    |       40|       40|  0.160 us|  0.160 us|    0|    0|  loop pipeline stp|
    +---------+---------+----------+----------+-----+-----+-------------------+

    + Detail: 
        * Instance: 
        N/A

        * Loop: 
        +------------------------------+---------+---------+----------+-----------+-----------+------+----------+
        |                              |  Latency (cycles) | Iteration|  Initiation Interval  | Trip |          |
        |           Loop Name          |   min   |   max   |  Latency |  achieved |   target  | Count| Pipelined|
        +------------------------------+---------+---------+----------+-----------+-----------+------+----------+
        |- read_snapshot_update_lanes  |       38|       38|         8|          1|          1|    32|       yes|
        +------------------------------+---------+---------+----------+-----------+-----------+------+----------+



================================================================
== Utilization Estimates
================================================================
* Summary: 
+---------------------+---------+------+---------+---------+-----+
|         Name        | BRAM_18K|  DSP |    FF   |   LUT   | URAM|
+---------------------+---------+------+---------+---------+-----+
|DSP                  |        -|     -|        -|        -|    -|
|Expression           |        -|     -|        0|      250|    -|
|FIFO                 |        -|     -|        -|        -|    -|
|Instance             |        -|     -|        0|       34|    -|
|Memory               |        -|     -|        -|        -|    -|
|Multiplexer          |        -|     -|        0|       63|    -|
|Register             |        -|     -|       96|        -|    -|
+---------------------+---------+------+---------+---------+-----+
|Total                |        0|     0|       96|      347|    0|
+---------------------+---------+------+---------+---------+-----+
|Available SLR        |     1344|  3008|   869120|   434560|  320|
+---------------------+---------+------+---------+---------+-----+
|Utilization SLR (%)  |        0|     0|       ~0|       ~0|    0|
+---------------------+---------+------+---------+---------+-----+
|Available            |     4032|  9024|  2607360|  1303680|  960|
+---------------------+---------+------+---------+---------+-----+
|Utilization (%)      |        0|     0|       ~0|       ~0|    0|
+---------------------+---------+------+---------+---------+-----+

+ Detail: 
    * Instance: 
    +--------------------------------------+--------------------------------+---------+----+---+----+-----+
    |               Instance               |             Module             | BRAM_18K| DSP| FF| LUT| URAM|
    +--------------------------------------+--------------------------------+---------+----+---+----+-----+
    |partselect_4ns_128ns_7ns_4_1_1_U1597  |partselect_4ns_128ns_7ns_4_1_1  |        0|   0|  0|  34|    0|
    +--------------------------------------+--------------------------------+---------+----+---+----+-----+
    |Total                                 |                                |        0|   0|  0|  34|    0|
    +--------------------------------------+--------------------------------+---------+----+---+----+-----+

    * DSP: 
    N/A

    * Memory: 
    N/A

    * FIFO: 
    N/A

    * Expression: 
    +--------------------------------+----------+----+---+----+------------+------------+
    |          Variable Name         | Operation| DSP| FF| LUT| Bitwidth P0| Bitwidth P1|
    +--------------------------------+----------+----+---+----+------------+------------+
    |add_ln962_fu_160_p2             |         +|   0|  0|  13|           6|           1|
    |add_ln965_1_fu_190_p2           |         +|   0|  0|  71|          64|          64|
    |add_ln965_2_fu_196_p2           |         +|   0|  0|  64|          64|          64|
    |add_ln965_3_fu_202_p2           |         +|   0|  0|  14|           7|           7|
    |add_ln965_fu_220_p2             |         +|   0|  0|  64|          64|          64|
    |ap_block_pp0_stage0_11001_grp1  |       and|   0|  0|   2|           1|           1|
    |ap_block_pp0_stage0_11001_grp2  |       and|   0|  0|   2|           1|           1|
    |ap_block_pp0_stage0_11001_grp3  |       and|   0|  0|   2|           1|           1|
    |icmp_ln962_fu_154_p2            |      icmp|   0|  0|  14|           6|           7|
    |ap_block_pp0_stage0_11001       |        or|   0|  0|   2|           1|           1|
    |ap_enable_pp0                   |       xor|   0|  0|   2|           1|           2|
    +--------------------------------+----------+----+---+----+------------+------------+
    |Total                           |          |   0|  0| 250|         216|         213|
    +--------------------------------+----------+----+---+----+------------+------------+

    * Multiplexer: 
    +-------------------------+----+-----------+-----+-----------+
    |           Name          | LUT| Input Size| Bits| Total Bits|
    +-------------------------+----+-----------+-----+-----------+
    |ap_done_int              |   9|          2|    1|          2|
    |ap_enable_reg_pp0_iter1  |   9|          2|    1|          2|
    |ap_sig_allocacmp_lane    |   9|          2|    6|         12|
    |gmem13_blk_n_AW          |   9|          2|    1|          2|
    |gmem13_blk_n_B           |   9|          2|    1|          2|
    |gmem13_blk_n_W           |   9|          2|    1|          2|
    |lane_5_fu_78             |   9|          2|    6|         12|
    +-------------------------+----+-----------+-----+-----------+
    |Total                    |  63|         14|   17|         34|
    +-------------------------+----+-----------+-----+-----------+

    * Register: 
    +-------------------------------------------+----+----+-----+-----------+
    |                    Name                   | FF | LUT| Bits| Const Bits|
    +-------------------------------------------+----+----+-----+-----------+
    |ap_CS_fsm                                  |   1|   0|    1|          0|
    |ap_block_pp0_stage0_subdone_grp1_done_reg  |   1|   0|    1|          0|
    |ap_block_pp0_stage0_subdone_grp2_done_reg  |   1|   0|    1|          0|
    |ap_block_pp0_stage0_subdone_grp3_done_reg  |   1|   0|    1|          0|
    |ap_done_reg                                |   1|   0|    1|          0|
    |ap_enable_reg_pp0_iter1                    |   1|   0|    1|          0|
    |ap_enable_reg_pp0_iter2                    |   1|   0|    1|          0|
    |ap_enable_reg_pp0_iter3                    |   1|   0|    1|          0|
    |ap_enable_reg_pp0_iter4                    |   1|   0|    1|          0|
    |ap_enable_reg_pp0_iter5                    |   1|   0|    1|          0|
    |ap_enable_reg_pp0_iter6                    |   1|   0|    1|          0|
    |ap_enable_reg_pp0_iter7                    |   1|   0|    1|          0|
    |ap_loop_exit_ready_pp0_iter1_reg           |   1|   0|    1|          0|
    |ap_loop_exit_ready_pp0_iter2_reg           |   1|   0|    1|          0|
    |ap_loop_exit_ready_pp0_iter3_reg           |   1|   0|    1|          0|
    |ap_loop_exit_ready_pp0_iter4_reg           |   1|   0|    1|          0|
    |ap_loop_exit_ready_pp0_iter5_reg           |   1|   0|    1|          0|
    |ap_loop_exit_ready_pp0_iter6_reg           |   1|   0|    1|          0|
    |gmem13_addr_reg_257                        |  64|   0|   64|          0|
    |lane_5_fu_78                               |   6|   0|    6|          0|
    |tmp_5_reg_252                              |   4|   0|    4|          0|
    |tmp_5_reg_252_pp0_iter1_reg                |   4|   0|    4|          0|
    +-------------------------------------------+----+----+-----+-----------+
    |Total                                      |  96|   0|   96|          0|
    +-------------------------------------------+----+----+-----+-----------+



================================================================
== Interface
================================================================
* Summary: 
+-------------------------+-----+-----+------------+------------------------------------------------------------------------+--------------+
|        RTL Ports        | Dir | Bits|  Protocol  |                              Source Object                             |    C Type    |
+-------------------------+-----+-----+------------+------------------------------------------------------------------------+--------------+
|ap_clk                   |   in|    1|  ap_ctrl_hs|  (anonymous namespace)read_snapshot_Pipeline_read_snapshot_update_lanes|  return value|
|ap_rst                   |   in|    1|  ap_ctrl_hs|  (anonymous namespace)read_snapshot_Pipeline_read_snapshot_update_lanes|  return value|
|ap_start                 |   in|    1|  ap_ctrl_hs|  (anonymous namespace)read_snapshot_Pipeline_read_snapshot_update_lanes|  return value|
|ap_done                  |  out|    1|  ap_ctrl_hs|  (anonymous namespace)read_snapshot_Pipeline_read_snapshot_update_lanes|  return value|
|ap_idle                  |  out|    1|  ap_ctrl_hs|  (anonymous namespace)read_snapshot_Pipeline_read_snapshot_update_lanes|  return value|
|ap_ready                 |  out|    1|  ap_ctrl_hs|  (anonymous namespace)read_snapshot_Pipeline_read_snapshot_update_lanes|  return value|
|m_axi_gmem13_0_AWVALID   |  out|    1|       m_axi|                                                                  gmem13|       pointer|
|m_axi_gmem13_0_AWREADY   |   in|    1|       m_axi|                                                                  gmem13|       pointer|
|m_axi_gmem13_0_AWADDR    |  out|   64|       m_axi|                                                                  gmem13|       pointer|
|m_axi_gmem13_0_AWID      |  out|    1|       m_axi|                                                                  gmem13|       pointer|
|m_axi_gmem13_0_AWLEN     |  out|   32|       m_axi|                                                                  gmem13|       pointer|
|m_axi_gmem13_0_AWSIZE    |  out|    3|       m_axi|                                                                  gmem13|       pointer|
|m_axi_gmem13_0_AWBURST   |  out|    2|       m_axi|                                                                  gmem13|       pointer|
|m_axi_gmem13_0_AWLOCK    |  out|    2|       m_axi|                                                                  gmem13|       pointer|
|m_axi_gmem13_0_AWCACHE   |  out|    4|       m_axi|                                                                  gmem13|       pointer|
|m_axi_gmem13_0_AWPROT    |  out|    3|       m_axi|                                                                  gmem13|       pointer|
|m_axi_gmem13_0_AWQOS     |  out|    4|       m_axi|                                                                  gmem13|       pointer|
|m_axi_gmem13_0_AWREGION  |  out|    4|       m_axi|                                                                  gmem13|       pointer|
|m_axi_gmem13_0_AWUSER    |  out|    1|       m_axi|                                                                  gmem13|       pointer|
|m_axi_gmem13_0_WVALID    |  out|    1|       m_axi|                                                                  gmem13|       pointer|
|m_axi_gmem13_0_WREADY    |   in|    1|       m_axi|                                                                  gmem13|       pointer|
|m_axi_gmem13_0_WDATA     |  out|    8|       m_axi|                                                                  gmem13|       pointer|
|m_axi_gmem13_0_WSTRB     |  out|    1|       m_axi|                                                                  gmem13|       pointer|
|m_axi_gmem13_0_WLAST     |  out|    1|       m_axi|                                                                  gmem13|       pointer|
|m_axi_gmem13_0_WID       |  out|    1|       m_axi|                                                                  gmem13|       pointer|
|m_axi_gmem13_0_WUSER     |  out|    1|       m_axi|                                                                  gmem13|       pointer|
|m_axi_gmem13_0_ARVALID   |  out|    1|       m_axi|                                                                  gmem13|       pointer|
|m_axi_gmem13_0_ARREADY   |   in|    1|       m_axi|                                                                  gmem13|       pointer|
|m_axi_gmem13_0_ARADDR    |  out|   64|       m_axi|                                                                  gmem13|       pointer|
|m_axi_gmem13_0_ARID      |  out|    1|       m_axi|                                                                  gmem13|       pointer|
|m_axi_gmem13_0_ARLEN     |  out|   32|       m_axi|                                                                  gmem13|       pointer|
|m_axi_gmem13_0_ARSIZE    |  out|    3|       m_axi|                                                                  gmem13|       pointer|
|m_axi_gmem13_0_ARBURST   |  out|    2|       m_axi|                                                                  gmem13|       pointer|
|m_axi_gmem13_0_ARLOCK    |  out|    2|       m_axi|                                                                  gmem13|       pointer|
|m_axi_gmem13_0_ARCACHE   |  out|    4|       m_axi|                                                                  gmem13|       pointer|
|m_axi_gmem13_0_ARPROT    |  out|    3|       m_axi|                                                                  gmem13|       pointer|
|m_axi_gmem13_0_ARQOS     |  out|    4|       m_axi|                                                                  gmem13|       pointer|
|m_axi_gmem13_0_ARREGION  |  out|    4|       m_axi|                                                                  gmem13|       pointer|
|m_axi_gmem13_0_ARUSER    |  out|    1|       m_axi|                                                                  gmem13|       pointer|
|m_axi_gmem13_0_RVALID    |   in|    1|       m_axi|                                                                  gmem13|       pointer|
|m_axi_gmem13_0_RREADY    |  out|    1|       m_axi|                                                                  gmem13|       pointer|
|m_axi_gmem13_0_RDATA     |   in|    8|       m_axi|                                                                  gmem13|       pointer|
|m_axi_gmem13_0_RLAST     |   in|    1|       m_axi|                                                                  gmem13|       pointer|
|m_axi_gmem13_0_RID       |   in|    1|       m_axi|                                                                  gmem13|       pointer|
|m_axi_gmem13_0_RFIFONUM  |   in|   11|       m_axi|                                                                  gmem13|       pointer|
|m_axi_gmem13_0_RUSER     |   in|    1|       m_axi|                                                                  gmem13|       pointer|
|m_axi_gmem13_0_RRESP     |   in|    2|       m_axi|                                                                  gmem13|       pointer|
|m_axi_gmem13_0_BVALID    |   in|    1|       m_axi|                                                                  gmem13|       pointer|
|m_axi_gmem13_0_BREADY    |  out|    1|       m_axi|                                                                  gmem13|       pointer|
|m_axi_gmem13_0_BRESP     |   in|    2|       m_axi|                                                                  gmem13|       pointer|
|m_axi_gmem13_0_BID       |   in|    1|       m_axi|                                                                  gmem13|       pointer|
|m_axi_gmem13_0_BUSER     |   in|    1|       m_axi|                                                                  gmem13|       pointer|
|word_8                   |   in|  128|     ap_none|                                                                  word_8|        scalar|
|zext_ln956               |   in|   13|     ap_none|                                                              zext_ln956|        scalar|
|updates_out              |   in|   64|     ap_none|                                                             updates_out|        scalar|
|zext_ln939               |   in|   16|     ap_none|                                                              zext_ln939|        scalar|
|shl_ln35_5               |   in|    7|     ap_none|                                                              shl_ln35_5|        scalar|
|empty                    |   in|    5|     ap_none|                                                                   empty|        scalar|
+-------------------------+-----+-----+------------+------------------------------------------------------------------------+--------------+

