

================================================================
== Vitis HLS Report for 'p_anonymous_namespace_read_snapshot_Outline_read_snapshot_key_heads'
================================================================
* Date:           Sun Aug  2 05:06:32 2026

* Version:        2025.2 (Build 6295257 on Nov 14 2025)
* Project:        gdn_e2m0_hls
* Solution:       u55c_250mhz (Vivado IP Flow Target)
* Product family: virtexuplusHBM
* Target device:  xcu55c-fsvh2892-2L-e


================================================================
== Performance Estimates
================================================================
+ Timing: 
    * Summary: 
    +--------+---------+----------+------------+
    |  Clock |  Target | Estimated| Uncertainty|
    +--------+---------+----------+------------+
    |ap_clk  |  4.00 ns|  2.920 ns|     1.08 ns|
    +--------+---------+----------+------------+

+ Latency: 
    * Summary: 
    +---------+---------+-----------+-----------+------+------+---------+
    |  Latency (cycles) |   Latency (absolute)  |   Interval  | Pipeline|
    |   min   |   max   |    min    |    max    |  min |  max |   Type  |
    +---------+---------+-----------+-----------+------+------+---------+
    |     3249|     3249|  12.996 us|  12.996 us|  3249|  3249|       no|
    +---------+---------+-----------+-----------+------+------+---------+

    + Detail: 
        * Instance: 
        +---------------------------------------------------------------------------------+----------------------------------------------------------------------+---------+---------+----------+----------+-----+-----+-------------------+
        |                                                                                 |                                                                      |  Latency (cycles) |  Latency (absolute) |  Interval |      Pipeline     |
        |                                     Instance                                    |                                Module                                |   min   |   max   |    min   |    max   | min | max |        Type       |
        +---------------------------------------------------------------------------------+----------------------------------------------------------------------+---------+---------+----------+----------+-----+-----+-------------------+
        |grp_p_anonymous_namespace_read_snapshot_Pipeline_read_snapshot_key_lanes_fu_207  |p_anonymous_namespace_read_snapshot_Pipeline_read_snapshot_key_lanes  |       40|       40|  0.160 us|  0.160 us|    0|    0|  loop pipeline stp|
        +---------------------------------------------------------------------------------+----------------------------------------------------------------------+---------+---------+----------+----------+-----+-----+-------------------+

        * Loop: 
        +-----------------------------+---------+---------+----------+-----------+-----------+------+----------+
        |                             |  Latency (cycles) | Iteration|  Initiation Interval  | Trip |          |
        |          Loop Name          |   min   |   max   |  Latency |  achieved |   target  | Count| Pipelined|
        +-----------------------------+---------+---------+----------+-----------+-----------+------+----------+
        |- read_snapshot_key_heads    |     3248|     3248|       203|          -|          -|    16|        no|
        | + read_snapshot_key_blocks  |      200|      200|        50|          -|          -|     4|        no|
        +-----------------------------+---------+---------+----------+-----------+-----------+------+----------+



================================================================
== Utilization Estimates
================================================================
* Summary: 
+---------------------+---------+------+---------+---------+-----+
|         Name        | BRAM_18K|  DSP |    FF   |   LUT   | URAM|
+---------------------+---------+------+---------+---------+-----+
|DSP                  |        -|     -|        -|        -|    -|
|Expression           |        -|     -|        0|      173|    -|
|FIFO                 |        -|     -|        -|        -|    -|
|Instance             |        -|     -|       96|      356|    -|
|Memory               |        -|     -|        -|        -|    -|
|Multiplexer          |        -|     -|        0|      316|    -|
|Register             |        -|     -|      315|        -|    -|
+---------------------+---------+------+---------+---------+-----+
|Total                |        0|     0|      411|      845|    0|
+---------------------+---------+------+---------+---------+-----+
|Available SLR        |     1344|  3008|   869120|   434560|  320|
+---------------------+---------+------+---------+---------+-----+
|Utilization SLR (%)  |        0|     0|       ~0|       ~0|    0|
+---------------------+---------+------+---------+---------+-----+
|Available            |     4032|  9024|  2607360|  1303680|  960|
+---------------------+---------+------+---------+---------+-----+
|Utilization (%)      |        0|     0|       ~0|       ~0|    0|
+---------------------+---------+------+---------+---------+-----+

+ Detail: 
    * Instance: 
    +---------------------------------------------------------------------------------+----------------------------------------------------------------------+---------+----+----+-----+-----+
    |                                     Instance                                    |                                Module                                | BRAM_18K| DSP| FF | LUT | URAM|
    +---------------------------------------------------------------------------------+----------------------------------------------------------------------+---------+----+----+-----+-----+
    |grp_p_anonymous_namespace_read_snapshot_Pipeline_read_snapshot_key_lanes_fu_207  |p_anonymous_namespace_read_snapshot_Pipeline_read_snapshot_key_lanes  |        0|   0|  96|  347|    0|
    |partselect_8ns_32ns_5ns_8_1_1_U1587                                              |partselect_8ns_32ns_5ns_8_1_1                                         |        0|   0|   0|    9|    0|
    +---------------------------------------------------------------------------------+----------------------------------------------------------------------+---------+----+----+-----+-----+
    |Total                                                                            |                                                                      |        0|   0|  96|  356|    0|
    +---------------------------------------------------------------------------------+----------------------------------------------------------------------+---------+----+----+-----+-----+

    * DSP: 
    N/A

    * Memory: 
    N/A

    * FIFO: 
    N/A

    * Expression: 
    +-----------------------+----------+----+---+----+------------+------------+
    |     Variable Name     | Operation| DSP| FF| LUT| Bitwidth P0| Bitwidth P1|
    +-----------------------+----------+----+---+----+------------+------------+
    |add_ln941_fu_233_p2    |         +|   0|  0|  12|           5|           1|
    |add_ln943_fu_277_p2    |         +|   0|  0|  10|           3|           1|
    |add_ln944_2_fu_315_p2  |         +|   0|  0|  13|           6|           6|
    |add_ln944_fu_331_p2    |         +|   0|  0|  71|          64|          64|
    |add_ln951_1_fu_287_p2  |         +|   0|  0|  22|          15|          15|
    |add_ln951_fu_243_p2    |         +|   0|  0|  20|          13|          13|
    |icmp_ln941_fu_227_p2   |      icmp|   0|  0|  13|           5|           6|
    |icmp_ln943_fu_271_p2   |      icmp|   0|  0|  12|           3|           4|
    +-----------------------+----------+----+---+----+------------+------------+
    |Total                  |          |   0|  0| 173|         114|         110|
    +-----------------------+----------+----+---+----+------------+------------+

    * Multiplexer: 
    +-------------------------+----+-----------+-----+-----------+
    |           Name          | LUT| Input Size| Bits| Total Bits|
    +-------------------------+----+-----------+-----+-----------+
    |ap_NS_fsm                |  65|         14|    1|         14|
    |block_reg_196            |   9|          2|    3|          6|
    |gmem12_blk_n_AW          |   9|          2|    1|          2|
    |gmem12_blk_n_B           |   9|          2|    1|          2|
    |gmem12_blk_n_W           |   9|          2|    1|          2|
    |head_8_fu_110            |   9|          2|    5|         10|
    |m_axi_gmem12_0_AWADDR    |  14|          3|   64|        192|
    |m_axi_gmem12_0_AWBURST   |   9|          2|    2|          4|
    |m_axi_gmem12_0_AWCACHE   |   9|          2|    4|          8|
    |m_axi_gmem12_0_AWID      |   9|          2|    1|          2|
    |m_axi_gmem12_0_AWLEN     |  14|          3|   32|         96|
    |m_axi_gmem12_0_AWLOCK    |   9|          2|    2|          4|
    |m_axi_gmem12_0_AWPROT    |   9|          2|    3|          6|
    |m_axi_gmem12_0_AWQOS     |   9|          2|    4|          8|
    |m_axi_gmem12_0_AWREGION  |   9|          2|    4|          8|
    |m_axi_gmem12_0_AWSIZE    |   9|          2|    3|          6|
    |m_axi_gmem12_0_AWUSER    |   9|          2|    1|          2|
    |m_axi_gmem12_0_AWVALID   |  14|          3|    1|          3|
    |m_axi_gmem12_0_BREADY    |  14|          3|    1|          3|
    |m_axi_gmem12_0_WDATA     |  14|          3|    8|         24|
    |m_axi_gmem12_0_WID       |   9|          2|    1|          2|
    |m_axi_gmem12_0_WLAST     |   9|          2|    1|          2|
    |m_axi_gmem12_0_WSTRB     |  14|          3|    1|          3|
    |m_axi_gmem12_0_WUSER     |   9|          2|    1|          2|
    |m_axi_gmem12_0_WVALID    |  14|          3|    1|          3|
    +-------------------------+----+-----------+-----+-----------+
    |Total                    | 316|         69|  147|        414|
    +-------------------------+----+-----------+-----+-----------+

    * Register: 
    +----------------------------------------------------------------------------------------------+-----+----+-----+-----------+
    |                                             Name                                             |  FF | LUT| Bits| Const Bits|
    +----------------------------------------------------------------------------------------------+-----+----+-----+-----------+
    |add_ln941_reg_398                                                                             |    5|   0|    5|          0|
    |add_ln943_reg_437                                                                             |    3|   0|    3|          0|
    |add_ln951_1_reg_442                                                                           |   15|   0|   15|          0|
    |add_ln951_reg_403                                                                             |   13|   0|   13|          0|
    |ap_CS_fsm                                                                                     |   13|   0|   13|          0|
    |block_reg_196                                                                                 |    3|   0|    3|          0|
    |gmem12_addr_reg_457                                                                           |   64|   0|   64|          0|
    |grp_p_anonymous_namespace_read_snapshot_Pipeline_read_snapshot_key_lanes_fu_207_ap_start_reg  |    1|   0|    1|          0|
    |head_8_fu_110                                                                                 |    5|   0|    5|          0|
    |keys_load_reg_469                                                                             |  128|   0|  128|          0|
    |shl_ln35_4_reg_474                                                                            |    2|   0|    7|          5|
    |shl_ln_reg_424                                                                                |    4|   0|    6|          2|
    |tmp_2_reg_452                                                                                 |    8|   0|    8|          0|
    |tmp_52_reg_419                                                                                |   13|   0|   15|          2|
    |trunc_ln35_reg_447                                                                            |    2|   0|    2|          0|
    |trunc_ln945_reg_413                                                                           |    4|   0|    4|          0|
    |word_reg_429                                                                                  |   32|   0|   32|          0|
    +----------------------------------------------------------------------------------------------+-----+----+-----+-----------+
    |Total                                                                                         |  315|   0|  324|          9|
    +----------------------------------------------------------------------------------------------+-----+----+-----+-----------+



================================================================
== Interface
================================================================
* Summary: 
+-------------------------+-----+-----+------------+--------------------------------------------------------------------+--------------+
|        RTL Ports        | Dir | Bits|  Protocol  |                            Source Object                           |    C Type    |
+-------------------------+-----+-----+------------+--------------------------------------------------------------------+--------------+
|ap_clk                   |   in|    1|  ap_ctrl_hs|  (anonymous namespace)read_snapshot_Outline_read_snapshot_key_heads|  return value|
|ap_rst                   |   in|    1|  ap_ctrl_hs|  (anonymous namespace)read_snapshot_Outline_read_snapshot_key_heads|  return value|
|ap_start                 |   in|    1|  ap_ctrl_hs|  (anonymous namespace)read_snapshot_Outline_read_snapshot_key_heads|  return value|
|ap_done                  |  out|    1|  ap_ctrl_hs|  (anonymous namespace)read_snapshot_Outline_read_snapshot_key_heads|  return value|
|ap_idle                  |  out|    1|  ap_ctrl_hs|  (anonymous namespace)read_snapshot_Outline_read_snapshot_key_heads|  return value|
|ap_ready                 |  out|    1|  ap_ctrl_hs|  (anonymous namespace)read_snapshot_Outline_read_snapshot_key_heads|  return value|
|empty_199                |   in|   13|     ap_none|                                                           empty_199|        scalar|
|key_scales_address0      |  out|   13|   ap_memory|                                                          key_scales|         array|
|key_scales_ce0           |  out|    1|   ap_memory|                                                          key_scales|         array|
|key_scales_q0            |   in|   32|   ap_memory|                                                          key_scales|         array|
|keys_address0            |  out|   15|   ap_memory|                                                                keys|         array|
|keys_ce0                 |  out|    1|   ap_memory|                                                                keys|         array|
|keys_q0                  |   in|  128|   ap_memory|                                                                keys|         array|
|empty                    |   in|    1|     ap_none|                                                               empty|        scalar|
|add_ln944_1              |   in|   64|     ap_none|                                                         add_ln944_1|        scalar|
|m_axi_gmem12_0_AWVALID   |  out|    1|       m_axi|                                                              gmem12|       pointer|
|m_axi_gmem12_0_AWREADY   |   in|    1|       m_axi|                                                              gmem12|       pointer|
|m_axi_gmem12_0_AWADDR    |  out|   64|       m_axi|                                                              gmem12|       pointer|
|m_axi_gmem12_0_AWID      |  out|    1|       m_axi|                                                              gmem12|       pointer|
|m_axi_gmem12_0_AWLEN     |  out|   32|       m_axi|                                                              gmem12|       pointer|
|m_axi_gmem12_0_AWSIZE    |  out|    3|       m_axi|                                                              gmem12|       pointer|
|m_axi_gmem12_0_AWBURST   |  out|    2|       m_axi|                                                              gmem12|       pointer|
|m_axi_gmem12_0_AWLOCK    |  out|    2|       m_axi|                                                              gmem12|       pointer|
|m_axi_gmem12_0_AWCACHE   |  out|    4|       m_axi|                                                              gmem12|       pointer|
|m_axi_gmem12_0_AWPROT    |  out|    3|       m_axi|                                                              gmem12|       pointer|
|m_axi_gmem12_0_AWQOS     |  out|    4|       m_axi|                                                              gmem12|       pointer|
|m_axi_gmem12_0_AWREGION  |  out|    4|       m_axi|                                                              gmem12|       pointer|
|m_axi_gmem12_0_AWUSER    |  out|    1|       m_axi|                                                              gmem12|       pointer|
|m_axi_gmem12_0_WVALID    |  out|    1|       m_axi|                                                              gmem12|       pointer|
|m_axi_gmem12_0_WREADY    |   in|    1|       m_axi|                                                              gmem12|       pointer|
|m_axi_gmem12_0_WDATA     |  out|    8|       m_axi|                                                              gmem12|       pointer|
|m_axi_gmem12_0_WSTRB     |  out|    1|       m_axi|                                                              gmem12|       pointer|
|m_axi_gmem12_0_WLAST     |  out|    1|       m_axi|                                                              gmem12|       pointer|
|m_axi_gmem12_0_WID       |  out|    1|       m_axi|                                                              gmem12|       pointer|
|m_axi_gmem12_0_WUSER     |  out|    1|       m_axi|                                                              gmem12|       pointer|
|m_axi_gmem12_0_ARVALID   |  out|    1|       m_axi|                                                              gmem12|       pointer|
|m_axi_gmem12_0_ARREADY   |   in|    1|       m_axi|                                                              gmem12|       pointer|
|m_axi_gmem12_0_ARADDR    |  out|   64|       m_axi|                                                              gmem12|       pointer|
|m_axi_gmem12_0_ARID      |  out|    1|       m_axi|                                                              gmem12|       pointer|
|m_axi_gmem12_0_ARLEN     |  out|   32|       m_axi|                                                              gmem12|       pointer|
|m_axi_gmem12_0_ARSIZE    |  out|    3|       m_axi|                                                              gmem12|       pointer|
|m_axi_gmem12_0_ARBURST   |  out|    2|       m_axi|                                                              gmem12|       pointer|
|m_axi_gmem12_0_ARLOCK    |  out|    2|       m_axi|                                                              gmem12|       pointer|
|m_axi_gmem12_0_ARCACHE   |  out|    4|       m_axi|                                                              gmem12|       pointer|
|m_axi_gmem12_0_ARPROT    |  out|    3|       m_axi|                                                              gmem12|       pointer|
|m_axi_gmem12_0_ARQOS     |  out|    4|       m_axi|                                                              gmem12|       pointer|
|m_axi_gmem12_0_ARREGION  |  out|    4|       m_axi|                                                              gmem12|       pointer|
|m_axi_gmem12_0_ARUSER    |  out|    1|       m_axi|                                                              gmem12|       pointer|
|m_axi_gmem12_0_RVALID    |   in|    1|       m_axi|                                                              gmem12|       pointer|
|m_axi_gmem12_0_RREADY    |  out|    1|       m_axi|                                                              gmem12|       pointer|
|m_axi_gmem12_0_RDATA     |   in|    8|       m_axi|                                                              gmem12|       pointer|
|m_axi_gmem12_0_RLAST     |   in|    1|       m_axi|                                                              gmem12|       pointer|
|m_axi_gmem12_0_RID       |   in|    1|       m_axi|                                                              gmem12|       pointer|
|m_axi_gmem12_0_RFIFONUM  |   in|   11|       m_axi|                                                              gmem12|       pointer|
|m_axi_gmem12_0_RUSER     |   in|    1|       m_axi|                                                              gmem12|       pointer|
|m_axi_gmem12_0_RRESP     |   in|    2|       m_axi|                                                              gmem12|       pointer|
|m_axi_gmem12_0_BVALID    |   in|    1|       m_axi|                                                              gmem12|       pointer|
|m_axi_gmem12_0_BREADY    |  out|    1|       m_axi|                                                              gmem12|       pointer|
|m_axi_gmem12_0_BRESP     |   in|    2|       m_axi|                                                              gmem12|       pointer|
|m_axi_gmem12_0_BID       |   in|    1|       m_axi|                                                              gmem12|       pointer|
|m_axi_gmem12_0_BUSER     |   in|    1|       m_axi|                                                              gmem12|       pointer|
|zext_ln941_5             |   in|   12|     ap_none|                                                        zext_ln941_5|        scalar|
|keys_out                 |   in|   64|     ap_none|                                                            keys_out|        scalar|
|zext_ln941_1             |   in|   15|     ap_none|                                                        zext_ln941_1|        scalar|
+-------------------------+-----+-----+------------+--------------------------------------------------------------------+--------------+

