

================================================================
== Vitis HLS Report for 'p_anonymous_namespace_load_snapshot_Outline_load_snapshot_terms'
================================================================
* Date:           Sun Aug  2 05:05:43 2026

* Version:        2025.2 (Build 6295257 on Nov 14 2025)
* Project:        gdn_e2m0_hls
* Solution:       u55c_250mhz (Vivado IP Flow Target)
* Product family: virtexuplusHBM
* Target device:  xcu55c-fsvh2892-2L-e


================================================================
== Performance Estimates
================================================================
+ Timing: 
    * Summary: 
    +--------+---------+----------+------------+
    |  Clock |  Target | Estimated| Uncertainty|
    +--------+---------+----------+------------+
    |ap_clk  |  4.00 ns|  2.920 ns|     1.08 ns|
    +--------+---------+----------+------------+

+ Latency: 
    * Summary: 
    +---------+---------+-----------+-----------+-------+-------+---------+
    |  Latency (cycles) |   Latency (absolute)  |    Interval   | Pipeline|
    |   min   |   max   |    min    |    max    |  min  |  max  |   Type  |
    +---------+---------+-----------+-----------+-------+-------+---------+
    |    14215|    14215|  56.860 us|  56.860 us|  14215|  14215|       no|
    +---------+---------+-----------+-----------+-------+-------+---------+

    + Detail: 
        * Instance: 
        +-----------------------------------------------------------------------------------+------------------------------------------------------------------------+---------+---------+-----------+-----------+------+------+---------+
        |                                                                                   |                                                                        |  Latency (cycles) |   Latency (absolute)  |   Interval  | Pipeline|
        |                                      Instance                                     |                                 Module                                 |   min   |   max   |    min    |    max    |  min |  max |   Type  |
        +-----------------------------------------------------------------------------------+------------------------------------------------------------------------+---------+---------+-----------+-----------+------+------+---------+
        |grp_p_anonymous_namespace_load_snapshot_Outline_load_snapshot_key_heads_fu_162     |p_anonymous_namespace_load_snapshot_Outline_load_snapshot_key_heads     |     3553|     3553|  14.212 us|  14.212 us|  3553|  3553|       no|
        |grp_p_anonymous_namespace_load_snapshot_Outline_load_snapshot_update_heads_fu_178  |p_anonymous_namespace_load_snapshot_Outline_load_snapshot_update_heads  |     7105|     7105|  28.420 us|  28.420 us|  7105|  7105|       no|
        +-----------------------------------------------------------------------------------+------------------------------------------------------------------------+---------+---------+-----------+-----------+------+------+---------+

        * Loop: 
        +-----------------------+---------+---------+----------+-----------+-----------+------+----------+
        |                       |  Latency (cycles) | Iteration|  Initiation Interval  | Trip |          |
        |       Loop Name       |   min   |   max   |  Latency |  achieved |   target  | Count| Pipelined|
        +-----------------------+---------+---------+----------+-----------+-----------+------+----------+
        |- load_snapshot_terms  |    14214|    14214|      7107|          -|          -|     2|        no|
        +-----------------------+---------+---------+----------+-----------+-----------+------+----------+



================================================================
== Utilization Estimates
================================================================
* Summary: 
+---------------------+---------+------+---------+---------+-----+
|         Name        | BRAM_18K|  DSP |    FF   |   LUT   | URAM|
+---------------------+---------+------+---------+---------+-----+
|DSP                  |        -|     -|        -|        -|    -|
|Expression           |        -|     -|        0|       37|    -|
|FIFO                 |        -|     -|        -|        -|    -|
|Instance             |        -|     -|     1075|     2186|    -|
|Memory               |        -|     -|        -|        -|    -|
|Multiplexer          |        -|     -|        0|       29|    -|
|Register             |        -|     -|       19|        -|    -|
+---------------------+---------+------+---------+---------+-----+
|Total                |        0|     0|     1094|     2252|    0|
+---------------------+---------+------+---------+---------+-----+
|Available SLR        |     1344|  3008|   869120|   434560|  320|
+---------------------+---------+------+---------+---------+-----+
|Utilization SLR (%)  |        0|     0|       ~0|       ~0|    0|
+---------------------+---------+------+---------+---------+-----+
|Available            |     4032|  9024|  2607360|  1303680|  960|
+---------------------+---------+------+---------+---------+-----+
|Utilization (%)      |        0|     0|       ~0|       ~0|    0|
+---------------------+---------+------+---------+---------+-----+

+ Detail: 
    * Instance: 
    +-----------------------------------------------------------------------------------+------------------------------------------------------------------------+---------+----+-----+------+-----+
    |                                      Instance                                     |                                 Module                                 | BRAM_18K| DSP|  FF |  LUT | URAM|
    +-----------------------------------------------------------------------------------+------------------------------------------------------------------------+---------+----+-----+------+-----+
    |grp_p_anonymous_namespace_load_snapshot_Outline_load_snapshot_key_heads_fu_162     |p_anonymous_namespace_load_snapshot_Outline_load_snapshot_key_heads     |        0|   0|  548|  1083|    0|
    |grp_p_anonymous_namespace_load_snapshot_Outline_load_snapshot_update_heads_fu_178  |p_anonymous_namespace_load_snapshot_Outline_load_snapshot_update_heads  |        0|   0|  527|  1103|    0|
    +-----------------------------------------------------------------------------------+------------------------------------------------------------------------+---------+----+-----+------+-----+
    |Total                                                                              |                                                                        |        0|   0| 1075|  2186|    0|
    +-----------------------------------------------------------------------------------+------------------------------------------------------------------------+---------+----+-----+------+-----+

    * DSP: 
    N/A

    * Memory: 
    N/A

    * FIFO: 
    N/A

    * Expression: 
    +---------------------------------+----------+----+---+----+------------+------------+
    |          Variable Name          | Operation| DSP| FF| LUT| Bitwidth P0| Bitwidth P1|
    +---------------------------------+----------+----+---+----+------------+------------+
    |add_ln839_fu_209_p2              |         +|   0|  0|   9|           2|           1|
    |add_ln855_fu_219_p2              |         +|   0|  0|  16|           9|           9|
    |icmp_ln839_fu_203_p2             |      icmp|   0|  0|  10|           2|           3|
    |ap_block_state3_on_subcall_done  |        or|   0|  0|   2|           1|           1|
    +---------------------------------+----------+----+---+----+------------+------------+
    |Total                            |          |   0|  0|  37|          14|          14|
    +---------------------------------+----------+----+---+----+------------+------------+

    * Multiplexer: 
    +-------------+----+-----------+-----+-----------+
    |     Name    | LUT| Input Size| Bits| Total Bits|
    +-------------+----+-----------+-----+-----------+
    |ap_NS_fsm    |  20|          4|    1|          4|
    |term_fu_104  |   9|          2|    2|          4|
    +-------------+----+-----------+-----+-----------+
    |Total        |  29|          6|    3|          8|
    +-------------+----+-----------+-----+-----------+

    * Register: 
    +------------------------------------------------------------------------------------------------+---+----+-----+-----------+
    |                                              Name                                              | FF| LUT| Bits| Const Bits|
    +------------------------------------------------------------------------------------------------+---+----+-----+-----------+
    |ap_CS_fsm                                                                                       |  3|   0|    3|          0|
    |grp_p_anonymous_namespace_load_snapshot_Outline_load_snapshot_key_heads_fu_162_ap_start_reg     |  1|   0|    1|          0|
    |grp_p_anonymous_namespace_load_snapshot_Outline_load_snapshot_update_heads_fu_178_ap_start_reg  |  1|   0|    1|          0|
    |shl_ln841_2_reg_328                                                                             |  1|   0|   12|         11|
    |shl_ln841_5_reg_333                                                                             |  1|   0|   13|         12|
    |term_fu_104                                                                                     |  2|   0|    2|          0|
    |tmp_9628_reg_317                                                                                |  9|   0|   13|          4|
    |trunc_ln841_reg_322                                                                             |  1|   0|    1|          0|
    +------------------------------------------------------------------------------------------------+---+----+-----+-----------+
    |Total                                                                                           | 19|   0|   46|         27|
    +------------------------------------------------------------------------------------------------+---+----+-----+-----------+



================================================================
== Interface
================================================================
* Summary: 
+---------------------------------+-----+-----+------------+----------------------------------------------------------------+--------------+
|            RTL Ports            | Dir | Bits|  Protocol  |                          Source Object                         |    C Type    |
+---------------------------------+-----+-----+------------+----------------------------------------------------------------+--------------+
|ap_clk                           |   in|    1|  ap_ctrl_hs|  (anonymous namespace)load_snapshot_Outline_load_snapshot_terms|  return value|
|ap_rst                           |   in|    1|  ap_ctrl_hs|  (anonymous namespace)load_snapshot_Outline_load_snapshot_terms|  return value|
|ap_start                         |   in|    1|  ap_ctrl_hs|  (anonymous namespace)load_snapshot_Outline_load_snapshot_terms|  return value|
|ap_done                          |  out|    1|  ap_ctrl_hs|  (anonymous namespace)load_snapshot_Outline_load_snapshot_terms|  return value|
|ap_idle                          |  out|    1|  ap_ctrl_hs|  (anonymous namespace)load_snapshot_Outline_load_snapshot_terms|  return value|
|ap_ready                         |  out|    1|  ap_ctrl_hs|  (anonymous namespace)load_snapshot_Outline_load_snapshot_terms|  return value|
|empty                            |   in|    9|     ap_none|                                                           empty|        scalar|
|key_scales_address0              |  out|   13|   ap_memory|                                                      key_scales|         array|
|key_scales_ce0                   |  out|    1|   ap_memory|                                                      key_scales|         array|
|key_scales_we0                   |  out|    1|   ap_memory|                                                      key_scales|         array|
|key_scales_d0                    |  out|   32|   ap_memory|                                                      key_scales|         array|
|tmp11                            |   in|   64|     ap_none|                                                           tmp11|        scalar|
|m_axi_gmem6_0_AWVALID            |  out|    1|       m_axi|                                                           gmem6|       pointer|
|m_axi_gmem6_0_AWREADY            |   in|    1|       m_axi|                                                           gmem6|       pointer|
|m_axi_gmem6_0_AWADDR             |  out|   64|       m_axi|                                                           gmem6|       pointer|
|m_axi_gmem6_0_AWID               |  out|    1|       m_axi|                                                           gmem6|       pointer|
|m_axi_gmem6_0_AWLEN              |  out|   32|       m_axi|                                                           gmem6|       pointer|
|m_axi_gmem6_0_AWSIZE             |  out|    3|       m_axi|                                                           gmem6|       pointer|
|m_axi_gmem6_0_AWBURST            |  out|    2|       m_axi|                                                           gmem6|       pointer|
|m_axi_gmem6_0_AWLOCK             |  out|    2|       m_axi|                                                           gmem6|       pointer|
|m_axi_gmem6_0_AWCACHE            |  out|    4|       m_axi|                                                           gmem6|       pointer|
|m_axi_gmem6_0_AWPROT             |  out|    3|       m_axi|                                                           gmem6|       pointer|
|m_axi_gmem6_0_AWQOS              |  out|    4|       m_axi|                                                           gmem6|       pointer|
|m_axi_gmem6_0_AWREGION           |  out|    4|       m_axi|                                                           gmem6|       pointer|
|m_axi_gmem6_0_AWUSER             |  out|    1|       m_axi|                                                           gmem6|       pointer|
|m_axi_gmem6_0_WVALID             |  out|    1|       m_axi|                                                           gmem6|       pointer|
|m_axi_gmem6_0_WREADY             |   in|    1|       m_axi|                                                           gmem6|       pointer|
|m_axi_gmem6_0_WDATA              |  out|    8|       m_axi|                                                           gmem6|       pointer|
|m_axi_gmem6_0_WSTRB              |  out|    1|       m_axi|                                                           gmem6|       pointer|
|m_axi_gmem6_0_WLAST              |  out|    1|       m_axi|                                                           gmem6|       pointer|
|m_axi_gmem6_0_WID                |  out|    1|       m_axi|                                                           gmem6|       pointer|
|m_axi_gmem6_0_WUSER              |  out|    1|       m_axi|                                                           gmem6|       pointer|
|m_axi_gmem6_0_ARVALID            |  out|    1|       m_axi|                                                           gmem6|       pointer|
|m_axi_gmem6_0_ARREADY            |   in|    1|       m_axi|                                                           gmem6|       pointer|
|m_axi_gmem6_0_ARADDR             |  out|   64|       m_axi|                                                           gmem6|       pointer|
|m_axi_gmem6_0_ARID               |  out|    1|       m_axi|                                                           gmem6|       pointer|
|m_axi_gmem6_0_ARLEN              |  out|   32|       m_axi|                                                           gmem6|       pointer|
|m_axi_gmem6_0_ARSIZE             |  out|    3|       m_axi|                                                           gmem6|       pointer|
|m_axi_gmem6_0_ARBURST            |  out|    2|       m_axi|                                                           gmem6|       pointer|
|m_axi_gmem6_0_ARLOCK             |  out|    2|       m_axi|                                                           gmem6|       pointer|
|m_axi_gmem6_0_ARCACHE            |  out|    4|       m_axi|                                                           gmem6|       pointer|
|m_axi_gmem6_0_ARPROT             |  out|    3|       m_axi|                                                           gmem6|       pointer|
|m_axi_gmem6_0_ARQOS              |  out|    4|       m_axi|                                                           gmem6|       pointer|
|m_axi_gmem6_0_ARREGION           |  out|    4|       m_axi|                                                           gmem6|       pointer|
|m_axi_gmem6_0_ARUSER             |  out|    1|       m_axi|                                                           gmem6|       pointer|
|m_axi_gmem6_0_RVALID             |   in|    1|       m_axi|                                                           gmem6|       pointer|
|m_axi_gmem6_0_RREADY             |  out|    1|       m_axi|                                                           gmem6|       pointer|
|m_axi_gmem6_0_RDATA              |   in|    8|       m_axi|                                                           gmem6|       pointer|
|m_axi_gmem6_0_RLAST              |   in|    1|       m_axi|                                                           gmem6|       pointer|
|m_axi_gmem6_0_RID                |   in|    1|       m_axi|                                                           gmem6|       pointer|
|m_axi_gmem6_0_RFIFONUM           |   in|   11|       m_axi|                                                           gmem6|       pointer|
|m_axi_gmem6_0_RUSER              |   in|    1|       m_axi|                                                           gmem6|       pointer|
|m_axi_gmem6_0_RRESP              |   in|    2|       m_axi|                                                           gmem6|       pointer|
|m_axi_gmem6_0_BVALID             |   in|    1|       m_axi|                                                           gmem6|       pointer|
|m_axi_gmem6_0_BREADY             |  out|    1|       m_axi|                                                           gmem6|       pointer|
|m_axi_gmem6_0_BRESP              |   in|    2|       m_axi|                                                           gmem6|       pointer|
|m_axi_gmem6_0_BID                |   in|    1|       m_axi|                                                           gmem6|       pointer|
|m_axi_gmem6_0_BUSER              |   in|    1|       m_axi|                                                           gmem6|       pointer|
|keys_address0                    |  out|   15|   ap_memory|                                                            keys|         array|
|keys_ce0                         |  out|    1|   ap_memory|                                                            keys|         array|
|keys_we0                         |  out|    1|   ap_memory|                                                            keys|         array|
|keys_d0                          |  out|  128|   ap_memory|                                                            keys|         array|
|keys_in                          |   in|   64|     ap_none|                                                         keys_in|        scalar|
|zext_ln841_1                     |   in|   15|     ap_none|                                                    zext_ln841_1|        scalar|
|add_ln879                        |   in|   16|     ap_none|                                                       add_ln879|        scalar|
|add_ln875                        |   in|   20|     ap_none|                                                       add_ln875|        scalar|
|tmp21                            |   in|   64|     ap_none|                                                           tmp21|        scalar|
|m_axi_gmem7_0_AWVALID            |  out|    1|       m_axi|                                                           gmem7|       pointer|
|m_axi_gmem7_0_AWREADY            |   in|    1|       m_axi|                                                           gmem7|       pointer|
|m_axi_gmem7_0_AWADDR             |  out|   64|       m_axi|                                                           gmem7|       pointer|
|m_axi_gmem7_0_AWID               |  out|    1|       m_axi|                                                           gmem7|       pointer|
|m_axi_gmem7_0_AWLEN              |  out|   32|       m_axi|                                                           gmem7|       pointer|
|m_axi_gmem7_0_AWSIZE             |  out|    3|       m_axi|                                                           gmem7|       pointer|
|m_axi_gmem7_0_AWBURST            |  out|    2|       m_axi|                                                           gmem7|       pointer|
|m_axi_gmem7_0_AWLOCK             |  out|    2|       m_axi|                                                           gmem7|       pointer|
|m_axi_gmem7_0_AWCACHE            |  out|    4|       m_axi|                                                           gmem7|       pointer|
|m_axi_gmem7_0_AWPROT             |  out|    3|       m_axi|                                                           gmem7|       pointer|
|m_axi_gmem7_0_AWQOS              |  out|    4|       m_axi|                                                           gmem7|       pointer|
|m_axi_gmem7_0_AWREGION           |  out|    4|       m_axi|                                                           gmem7|       pointer|
|m_axi_gmem7_0_AWUSER             |  out|    1|       m_axi|                                                           gmem7|       pointer|
|m_axi_gmem7_0_WVALID             |  out|    1|       m_axi|                                                           gmem7|       pointer|
|m_axi_gmem7_0_WREADY             |   in|    1|       m_axi|                                                           gmem7|       pointer|
|m_axi_gmem7_0_WDATA              |  out|    8|       m_axi|                                                           gmem7|       pointer|
|m_axi_gmem7_0_WSTRB              |  out|    1|       m_axi|                                                           gmem7|       pointer|
|m_axi_gmem7_0_WLAST              |  out|    1|       m_axi|                                                           gmem7|       pointer|
|m_axi_gmem7_0_WID                |  out|    1|       m_axi|                                                           gmem7|       pointer|
|m_axi_gmem7_0_WUSER              |  out|    1|       m_axi|                                                           gmem7|       pointer|
|m_axi_gmem7_0_ARVALID            |  out|    1|       m_axi|                                                           gmem7|       pointer|
|m_axi_gmem7_0_ARREADY            |   in|    1|       m_axi|                                                           gmem7|       pointer|
|m_axi_gmem7_0_ARADDR             |  out|   64|       m_axi|                                                           gmem7|       pointer|
|m_axi_gmem7_0_ARID               |  out|    1|       m_axi|                                                           gmem7|       pointer|
|m_axi_gmem7_0_ARLEN              |  out|   32|       m_axi|                                                           gmem7|       pointer|
|m_axi_gmem7_0_ARSIZE             |  out|    3|       m_axi|                                                           gmem7|       pointer|
|m_axi_gmem7_0_ARBURST            |  out|    2|       m_axi|                                                           gmem7|       pointer|
|m_axi_gmem7_0_ARLOCK             |  out|    2|       m_axi|                                                           gmem7|       pointer|
|m_axi_gmem7_0_ARCACHE            |  out|    4|       m_axi|                                                           gmem7|       pointer|
|m_axi_gmem7_0_ARPROT             |  out|    3|       m_axi|                                                           gmem7|       pointer|
|m_axi_gmem7_0_ARQOS              |  out|    4|       m_axi|                                                           gmem7|       pointer|
|m_axi_gmem7_0_ARREGION           |  out|    4|       m_axi|                                                           gmem7|       pointer|
|m_axi_gmem7_0_ARUSER             |  out|    1|       m_axi|                                                           gmem7|       pointer|
|m_axi_gmem7_0_RVALID             |   in|    1|       m_axi|                                                           gmem7|       pointer|
|m_axi_gmem7_0_RREADY             |  out|    1|       m_axi|                                                           gmem7|       pointer|
|m_axi_gmem7_0_RDATA              |   in|    8|       m_axi|                                                           gmem7|       pointer|
|m_axi_gmem7_0_RLAST              |   in|    1|       m_axi|                                                           gmem7|       pointer|
|m_axi_gmem7_0_RID                |   in|    1|       m_axi|                                                           gmem7|       pointer|
|m_axi_gmem7_0_RFIFONUM           |   in|   11|       m_axi|                                                           gmem7|       pointer|
|m_axi_gmem7_0_RUSER              |   in|    1|       m_axi|                                                           gmem7|       pointer|
|m_axi_gmem7_0_RRESP              |   in|    2|       m_axi|                                                           gmem7|       pointer|
|m_axi_gmem7_0_BVALID             |   in|    1|       m_axi|                                                           gmem7|       pointer|
|m_axi_gmem7_0_BREADY             |  out|    1|       m_axi|                                                           gmem7|       pointer|
|m_axi_gmem7_0_BRESP              |   in|    2|       m_axi|                                                           gmem7|       pointer|
|m_axi_gmem7_0_BID                |   in|    1|       m_axi|                                                           gmem7|       pointer|
|m_axi_gmem7_0_BUSER              |   in|    1|       m_axi|                                                           gmem7|       pointer|
|updates_in                       |   in|   64|     ap_none|                                                      updates_in|        scalar|
|zext_ln839                       |   in|   16|     ap_none|                                                      zext_ln839|        scalar|
|resident_updates_address0        |  out|   16|   ap_memory|                                                resident_updates|         array|
|resident_updates_ce0             |  out|    1|   ap_memory|                                                resident_updates|         array|
|resident_updates_we0             |  out|    1|   ap_memory|                                                resident_updates|         array|
|resident_updates_d0              |  out|  128|   ap_memory|                                                resident_updates|         array|
|resident_update_scales_address0  |  out|   14|   ap_memory|                                          resident_update_scales|         array|
|resident_update_scales_ce0       |  out|    1|   ap_memory|                                          resident_update_scales|         array|
|resident_update_scales_we0       |  out|    4|   ap_memory|                                          resident_update_scales|         array|
|resident_update_scales_d0        |  out|   32|   ap_memory|                                          resident_update_scales|         array|
+---------------------------------+-----+-----+------------+----------------------------------------------------------------+--------------+

