

================================================================
== Vitis HLS Report for 'p_anonymous_namespace_dot_log_entry'
================================================================
* Date:           Sun Aug  2 05:05:47 2026

* Version:        2025.2 (Build 6295257 on Nov 14 2025)
* Project:        gdn_e2m0_hls
* Solution:       u55c_250mhz (Vivado IP Flow Target)
* Product family: virtexuplusHBM
* Target device:  xcu55c-fsvh2892-2L-e


================================================================
== Performance Estimates
================================================================
+ Timing: 
    * Summary: 
    +--------+---------+----------+------------+
    |  Clock |  Target | Estimated| Uncertainty|
    +--------+---------+----------+------------+
    |ap_clk  |  4.00 ns|  3.106 ns|     1.08 ns|
    +--------+---------+----------+------------+

+ Latency: 
    * Summary: 
    +---------+---------+----------+----------+------+------+---------+
    |  Latency (cycles) |  Latency (absolute) |   Interval  | Pipeline|
    |   min   |   max   |    min   |    max   |  min |  max |   Type  |
    +---------+---------+----------+----------+------+------+---------+
    |     1555|     2074|  6.220 us|  8.296 us|  1555|  2074|       no|
    +---------+---------+----------+----------+------+------+---------+

    + Detail: 
        * Instance: 
        +----------------------------------------------------------------------------------------------+-----------------------------------------------------------------------------------+---------+---------+----------+----------+-----+------+-------------------+
        |                                                                                              |                                                                                   |  Latency (cycles) |  Latency (absolute) |  Interval  |      Pipeline     |
        |                                           Instance                                           |                                       Module                                      |   min   |   max   |    min   |    max   | min |  max |        Type       |
        +----------------------------------------------------------------------------------------------+-----------------------------------------------------------------------------------+---------+---------+----------+----------+-----+------+-------------------+
        |grp_p_anonymous_namespace_dot_log_entry_Pipeline_dot_log_vector_terms_dot_log_key_ter_fu_254  |p_anonymous_namespace_dot_log_entry_Pipeline_dot_log_vector_terms_dot_log_key_ter  |     1035|     1035|  4.140 us|  4.140 us|    0|     0|  loop pipeline stp|
        |grp_aligned_sum_guarded_512_s_fu_338                                                          |aligned_sum_guarded_512_s                                                          |      517|     1036|  2.068 us|  4.144 us|  517|  1036|                 no|
        +----------------------------------------------------------------------------------------------+-----------------------------------------------------------------------------------+---------+---------+----------+----------+-----+------+-------------------+

        * Loop: 
        N/A



================================================================
== Utilization Estimates
================================================================
* Summary: 
+---------------------+---------+------+---------+---------+-----+
|         Name        | BRAM_18K|  DSP |    FF   |   LUT   | URAM|
+---------------------+---------+------+---------+---------+-----+
|DSP                  |        -|     -|        -|        -|    -|
|Expression           |        -|     -|        0|       76|    -|
|FIFO                 |        -|     -|        -|        -|    -|
|Instance             |        -|     0|     1865|     4525|    -|
|Memory               |        0|     -|      512|      544|    0|
|Multiplexer          |        -|     -|        0|     1246|    -|
|Register             |        -|     -|      206|        -|    -|
+---------------------+---------+------+---------+---------+-----+
|Total                |        0|     0|     2583|     6391|    0|
+---------------------+---------+------+---------+---------+-----+
|Available SLR        |     1344|  3008|   869120|   434560|  320|
+---------------------+---------+------+---------+---------+-----+
|Utilization SLR (%)  |        0|     0|       ~0|        1|    0|
+---------------------+---------+------+---------+---------+-----+
|Available            |     4032|  9024|  2607360|  1303680|  960|
+---------------------+---------+------+---------+---------+-----+
|Utilization (%)      |        0|     0|       ~0|       ~0|    0|
+---------------------+---------+------+---------+---------+-----+

+ Detail: 
    * Instance: 
    +----------------------------------------------------------------------------------------------+-----------------------------------------------------------------------------------+---------+----+-----+------+-----+
    |                                           Instance                                           |                                       Module                                      | BRAM_18K| DSP|  FF |  LUT | URAM|
    +----------------------------------------------------------------------------------------------+-----------------------------------------------------------------------------------+---------+----+-----+------+-----+
    |grp_aligned_sum_guarded_512_s_fu_338                                                          |aligned_sum_guarded_512_s                                                          |        0|   0|  944|  3351|    0|
    |grp_p_anonymous_namespace_dot_log_entry_Pipeline_dot_log_vector_terms_dot_log_key_ter_fu_254  |p_anonymous_namespace_dot_log_entry_Pipeline_dot_log_vector_terms_dot_log_key_ter  |        0|   0|  921|  1174|    0|
    +----------------------------------------------------------------------------------------------+-----------------------------------------------------------------------------------+---------+----+-----+------+-----+
    |Total                                                                                         |                                                                                   |        0|   0| 1865|  4525|    0|
    +----------------------------------------------------------------------------------------------+-----------------------------------------------------------------------------------+---------+----+-----+------+-----+

    * DSP: 
    N/A

    * Memory: 
    +----------------+-------------------------------------------------------------+---------+----+----+-----+------+-----+------+-------------+
    |     Memory     |                            Module                           | BRAM_18K| FF | LUT| URAM| Words| Bits| Banks| W*Bits*Banks|
    +----------------+-------------------------------------------------------------+---------+----+----+-----+------+-----+------+-------------+
    |exponents_U     |p_anonymous_namespace_dot_log_entry_exponents_RAM_AUTO_1R1W  |        0|  16|  17|    0|    32|    9|     1|          288|
    |exponents_1_U   |p_anonymous_namespace_dot_log_entry_exponents_RAM_AUTO_1R1W  |        0|  16|  17|    0|    32|    9|     1|          288|
    |exponents_2_U   |p_anonymous_namespace_dot_log_entry_exponents_RAM_AUTO_1R1W  |        0|  16|  17|    0|    32|    9|     1|          288|
    |exponents_3_U   |p_anonymous_namespace_dot_log_entry_exponents_RAM_AUTO_1R1W  |        0|  16|  17|    0|    32|    9|     1|          288|
    |exponents_4_U   |p_anonymous_namespace_dot_log_entry_exponents_RAM_AUTO_1R1W  |        0|  16|  17|    0|    32|    9|     1|          288|
    |exponents_5_U   |p_anonymous_namespace_dot_log_entry_exponents_RAM_AUTO_1R1W  |        0|  16|  17|    0|    32|    9|     1|          288|
    |exponents_6_U   |p_anonymous_namespace_dot_log_entry_exponents_RAM_AUTO_1R1W  |        0|  16|  17|    0|    32|    9|     1|          288|
    |exponents_7_U   |p_anonymous_namespace_dot_log_entry_exponents_RAM_AUTO_1R1W  |        0|  16|  17|    0|    32|    9|     1|          288|
    |exponents_8_U   |p_anonymous_namespace_dot_log_entry_exponents_RAM_AUTO_1R1W  |        0|  16|  17|    0|    32|    9|     1|          288|
    |exponents_9_U   |p_anonymous_namespace_dot_log_entry_exponents_RAM_AUTO_1R1W  |        0|  16|  17|    0|    32|    9|     1|          288|
    |exponents_10_U  |p_anonymous_namespace_dot_log_entry_exponents_RAM_AUTO_1R1W  |        0|  16|  17|    0|    32|    9|     1|          288|
    |exponents_11_U  |p_anonymous_namespace_dot_log_entry_exponents_RAM_AUTO_1R1W  |        0|  16|  17|    0|    32|    9|     1|          288|
    |exponents_12_U  |p_anonymous_namespace_dot_log_entry_exponents_RAM_AUTO_1R1W  |        0|  16|  17|    0|    32|    9|     1|          288|
    |exponents_13_U  |p_anonymous_namespace_dot_log_entry_exponents_RAM_AUTO_1R1W  |        0|  16|  17|    0|    32|    9|     1|          288|
    |exponents_14_U  |p_anonymous_namespace_dot_log_entry_exponents_RAM_AUTO_1R1W  |        0|  16|  17|    0|    32|    9|     1|          288|
    |exponents_15_U  |p_anonymous_namespace_dot_log_entry_exponents_RAM_AUTO_1R1W  |        0|  16|  17|    0|    32|    9|     1|          288|
    |terms_U         |p_anonymous_namespace_dot_log_entry_terms_RAM_AUTO_1R1W      |        0|  16|  17|    0|    32|   10|     1|          320|
    |terms_1_U       |p_anonymous_namespace_dot_log_entry_terms_RAM_AUTO_1R1W      |        0|  16|  17|    0|    32|   10|     1|          320|
    |terms_2_U       |p_anonymous_namespace_dot_log_entry_terms_RAM_AUTO_1R1W      |        0|  16|  17|    0|    32|   10|     1|          320|
    |terms_3_U       |p_anonymous_namespace_dot_log_entry_terms_RAM_AUTO_1R1W      |        0|  16|  17|    0|    32|   10|     1|          320|
    |terms_4_U       |p_anonymous_namespace_dot_log_entry_terms_RAM_AUTO_1R1W      |        0|  16|  17|    0|    32|   10|     1|          320|
    |terms_5_U       |p_anonymous_namespace_dot_log_entry_terms_RAM_AUTO_1R1W      |        0|  16|  17|    0|    32|   10|     1|          320|
    |terms_6_U       |p_anonymous_namespace_dot_log_entry_terms_RAM_AUTO_1R1W      |        0|  16|  17|    0|    32|   10|     1|          320|
    |terms_7_U       |p_anonymous_namespace_dot_log_entry_terms_RAM_AUTO_1R1W      |        0|  16|  17|    0|    32|   10|     1|          320|
    |terms_8_U       |p_anonymous_namespace_dot_log_entry_terms_RAM_AUTO_1R1W      |        0|  16|  17|    0|    32|   10|     1|          320|
    |terms_9_U       |p_anonymous_namespace_dot_log_entry_terms_RAM_AUTO_1R1W      |        0|  16|  17|    0|    32|   10|     1|          320|
    |terms_10_U      |p_anonymous_namespace_dot_log_entry_terms_RAM_AUTO_1R1W      |        0|  16|  17|    0|    32|   10|     1|          320|
    |terms_11_U      |p_anonymous_namespace_dot_log_entry_terms_RAM_AUTO_1R1W      |        0|  16|  17|    0|    32|   10|     1|          320|
    |terms_12_U      |p_anonymous_namespace_dot_log_entry_terms_RAM_AUTO_1R1W      |        0|  16|  17|    0|    32|   10|     1|          320|
    |terms_13_U      |p_anonymous_namespace_dot_log_entry_terms_RAM_AUTO_1R1W      |        0|  16|  17|    0|    32|   10|     1|          320|
    |terms_14_U      |p_anonymous_namespace_dot_log_entry_terms_RAM_AUTO_1R1W      |        0|  16|  17|    0|    32|   10|     1|          320|
    |terms_15_U      |p_anonymous_namespace_dot_log_entry_terms_RAM_AUTO_1R1W      |        0|  16|  17|    0|    32|   10|     1|          320|
    +----------------+-------------------------------------------------------------+---------+----+----+-----+------+-----+------+-------------+
    |Total           |                                                             |        0| 512| 544|    0|  1024|  304|    32|         9728|
    +----------------+-------------------------------------------------------------+---------+----+----+-----+------+-----+------+-------------+

    * FIFO: 
    N/A

    * Expression: 
    +-----------------------+----------+----+---+----+------------+------------+
    |     Variable Name     | Operation| DSP| FF| LUT| Bitwidth P0| Bitwidth P1|
    +-----------------------+----------+----+---+----+------------+------------+
    |add_ln332_fu_426_p2    |         +|   0|  0|  19|           8|           8|
    |add_ln335_fu_433_p2    |         +|   0|  0|  19|           8|           8|
    |sub_ln332_1_fu_416_p2  |         -|   0|  0|  19|           8|           8|
    |sub_ln332_fu_394_p2    |         -|   0|  0|  19|           8|           8|
    +-----------------------+----------+----+---+----+------------+------------+
    |Total                  |          |   0|  0|  76|          32|          32|
    +-----------------------+----------+----+---+----+------------+------------+

    * Multiplexer: 
    +-----------------------+----+-----------+-----+-----------+
    |          Name         | LUT| Input Size| Bits| Total Bits|
    +-----------------------+----+-----------+-----+-----------+
    |ap_NS_fsm              |  26|          5|    1|          5|
    |ap_return_0            |   9|          2|   32|         64|
    |ap_return_1            |   9|          2|   16|         32|
    |ap_return_2            |   9|          2|   64|        128|
    |ap_return_3            |   9|          2|   64|        128|
    |exponents_10_address0  |  14|          3|    5|         15|
    |exponents_10_ce0       |  14|          3|    1|          3|
    |exponents_10_we0       |   9|          2|    1|          2|
    |exponents_11_address0  |  14|          3|    5|         15|
    |exponents_11_ce0       |  14|          3|    1|          3|
    |exponents_11_we0       |   9|          2|    1|          2|
    |exponents_12_address0  |  14|          3|    5|         15|
    |exponents_12_ce0       |  14|          3|    1|          3|
    |exponents_12_we0       |   9|          2|    1|          2|
    |exponents_13_address0  |  14|          3|    5|         15|
    |exponents_13_ce0       |  14|          3|    1|          3|
    |exponents_13_we0       |   9|          2|    1|          2|
    |exponents_14_address0  |  14|          3|    5|         15|
    |exponents_14_ce0       |  14|          3|    1|          3|
    |exponents_14_we0       |   9|          2|    1|          2|
    |exponents_15_address0  |  14|          3|    5|         15|
    |exponents_15_ce0       |  14|          3|    1|          3|
    |exponents_15_we0       |   9|          2|    1|          2|
    |exponents_1_address0   |  14|          3|    5|         15|
    |exponents_1_ce0        |  14|          3|    1|          3|
    |exponents_1_we0        |   9|          2|    1|          2|
    |exponents_2_address0   |  14|          3|    5|         15|
    |exponents_2_ce0        |  14|          3|    1|          3|
    |exponents_2_we0        |   9|          2|    1|          2|
    |exponents_3_address0   |  14|          3|    5|         15|
    |exponents_3_ce0        |  14|          3|    1|          3|
    |exponents_3_we0        |   9|          2|    1|          2|
    |exponents_4_address0   |  14|          3|    5|         15|
    |exponents_4_ce0        |  14|          3|    1|          3|
    |exponents_4_we0        |   9|          2|    1|          2|
    |exponents_5_address0   |  14|          3|    5|         15|
    |exponents_5_ce0        |  14|          3|    1|          3|
    |exponents_5_we0        |   9|          2|    1|          2|
    |exponents_6_address0   |  14|          3|    5|         15|
    |exponents_6_ce0        |  14|          3|    1|          3|
    |exponents_6_we0        |   9|          2|    1|          2|
    |exponents_7_address0   |  14|          3|    5|         15|
    |exponents_7_ce0        |  14|          3|    1|          3|
    |exponents_7_we0        |   9|          2|    1|          2|
    |exponents_8_address0   |  14|          3|    5|         15|
    |exponents_8_ce0        |  14|          3|    1|          3|
    |exponents_8_we0        |   9|          2|    1|          2|
    |exponents_9_address0   |  14|          3|    5|         15|
    |exponents_9_ce0        |  14|          3|    1|          3|
    |exponents_9_we0        |   9|          2|    1|          2|
    |exponents_address0     |  14|          3|    5|         15|
    |exponents_ce0          |  14|          3|    1|          3|
    |exponents_we0          |   9|          2|    1|          2|
    |terms_10_address0      |  14|          3|    5|         15|
    |terms_10_ce0           |  14|          3|    1|          3|
    |terms_10_we0           |   9|          2|    1|          2|
    |terms_11_address0      |  14|          3|    5|         15|
    |terms_11_ce0           |  14|          3|    1|          3|
    |terms_11_we0           |   9|          2|    1|          2|
    |terms_12_address0      |  14|          3|    5|         15|
    |terms_12_ce0           |  14|          3|    1|          3|
    |terms_12_we0           |   9|          2|    1|          2|
    |terms_13_address0      |  14|          3|    5|         15|
    |terms_13_ce0           |  14|          3|    1|          3|
    |terms_13_we0           |   9|          2|    1|          2|
    |terms_14_address0      |  14|          3|    5|         15|
    |terms_14_ce0           |  14|          3|    1|          3|
    |terms_14_we0           |   9|          2|    1|          2|
    |terms_15_address0      |  14|          3|    5|         15|
    |terms_15_ce0           |  14|          3|    1|          3|
    |terms_15_we0           |   9|          2|    1|          2|
    |terms_1_address0       |  14|          3|    5|         15|
    |terms_1_ce0            |  14|          3|    1|          3|
    |terms_1_we0            |   9|          2|    1|          2|
    |terms_2_address0       |  14|          3|    5|         15|
    |terms_2_ce0            |  14|          3|    1|          3|
    |terms_2_we0            |   9|          2|    1|          2|
    |terms_3_address0       |  14|          3|    5|         15|
    |terms_3_ce0            |  14|          3|    1|          3|
    |terms_3_we0            |   9|          2|    1|          2|
    |terms_4_address0       |  14|          3|    5|         15|
    |terms_4_ce0            |  14|          3|    1|          3|
    |terms_4_we0            |   9|          2|    1|          2|
    |terms_5_address0       |  14|          3|    5|         15|
    |terms_5_ce0            |  14|          3|    1|          3|
    |terms_5_we0            |   9|          2|    1|          2|
    |terms_6_address0       |  14|          3|    5|         15|
    |terms_6_ce0            |  14|          3|    1|          3|
    |terms_6_we0            |   9|          2|    1|          2|
    |terms_7_address0       |  14|          3|    5|         15|
    |terms_7_ce0            |  14|          3|    1|          3|
    |terms_7_we0            |   9|          2|    1|          2|
    |terms_8_address0       |  14|          3|    5|         15|
    |terms_8_ce0            |  14|          3|    1|          3|
    |terms_8_we0            |   9|          2|    1|          2|
    |terms_9_address0       |  14|          3|    5|         15|
    |terms_9_ce0            |  14|          3|    1|          3|
    |terms_9_we0            |   9|          2|    1|          2|
    |terms_address0         |  14|          3|    5|         15|
    |terms_ce0              |  14|          3|    1|          3|
    |terms_we0              |   9|          2|    1|          2|
    +-----------------------+----+-----------+-----+-----------+
    |Total                  |1246|        269|  401|        997|
    +-----------------------+----+-----------+-----+-----------+

    * Register: 
    +-----------------------------------------------------------------------------------------------------------+----+----+-----+-----------+
    |                                                    Name                                                   | FF | LUT| Bits| Const Bits|
    +-----------------------------------------------------------------------------------------------------------+----+----+-----+-----------+
    |add_ln332_reg_473                                                                                          |   8|   0|    8|          0|
    |add_ln335_reg_478                                                                                          |   8|   0|    8|          0|
    |ap_CS_fsm                                                                                                  |   4|   0|    4|          0|
    |ap_return_0_preg                                                                                           |  32|   0|   32|          0|
    |ap_return_1_preg                                                                                           |  16|   0|   16|          0|
    |ap_return_2_preg                                                                                           |  64|   0|   64|          0|
    |ap_return_3_preg                                                                                           |  64|   0|   64|          0|
    |grp_aligned_sum_guarded_512_s_fu_338_ap_start_reg                                                          |   1|   0|    1|          0|
    |grp_p_anonymous_namespace_dot_log_entry_Pipeline_dot_log_vector_terms_dot_log_key_ter_fu_254_ap_start_reg  |   1|   0|    1|          0|
    |shl_ln35_reg_488                                                                                           |   4|   0|    6|          2|
    |shl_ln_reg_483                                                                                             |   4|   0|   11|          7|
    +-----------------------------------------------------------------------------------------------------------+----+----+-----+-----------+
    |Total                                                                                                      | 206|   0|  215|          9|
    +-----------------------------------------------------------------------------------------------------------+----+----+-----+-----------+



================================================================
== Interface
================================================================
* Summary: 
+------------------------+-----+-----+------------+------------------------------------+--------------+
|        RTL Ports       | Dir | Bits|  Protocol  |            Source Object           |    C Type    |
+------------------------+-----+-----+------------+------------------------------------+--------------+
|ap_clk                  |   in|    1|  ap_ctrl_hs|  (anonymous namespace)dot_log_entry|  return value|
|ap_rst                  |   in|    1|  ap_ctrl_hs|  (anonymous namespace)dot_log_entry|  return value|
|ap_start                |   in|    1|  ap_ctrl_hs|  (anonymous namespace)dot_log_entry|  return value|
|ap_done                 |  out|    1|  ap_ctrl_hs|  (anonymous namespace)dot_log_entry|  return value|
|ap_idle                 |  out|    1|  ap_ctrl_hs|  (anonymous namespace)dot_log_entry|  return value|
|ap_ready                |  out|    1|  ap_ctrl_hs|  (anonymous namespace)dot_log_entry|  return value|
|ap_return_0             |  out|   32|  ap_ctrl_hs|  (anonymous namespace)dot_log_entry|  return value|
|ap_return_1             |  out|   16|  ap_ctrl_hs|  (anonymous namespace)dot_log_entry|  return value|
|ap_return_2             |  out|   64|  ap_ctrl_hs|  (anonymous namespace)dot_log_entry|  return value|
|ap_return_3             |  out|   64|  ap_ctrl_hs|  (anonymous namespace)dot_log_entry|  return value|
|m_axi_gmem1_0_AWVALID   |  out|    1|       m_axi|                               gmem1|       pointer|
|m_axi_gmem1_0_AWREADY   |   in|    1|       m_axi|                               gmem1|       pointer|
|m_axi_gmem1_0_AWADDR    |  out|   64|       m_axi|                               gmem1|       pointer|
|m_axi_gmem1_0_AWID      |  out|    1|       m_axi|                               gmem1|       pointer|
|m_axi_gmem1_0_AWLEN     |  out|   32|       m_axi|                               gmem1|       pointer|
|m_axi_gmem1_0_AWSIZE    |  out|    3|       m_axi|                               gmem1|       pointer|
|m_axi_gmem1_0_AWBURST   |  out|    2|       m_axi|                               gmem1|       pointer|
|m_axi_gmem1_0_AWLOCK    |  out|    2|       m_axi|                               gmem1|       pointer|
|m_axi_gmem1_0_AWCACHE   |  out|    4|       m_axi|                               gmem1|       pointer|
|m_axi_gmem1_0_AWPROT    |  out|    3|       m_axi|                               gmem1|       pointer|
|m_axi_gmem1_0_AWQOS     |  out|    4|       m_axi|                               gmem1|       pointer|
|m_axi_gmem1_0_AWREGION  |  out|    4|       m_axi|                               gmem1|       pointer|
|m_axi_gmem1_0_AWUSER    |  out|    1|       m_axi|                               gmem1|       pointer|
|m_axi_gmem1_0_WVALID    |  out|    1|       m_axi|                               gmem1|       pointer|
|m_axi_gmem1_0_WREADY    |   in|    1|       m_axi|                               gmem1|       pointer|
|m_axi_gmem1_0_WDATA     |  out|    8|       m_axi|                               gmem1|       pointer|
|m_axi_gmem1_0_WSTRB     |  out|    1|       m_axi|                               gmem1|       pointer|
|m_axi_gmem1_0_WLAST     |  out|    1|       m_axi|                               gmem1|       pointer|
|m_axi_gmem1_0_WID       |  out|    1|       m_axi|                               gmem1|       pointer|
|m_axi_gmem1_0_WUSER     |  out|    1|       m_axi|                               gmem1|       pointer|
|m_axi_gmem1_0_ARVALID   |  out|    1|       m_axi|                               gmem1|       pointer|
|m_axi_gmem1_0_ARREADY   |   in|    1|       m_axi|                               gmem1|       pointer|
|m_axi_gmem1_0_ARADDR    |  out|   64|       m_axi|                               gmem1|       pointer|
|m_axi_gmem1_0_ARID      |  out|    1|       m_axi|                               gmem1|       pointer|
|m_axi_gmem1_0_ARLEN     |  out|   32|       m_axi|                               gmem1|       pointer|
|m_axi_gmem1_0_ARSIZE    |  out|    3|       m_axi|                               gmem1|       pointer|
|m_axi_gmem1_0_ARBURST   |  out|    2|       m_axi|                               gmem1|       pointer|
|m_axi_gmem1_0_ARLOCK    |  out|    2|       m_axi|                               gmem1|       pointer|
|m_axi_gmem1_0_ARCACHE   |  out|    4|       m_axi|                               gmem1|       pointer|
|m_axi_gmem1_0_ARPROT    |  out|    3|       m_axi|                               gmem1|       pointer|
|m_axi_gmem1_0_ARQOS     |  out|    4|       m_axi|                               gmem1|       pointer|
|m_axi_gmem1_0_ARREGION  |  out|    4|       m_axi|                               gmem1|       pointer|
|m_axi_gmem1_0_ARUSER    |  out|    1|       m_axi|                               gmem1|       pointer|
|m_axi_gmem1_0_RVALID    |   in|    1|       m_axi|                               gmem1|       pointer|
|m_axi_gmem1_0_RREADY    |  out|    1|       m_axi|                               gmem1|       pointer|
|m_axi_gmem1_0_RDATA     |   in|    8|       m_axi|                               gmem1|       pointer|
|m_axi_gmem1_0_RLAST     |   in|    1|       m_axi|                               gmem1|       pointer|
|m_axi_gmem1_0_RID       |   in|    1|       m_axi|                               gmem1|       pointer|
|m_axi_gmem1_0_RFIFONUM  |   in|   11|       m_axi|                               gmem1|       pointer|
|m_axi_gmem1_0_RUSER     |   in|    1|       m_axi|                               gmem1|       pointer|
|m_axi_gmem1_0_RRESP     |   in|    2|       m_axi|                               gmem1|       pointer|
|m_axi_gmem1_0_BVALID    |   in|    1|       m_axi|                               gmem1|       pointer|
|m_axi_gmem1_0_BREADY    |  out|    1|       m_axi|                               gmem1|       pointer|
|m_axi_gmem1_0_BRESP     |   in|    2|       m_axi|                               gmem1|       pointer|
|m_axi_gmem1_0_BID       |   in|    1|       m_axi|                               gmem1|       pointer|
|m_axi_gmem1_0_BUSER     |   in|    1|       m_axi|                               gmem1|       pointer|
|vector_elements         |   in|   64|     ap_none|                     vector_elements|        scalar|
|vector_scales           |   in|   64|     ap_none|                       vector_scales|        scalar|
|qk_head                 |   in|    4|     ap_none|                             qk_head|        scalar|
|entry1                  |   in|    3|     ap_none|                              entry1|        scalar|
|keys_address0           |  out|   15|   ap_memory|                                keys|         array|
|keys_ce0                |  out|    1|   ap_memory|                                keys|         array|
|keys_q0                 |   in|  128|   ap_memory|                                keys|         array|
|keys_offset1            |   in|    6|     ap_none|                        keys_offset1|        scalar|
|key_scales_address0     |  out|   13|   ap_memory|                          key_scales|         array|
|key_scales_ce0          |  out|    1|   ap_memory|                          key_scales|         array|
|key_scales_q0           |   in|   32|   ap_memory|                          key_scales|         array|
|key_scales_offset2      |   in|    6|     ap_none|                  key_scales_offset2|        scalar|
|counters_1_read         |   in|   64|     ap_none|                     counters_1_read|        scalar|
|counters_3_read         |   in|   64|     ap_none|                     counters_3_read|        scalar|
+------------------------+-----+-----+------------+------------------------------------+--------------+

