

================================================================
== Vitis HLS Report for 'p_anonymous_namespace_load_snapshot_Outline_load_snapshot_update_heads'
================================================================
* Date:           Sun Aug  2 05:05:43 2026

* Version:        2025.2 (Build 6295257 on Nov 14 2025)
* Project:        gdn_e2m0_hls
* Solution:       u55c_250mhz (Vivado IP Flow Target)
* Product family: virtexuplusHBM
* Target device:  xcu55c-fsvh2892-2L-e


================================================================
== Performance Estimates
================================================================
+ Timing: 
    * Summary: 
    +--------+---------+----------+------------+
    |  Clock |  Target | Estimated| Uncertainty|
    +--------+---------+----------+------------+
    |ap_clk  |  4.00 ns|  2.920 ns|     1.08 ns|
    +--------+---------+----------+------------+

+ Latency: 
    * Summary: 
    +---------+---------+-----------+-----------+------+------+---------+
    |  Latency (cycles) |   Latency (absolute)  |   Interval  | Pipeline|
    |   min   |   max   |    min    |    max    |  min |  max |   Type  |
    +---------+---------+-----------+-----------+------+------+---------+
    |     7105|     7105|  28.420 us|  28.420 us|  7105|  7105|       no|
    +---------+---------+-----------+-----------+------+------+---------+

    + Detail: 
        * Instance: 
        +------------------------------------------------------------------------------------+-------------------------------------------------------------------------+---------+---------+----------+----------+-----+-----+-------------------+
        |                                                                                    |                                                                         |  Latency (cycles) |  Latency (absolute) |  Interval |      Pipeline     |
        |                                      Instance                                      |                                  Module                                 |   min   |   max   |    min   |    max   | min | max |        Type       |
        +------------------------------------------------------------------------------------+-------------------------------------------------------------------------+---------+---------+----------+----------+-----+-----+-------------------+
        |grp_p_anonymous_namespace_load_snapshot_Pipeline_load_snapshot_update_lanes_fu_243  |p_anonymous_namespace_load_snapshot_Pipeline_load_snapshot_update_lanes  |       43|       43|  0.172 us|  0.172 us|    0|    0|  loop pipeline stp|
        +------------------------------------------------------------------------------------+-------------------------------------------------------------------------+---------+---------+----------+----------+-----+-----+-------------------+

        * Loop: 
        +--------------------------------+---------+---------+----------+-----------+-----------+------+----------+
        |                                |  Latency (cycles) | Iteration|  Initiation Interval  | Trip |          |
        |            Loop Name           |   min   |   max   |  Latency |  achieved |   target  | Count| Pipelined|
        +--------------------------------+---------+---------+----------+-----------+-----------+------+----------+
        |- load_snapshot_update_heads    |     7104|     7104|       222|          -|          -|    32|        no|
        | + load_snapshot_update_blocks  |      220|      220|        55|          -|          -|     4|        no|
        +--------------------------------+---------+---------+----------+-----------+-----------+------+----------+



================================================================
== Utilization Estimates
================================================================
* Summary: 
+---------------------+---------+------+---------+---------+-----+
|         Name        | BRAM_18K|  DSP |    FF   |   LUT   | URAM|
+---------------------+---------+------+---------+---------+-----+
|DSP                  |        -|     -|        -|        -|    -|
|Expression           |        -|     -|        0|      184|    -|
|FIFO                 |        -|     -|        -|        -|    -|
|Instance             |        -|     -|      360|      663|    -|
|Memory               |        -|     -|        -|        -|    -|
|Multiplexer          |        -|     -|        0|      256|    -|
|Register             |        -|     -|      167|        -|    -|
+---------------------+---------+------+---------+---------+-----+
|Total                |        0|     0|      527|     1103|    0|
+---------------------+---------+------+---------+---------+-----+
|Available SLR        |     1344|  3008|   869120|   434560|  320|
+---------------------+---------+------+---------+---------+-----+
|Utilization SLR (%)  |        0|     0|       ~0|       ~0|    0|
+---------------------+---------+------+---------+---------+-----+
|Available            |     4032|  9024|  2607360|  1303680|  960|
+---------------------+---------+------+---------+---------+-----+
|Utilization (%)      |        0|     0|       ~0|       ~0|    0|
+---------------------+---------+------+---------+---------+-----+

+ Detail: 
    * Instance: 
    +------------------------------------------------------------------------------------+-------------------------------------------------------------------------+---------+----+-----+-----+-----+
    |                                      Instance                                      |                                  Module                                 | BRAM_18K| DSP|  FF | LUT | URAM|
    +------------------------------------------------------------------------------------+-------------------------------------------------------------------------+---------+----+-----+-----+-----+
    |grp_p_anonymous_namespace_load_snapshot_Pipeline_load_snapshot_update_lanes_fu_243  |p_anonymous_namespace_load_snapshot_Pipeline_load_snapshot_update_lanes  |        0|   0|  360|  519|    0|
    |partset_32ns_32ns_8ns_5ns_32_1_1_U91                                                |partset_32ns_32ns_8ns_5ns_32_1_1                                         |        0|   0|    0|  144|    0|
    +------------------------------------------------------------------------------------+-------------------------------------------------------------------------+---------+----+-----+-----+-----+
    |Total                                                                               |                                                                         |        0|   0|  360|  663|    0|
    +------------------------------------------------------------------------------------+-------------------------------------------------------------------------+---------+----+-----+-----+-----+

    * DSP: 
    N/A

    * Memory: 
    N/A

    * FIFO: 
    N/A

    * Expression: 
    +-----------------------+----------+----+---+----+------------+------------+
    |     Variable Name     | Operation| DSP| FF| LUT| Bitwidth P0| Bitwidth P1|
    +-----------------------+----------+----+---+----+------------+------------+
    |add_ln861_fu_269_p2    |         +|   0|  0|  13|           6|           1|
    |add_ln864_fu_293_p2    |         +|   0|  0|  10|           3|           1|
    |add_ln875_1_fu_330_p2  |         +|   0|  0|  27|          20|          20|
    |add_ln879_1_fu_384_p2  |         +|   0|  0|  23|          16|          16|
    |empty_875_fu_361_p2    |         +|   0|  0|  71|          64|          64|
    |tmp23_fu_345_p2        |         +|   0|  0|  14|           7|           7|
    |icmp_ln861_fu_263_p2   |      icmp|   0|  0|  14|           6|           7|
    |icmp_ln864_fu_287_p2   |      icmp|   0|  0|  12|           3|           4|
    +-----------------------+----------+----+---+----+------------+------------+
    |Total                  |          |   0|  0| 184|         125|         120|
    +-----------------------+----------+----+---+----+------------+------------+

    * Multiplexer: 
    +----------------------------------+----+-----------+-----+-----------+
    |               Name               | LUT| Input Size| Bits| Total Bits|
    +----------------------------------+----+-----------+-----+-----------+
    |ap_NS_fsm                         |  65|         15|    1|         15|
    |block_reg_219                     |   9|          2|    3|          6|
    |gmem7_blk_n_AR                    |   9|          2|    1|          2|
    |gmem7_blk_n_R                     |   9|          2|    1|          2|
    |head_fu_132                       |   9|          2|    6|         12|
    |m_axi_gmem7_0_ARADDR              |  14|          3|   64|        192|
    |m_axi_gmem7_0_ARBURST             |   9|          2|    2|          4|
    |m_axi_gmem7_0_ARCACHE             |   9|          2|    4|          8|
    |m_axi_gmem7_0_ARID                |   9|          2|    1|          2|
    |m_axi_gmem7_0_ARLEN               |  14|          3|   32|         96|
    |m_axi_gmem7_0_ARLOCK              |   9|          2|    2|          4|
    |m_axi_gmem7_0_ARPROT              |   9|          2|    3|          6|
    |m_axi_gmem7_0_ARQOS               |   9|          2|    4|          8|
    |m_axi_gmem7_0_ARREGION            |   9|          2|    4|          8|
    |m_axi_gmem7_0_ARSIZE              |   9|          2|    3|          6|
    |m_axi_gmem7_0_ARUSER              |   9|          2|    1|          2|
    |m_axi_gmem7_0_ARVALID             |  14|          3|    1|          3|
    |m_axi_gmem7_0_RREADY              |  14|          3|    1|          3|
    |resident_update_scales_we0_local  |   9|          2|    4|          8|
    |scales_reg_230                    |   9|          2|   32|         64|
    +----------------------------------+----+-----------+-----+-----------+
    |Total                             | 256|         57|  170|        451|
    +----------------------------------+----+-----------+-----+-----------+

    * Register: 
    +-------------------------------------------------------------------------------------------------+----+----+-----+-----------+
    |                                               Name                                              | FF | LUT| Bits| Const Bits|
    +-------------------------------------------------------------------------------------------------+----+----+-----+-----------+
    |add_ln861_reg_485                                                                                |   6|   0|    6|          0|
    |add_ln864_reg_505                                                                                |   3|   0|    3|          0|
    |ap_CS_fsm                                                                                        |  14|   0|   14|          0|
    |block_reg_219                                                                                    |   3|   0|    3|          0|
    |gmem7_addr_reg_525                                                                               |  64|   0|   64|          0|
    |grp_p_anonymous_namespace_load_snapshot_Pipeline_load_snapshot_update_lanes_fu_243_ap_start_reg  |   1|   0|    1|          0|
    |head_fu_132                                                                                      |   6|   0|    6|          0|
    |lshr_ln9_reg_520                                                                                 |  16|   0|   16|          0|
    |scales_reg_230                                                                                   |  32|   0|   32|          0|
    |shl_ln24_reg_515                                                                                 |   2|   0|    7|          5|
    |shl_ln_reg_497                                                                                   |   5|   0|    7|          2|
    |trunc_ln864_reg_490                                                                              |   5|   0|    5|          0|
    |trunc_ln873_reg_510                                                                              |   2|   0|    2|          0|
    |value_reg_531                                                                                    |   8|   0|    8|          0|
    +-------------------------------------------------------------------------------------------------+----+----+-----+-----------+
    |Total                                                                                            | 167|   0|  174|          7|
    +-------------------------------------------------------------------------------------------------+----+----+-----+-----------+



================================================================
== Interface
================================================================
* Summary: 
+---------------------------------+-----+-----+------------+-----------------------------------------------------------------------+--------------+
|            RTL Ports            | Dir | Bits|  Protocol  |                             Source Object                             |    C Type    |
+---------------------------------+-----+-----+------------+-----------------------------------------------------------------------+--------------+
|ap_clk                           |   in|    1|  ap_ctrl_hs|  (anonymous namespace)load_snapshot_Outline_load_snapshot_update_heads|  return value|
|ap_rst                           |   in|    1|  ap_ctrl_hs|  (anonymous namespace)load_snapshot_Outline_load_snapshot_update_heads|  return value|
|ap_start                         |   in|    1|  ap_ctrl_hs|  (anonymous namespace)load_snapshot_Outline_load_snapshot_update_heads|  return value|
|ap_done                          |  out|    1|  ap_ctrl_hs|  (anonymous namespace)load_snapshot_Outline_load_snapshot_update_heads|  return value|
|ap_idle                          |  out|    1|  ap_ctrl_hs|  (anonymous namespace)load_snapshot_Outline_load_snapshot_update_heads|  return value|
|ap_ready                         |  out|    1|  ap_ctrl_hs|  (anonymous namespace)load_snapshot_Outline_load_snapshot_update_heads|  return value|
|empty                            |   in|    1|     ap_none|                                                                  empty|        scalar|
|add_ln879                        |   in|   16|     ap_none|                                                              add_ln879|        scalar|
|add_ln875                        |   in|   20|     ap_none|                                                              add_ln875|        scalar|
|tmp21                            |   in|   64|     ap_none|                                                                  tmp21|        scalar|
|m_axi_gmem7_0_AWVALID            |  out|    1|       m_axi|                                                                  gmem7|       pointer|
|m_axi_gmem7_0_AWREADY            |   in|    1|       m_axi|                                                                  gmem7|       pointer|
|m_axi_gmem7_0_AWADDR             |  out|   64|       m_axi|                                                                  gmem7|       pointer|
|m_axi_gmem7_0_AWID               |  out|    1|       m_axi|                                                                  gmem7|       pointer|
|m_axi_gmem7_0_AWLEN              |  out|   32|       m_axi|                                                                  gmem7|       pointer|
|m_axi_gmem7_0_AWSIZE             |  out|    3|       m_axi|                                                                  gmem7|       pointer|
|m_axi_gmem7_0_AWBURST            |  out|    2|       m_axi|                                                                  gmem7|       pointer|
|m_axi_gmem7_0_AWLOCK             |  out|    2|       m_axi|                                                                  gmem7|       pointer|
|m_axi_gmem7_0_AWCACHE            |  out|    4|       m_axi|                                                                  gmem7|       pointer|
|m_axi_gmem7_0_AWPROT             |  out|    3|       m_axi|                                                                  gmem7|       pointer|
|m_axi_gmem7_0_AWQOS              |  out|    4|       m_axi|                                                                  gmem7|       pointer|
|m_axi_gmem7_0_AWREGION           |  out|    4|       m_axi|                                                                  gmem7|       pointer|
|m_axi_gmem7_0_AWUSER             |  out|    1|       m_axi|                                                                  gmem7|       pointer|
|m_axi_gmem7_0_WVALID             |  out|    1|       m_axi|                                                                  gmem7|       pointer|
|m_axi_gmem7_0_WREADY             |   in|    1|       m_axi|                                                                  gmem7|       pointer|
|m_axi_gmem7_0_WDATA              |  out|    8|       m_axi|                                                                  gmem7|       pointer|
|m_axi_gmem7_0_WSTRB              |  out|    1|       m_axi|                                                                  gmem7|       pointer|
|m_axi_gmem7_0_WLAST              |  out|    1|       m_axi|                                                                  gmem7|       pointer|
|m_axi_gmem7_0_WID                |  out|    1|       m_axi|                                                                  gmem7|       pointer|
|m_axi_gmem7_0_WUSER              |  out|    1|       m_axi|                                                                  gmem7|       pointer|
|m_axi_gmem7_0_ARVALID            |  out|    1|       m_axi|                                                                  gmem7|       pointer|
|m_axi_gmem7_0_ARREADY            |   in|    1|       m_axi|                                                                  gmem7|       pointer|
|m_axi_gmem7_0_ARADDR             |  out|   64|       m_axi|                                                                  gmem7|       pointer|
|m_axi_gmem7_0_ARID               |  out|    1|       m_axi|                                                                  gmem7|       pointer|
|m_axi_gmem7_0_ARLEN              |  out|   32|       m_axi|                                                                  gmem7|       pointer|
|m_axi_gmem7_0_ARSIZE             |  out|    3|       m_axi|                                                                  gmem7|       pointer|
|m_axi_gmem7_0_ARBURST            |  out|    2|       m_axi|                                                                  gmem7|       pointer|
|m_axi_gmem7_0_ARLOCK             |  out|    2|       m_axi|                                                                  gmem7|       pointer|
|m_axi_gmem7_0_ARCACHE            |  out|    4|       m_axi|                                                                  gmem7|       pointer|
|m_axi_gmem7_0_ARPROT             |  out|    3|       m_axi|                                                                  gmem7|       pointer|
|m_axi_gmem7_0_ARQOS              |  out|    4|       m_axi|                                                                  gmem7|       pointer|
|m_axi_gmem7_0_ARREGION           |  out|    4|       m_axi|                                                                  gmem7|       pointer|
|m_axi_gmem7_0_ARUSER             |  out|    1|       m_axi|                                                                  gmem7|       pointer|
|m_axi_gmem7_0_RVALID             |   in|    1|       m_axi|                                                                  gmem7|       pointer|
|m_axi_gmem7_0_RREADY             |  out|    1|       m_axi|                                                                  gmem7|       pointer|
|m_axi_gmem7_0_RDATA              |   in|    8|       m_axi|                                                                  gmem7|       pointer|
|m_axi_gmem7_0_RLAST              |   in|    1|       m_axi|                                                                  gmem7|       pointer|
|m_axi_gmem7_0_RID                |   in|    1|       m_axi|                                                                  gmem7|       pointer|
|m_axi_gmem7_0_RFIFONUM           |   in|   11|       m_axi|                                                                  gmem7|       pointer|
|m_axi_gmem7_0_RUSER              |   in|    1|       m_axi|                                                                  gmem7|       pointer|
|m_axi_gmem7_0_RRESP              |   in|    2|       m_axi|                                                                  gmem7|       pointer|
|m_axi_gmem7_0_BVALID             |   in|    1|       m_axi|                                                                  gmem7|       pointer|
|m_axi_gmem7_0_BREADY             |  out|    1|       m_axi|                                                                  gmem7|       pointer|
|m_axi_gmem7_0_BRESP              |   in|    2|       m_axi|                                                                  gmem7|       pointer|
|m_axi_gmem7_0_BID                |   in|    1|       m_axi|                                                                  gmem7|       pointer|
|m_axi_gmem7_0_BUSER              |   in|    1|       m_axi|                                                                  gmem7|       pointer|
|zext_ln861                       |   in|   13|     ap_none|                                                             zext_ln861|        scalar|
|updates_in                       |   in|   64|     ap_none|                                                             updates_in|        scalar|
|zext_ln839                       |   in|   16|     ap_none|                                                             zext_ln839|        scalar|
|resident_updates_address0        |  out|   16|   ap_memory|                                                       resident_updates|         array|
|resident_updates_ce0             |  out|    1|   ap_memory|                                                       resident_updates|         array|
|resident_updates_we0             |  out|    1|   ap_memory|                                                       resident_updates|         array|
|resident_updates_d0              |  out|  128|   ap_memory|                                                       resident_updates|         array|
|resident_update_scales_address0  |  out|   14|   ap_memory|                                                 resident_update_scales|         array|
|resident_update_scales_ce0       |  out|    1|   ap_memory|                                                 resident_update_scales|         array|
|resident_update_scales_we0       |  out|    4|   ap_memory|                                                 resident_update_scales|         array|
|resident_update_scales_d0        |  out|   32|   ap_memory|                                                 resident_update_scales|         array|
+---------------------------------+-----+-----+------------+-----------------------------------------------------------------------+--------------+

