Copyright 1986-2022 Xilinx, Inc. All Rights Reserved. Copyright 2022-2024 Advanced Micro Devices, Inc. All Rights Reserved.
--------------------------------------------------------------------------------------------------------------------------------------------------
| Tool Version      : Vivado v.2024.2 (win64) Build 5239630 Fri Nov 08 22:35:27 MST 2024
| Date              : Mon May  4 22:06:20 2026
| Host              : meow running 64-bit major release  (build 9200)
| Command           : report_timing_summary -file reports/vivado/impl_timing.rpt
| Design            : gdn_top
| Device            : xcu55c-fsvh2892
| Speed File        : -2L  PRODUCTION 1.30 05-01-2022
| Design State      : Routed
| Temperature Grade : E
--------------------------------------------------------------------------------------------------------------------------------------------------

Timing Summary Report

------------------------------------------------------------------------------------------------
| Timer Settings
| --------------
------------------------------------------------------------------------------------------------

  Enable Multi Corner Analysis               :  Yes
  Enable Pessimism Removal                   :  Yes
  Pessimism Removal Resolution               :  Nearest Common Node
  Enable Input Delay Default Clock           :  No
  Enable Preset / Clear Arcs                 :  No
  Disable Flight Delays                      :  No
  Ignore I/O Paths                           :  No
  Timing Early Launch at Borrowing Latches   :  No
  Borrow Time for Max Delay Exceptions       :  Yes
  Merge Timing Exceptions                    :  Yes
  Inter-SLR Compensation                     :  Conservative

  Corner  Analyze    Analyze    
  Name    Max Paths  Min Paths  
  ------  ---------  ---------  
  Slow    Yes        Yes        
  Fast    Yes        Yes        


------------------------------------------------------------------------------------------------
| Report Methodology
| ------------------
------------------------------------------------------------------------------------------------

No report available as report_methodology has not been run prior. Run report_methodology on the current design for the summary of methodology violations.



check_timing report

Table of Contents
-----------------
1. checking no_clock (0)
2. checking constant_clock (0)
3. checking pulse_width_clock (0)
4. checking unconstrained_internal_endpoints (0)
5. checking no_input_delay (0)
6. checking no_output_delay (0)
7. checking multiple_clock (0)
8. checking generated_clocks (0)
9. checking loops (0)
10. checking partial_input_delay (0)
11. checking partial_output_delay (0)
12. checking latch_loops (0)

1. checking no_clock (0)
------------------------
 There are 0 register/latch pins with no clock.


2. checking constant_clock (0)
------------------------------
 There are 0 register/latch pins with constant_clock.


3. checking pulse_width_clock (0)
---------------------------------
 There are 0 register/latch pins which need pulse_width check


4. checking unconstrained_internal_endpoints (0)
------------------------------------------------
 There are 0 pins that are not constrained for maximum delay.

 There are 0 pins that are not constrained for maximum delay due to constant clock.


5. checking no_input_delay (0)
------------------------------
 There are 0 input ports with no input delay specified.

 There are 0 input ports with no input delay but user has a false path constraint.


6. checking no_output_delay (0)
-------------------------------
 There are 0 ports with no output delay specified.

 There are 0 ports with no output delay but user has a false path constraint

 There are 0 ports with no output delay but with a timing clock defined on it or propagating through it


7. checking multiple_clock (0)
------------------------------
 There are 0 register/latch pins with multiple clocks.


8. checking generated_clocks (0)
--------------------------------
 There are 0 generated clocks that are not connected to a clock source.


9. checking loops (0)
---------------------
 There are 0 combinational loops in the design.


10. checking partial_input_delay (0)
------------------------------------
 There are 0 input ports with partial input delay specified.


11. checking partial_output_delay (0)
-------------------------------------
 There are 0 ports with partial output delay specified.


12. checking latch_loops (0)
----------------------------
 There are 0 combinational latch loops in the design through latch input



------------------------------------------------------------------------------------------------
| Design Timing Summary
| ---------------------
------------------------------------------------------------------------------------------------

    WNS(ns)      TNS(ns)  TNS Failing Endpoints  TNS Total Endpoints      WHS(ns)      THS(ns)  THS Failing Endpoints  THS Total Endpoints     WPWS(ns)     TPWS(ns)  TPWS Failing Endpoints  TPWS Total Endpoints  
    -------      -------  ---------------------  -------------------      -------      -------  ---------------------  -------------------     --------     --------  ----------------------  --------------------  
      0.013        0.000                      0               135561        0.020        0.000                      0               135561        1.458        0.000                       0                 47901  


All user specified timing constraints are met.


------------------------------------------------------------------------------------------------
| Clock Summary
| -------------
------------------------------------------------------------------------------------------------

Clock   Waveform(ns)         Period(ns)      Frequency(MHz)
-----   ------------         ----------      --------------
ap_clk  {0.000 2.000}        4.000           250.000         


------------------------------------------------------------------------------------------------
| Intra Clock Table
| -----------------
------------------------------------------------------------------------------------------------

Clock             WNS(ns)      TNS(ns)  TNS Failing Endpoints  TNS Total Endpoints      WHS(ns)      THS(ns)  THS Failing Endpoints  THS Total Endpoints     WPWS(ns)     TPWS(ns)  TPWS Failing Endpoints  TPWS Total Endpoints  
-----             -------      -------  ---------------------  -------------------      -------      -------  ---------------------  -------------------     --------     --------  ----------------------  --------------------  
ap_clk              0.013        0.000                      0               135561        0.020        0.000                      0               135561        1.458        0.000                       0                 47901  


------------------------------------------------------------------------------------------------
| Inter Clock Table
| -----------------
------------------------------------------------------------------------------------------------

From Clock    To Clock          WNS(ns)      TNS(ns)  TNS Failing Endpoints  TNS Total Endpoints      WHS(ns)      THS(ns)  THS Failing Endpoints  THS Total Endpoints  
----------    --------          -------      -------  ---------------------  -------------------      -------      -------  ---------------------  -------------------  


------------------------------------------------------------------------------------------------
| Other Path Groups Table
| -----------------------
------------------------------------------------------------------------------------------------

Path Group    From Clock    To Clock          WNS(ns)      TNS(ns)  TNS Failing Endpoints  TNS Total Endpoints      WHS(ns)      THS(ns)  THS Failing Endpoints  THS Total Endpoints  
----------    ----------    --------          -------      -------  ---------------------  -------------------      -------      -------  ---------------------  -------------------  


------------------------------------------------------------------------------------------------
| Timing Details
| --------------
------------------------------------------------------------------------------------------------


---------------------------------------------------------------------------------------------------
From Clock:  ap_clk
  To Clock:  ap_clk

Setup :            0  Failing Endpoints,  Worst Slack        0.013ns,  Total Violation        0.000ns
Hold  :            0  Failing Endpoints,  Worst Slack        0.020ns,  Total Violation        0.000ns
PW    :            0  Failing Endpoints,  Worst Slack        1.458ns,  Total Violation        0.000ns
---------------------------------------------------------------------------------------------------


Max Delay Paths
--------------------------------------------------------------------------------------
Slack (MET) :             0.013ns  (required time - arrival time)
  Source:                 grp_gdn_top_impl_fu_252/zext_ln103_reg_110926_reg[0]/C
                            (rising edge-triggered cell FDRE clocked by ap_clk  {rise@0.000ns fall@2.000ns period=4.000ns})
  Destination:            grp_gdn_top_impl_fu_252/tmp_1268_reg_114407_reg[0]_psdsp_3/D
                            (rising edge-triggered cell FDRE clocked by ap_clk  {rise@0.000ns fall@2.000ns period=4.000ns})
  Path Group:             ap_clk
  Path Type:              Setup (Max at Slow Process Corner)
  Requirement:            4.000ns  (ap_clk rise@4.000ns - ap_clk rise@0.000ns)
  Data Path Delay:        3.967ns  (logic 0.751ns (18.931%)  route 3.216ns (81.069%))
  Logic Levels:           6  (CARRY8=3 LUT3=1 LUT4=1 LUT6=1)
  Clock Path Skew:        -0.010ns (DCD - SCD + CPR)
    Destination Clock Delay (DCD):    0.020ns = ( 4.020 - 4.000 ) 
    Source Clock Delay      (SCD):    0.030ns
    Clock Pessimism Removal (CPR):    0.000ns
  Clock Uncertainty:      0.035ns  ((TSJ^2 + TIJ^2)^1/2 + DJ) / 2 + PE
    Total System Jitter     (TSJ):    0.071ns
    Total Input Jitter      (TIJ):    0.000ns
    Discrete Jitter          (DJ):    0.000ns
    Phase Error              (PE):    0.000ns

    Location             Delay type                Incr(ns)  Path(ns)    Netlist Resource(s)
  -------------------------------------------------------------------    -------------------
                         (clock ap_clk rise edge)     0.000     0.000 r  
                                                      0.000     0.000 r  ap_clk (IN)
                         net (fo=51525, unset)        0.030     0.030    grp_gdn_top_impl_fu_252/ap_clk
    SLICE_X124Y544       FDRE                                         r  grp_gdn_top_impl_fu_252/zext_ln103_reg_110926_reg[0]/C
  -------------------------------------------------------------------    -------------------
    SLICE_X124Y544       FDRE (Prop_HFF2_SLICEM_C_Q)
                                                      0.078     0.108 r  grp_gdn_top_impl_fu_252/zext_ln103_reg_110926_reg[0]/Q
                         net (fo=115, routed)         0.622     0.730    grp_gdn_top_impl_fu_252/mul_7s_8ns_15_1_1_U913/Q[0]
    SLICE_X127Y539       LUT4 (Prop_D5LUT_SLICEL_I3_O)
                                                      0.157     0.887 r  grp_gdn_top_impl_fu_252/mul_7s_8ns_15_1_1_U913/tmp_product__5_carry_i_6__0/O
                         net (fo=1, routed)           0.306     1.193    grp_gdn_top_impl_fu_252/mul_7s_8ns_15_1_1_U913/tmp_product__5_carry_i_6__0_n_0
    SLICE_X128Y537       CARRY8 (Prop_CARRY8_SLICEM_DI[2]_O[3])
                                                      0.094     1.287 r  grp_gdn_top_impl_fu_252/mul_7s_8ns_15_1_1_U913/tmp_product__5_carry/O[3]
                         net (fo=3, routed)           0.182     1.470    grp_gdn_top_impl_fu_252/mul_7s_8ns_15_1_1_U913/tmp_product__5_carry_n_12
    SLICE_X127Y536       LUT3 (Prop_D5LUT_SLICEL_I0_O)
                                                      0.066     1.536 r  grp_gdn_top_impl_fu_252/mul_7s_8ns_15_1_1_U913/tmp_product__37_carry_i_4__0/O
                         net (fo=2, routed)           0.262     1.798    grp_gdn_top_impl_fu_252/mul_7s_8ns_15_1_1_U913/tmp_product__37_carry_i_4__0_n_0
    SLICE_X127Y536       LUT6 (Prop_E6LUT_SLICEL_I0_O)
                                                      0.147     1.945 r  grp_gdn_top_impl_fu_252/mul_7s_8ns_15_1_1_U913/tmp_product__37_carry_i_9__0/O
                         net (fo=1, routed)           0.007     1.952    grp_gdn_top_impl_fu_252/mul_7s_8ns_15_1_1_U913/tmp_product__37_carry_i_9__0_n_0
    SLICE_X127Y536       CARRY8 (Prop_CARRY8_SLICEL_S[4]_CO[7])
                                                      0.153     2.105 r  grp_gdn_top_impl_fu_252/mul_7s_8ns_15_1_1_U913/tmp_product__37_carry/CO[7]
                         net (fo=1, routed)           0.026     2.131    grp_gdn_top_impl_fu_252/mul_7s_8ns_15_1_1_U913/tmp_product__37_carry_n_0
    SLICE_X127Y537       CARRY8 (Prop_CARRY8_SLICEL_CI_O[0])
                                                      0.056     2.187 r  grp_gdn_top_impl_fu_252/mul_7s_8ns_15_1_1_U913/tmp_product__37_carry__0/O[0]
                         net (fo=8, routed)           1.810     3.997    grp_gdn_top_impl_fu_252/dout__0[11]
    SLICE_X68Y543        FDRE                                         r  grp_gdn_top_impl_fu_252/tmp_1268_reg_114407_reg[0]_psdsp_3/D
  -------------------------------------------------------------------    -------------------

                         (clock ap_clk rise edge)     4.000     4.000 r  
                                                      0.000     4.000 r  ap_clk (IN)
                         net (fo=51525, unset)        0.020     4.020    grp_gdn_top_impl_fu_252/ap_clk
    SLICE_X68Y543        FDRE                                         r  grp_gdn_top_impl_fu_252/tmp_1268_reg_114407_reg[0]_psdsp_3/C
                         clock pessimism              0.000     4.020    
                         clock uncertainty           -0.035     3.985    
    SLICE_X68Y543        FDRE (Setup_EFF_SLICEL_C_D)
                                                      0.025     4.010    grp_gdn_top_impl_fu_252/tmp_1268_reg_114407_reg[0]_psdsp_3
  -------------------------------------------------------------------
                         required time                          4.010    
                         arrival time                          -3.997    
  -------------------------------------------------------------------
                         slack                                  0.013    





Min Delay Paths
--------------------------------------------------------------------------------------
Slack (MET) :             0.020ns  (arrival time - required time)
  Source:                 gmem2_m_axi_U/load_unit_0/fifo_rreq/U_fifo_srl/dout_reg[8]/C
                            (rising edge-triggered cell FDRE clocked by ap_clk  {rise@0.000ns fall@2.000ns period=4.000ns})
  Destination:            gmem2_m_axi_U/load_unit_0/tmp_addr_reg[8]/D
                            (rising edge-triggered cell FDRE clocked by ap_clk  {rise@0.000ns fall@2.000ns period=4.000ns})
  Path Group:             ap_clk
  Path Type:              Hold (Min at Fast Process Corner)
  Requirement:            0.000ns  (ap_clk rise@0.000ns - ap_clk rise@0.000ns)
  Data Path Delay:        0.073ns  (logic 0.039ns (53.425%)  route 0.034ns (46.575%))
  Logic Levels:           0  
  Clock Path Skew:        0.006ns (DCD - SCD - CPR)
    Destination Clock Delay (DCD):    0.018ns
    Source Clock Delay      (SCD):    0.012ns
    Clock Pessimism Removal (CPR):    -0.000ns

    Location             Delay type                Incr(ns)  Path(ns)    Netlist Resource(s)
  -------------------------------------------------------------------    -------------------
                         (clock ap_clk rise edge)     0.000     0.000 r  
                                                      0.000     0.000 r  ap_clk (IN)
                         net (fo=51525, unset)        0.012     0.012    gmem2_m_axi_U/load_unit_0/fifo_rreq/U_fifo_srl/ap_clk
    SLICE_X168Y613       FDRE                                         r  gmem2_m_axi_U/load_unit_0/fifo_rreq/U_fifo_srl/dout_reg[8]/C
  -------------------------------------------------------------------    -------------------
    SLICE_X168Y613       FDRE (Prop_AFF_SLICEL_C_Q)
                                                      0.039     0.051 r  gmem2_m_axi_U/load_unit_0/fifo_rreq/U_fifo_srl/dout_reg[8]/Q
                         net (fo=1, routed)           0.034     0.085    gmem2_m_axi_U/load_unit_0/fifo_rreq_n_88
    SLICE_X168Y613       FDRE                                         r  gmem2_m_axi_U/load_unit_0/tmp_addr_reg[8]/D
  -------------------------------------------------------------------    -------------------

                         (clock ap_clk rise edge)     0.000     0.000 r  
                                                      0.000     0.000 r  ap_clk (IN)
                         net (fo=51525, unset)        0.018     0.018    gmem2_m_axi_U/load_unit_0/ap_clk
    SLICE_X168Y613       FDRE                                         r  gmem2_m_axi_U/load_unit_0/tmp_addr_reg[8]/C
                         clock pessimism              0.000     0.018    
    SLICE_X168Y613       FDRE (Hold_BFF2_SLICEL_C_D)
                                                      0.047     0.065    gmem2_m_axi_U/load_unit_0/tmp_addr_reg[8]
  -------------------------------------------------------------------
                         required time                         -0.065    
                         arrival time                           0.085    
  -------------------------------------------------------------------
                         slack                                  0.020    





Pulse Width Checks
--------------------------------------------------------------------------------------
Clock Name:         ap_clk
Waveform(ns):       { 0.000 2.000 }
Period(ns):         4.000
Sources:            { ap_clk }

Check Type        Corner  Lib Pin             Reference Pin  Required(ns)  Actual(ns)  Slack(ns)  Location        Pin
Min Period        n/a     RAMB18E2/CLKARDCLK  n/a            1.569         4.000       2.431      RAMB18_X11Y244  gmem0_m_axi_U/load_unit_0/buff_rdata/U_fifo_mem/mem_reg/CLKARDCLK
Low Pulse Width   Slow    RAMB18E2/CLKARDCLK  n/a            0.542         2.000       1.458      RAMB18_X11Y244  gmem0_m_axi_U/load_unit_0/buff_rdata/U_fifo_mem/mem_reg/CLKARDCLK
High Pulse Width  Slow    RAMB18E2/CLKARDCLK  n/a            0.542         2.000       1.458      RAMB18_X11Y244  gmem0_m_axi_U/load_unit_0/buff_rdata/U_fifo_mem/mem_reg/CLKARDCLK



