Copyright 1986-2022 Xilinx, Inc. All Rights Reserved. Copyright 2022-2025 Advanced Micro Devices, Inc. All Rights Reserved.
------------------------------------------------------------------------------------------------------------------------------------------------------------------------
| Tool Version : Vivado v.2025.2 (win64) Build 6299465 Fri Nov 14 19:35:11 GMT 2025
| Date         : Mon Aug 10 06:59:00 2026
| Host         : Tyler running 64-bit major release  (build 9200)
| Command      : report_design_analysis -timing -logic_level_distribution -file X:/reports/vivado/experiments/rs2_fold_write_partial_banks_20260810/design_analysis.rpt
| Design       : gdn_rs2_top
| Device       : xcu55c
| Design State : Routed
------------------------------------------------------------------------------------------------------------------------------------------------------------------------

Report Design Analysis

Table of Contents
-----------------
1. Setup Path Characteristics 1-1
2. Logic Level Distribution

1. Setup Path Characteristics 1-1
---------------------------------

+---------------------------+----------------------------------------------------+
|      Characteristics      |                       Path #1                      |
+---------------------------+----------------------------------------------------+
| Requirement               | 4.000                                              |
| Path Delay                | 6.226                                              |
| Logic Delay               | 0.237(4%)                                          |
| Net Delay                 | 5.989(96%)                                         |
| Clock Skew                | 0.278                                              |
| Slack                     | -2.757                                             |
| Clock Uncertainty         | 0.035                                              |
| Clock Pair Classification | Partial False Path                                 |
| Clock Delay Group         | Same Clock                                         |
| Logic Levels              | 3                                                  |
| Routes                    | 4                                                  |
| Logical Path              | FDRE/C-(3)-LUT3-(9)-LUT4-(7)-LUT6-(4)-URAM288/EN_A |
| Start Point Clock         | ap_clk                                             |
| End Point Clock           | ap_clk                                             |
| DSP Block                 | None                                               |
| RAM Registers             | None-IREG_PRE(0)-REG_CAS(0)                        |
| IO Crossings              | 1                                                  |
| SLR Crossings             | 2                                                  |
| PBlocks                   | 0                                                  |
| High Fanout               | 9                                                  |
| ASYNC REG                 | 0                                                  |
| Dont Touch                | 0                                                  |
| Mark Debug                | 0                                                  |
| Start Point Pin Primitive | FDRE/C                                             |
| End Point Pin Primitive   | URAM288/EN_A                                       |
| Start Point Pin           | ap_CS_fsm_reg[14]/C                                |
| End Point Pin             | ram_reg_uram_46/EN_A                               |
+---------------------------+----------------------------------------------------+
* Bounding box calculated as % of dimensions for the target device (5130, 1566)


2. Logic Level Distribution
---------------------------

+-----------------+-------------+-----+-----+-----+-----+-----+----+---+
| End Point Clock | Requirement |  1  |  2  |  3  |  4  |  5  |  6 | 7 |
+-----------------+-------------+-----+-----+-----+-----+-----+----+---+
| ap_clk          | 4.000ns     | 160 | 134 | 233 | 329 | 126 | 15 | 3 |
+-----------------+-------------+-----+-----+-----+-----+-----+----+---+
* Columns represent the logic levels per end point clock
** Distribution is for top worst 1000 paths


