Copyright 1986-2022 Xilinx, Inc. All Rights Reserved. Copyright 2022-2025 Advanced Micro Devices, Inc. All Rights Reserved.
------------------------------------------------------------------------------------------------------------------------------------------------------------------------------------------------------
| Tool Version      : Vivado v.2025.2 (win64) Build 6299465 Fri Nov 14 19:35:11 GMT 2025
| Date              : Mon Aug 10 06:57:38 2026
| Host              : Tyler running 64-bit major release  (build 9200)
| Command           : report_timing_summary -delay_type min_max -report_unconstrained -check_timing_verbose -file X:/reports/vivado/experiments/rs2_fold_write_partial_banks_20260810/impl_timing.rpt
| Design            : gdn_rs2_top
| Device            : xcu55c-fsvh2892
| Speed File        : -2L  PRODUCTION 1.30 05-01-2022
| Design State      : Routed
| Temperature Grade : E
------------------------------------------------------------------------------------------------------------------------------------------------------------------------------------------------------

Timing Summary Report

------------------------------------------------------------------------------------------------
| Timer Settings
| --------------
------------------------------------------------------------------------------------------------

  Enable Multi Corner Analysis               :  Yes
  Enable Pessimism Removal                   :  Yes
  Pessimism Removal Resolution               :  Nearest Common Node
  Enable Input Delay Default Clock           :  No
  Enable Preset / Clear Arcs                 :  No
  Disable Flight Delays                      :  No
  Ignore I/O Paths                           :  No
  Timing Early Launch at Borrowing Latches   :  No
  Borrow Time for Max Delay Exceptions       :  Yes
  Merge Timing Exceptions                    :  Yes
  Inter-SLR Compensation                     :  Conservative

  Corner  Analyze    Analyze    
  Name    Max Paths  Min Paths  
  ------  ---------  ---------  
  Slow    Yes        Yes        
  Fast    Yes        Yes        


------------------------------------------------------------------------------------------------
| Report Methodology
| ------------------
------------------------------------------------------------------------------------------------

No report available as report_methodology has not been run prior. Run report_methodology on the current design for the summary of methodology violations.



check_timing report

Table of Contents
-----------------
1. checking no_clock (0)
2. checking constant_clock (0)
3. checking pulse_width_clock (0)
4. checking unconstrained_internal_endpoints (0)
5. checking no_input_delay (0)
6. checking no_output_delay (0)
7. checking multiple_clock (0)
8. checking generated_clocks (0)
9. checking loops (0)
10. checking partial_input_delay (0)
11. checking partial_output_delay (0)
12. checking latch_loops (0)

1. checking no_clock (0)
------------------------
 There are 0 register/latch pins with no clock.


2. checking constant_clock (0)
------------------------------
 There are 0 register/latch pins with constant_clock.


3. checking pulse_width_clock (0)
---------------------------------
 There are 0 register/latch pins which need pulse_width check


4. checking unconstrained_internal_endpoints (0)
------------------------------------------------
 There are 0 pins that are not constrained for maximum delay.

 There are 0 pins that are not constrained for maximum delay due to constant clock.


5. checking no_input_delay (0)
------------------------------
 There are 0 input ports with no input delay specified.

 There are 0 input ports with no input delay but user has a false path constraint.


6. checking no_output_delay (0)
-------------------------------
 There are 0 ports with no output delay specified.

 There are 0 ports with no output delay but user has a false path constraint

 There are 0 ports with no output delay but with a timing clock defined on it or propagating through it


7. checking multiple_clock (0)
------------------------------
 There are 0 register/latch pins with multiple clocks.


8. checking generated_clocks (0)
--------------------------------
 There are 0 generated clocks that are not connected to a clock source.


9. checking loops (0)
---------------------
 There are 0 combinational loops in the design.


10. checking partial_input_delay (0)
------------------------------------
 There are 0 input ports with partial input delay specified.


11. checking partial_output_delay (0)
-------------------------------------
 There are 0 ports with partial output delay specified.


12. checking latch_loops (0)
----------------------------
 There are 0 combinational latch loops in the design through latch input



------------------------------------------------------------------------------------------------
| Design Timing Summary
| ---------------------
------------------------------------------------------------------------------------------------

    WNS(ns)      TNS(ns)  TNS Failing Endpoints  TNS Total Endpoints      WHS(ns)      THS(ns)  THS Failing Endpoints  THS Total Endpoints     WPWS(ns)     TPWS(ns)  TPWS Failing Endpoints  TPWS Total Endpoints  
    -------      -------  ---------------------  -------------------      -------      -------  ---------------------  -------------------     --------     --------  ----------------------  --------------------  
     -2.757   -51999.980                  53673               227026        0.010        0.000                      0               226613        1.300        0.000                       0                 78434  


Timing constraints are not met.


------------------------------------------------------------------------------------------------
| Clock Summary
| -------------
------------------------------------------------------------------------------------------------

Clock   Waveform(ns)         Period(ns)      Frequency(MHz)
-----   ------------         ----------      --------------
ap_clk  {0.000 2.000}        4.000           250.000         


------------------------------------------------------------------------------------------------
| Intra Clock Table
| -----------------
------------------------------------------------------------------------------------------------

Clock             WNS(ns)      TNS(ns)  TNS Failing Endpoints  TNS Total Endpoints      WHS(ns)      THS(ns)  THS Failing Endpoints  THS Total Endpoints     WPWS(ns)     TPWS(ns)  TPWS Failing Endpoints  TPWS Total Endpoints  
-----             -------      -------  ---------------------  -------------------      -------      -------  ---------------------  -------------------     --------     --------  ----------------------  --------------------  
ap_clk             -2.757   -51999.980                  53673               227026        0.010        0.000                      0               226613        1.300        0.000                       0                 78434  


------------------------------------------------------------------------------------------------
| Inter Clock Table
| -----------------
------------------------------------------------------------------------------------------------

From Clock    To Clock          WNS(ns)      TNS(ns)  TNS Failing Endpoints  TNS Total Endpoints      WHS(ns)      THS(ns)  THS Failing Endpoints  THS Total Endpoints  
----------    --------          -------      -------  ---------------------  -------------------      -------      -------  ---------------------  -------------------  


------------------------------------------------------------------------------------------------
| Other Path Groups Table
| -----------------------
------------------------------------------------------------------------------------------------

Path Group    From Clock    To Clock          WNS(ns)      TNS(ns)  TNS Failing Endpoints  TNS Total Endpoints      WHS(ns)      THS(ns)  THS Failing Endpoints  THS Total Endpoints  
----------    ----------    --------          -------      -------  ---------------------  -------------------      -------      -------  ---------------------  -------------------  


------------------------------------------------------------------------------------------------
| User Ignored Path Table
| -----------------------
------------------------------------------------------------------------------------------------

Path Group    From Clock    To Clock    
----------    ----------    --------    
(none)        ap_clk        ap_clk        


------------------------------------------------------------------------------------------------
| Unconstrained Path Table
| ------------------------
------------------------------------------------------------------------------------------------

Path Group    From Clock    To Clock    
----------    ----------    --------    


------------------------------------------------------------------------------------------------
| Timing Details
| --------------
------------------------------------------------------------------------------------------------


---------------------------------------------------------------------------------------------------
From Clock:  ap_clk
  To Clock:  ap_clk

Setup :        53673  Failing Endpoints,  Worst Slack       -2.757ns,  Total Violation   -51999.981ns
Hold  :            0  Failing Endpoints,  Worst Slack        0.010ns,  Total Violation        0.000ns
PW    :            0  Failing Endpoints,  Worst Slack        1.300ns,  Total Violation        0.000ns
---------------------------------------------------------------------------------------------------


Max Delay Paths
--------------------------------------------------------------------------------------
Slack (VIOLATED) :        -2.757ns  (required time - arrival time)
  Source:                 grp_gdn_rs2_top_impl_fu_582/grp_p_anonymous_namespace_load_snapshot_fu_9420/ap_CS_fsm_reg[14]/C
                            (rising edge-triggered cell FDRE clocked by ap_clk  {rise@0.000ns fall@2.000ns period=4.000ns})
  Destination:            grp_gdn_rs2_top_impl_fu_582/gdn_rs2_top_impl_unsigned_char_unsigned_short_unsigned_char_unsigned_char_ap_uin_4_U/ram_reg_uram_46/EN_A
                            (rising edge-triggered cell URAM288 clocked by ap_clk  {rise@0.000ns fall@2.000ns period=4.000ns})
  Path Group:             ap_clk
  Path Type:              Setup (Max at Slow Process Corner)
  Requirement:            4.000ns  (ap_clk rise@4.000ns - ap_clk rise@0.000ns)
  Data Path Delay:        6.226ns  (logic 0.237ns (3.806%)  route 5.989ns (96.194%))
  Logic Levels:           3  (LUT3=1 LUT4=1 LUT6=1)
  Clock Path Skew:        0.278ns (DCD - SCD + CPR)
    Destination Clock Delay (DCD):    3.451ns = ( 7.451 - 4.000 ) 
    Source Clock Delay      (SCD):    3.315ns
    Clock Pessimism Removal (CPR):    0.142ns
  Clock Uncertainty:      0.035ns  ((TSJ^2 + TIJ^2)^1/2 + DJ) / 2 + PE
    Total System Jitter     (TSJ):    0.071ns
    Total Input Jitter      (TIJ):    0.000ns
    Discrete Jitter          (DJ):    0.000ns
    Phase Error              (PE):    0.000ns
  Inter-SLR Compensation: 0.316ns  ((DCD - CCD) * PF)
    Destination Clock Delay (DCD):    3.451ns
    Common Clock Delay      (CCD):    1.346ns
    Prorating Factor         (PF):    0.150
  Clock Net Delay (Source):      3.244ns (routing 1.417ns, distribution 1.827ns)
  Clock Net Delay (Destination): 3.391ns (routing 1.286ns, distribution 2.105ns)

    Location             Delay type                Incr(ns)  Path(ns)    Netlist Resource(s)
  -------------------------------------------------------------------    -------------------
                         (clock ap_clk rise edge)     0.000     0.000 r  
                                                      0.000     0.000 r  ap_clk (IN)
                         net (fo=0)                   0.043     0.043    ap_clk
    BUFGCE_X0Y0          BUFGCE (Prop_BUFCE_BUFGCE_I_O)
                                                      0.028     0.071 r  ooc_ap_clk_bufg/O
    X4Y5 (CLOCK_ROOT)    net (fo=78501, routed)       3.244     3.315    grp_gdn_rs2_top_impl_fu_582/grp_p_anonymous_namespace_load_snapshot_fu_9420/ooc_ap_clk_global
    SLR Crossing[0->2]   
    SLICE_X109Y493       FDRE                                         r  grp_gdn_rs2_top_impl_fu_582/grp_p_anonymous_namespace_load_snapshot_fu_9420/ap_CS_fsm_reg[14]/C
  -------------------------------------------------------------------    -------------------
    SLICE_X109Y493       FDRE (Prop_CFF_SLICEM_C_Q)
                                                      0.078     3.393 r  grp_gdn_rs2_top_impl_fu_582/grp_p_anonymous_namespace_load_snapshot_fu_9420/ap_CS_fsm_reg[14]/Q
                         net (fo=3, routed)           0.050     3.443    grp_gdn_rs2_top_impl_fu_582/grp_p_anonymous_namespace_load_snapshot_fu_9420/ap_CS_fsm_reg[31]_0[2]
    SLICE_X109Y493       LUT3 (Prop_B6LUT_SLICEM_I0_O)
                                                      0.089     3.532 r  grp_gdn_rs2_top_impl_fu_582/grp_p_anonymous_namespace_load_snapshot_fu_9420/ap_CS_fsm[15]_i_1__5/O
                         net (fo=9, routed)           1.545     5.077    grp_gdn_rs2_top_impl_fu_582/grp_p_anonymous_namespace_load_snapshot_fu_9420/grp_p_anonymous_namespace_load_snapshot_fu_9420_gdn_rs2_gdn_rs2_top_impl_unsigned_char_unsigned_short_unsigned_char_unsigned_char_ap_uint_4_const_16_128_ap_uint_8_const_16_4_ap_uint_4_const_16_128_ap_uint_8_const_16_4_ap_uint_4_const_32_128_ap_uint_8_const_32_4_ap_uint_16_const_ap_uint_16_const_ap_uint_4_const_128_128_ap_uint_8_const_128_4_ap_uint_4_const_128_128_ap_uint_8_const_128_4_ap_uint_4_const_2_16_128_ap_uint_8_const_2_16_4_ap_uint_4_const_2_32_128_ap_uint_8_const_2_32_4_ap_uint_16_const_ap_uint_16_const_32_ap_uint_4_ap_int_32_128_ap_int_16_128_ap_uint_4_128_128_ap_uint_8_128_4_ap_uint_4_128_128_ap_uint_8_128_4_ap_uint_4_2_16_128_ap_uint_8_2_16_4_ap_uint_4_2_32_128_ap_uint_8_2_32_4_ap_uint_16_ap_uint_16_32_ap_uint_4_unsigned_char_ap_uint_64_ap_uint_64_ap_uint_64_resident_primary_ce0
    SLR Crossing[2->1]   
    SLICE_X112Y356       LUT4 (Prop_G6LUT_SLICEL_I2_O)
                                                      0.035     5.112 r  grp_gdn_rs2_top_impl_fu_582/grp_p_anonymous_namespace_load_snapshot_fu_9420/ram_reg_mux_sel_29_i_8/O
                         net (fo=7, routed)           2.159     7.271    grp_gdn_rs2_top_impl_fu_582/grp_p_anonymous_namespace_reset_slot_fu_9484/ap_CS_fsm_reg[265]_rep__2_0_alias
    SLR Crossing[1->0]   
    SLICE_X120Y213       LUT6 (Prop_E6LUT_SLICEL_I3_O)
                                                      0.035     7.306 r  grp_gdn_rs2_top_impl_fu_582/grp_p_anonymous_namespace_reset_slot_fu_9484/ram_reg_uram_17_i_1__3_comp_1/O
                         net (fo=4, routed)           2.235     9.541    grp_gdn_rs2_top_impl_fu_582/gdn_rs2_top_impl_unsigned_char_unsigned_short_unsigned_char_unsigned_char_ap_uin_4_U/word_7_reg_13624[0]_i_27_0
    URAM288_X4Y18        URAM288                                      r  grp_gdn_rs2_top_impl_fu_582/gdn_rs2_top_impl_unsigned_char_unsigned_short_unsigned_char_unsigned_char_ap_uin_4_U/ram_reg_uram_46/EN_A
  -------------------------------------------------------------------    -------------------

                         (clock ap_clk rise edge)     4.000     4.000 r  
                                                      0.000     4.000 r  ap_clk (IN)
                         net (fo=0)                   0.036     4.036    ap_clk
    BUFGCE_X0Y0          BUFGCE (Prop_BUFCE_BUFGCE_I_O)
                                                      0.024     4.060 r  ooc_ap_clk_bufg/O
    X4Y5 (CLOCK_ROOT)    net (fo=78501, routed)       3.391     7.451    grp_gdn_rs2_top_impl_fu_582/gdn_rs2_top_impl_unsigned_char_unsigned_short_unsigned_char_unsigned_char_ap_uin_4_U/ooc_ap_clk_global
    URAM288_X4Y18        URAM288                                      r  grp_gdn_rs2_top_impl_fu_582/gdn_rs2_top_impl_unsigned_char_unsigned_short_unsigned_char_unsigned_char_ap_uin_4_U/ram_reg_uram_46/CLK
                         clock pessimism              0.142     7.593    
                         inter-SLR compensation      -0.316     7.277    
                         clock uncertainty           -0.035     7.242    
    URAM288_X4Y18        URAM288 (Setup_URAM_288K_INST_URAM288_CLK_EN_A)
                                                     -0.458     6.784    grp_gdn_rs2_top_impl_fu_582/gdn_rs2_top_impl_unsigned_char_unsigned_short_unsigned_char_unsigned_char_ap_uin_4_U/ram_reg_uram_46
  -------------------------------------------------------------------
                         required time                          6.784    
                         arrival time                          -9.541    
  -------------------------------------------------------------------
                         slack                                 -2.757    





Min Delay Paths
--------------------------------------------------------------------------------------
Slack (MET) :             0.010ns  (arrival time - required time)
  Source:                 gmem14_m_axi_U/store_unit_0/fifo_wreq/U_fifo_srl/dout_reg[20]/C
                            (rising edge-triggered cell FDRE clocked by ap_clk  {rise@0.000ns fall@2.000ns period=4.000ns})
  Destination:            gmem14_m_axi_U/store_unit_0/tmp_addr_reg[21]/D
                            (rising edge-triggered cell FDRE clocked by ap_clk  {rise@0.000ns fall@2.000ns period=4.000ns})
  Path Group:             ap_clk
  Path Type:              Hold (Min at Slow Process Corner)
  Requirement:            0.000ns  (ap_clk rise@0.000ns - ap_clk rise@0.000ns)
  Data Path Delay:        0.168ns  (logic 0.058ns (34.524%)  route 0.110ns (65.476%))
  Logic Levels:           0  
  Clock Path Skew:        0.096ns (DCD - SCD - CPR)
    Destination Clock Delay (DCD):    3.360ns
    Source Clock Delay      (SCD):    2.998ns
    Clock Pessimism Removal (CPR):    0.266ns
  Clock Net Delay (Source):      2.938ns (routing 1.286ns, distribution 1.652ns)
  Clock Net Delay (Destination): 3.289ns (routing 1.417ns, distribution 1.872ns)

    Location             Delay type                Incr(ns)  Path(ns)    Netlist Resource(s)
  -------------------------------------------------------------------    -------------------
                         (clock ap_clk rise edge)     0.000     0.000 r  
                                                      0.000     0.000 r  ap_clk (IN)
                         net (fo=0)                   0.036     0.036    ap_clk
    BUFGCE_X0Y0          BUFGCE (Prop_BUFCE_BUFGCE_I_O)
                                                      0.024     0.060 r  ooc_ap_clk_bufg/O
    X4Y5 (CLOCK_ROOT)    net (fo=78501, routed)       2.938     2.998    gmem14_m_axi_U/store_unit_0/fifo_wreq/U_fifo_srl/ooc_ap_clk_global
    SLR Crossing[0->2]   
    SLICE_X157Y628       FDRE                                         r  gmem14_m_axi_U/store_unit_0/fifo_wreq/U_fifo_srl/dout_reg[20]/C
  -------------------------------------------------------------------    -------------------
    SLICE_X157Y628       FDRE (Prop_EFF_SLICEM_C_Q)
                                                      0.058     3.056 r  gmem14_m_axi_U/store_unit_0/fifo_wreq/U_fifo_srl/dout_reg[20]/Q
                         net (fo=1, routed)           0.110     3.166    gmem14_m_axi_U/store_unit_0/wreq_addr_byte[21]
    SLICE_X159Y629       FDRE                                         r  gmem14_m_axi_U/store_unit_0/tmp_addr_reg[21]/D
  -------------------------------------------------------------------    -------------------

                         (clock ap_clk rise edge)     0.000     0.000 r  
                                                      0.000     0.000 r  ap_clk (IN)
                         net (fo=0)                   0.043     0.043    ap_clk
    BUFGCE_X0Y0          BUFGCE (Prop_BUFCE_BUFGCE_I_O)
                                                      0.028     0.071 r  ooc_ap_clk_bufg/O
    X4Y5 (CLOCK_ROOT)    net (fo=78501, routed)       3.289     3.360    gmem14_m_axi_U/store_unit_0/ooc_ap_clk_global
    SLR Crossing[0->2]   
    SLICE_X159Y629       FDRE                                         r  gmem14_m_axi_U/store_unit_0/tmp_addr_reg[21]/C
                         clock pessimism             -0.266     3.094    
    SLICE_X159Y629       FDRE (Hold_DFF2_SLICEL_C_D)
                                                      0.062     3.156    gmem14_m_axi_U/store_unit_0/tmp_addr_reg[21]
  -------------------------------------------------------------------
                         required time                         -3.156    
                         arrival time                           3.166    
  -------------------------------------------------------------------
                         slack                                  0.010    





Pulse Width Checks
--------------------------------------------------------------------------------------
Clock Name:         ap_clk
Waveform(ns):       { 0.000 2.000 }
Period(ns):         4.000
Sources:            { ap_clk }

Check Type        Corner  Lib Pin      Reference Pin  Required(ns)  Actual(ns)  Slack(ns)  Location        Pin
Min Period        n/a     URAM288/CLK  n/a            2.000         4.000       2.000      URAM288_X0Y108  grp_gdn_rs2_top_impl_fu_582/gdn_rs2_top_impl_unsigned_char_unsigned_short_unsigned_char_unsigned_char_ap_uin_10_U/ram_reg_uram_10/CLK
Low Pulse Width   Slow    URAM288/CLK  n/a            0.700         2.000       1.300      URAM288_X0Y108  grp_gdn_rs2_top_impl_fu_582/gdn_rs2_top_impl_unsigned_char_unsigned_short_unsigned_char_unsigned_char_ap_uin_10_U/ram_reg_uram_10/CLK
High Pulse Width  Slow    URAM288/CLK  n/a            0.700         2.000       1.300      URAM288_X0Y108  grp_gdn_rs2_top_impl_fu_582/gdn_rs2_top_impl_unsigned_char_unsigned_short_unsigned_char_unsigned_char_ap_uin_10_U/ram_reg_uram_10/CLK



--------------------------------------------------------------------------------------
Path Group:  (none)
From Clock:  ap_clk
  To Clock:  ap_clk

Max Delay         21577 Endpoints
Min Delay         36517 Endpoints
--------------------------------------------------------------------------------------


Max Delay Paths
--------------------------------------------------------------------------------------
Slack:                    inf
  Source:                 ap_rst_n
                            (input port clocked by ap_clk  {rise@0.000ns fall@2.000ns period=4.000ns})
  Destination:            gmem8_m_axi_U/bus_read/rreq_burst_conv/burst_sequential/first_sect_reg/R
                            (rising edge-triggered cell FDRE clocked by ap_clk  {rise@0.000ns fall@2.000ns period=4.000ns})
  Path Group:             (none)
  Path Type:              Setup (Max at Slow Process Corner)
  Data Path Delay:        2.586ns  (logic 0.036ns (1.392%)  route 2.550ns (98.608%))
  Logic Levels:           1  (LUT1=1)
  Input Delay:            1.000ns
  Clock Path Skew:        2.907ns (DCD - SCD + CPR)
    Destination Clock Delay (DCD):    2.907ns
    Source Clock Delay      (SCD):    0.000ns
    Clock Pessimism Removal (CPR):    0.000ns
  Clock Uncertainty:      0.035ns  ((TSJ^2 + TIJ^2)^1/2 + DJ) / 2 + PE
    Total System Jitter     (TSJ):    0.071ns
    Total Input Jitter      (TIJ):    0.000ns
    Discrete Jitter          (DJ):    0.000ns
    Phase Error              (PE):    0.000ns
  Clock Net Delay (Destination): 2.847ns (routing 1.286ns, distribution 1.561ns)
  Timing Exception:       False Path

    Location             Delay type                Incr(ns)  Path(ns)    Netlist Resource(s)
  -------------------------------------------------------------------    -------------------
                         (clock ap_clk rise edge)     0.000     0.000 r  
                         input delay                  1.000     1.000    
                                                      0.000     1.000 f  ap_rst_n (IN)
                         net (fo=20440, unset)        0.000     1.000    grp_gdn_rs2_top_impl_fu_582/grp_p_anonymous_namespace_fold_log_if_full_fu_9911/grp_p_anonymous_namespace_fold_log_fu_239/grp_p_anonymous_namespace_quantize_fold_block_fu_8191/grp_aligned_sum_guarded_2_1_fu_2619/grp_aligned_sum_guarded_2_1_Pipeline_align_terms_fu_144/flow_control_loop_pipe_sequential_init_U/ap_rst_n
    SLICE_X134Y648       LUT1 (Prop_D6LUT_SLICEL_I0_O)
                                                      0.036     1.036 r  grp_gdn_rs2_top_impl_fu_582/grp_p_anonymous_namespace_fold_log_if_full_fu_9911/grp_p_anonymous_namespace_fold_log_fu_239/grp_p_anonymous_namespace_quantize_fold_block_fu_8191/grp_aligned_sum_guarded_2_1_fu_2619/grp_aligned_sum_guarded_2_1_Pipeline_align_terms_fu_144/flow_control_loop_pipe_sequential_init_U/could_multi_bursts.burst_valid_i_1__9/O
                         net (fo=20, routed)          2.550     3.586    gmem8_m_axi_U/bus_read/rreq_burst_conv/burst_sequential/lopt
    SLICE_X134Y612       FDRE                                         r  gmem8_m_axi_U/bus_read/rreq_burst_conv/burst_sequential/first_sect_reg/R
  -------------------------------------------------------------------    -------------------

                         (clock ap_clk rise edge)     0.000     0.000 r  
                                                      0.000     0.000 r  ap_clk (IN)
                         net (fo=0)                   0.036     0.036    ap_clk
    BUFGCE_X0Y0          BUFGCE (Prop_BUFCE_BUFGCE_I_O)
                                                      0.024     0.060 r  ooc_ap_clk_bufg/O
    X4Y5 (CLOCK_ROOT)    net (fo=78501, routed)       2.847     2.907    gmem8_m_axi_U/bus_read/rreq_burst_conv/burst_sequential/ooc_ap_clk_global
    SLR Crossing[0->2]   
    SLICE_X134Y612       FDRE                                         r  gmem8_m_axi_U/bus_read/rreq_burst_conv/burst_sequential/first_sect_reg/C





Min Delay Paths
--------------------------------------------------------------------------------------
Slack:                    inf
  Source:                 s_axi_control_r_AWADDR[2]
                            (input port clocked by ap_clk  {rise@0.000ns fall@2.000ns period=4.000ns})
  Destination:            control_r_s_axi_U/waddr_reg[2]/D
                            (rising edge-triggered cell FDRE clocked by ap_clk  {rise@0.000ns fall@2.000ns period=4.000ns})
  Path Group:             (none)
  Path Type:              Hold (Min at Fast Process Corner)
  Data Path Delay:        0.007ns  (logic 0.000ns (0.000%)  route 0.007ns (100.001%))
  Logic Levels:           0  
  Input Delay:            1.000ns
  Clock Path Skew:        2.022ns (DCD - SCD - CPR)
    Destination Clock Delay (DCD):    2.022ns
    Source Clock Delay      (SCD):    0.000ns
    Clock Pessimism Removal (CPR):    -0.000ns
  Clock Uncertainty:      0.035ns  ((TSJ^2 + TIJ^2)^1/2 + DJ) / 2 + PE
    Total System Jitter     (TSJ):    0.071ns
    Total Input Jitter      (TIJ):    0.000ns
    Discrete Jitter          (DJ):    0.000ns
    Phase Error              (PE):    0.000ns
  Clock Net Delay (Destination): 1.973ns (routing 0.876ns, distribution 1.097ns)
  Timing Exception:       False Path

    Location             Delay type                Incr(ns)  Path(ns)    Netlist Resource(s)
  -------------------------------------------------------------------    -------------------
                         (clock ap_clk rise edge)     0.000     0.000 r  
                         input delay                  1.000     1.000    
                                                      0.000     1.000 r  s_axi_control_r_AWADDR[2] (IN)
                         net (fo=0)                   0.007     1.007    control_r_s_axi_U/s_axi_control_r_AWADDR[0]
    SLICE_X141Y623       FDRE                                         r  control_r_s_axi_U/waddr_reg[2]/D
  -------------------------------------------------------------------    -------------------

                         (clock ap_clk rise edge)     0.000     0.000 r  
                                                      0.000     0.000 r  ap_clk (IN)
                         net (fo=0)                   0.030     0.030    ap_clk
    BUFGCE_X0Y0          BUFGCE (Prop_BUFCE_BUFGCE_I_O)
                                                      0.019     0.049 r  ooc_ap_clk_bufg/O
    X4Y5 (CLOCK_ROOT)    net (fo=78501, routed)       1.973     2.022    control_r_s_axi_U/ooc_ap_clk_global
    SLR Crossing[0->2]   
    SLICE_X141Y623       FDRE                                         r  control_r_s_axi_U/waddr_reg[2]/C





