Copyright 1986-2022 Xilinx, Inc. All Rights Reserved. Copyright 2022-2025 Advanced Micro Devices, Inc. All Rights Reserved.
--------------------------------------------------------------------------------------------------------------------------------------------------------------------
| Tool Version      : Vivado v.2025.2 (win64) Build 6299465 Fri Nov 14 19:35:11 GMT 2025
| Date              : Tue Aug  4 01:27:45 2026
| Host              : Tyler running 64-bit major release  (build 9200)
| Command           : report_timing_summary -delay_type min_max -report_unconstrained -check_timing_verbose -file X:/reports/vivado/corrected/e2m0/synth_timing.rpt
| Design            : gdn_e2m0_top
| Device            : xcu55c-fsvh2892
| Speed File        : -2L  PRODUCTION 1.30 05-01-2022
| Design State      : Synthesized
| Temperature Grade : E
--------------------------------------------------------------------------------------------------------------------------------------------------------------------

Timing Summary Report

------------------------------------------------------------------------------------------------
| Timer Settings
| --------------
------------------------------------------------------------------------------------------------

  Enable Multi Corner Analysis               :  Yes
  Enable Pessimism Removal                   :  Yes
  Pessimism Removal Resolution               :  Nearest Common Node
  Enable Input Delay Default Clock           :  No
  Enable Preset / Clear Arcs                 :  No
  Disable Flight Delays                      :  No
  Ignore I/O Paths                           :  No
  Timing Early Launch at Borrowing Latches   :  No
  Borrow Time for Max Delay Exceptions       :  Yes
  Merge Timing Exceptions                    :  Yes
  Inter-SLR Compensation                     :  Conservative

  Corner  Analyze    Analyze    
  Name    Max Paths  Min Paths  
  ------  ---------  ---------  
  Slow    Yes        Yes        
  Fast    Yes        Yes        


------------------------------------------------------------------------------------------------
| Report Methodology
| ------------------
------------------------------------------------------------------------------------------------

No report available as report_methodology has not been run prior. Run report_methodology on the current design for the summary of methodology violations.



check_timing report

Table of Contents
-----------------
1. checking no_clock (0)
2. checking constant_clock (0)
3. checking pulse_width_clock (0)
4. checking unconstrained_internal_endpoints (0)
5. checking no_input_delay (0)
6. checking no_output_delay (0)
7. checking multiple_clock (0)
8. checking generated_clocks (0)
9. checking loops (0)
10. checking partial_input_delay (0)
11. checking partial_output_delay (0)
12. checking latch_loops (0)

1. checking no_clock (0)
------------------------
 There are 0 register/latch pins with no clock.


2. checking constant_clock (0)
------------------------------
 There are 0 register/latch pins with constant_clock.


3. checking pulse_width_clock (0)
---------------------------------
 There are 0 register/latch pins which need pulse_width check


4. checking unconstrained_internal_endpoints (0)
------------------------------------------------
 There are 0 pins that are not constrained for maximum delay.

 There are 0 pins that are not constrained for maximum delay due to constant clock.


5. checking no_input_delay (0)
------------------------------
 There are 0 input ports with no input delay specified.

 There are 0 input ports with no input delay but user has a false path constraint.


6. checking no_output_delay (0)
-------------------------------
 There are 0 ports with no output delay specified.

 There are 0 ports with no output delay but user has a false path constraint

 There are 0 ports with no output delay but with a timing clock defined on it or propagating through it


7. checking multiple_clock (0)
------------------------------
 There are 0 register/latch pins with multiple clocks.


8. checking generated_clocks (0)
--------------------------------
 There are 0 generated clocks that are not connected to a clock source.


9. checking loops (0)
---------------------
 There are 0 combinational loops in the design.


10. checking partial_input_delay (0)
------------------------------------
 There are 0 input ports with partial input delay specified.


11. checking partial_output_delay (0)
-------------------------------------
 There are 0 ports with partial output delay specified.


12. checking latch_loops (0)
----------------------------
 There are 0 combinational latch loops in the design through latch input



------------------------------------------------------------------------------------------------
| Design Timing Summary
| ---------------------
------------------------------------------------------------------------------------------------

    WNS(ns)      TNS(ns)  TNS Failing Endpoints  TNS Total Endpoints      WHS(ns)      THS(ns)  THS Failing Endpoints  THS Total Endpoints     WPWS(ns)     TPWS(ns)  TPWS Failing Endpoints  TPWS Total Endpoints  
    -------      -------  ---------------------  -------------------      -------      -------  ---------------------  -------------------     --------     --------  ----------------------  --------------------  
      0.128        0.000                      0               307752       -0.083    -4662.925                 118391               307438        1.300        0.000                       0                117584  


Timing constraints are not met.


------------------------------------------------------------------------------------------------
| Clock Summary
| -------------
------------------------------------------------------------------------------------------------

Clock   Waveform(ns)         Period(ns)      Frequency(MHz)
-----   ------------         ----------      --------------
ap_clk  {0.000 2.000}        4.000           250.000         


------------------------------------------------------------------------------------------------
| Intra Clock Table
| -----------------
------------------------------------------------------------------------------------------------

Clock             WNS(ns)      TNS(ns)  TNS Failing Endpoints  TNS Total Endpoints      WHS(ns)      THS(ns)  THS Failing Endpoints  THS Total Endpoints     WPWS(ns)     TPWS(ns)  TPWS Failing Endpoints  TPWS Total Endpoints  
-----             -------      -------  ---------------------  -------------------      -------      -------  ---------------------  -------------------     --------     --------  ----------------------  --------------------  
ap_clk              0.128        0.000                      0               307752       -0.083    -4662.925                 118391               307438        1.300        0.000                       0                117584  


------------------------------------------------------------------------------------------------
| Inter Clock Table
| -----------------
------------------------------------------------------------------------------------------------

From Clock    To Clock          WNS(ns)      TNS(ns)  TNS Failing Endpoints  TNS Total Endpoints      WHS(ns)      THS(ns)  THS Failing Endpoints  THS Total Endpoints  
----------    --------          -------      -------  ---------------------  -------------------      -------      -------  ---------------------  -------------------  


------------------------------------------------------------------------------------------------
| Other Path Groups Table
| -----------------------
------------------------------------------------------------------------------------------------

Path Group    From Clock    To Clock          WNS(ns)      TNS(ns)  TNS Failing Endpoints  TNS Total Endpoints      WHS(ns)      THS(ns)  THS Failing Endpoints  THS Total Endpoints  
----------    ----------    --------          -------      -------  ---------------------  -------------------      -------      -------  ---------------------  -------------------  


------------------------------------------------------------------------------------------------
| User Ignored Path Table
| -----------------------
------------------------------------------------------------------------------------------------

Path Group    From Clock    To Clock    
----------    ----------    --------    
(none)        ap_clk        ap_clk        


------------------------------------------------------------------------------------------------
| Unconstrained Path Table
| ------------------------
------------------------------------------------------------------------------------------------

Path Group    From Clock    To Clock    
----------    ----------    --------    


------------------------------------------------------------------------------------------------
| Timing Details
| --------------
------------------------------------------------------------------------------------------------


---------------------------------------------------------------------------------------------------
From Clock:  ap_clk
  To Clock:  ap_clk

Setup :            0  Failing Endpoints,  Worst Slack        0.128ns,  Total Violation        0.000ns
Hold  :       118391  Failing Endpoints,  Worst Slack       -0.083ns,  Total Violation    -4662.925ns
PW    :            0  Failing Endpoints,  Worst Slack        1.300ns,  Total Violation        0.000ns
---------------------------------------------------------------------------------------------------


Max Delay Paths
--------------------------------------------------------------------------------------
Slack (MET) :             0.128ns  (required time - arrival time)
  Source:                 grp_gdn_e2m0_top_impl_fu_550/grp_p_anonymous_namespace_fold_log_fu_9590/grp_p_anonymous_namespace_quantize_fold_block_fu_8537/residual_m_37_fu_626_reg[2]/C
                            (rising edge-triggered cell FDRE clocked by ap_clk  {rise@0.000ns fall@2.000ns period=4.000ns})
  Destination:            grp_gdn_e2m0_top_impl_fu_550/grp_p_anonymous_namespace_fold_log_fu_9590/grp_p_anonymous_namespace_quantize_fold_block_fu_8537/length_195_reg_13553_reg[0]/D
                            (rising edge-triggered cell FDRE clocked by ap_clk  {rise@0.000ns fall@2.000ns period=4.000ns})
  Path Group:             ap_clk
  Path Type:              Setup (Max at Slow Process Corner)
  Requirement:            4.000ns  (ap_clk rise@4.000ns - ap_clk rise@0.000ns)
  Data Path Delay:        3.717ns  (logic 1.039ns (27.953%)  route 2.678ns (72.047%))
  Logic Levels:           18  (CARRY8=4 LUT1=1 LUT2=3 LUT4=1 LUT5=2 LUT6=7)
  Clock Path Skew:        -0.145ns (DCD - SCD + CPR)
    Destination Clock Delay (DCD):    2.499ns = ( 6.499 - 4.000 ) 
    Source Clock Delay      (SCD):    2.655ns
    Clock Pessimism Removal (CPR):    0.011ns
  Clock Uncertainty:      0.035ns  ((TSJ^2 + TIJ^2)^1/2 + DJ) / 2 + PE
    Total System Jitter     (TSJ):    0.071ns
    Total Input Jitter      (TIJ):    0.000ns
    Discrete Jitter          (DJ):    0.000ns
    Phase Error              (PE):    0.000ns

    Location             Delay type                Incr(ns)  Path(ns)    Netlist Resource(s)
  -------------------------------------------------------------------    -------------------
                         (clock ap_clk rise edge)     0.000     0.000 r  
                                                      0.000     0.000 r  ap_clk (IN)
                         net (fo=0)                   0.043     0.043    ap_clk
                         BUFGCE (Prop_BUFGCE_I_O)     0.028     0.071 r  ooc_ap_clk_bufg/O
                         net (fo=117772, unplaced)    2.584     2.655    grp_gdn_e2m0_top_impl_fu_550/grp_p_anonymous_namespace_fold_log_fu_9590/grp_p_anonymous_namespace_quantize_fold_block_fu_8537/ooc_ap_clk_global
                         FDRE                                         r  grp_gdn_e2m0_top_impl_fu_550/grp_p_anonymous_namespace_fold_log_fu_9590/grp_p_anonymous_namespace_quantize_fold_block_fu_8537/residual_m_37_fu_626_reg[2]/C
  -------------------------------------------------------------------    -------------------
                         FDRE (Prop_FDRE_C_Q)         0.077     2.732 f  grp_gdn_e2m0_top_impl_fu_550/grp_p_anonymous_namespace_fold_log_fu_9590/grp_p_anonymous_namespace_quantize_fold_block_fu_8537/residual_m_37_fu_626_reg[2]/Q
                         net (fo=7, unplaced)         0.162     2.894    grp_gdn_e2m0_top_impl_fu_550/grp_p_anonymous_namespace_fold_log_fu_9590/grp_p_anonymous_namespace_quantize_fold_block_fu_8537/residual_m_37_fu_626[2]
                         LUT1 (Prop_LUT1_I0_O)        0.037     2.931 r  grp_gdn_e2m0_top_impl_fu_550/grp_p_anonymous_namespace_fold_log_fu_9590/grp_p_anonymous_namespace_quantize_fold_block_fu_8537/left_476_reg_86593[8]_i_10/O
                         net (fo=1, unplaced)         0.023     2.954    grp_gdn_e2m0_top_impl_fu_550/grp_p_anonymous_namespace_fold_log_fu_9590/grp_p_anonymous_namespace_quantize_fold_block_fu_8537/left_476_reg_86593[8]_i_10_n_0
                         CARRY8 (Prop_CARRY8_S[1]_CO[7])
                                                      0.197     3.151 r  grp_gdn_e2m0_top_impl_fu_550/grp_p_anonymous_namespace_fold_log_fu_9590/grp_p_anonymous_namespace_quantize_fold_block_fu_8537/left_476_reg_86593_reg[8]_i_2/CO[7]
                         net (fo=1, unplaced)         0.005     3.156    grp_gdn_e2m0_top_impl_fu_550/grp_p_anonymous_namespace_fold_log_fu_9590/grp_p_anonymous_namespace_quantize_fold_block_fu_8537/left_476_reg_86593_reg[8]_i_2_n_0
                         CARRY8 (Prop_CARRY8_CI_CO[7])
                                                      0.022     3.178 r  grp_gdn_e2m0_top_impl_fu_550/grp_p_anonymous_namespace_fold_log_fu_9590/grp_p_anonymous_namespace_quantize_fold_block_fu_8537/left_476_reg_86593_reg[16]_i_2/CO[7]
                         net (fo=1, unplaced)         0.005     3.183    grp_gdn_e2m0_top_impl_fu_550/grp_p_anonymous_namespace_fold_log_fu_9590/grp_p_anonymous_namespace_quantize_fold_block_fu_8537/left_476_reg_86593_reg[16]_i_2_n_0
                         CARRY8 (Prop_CARRY8_CI_CO[7])
                                                      0.022     3.205 r  grp_gdn_e2m0_top_impl_fu_550/grp_p_anonymous_namespace_fold_log_fu_9590/grp_p_anonymous_namespace_quantize_fold_block_fu_8537/left_476_reg_86593_reg[24]_i_2/CO[7]
                         net (fo=1, unplaced)         0.005     3.210    grp_gdn_e2m0_top_impl_fu_550/grp_p_anonymous_namespace_fold_log_fu_9590/grp_p_anonymous_namespace_quantize_fold_block_fu_8537/left_476_reg_86593_reg[24]_i_2_n_0
                         CARRY8 (Prop_CARRY8_CI_O[4])
                                                      0.086     3.296 r  grp_gdn_e2m0_top_impl_fu_550/grp_p_anonymous_namespace_fold_log_fu_9590/grp_p_anonymous_namespace_quantize_fold_block_fu_8537/left_476_reg_86593_reg[31]_i_2/O[4]
                         net (fo=5, unplaced)         0.201     3.497    grp_gdn_e2m0_top_impl_fu_550/grp_p_anonymous_namespace_fold_log_fu_9590/grp_p_anonymous_namespace_quantize_fold_block_fu_8537/left_418_fu_52092_p2[29]
                         LUT6 (Prop_LUT6_I1_O)        0.090     3.587 r  grp_gdn_e2m0_top_impl_fu_550/grp_p_anonymous_namespace_fold_log_fu_9590/grp_p_anonymous_namespace_quantize_fold_block_fu_8537/length_195_reg_13553[1]_i_12/O
                         net (fo=1, unplaced)         0.140     3.727    grp_gdn_e2m0_top_impl_fu_550/grp_p_anonymous_namespace_fold_log_fu_9590/grp_p_anonymous_namespace_quantize_fold_block_fu_8537/length_195_reg_13553[1]_i_12_n_0
                         LUT6 (Prop_LUT6_I0_O)        0.090     3.817 r  grp_gdn_e2m0_top_impl_fu_550/grp_p_anonymous_namespace_fold_log_fu_9590/grp_p_anonymous_namespace_quantize_fold_block_fu_8537/length_195_reg_13553[1]_i_10/O
                         net (fo=3, unplaced)         0.191     4.008    grp_gdn_e2m0_top_impl_fu_550/grp_p_anonymous_namespace_fold_log_fu_9590/grp_p_anonymous_namespace_quantize_fold_block_fu_8537/length_195_reg_13553[1]_i_10_n_0
                         LUT6 (Prop_LUT6_I5_O)        0.038     4.046 r  grp_gdn_e2m0_top_impl_fu_550/grp_p_anonymous_namespace_fold_log_fu_9590/grp_p_anonymous_namespace_quantize_fold_block_fu_8537/length_195_reg_13553[2]_i_86/O
                         net (fo=2, unplaced)         0.185     4.231    grp_gdn_e2m0_top_impl_fu_550/grp_p_anonymous_namespace_fold_log_fu_9590/grp_p_anonymous_namespace_quantize_fold_block_fu_8537/length_195_reg_13553[2]_i_86_n_0
                         LUT2 (Prop_LUT2_I1_O)        0.038     4.269 r  grp_gdn_e2m0_top_impl_fu_550/grp_p_anonymous_namespace_fold_log_fu_9590/grp_p_anonymous_namespace_quantize_fold_block_fu_8537/length_195_reg_13553[2]_i_64/O
                         net (fo=2, unplaced)         0.185     4.454    grp_gdn_e2m0_top_impl_fu_550/grp_p_anonymous_namespace_fold_log_fu_9590/grp_p_anonymous_namespace_quantize_fold_block_fu_8537/length_195_reg_13553[2]_i_64_n_0
                         LUT6 (Prop_LUT6_I5_O)        0.038     4.492 r  grp_gdn_e2m0_top_impl_fu_550/grp_p_anonymous_namespace_fold_log_fu_9590/grp_p_anonymous_namespace_quantize_fold_block_fu_8537/length_195_reg_13553[2]_i_28/O
                         net (fo=3, unplaced)         0.191     4.683    grp_gdn_e2m0_top_impl_fu_550/grp_p_anonymous_namespace_fold_log_fu_9590/grp_p_anonymous_namespace_quantize_fold_block_fu_8537/length_195_reg_13553[2]_i_28_n_0
                         LUT5 (Prop_LUT5_I4_O)        0.038     4.721 f  grp_gdn_e2m0_top_impl_fu_550/grp_p_anonymous_namespace_fold_log_fu_9590/grp_p_anonymous_namespace_quantize_fold_block_fu_8537/length_195_reg_13553[2]_i_78/O
                         net (fo=3, unplaced)         0.191     4.912    grp_gdn_e2m0_top_impl_fu_550/grp_p_anonymous_namespace_fold_log_fu_9590/grp_p_anonymous_namespace_quantize_fold_block_fu_8537/ap_condition_98331
                         LUT4 (Prop_LUT4_I0_O)        0.038     4.950 f  grp_gdn_e2m0_top_impl_fu_550/grp_p_anonymous_namespace_fold_log_fu_9590/grp_p_anonymous_namespace_quantize_fold_block_fu_8537/length_195_reg_13553[2]_i_44/O
                         net (fo=2, unplaced)         0.185     5.135    grp_gdn_e2m0_top_impl_fu_550/grp_p_anonymous_namespace_fold_log_fu_9590/grp_p_anonymous_namespace_quantize_fold_block_fu_8537/length_195_reg_13553[2]_i_44_n_0
                         LUT5 (Prop_LUT5_I4_O)        0.038     5.173 f  grp_gdn_e2m0_top_impl_fu_550/grp_p_anonymous_namespace_fold_log_fu_9590/grp_p_anonymous_namespace_quantize_fold_block_fu_8537/length_195_reg_13553[2]_i_26/O
                         net (fo=4, unplaced)         0.197     5.370    grp_gdn_e2m0_top_impl_fu_550/grp_p_anonymous_namespace_fold_log_fu_9590/grp_p_anonymous_namespace_quantize_fold_block_fu_8537/length_195_reg_13553[2]_i_26_n_0
                         LUT2 (Prop_LUT2_I1_O)        0.038     5.408 f  grp_gdn_e2m0_top_impl_fu_550/grp_p_anonymous_namespace_fold_log_fu_9590/grp_p_anonymous_namespace_quantize_fold_block_fu_8537/length_195_reg_13553[2]_i_52/O
                         net (fo=4, unplaced)         0.197     5.605    grp_gdn_e2m0_top_impl_fu_550/grp_p_anonymous_namespace_fold_log_fu_9590/grp_p_anonymous_namespace_quantize_fold_block_fu_8537/length_195_reg_13553[2]_i_52_n_0
                         LUT2 (Prop_LUT2_I1_O)        0.038     5.643 f  grp_gdn_e2m0_top_impl_fu_550/grp_p_anonymous_namespace_fold_log_fu_9590/grp_p_anonymous_namespace_quantize_fold_block_fu_8537/length_195_reg_13553[2]_i_16/O
                         net (fo=4, unplaced)         0.197     5.840    grp_gdn_e2m0_top_impl_fu_550/grp_p_anonymous_namespace_fold_log_fu_9590/grp_p_anonymous_namespace_quantize_fold_block_fu_8537/length_195_reg_13553[2]_i_16_n_0
                         LUT6 (Prop_LUT6_I0_O)        0.038     5.878 f  grp_gdn_e2m0_top_impl_fu_550/grp_p_anonymous_namespace_fold_log_fu_9590/grp_p_anonymous_namespace_quantize_fold_block_fu_8537/length_195_reg_13553[0]_i_3/O
                         net (fo=1, unplaced)         0.185     6.063    grp_gdn_e2m0_top_impl_fu_550/grp_p_anonymous_namespace_fold_log_fu_9590/grp_p_anonymous_namespace_quantize_fold_block_fu_8537/length_195_reg_13553[0]_i_3_n_0
                         LUT6 (Prop_LUT6_I0_O)        0.038     6.101 r  grp_gdn_e2m0_top_impl_fu_550/grp_p_anonymous_namespace_fold_log_fu_9590/grp_p_anonymous_namespace_quantize_fold_block_fu_8537/length_195_reg_13553[0]_i_2/O
                         net (fo=1, unplaced)         0.185     6.286    grp_gdn_e2m0_top_impl_fu_550/grp_p_anonymous_namespace_fold_log_fu_9590/grp_p_anonymous_namespace_quantize_fold_block_fu_8537/length_195_reg_13553[0]_i_2_n_0
                         LUT6 (Prop_LUT6_I3_O)        0.038     6.324 r  grp_gdn_e2m0_top_impl_fu_550/grp_p_anonymous_namespace_fold_log_fu_9590/grp_p_anonymous_namespace_quantize_fold_block_fu_8537/length_195_reg_13553[0]_i_1/O
                         net (fo=1, unplaced)         0.048     6.372    grp_gdn_e2m0_top_impl_fu_550/grp_p_anonymous_namespace_fold_log_fu_9590/grp_p_anonymous_namespace_quantize_fold_block_fu_8537/length_195_reg_13553[0]_i_1_n_0
                         FDRE                                         r  grp_gdn_e2m0_top_impl_fu_550/grp_p_anonymous_namespace_fold_log_fu_9590/grp_p_anonymous_namespace_quantize_fold_block_fu_8537/length_195_reg_13553_reg[0]/D
  -------------------------------------------------------------------    -------------------

                         (clock ap_clk rise edge)     4.000     4.000 r  
                                                      0.000     4.000 r  ap_clk (IN)
                         net (fo=0)                   0.036     4.036    ap_clk
                         BUFGCE (Prop_BUFGCE_I_O)     0.024     4.060 r  ooc_ap_clk_bufg/O
                         net (fo=117772, unplaced)    2.439     6.499    grp_gdn_e2m0_top_impl_fu_550/grp_p_anonymous_namespace_fold_log_fu_9590/grp_p_anonymous_namespace_quantize_fold_block_fu_8537/ooc_ap_clk_global
                         FDRE                                         r  grp_gdn_e2m0_top_impl_fu_550/grp_p_anonymous_namespace_fold_log_fu_9590/grp_p_anonymous_namespace_quantize_fold_block_fu_8537/length_195_reg_13553_reg[0]/C
                         clock pessimism              0.011     6.510    
                         clock uncertainty           -0.035     6.475    
                         FDRE (Setup_FDRE_C_D)        0.025     6.500    grp_gdn_e2m0_top_impl_fu_550/grp_p_anonymous_namespace_fold_log_fu_9590/grp_p_anonymous_namespace_quantize_fold_block_fu_8537/length_195_reg_13553_reg[0]
  -------------------------------------------------------------------
                         required time                          6.500    
                         arrival time                          -6.372    
  -------------------------------------------------------------------
                         slack                                  0.128    





Min Delay Paths
--------------------------------------------------------------------------------------
Slack (VIOLATED) :        -0.083ns  (arrival time - required time)
  Source:                 grp_gdn_e2m0_top_impl_fu_550/grp_p_anonymous_namespace_load_snapshot_fu_9344/grp_p_anonymous_namespace_load_snapshot_Outline_load_snapshot_terms_fu_514/grp_p_anonymous_namespace_load_snapshot_Outline_load_snapshot_key_heads_fu_162/key_scales_addr_reg_426_reg[9]/C
                            (rising edge-triggered cell FDRE clocked by ap_clk  {rise@0.000ns fall@2.000ns period=4.000ns})
  Destination:            grp_gdn_e2m0_top_impl_fu_550/grp_p_anonymous_namespace_load_snapshot_fu_9344/grp_p_anonymous_namespace_load_snapshot_Outline_load_snapshot_terms_fu_514/grp_p_anonymous_namespace_load_snapshot_Outline_load_snapshot_key_heads_fu_162/add_ln855_1_reg_449_reg[11]/D
                            (rising edge-triggered cell FDRE clocked by ap_clk  {rise@0.000ns fall@2.000ns period=4.000ns})
  Path Group:             ap_clk
  Path Type:              Hold (Min at Fast Process Corner)
  Requirement:            0.000ns  (ap_clk rise@0.000ns - ap_clk rise@0.000ns)
  Data Path Delay:        0.108ns  (logic 0.055ns (50.926%)  route 0.053ns (49.074%))
  Logic Levels:           1  (CARRY8=1)
  Clock Path Skew:        0.145ns (DCD - SCD - CPR)
    Destination Clock Delay (DCD):    1.308ns
    Source Clock Delay      (SCD):    1.156ns
    Clock Pessimism Removal (CPR):    0.007ns

    Location             Delay type                Incr(ns)  Path(ns)    Netlist Resource(s)
  -------------------------------------------------------------------    -------------------
                         (clock ap_clk rise edge)     0.000     0.000 r  
                                                      0.000     0.000 r  ap_clk (IN)
                         net (fo=0)                   0.025     0.025    ap_clk
                         BUFGCE (Prop_BUFGCE_I_O)     0.017     0.042 r  ooc_ap_clk_bufg/O
                         net (fo=117772, unplaced)    1.114     1.156    grp_gdn_e2m0_top_impl_fu_550/grp_p_anonymous_namespace_load_snapshot_fu_9344/grp_p_anonymous_namespace_load_snapshot_Outline_load_snapshot_terms_fu_514/grp_p_anonymous_namespace_load_snapshot_Outline_load_snapshot_key_heads_fu_162/ooc_ap_clk_global
                         FDRE                                         r  grp_gdn_e2m0_top_impl_fu_550/grp_p_anonymous_namespace_load_snapshot_fu_9344/grp_p_anonymous_namespace_load_snapshot_Outline_load_snapshot_terms_fu_514/grp_p_anonymous_namespace_load_snapshot_Outline_load_snapshot_key_heads_fu_162/key_scales_addr_reg_426_reg[9]/C
  -------------------------------------------------------------------    -------------------
                         FDRE (Prop_FDRE_C_Q)         0.037     1.193 r  grp_gdn_e2m0_top_impl_fu_550/grp_p_anonymous_namespace_load_snapshot_fu_9344/grp_p_anonymous_namespace_load_snapshot_Outline_load_snapshot_terms_fu_514/grp_p_anonymous_namespace_load_snapshot_Outline_load_snapshot_key_heads_fu_162/key_scales_addr_reg_426_reg[9]/Q
                         net (fo=2, unplaced)         0.046     1.239    grp_gdn_e2m0_top_impl_fu_550/grp_p_anonymous_namespace_load_snapshot_fu_9344/grp_p_anonymous_namespace_load_snapshot_Outline_load_snapshot_terms_fu_514/grp_p_anonymous_namespace_load_snapshot_Outline_load_snapshot_key_heads_fu_162/grp_p_anonymous_namespace_load_snapshot_fu_9344_key_scales_address0[9]
                         CARRY8 (Prop_CARRY8_S[1]_O[1])
                                                      0.018     1.257 r  grp_gdn_e2m0_top_impl_fu_550/grp_p_anonymous_namespace_load_snapshot_fu_9344/grp_p_anonymous_namespace_load_snapshot_Outline_load_snapshot_terms_fu_514/grp_p_anonymous_namespace_load_snapshot_Outline_load_snapshot_key_heads_fu_162/add_ln855_1_reg_449_reg[14]_i_1/O[1]
                         net (fo=1, unplaced)         0.007     1.264    grp_gdn_e2m0_top_impl_fu_550/grp_p_anonymous_namespace_load_snapshot_fu_9344/grp_p_anonymous_namespace_load_snapshot_Outline_load_snapshot_terms_fu_514/grp_p_anonymous_namespace_load_snapshot_Outline_load_snapshot_key_heads_fu_162/add_ln855_1_fu_293_p2[11]
                         FDRE                                         r  grp_gdn_e2m0_top_impl_fu_550/grp_p_anonymous_namespace_load_snapshot_fu_9344/grp_p_anonymous_namespace_load_snapshot_Outline_load_snapshot_terms_fu_514/grp_p_anonymous_namespace_load_snapshot_Outline_load_snapshot_key_heads_fu_162/add_ln855_1_reg_449_reg[11]/D
  -------------------------------------------------------------------    -------------------

                         (clock ap_clk rise edge)     0.000     0.000 r  
                                                      0.000     0.000 r  ap_clk (IN)
                         net (fo=0)                   0.030     0.030    ap_clk
                         BUFGCE (Prop_BUFGCE_I_O)     0.019     0.049 r  ooc_ap_clk_bufg/O
                         net (fo=117772, unplaced)    1.259     1.308    grp_gdn_e2m0_top_impl_fu_550/grp_p_anonymous_namespace_load_snapshot_fu_9344/grp_p_anonymous_namespace_load_snapshot_Outline_load_snapshot_terms_fu_514/grp_p_anonymous_namespace_load_snapshot_Outline_load_snapshot_key_heads_fu_162/ooc_ap_clk_global
                         FDRE                                         r  grp_gdn_e2m0_top_impl_fu_550/grp_p_anonymous_namespace_load_snapshot_fu_9344/grp_p_anonymous_namespace_load_snapshot_Outline_load_snapshot_terms_fu_514/grp_p_anonymous_namespace_load_snapshot_Outline_load_snapshot_key_heads_fu_162/add_ln855_1_reg_449_reg[11]/C
                         clock pessimism             -0.007     1.301    
                         FDRE (Hold_FDRE_C_D)         0.046     1.347    grp_gdn_e2m0_top_impl_fu_550/grp_p_anonymous_namespace_load_snapshot_fu_9344/grp_p_anonymous_namespace_load_snapshot_Outline_load_snapshot_terms_fu_514/grp_p_anonymous_namespace_load_snapshot_Outline_load_snapshot_key_heads_fu_162/add_ln855_1_reg_449_reg[11]
  -------------------------------------------------------------------
                         required time                         -1.347    
                         arrival time                           1.264    
  -------------------------------------------------------------------
                         slack                                 -0.083    





Pulse Width Checks
--------------------------------------------------------------------------------------
Clock Name:         ap_clk
Waveform(ns):       { 0.000 2.000 }
Period(ns):         4.000
Sources:            { ap_clk }

Check Type        Corner  Lib Pin      Reference Pin  Required(ns)  Actual(ns)  Slack(ns)  Location  Pin
Min Period        n/a     URAM288/CLK  n/a            2.000         4.000       2.000                grp_gdn_e2m0_top_impl_fu_550/resident_keys_U/ram_reg_uram_10/CLK
Low Pulse Width   Slow    URAM288/CLK  n/a            0.700         2.000       1.300                grp_gdn_e2m0_top_impl_fu_550/resident_keys_U/ram_reg_uram_10/CLK
High Pulse Width  Slow    URAM288/CLK  n/a            0.700         2.000       1.300                grp_gdn_e2m0_top_impl_fu_550/resident_keys_U/ram_reg_uram_10/CLK



--------------------------------------------------------------------------------------
Path Group:  (none)
From Clock:  ap_clk
  To Clock:  ap_clk

Max Delay         19258 Endpoints
Min Delay         31900 Endpoints
--------------------------------------------------------------------------------------


Max Delay Paths
--------------------------------------------------------------------------------------
Slack:                    inf
  Source:                 ap_rst_n
                            (input port clocked by ap_clk  {rise@0.000ns fall@2.000ns period=4.000ns})
  Destination:            gmem0_m_axi_U/load_unit_0/buff_rdata/U_fifo_mem/mem_reg/RSTRAMARSTRAM
                            (rising edge-triggered cell RAMB18E2 clocked by ap_clk  {rise@0.000ns fall@2.000ns period=4.000ns})
  Path Group:             (none)
  Path Type:              Setup (Max at Slow Process Corner)
  Data Path Delay:        0.454ns  (logic 0.038ns (8.370%)  route 0.416ns (91.630%))
  Logic Levels:           1  (LUT1=1)
  Input Delay:            1.000ns
  Clock Path Skew:        2.499ns (DCD - SCD + CPR)
    Destination Clock Delay (DCD):    2.499ns
    Source Clock Delay      (SCD):    0.000ns
    Clock Pessimism Removal (CPR):    0.000ns
  Clock Uncertainty:      0.035ns  ((TSJ^2 + TIJ^2)^1/2 + DJ) / 2 + PE
    Total System Jitter     (TSJ):    0.071ns
    Total Input Jitter      (TIJ):    0.000ns
    Discrete Jitter          (DJ):    0.000ns
    Phase Error              (PE):    0.000ns
  Timing Exception:       False Path

    Location             Delay type                Incr(ns)  Path(ns)    Netlist Resource(s)
  -------------------------------------------------------------------    -------------------
                         (clock ap_clk rise edge)     0.000     0.000 r  
                         input delay                  1.000     1.000    
                                                      0.000     1.000 f  ap_rst_n (IN)
                         net (fo=196, unset)          0.000     1.000    grp_gdn_e2m0_top_impl_fu_550/grp_p_anonymous_namespace_fold_log_fu_9590/grp_p_anonymous_namespace_quantize_fold_block_fu_8537/grp_p_anonymous_namespace_quantize_fold_block_Pipeline_compare_scale_sse_fu_21586/flow_control_loop_pipe_sequential_init_U/ap_rst_n
                         LUT1 (Prop_LUT1_I0_O)        0.038     1.038 r  grp_gdn_e2m0_top_impl_fu_550/grp_p_anonymous_namespace_fold_log_fu_9590/grp_p_anonymous_namespace_quantize_fold_block_fu_8537/grp_p_anonymous_namespace_quantize_fold_block_Pipeline_compare_scale_sse_fu_21586/flow_control_loop_pipe_sequential_init_U/could_multi_bursts.burst_valid_i_1__12/O
                         net (fo=18102, unplaced)     0.416     1.454    gmem0_m_axi_U/load_unit_0/buff_rdata/U_fifo_mem/ap_rst_n_inv
                         RAMB18E2                                     r  gmem0_m_axi_U/load_unit_0/buff_rdata/U_fifo_mem/mem_reg/RSTRAMARSTRAM
  -------------------------------------------------------------------    -------------------

                         (clock ap_clk rise edge)     0.000     0.000 r  
                                                      0.000     0.000 r  ap_clk (IN)
                         net (fo=0)                   0.036     0.036    ap_clk
                         BUFGCE (Prop_BUFGCE_I_O)     0.024     0.060 r  ooc_ap_clk_bufg/O
                         net (fo=117772, unplaced)    2.439     2.499    gmem0_m_axi_U/load_unit_0/buff_rdata/U_fifo_mem/ooc_ap_clk_global
                         RAMB18E2                                     r  gmem0_m_axi_U/load_unit_0/buff_rdata/U_fifo_mem/mem_reg/CLKARDCLK





Min Delay Paths
--------------------------------------------------------------------------------------
Slack:                    inf
  Source:                 s_axi_control_r_AWADDR[2]
                            (input port clocked by ap_clk  {rise@0.000ns fall@2.000ns period=4.000ns})
  Destination:            control_r_s_axi_U/waddr_reg[2]/D
                            (rising edge-triggered cell FDRE clocked by ap_clk  {rise@0.000ns fall@2.000ns period=4.000ns})
  Path Group:             (none)
  Path Type:              Hold (Min at Fast Process Corner)
  Data Path Delay:        0.008ns  (logic 0.000ns (0.000%)  route 0.008ns (99.999%))
  Logic Levels:           0  
  Input Delay:            1.000ns
  Clock Path Skew:        1.308ns (DCD - SCD - CPR)
    Destination Clock Delay (DCD):    1.308ns
    Source Clock Delay      (SCD):    0.000ns
    Clock Pessimism Removal (CPR):    -0.000ns
  Clock Uncertainty:      0.035ns  ((TSJ^2 + TIJ^2)^1/2 + DJ) / 2 + PE
    Total System Jitter     (TSJ):    0.071ns
    Total Input Jitter      (TIJ):    0.000ns
    Discrete Jitter          (DJ):    0.000ns
    Phase Error              (PE):    0.000ns
  Timing Exception:       False Path

    Location             Delay type                Incr(ns)  Path(ns)    Netlist Resource(s)
  -------------------------------------------------------------------    -------------------
                         (clock ap_clk rise edge)     0.000     0.000 r  
                         input delay                  1.000     1.000    
                                                      0.000     1.000 r  s_axi_control_r_AWADDR[2] (IN)
                         net (fo=0)                   0.008     1.008    control_r_s_axi_U/s_axi_control_r_AWADDR[0]
                         FDRE                                         r  control_r_s_axi_U/waddr_reg[2]/D
  -------------------------------------------------------------------    -------------------

                         (clock ap_clk rise edge)     0.000     0.000 r  
                                                      0.000     0.000 r  ap_clk (IN)
                         net (fo=0)                   0.030     0.030    ap_clk
                         BUFGCE (Prop_BUFGCE_I_O)     0.019     0.049 r  ooc_ap_clk_bufg/O
                         net (fo=117772, unplaced)    1.259     1.308    control_r_s_axi_U/ooc_ap_clk_global
                         FDRE                                         r  control_r_s_axi_U/waddr_reg[2]/C





