Copyright 1986-2022 Xilinx, Inc. All Rights Reserved. Copyright 2022-2024 Advanced Micro Devices, Inc. All Rights Reserved.
--------------------------------------------------------------------------------------------------------------------------------------------------
| Tool Version      : Vivado v.2024.2 (win64) Build 5239630 Fri Nov 08 22:35:27 MST 2024
| Date              : Tue May  5 22:14:14 2026
| Host              : meow running 64-bit major release  (build 9200)
| Command           : report_timing_summary -file reports/vivado/impl_timing.rpt
| Design            : gdn_top
| Device            : xcu55c-fsvh2892
| Speed File        : -2L  PRODUCTION 1.30 05-01-2022
| Design State      : Routed
| Temperature Grade : E
--------------------------------------------------------------------------------------------------------------------------------------------------

Timing Summary Report

------------------------------------------------------------------------------------------------
| Timer Settings
| --------------
------------------------------------------------------------------------------------------------

  Enable Multi Corner Analysis               :  Yes
  Enable Pessimism Removal                   :  Yes
  Pessimism Removal Resolution               :  Nearest Common Node
  Enable Input Delay Default Clock           :  No
  Enable Preset / Clear Arcs                 :  No
  Disable Flight Delays                      :  No
  Ignore I/O Paths                           :  No
  Timing Early Launch at Borrowing Latches   :  No
  Borrow Time for Max Delay Exceptions       :  Yes
  Merge Timing Exceptions                    :  Yes
  Inter-SLR Compensation                     :  Conservative

  Corner  Analyze    Analyze    
  Name    Max Paths  Min Paths  
  ------  ---------  ---------  
  Slow    Yes        Yes        
  Fast    Yes        Yes        


------------------------------------------------------------------------------------------------
| Report Methodology
| ------------------
------------------------------------------------------------------------------------------------

No report available as report_methodology has not been run prior. Run report_methodology on the current design for the summary of methodology violations.



check_timing report

Table of Contents
-----------------
1. checking no_clock (0)
2. checking constant_clock (0)
3. checking pulse_width_clock (0)
4. checking unconstrained_internal_endpoints (0)
5. checking no_input_delay (0)
6. checking no_output_delay (0)
7. checking multiple_clock (0)
8. checking generated_clocks (0)
9. checking loops (0)
10. checking partial_input_delay (0)
11. checking partial_output_delay (0)
12. checking latch_loops (0)

1. checking no_clock (0)
------------------------
 There are 0 register/latch pins with no clock.


2. checking constant_clock (0)
------------------------------
 There are 0 register/latch pins with constant_clock.


3. checking pulse_width_clock (0)
---------------------------------
 There are 0 register/latch pins which need pulse_width check


4. checking unconstrained_internal_endpoints (0)
------------------------------------------------
 There are 0 pins that are not constrained for maximum delay.

 There are 0 pins that are not constrained for maximum delay due to constant clock.


5. checking no_input_delay (0)
------------------------------
 There are 0 input ports with no input delay specified.

 There are 0 input ports with no input delay but user has a false path constraint.


6. checking no_output_delay (0)
-------------------------------
 There are 0 ports with no output delay specified.

 There are 0 ports with no output delay but user has a false path constraint

 There are 0 ports with no output delay but with a timing clock defined on it or propagating through it


7. checking multiple_clock (0)
------------------------------
 There are 0 register/latch pins with multiple clocks.


8. checking generated_clocks (0)
--------------------------------
 There are 0 generated clocks that are not connected to a clock source.


9. checking loops (0)
---------------------
 There are 0 combinational loops in the design.


10. checking partial_input_delay (0)
------------------------------------
 There are 0 input ports with partial input delay specified.


11. checking partial_output_delay (0)
-------------------------------------
 There are 0 ports with partial output delay specified.


12. checking latch_loops (0)
----------------------------
 There are 0 combinational latch loops in the design through latch input



------------------------------------------------------------------------------------------------
| Design Timing Summary
| ---------------------
------------------------------------------------------------------------------------------------

    WNS(ns)      TNS(ns)  TNS Failing Endpoints  TNS Total Endpoints      WHS(ns)      THS(ns)  THS Failing Endpoints  THS Total Endpoints     WPWS(ns)     TPWS(ns)  TPWS Failing Endpoints  TPWS Total Endpoints  
    -------      -------  ---------------------  -------------------      -------      -------  ---------------------  -------------------     --------     --------  ----------------------  --------------------  
     -0.254     -132.145                   2082               422609        0.019        0.000                      0               422609        1.458        0.000                       0                158466  


Timing constraints are not met.


------------------------------------------------------------------------------------------------
| Clock Summary
| -------------
------------------------------------------------------------------------------------------------

Clock   Waveform(ns)         Period(ns)      Frequency(MHz)
-----   ------------         ----------      --------------
ap_clk  {0.000 2.000}        4.000           250.000         


------------------------------------------------------------------------------------------------
| Intra Clock Table
| -----------------
------------------------------------------------------------------------------------------------

Clock             WNS(ns)      TNS(ns)  TNS Failing Endpoints  TNS Total Endpoints      WHS(ns)      THS(ns)  THS Failing Endpoints  THS Total Endpoints     WPWS(ns)     TPWS(ns)  TPWS Failing Endpoints  TPWS Total Endpoints  
-----             -------      -------  ---------------------  -------------------      -------      -------  ---------------------  -------------------     --------     --------  ----------------------  --------------------  
ap_clk             -0.254     -132.145                   2082               422609        0.019        0.000                      0               422609        1.458        0.000                       0                158466  


------------------------------------------------------------------------------------------------
| Inter Clock Table
| -----------------
------------------------------------------------------------------------------------------------

From Clock    To Clock          WNS(ns)      TNS(ns)  TNS Failing Endpoints  TNS Total Endpoints      WHS(ns)      THS(ns)  THS Failing Endpoints  THS Total Endpoints  
----------    --------          -------      -------  ---------------------  -------------------      -------      -------  ---------------------  -------------------  


------------------------------------------------------------------------------------------------
| Other Path Groups Table
| -----------------------
------------------------------------------------------------------------------------------------

Path Group    From Clock    To Clock          WNS(ns)      TNS(ns)  TNS Failing Endpoints  TNS Total Endpoints      WHS(ns)      THS(ns)  THS Failing Endpoints  THS Total Endpoints  
----------    ----------    --------          -------      -------  ---------------------  -------------------      -------      -------  ---------------------  -------------------  


------------------------------------------------------------------------------------------------
| Timing Details
| --------------
------------------------------------------------------------------------------------------------


---------------------------------------------------------------------------------------------------
From Clock:  ap_clk
  To Clock:  ap_clk

Setup :         2082  Failing Endpoints,  Worst Slack       -0.254ns,  Total Violation     -132.145ns
Hold  :            0  Failing Endpoints,  Worst Slack        0.019ns,  Total Violation        0.000ns
PW    :            0  Failing Endpoints,  Worst Slack        1.458ns,  Total Violation        0.000ns
---------------------------------------------------------------------------------------------------


Max Delay Paths
--------------------------------------------------------------------------------------
Slack (VIOLATED) :        -0.254ns  (required time - arrival time)
  Source:                 grp_gdn_top_impl_fu_348/mul_ln14_40_reg_428106_reg[4]/C
                            (rising edge-triggered cell FDRE clocked by ap_clk  {rise@0.000ns fall@2.000ns period=4.000ns})
  Destination:            grp_gdn_top_impl_fu_348/mul_31s_33ns_61_2_1_U3078/tmp_product/DSP_A_B_DATA_INST/A[25]
                            (rising edge-triggered cell DSP_A_B_DATA clocked by ap_clk  {rise@0.000ns fall@2.000ns period=4.000ns})
  Path Group:             ap_clk
  Path Type:              Setup (Max at Slow Process Corner)
  Requirement:            4.000ns  (ap_clk rise@4.000ns - ap_clk rise@0.000ns)
  Data Path Delay:        3.935ns  (logic 1.638ns (41.626%)  route 2.297ns (58.374%))
  Logic Levels:           6  (DSP_A_B_DATA=1 DSP_ALU=1 DSP_M_DATA=1 DSP_MULTIPLIER=1 DSP_OUTPUT=1 DSP_PREADD_DATA=1)
  Clock Path Skew:        0.015ns (DCD - SCD + CPR)
    Destination Clock Delay (DCD):    0.043ns = ( 4.043 - 4.000 ) 
    Source Clock Delay      (SCD):    0.028ns
    Clock Pessimism Removal (CPR):    0.000ns
  Clock Uncertainty:      0.035ns  ((TSJ^2 + TIJ^2)^1/2 + DJ) / 2 + PE
    Total System Jitter     (TSJ):    0.071ns
    Total Input Jitter      (TIJ):    0.000ns
    Discrete Jitter          (DJ):    0.000ns
    Phase Error              (PE):    0.000ns

    Location             Delay type                Incr(ns)  Path(ns)    Netlist Resource(s)
  -------------------------------------------------------------------    -------------------
                         (clock ap_clk rise edge)     0.000     0.000 r  
                                                      0.000     0.000 r  ap_clk (IN)
                         net (fo=172961, unset)       0.028     0.028    grp_gdn_top_impl_fu_348/ap_clk
    SLICE_X113Y289       FDRE                                         r  grp_gdn_top_impl_fu_348/mul_ln14_40_reg_428106_reg[4]/C
  -------------------------------------------------------------------    -------------------
    SLICE_X113Y289       FDRE (Prop_DFF_SLICEL_C_Q)
                                                      0.079     0.107 f  grp_gdn_top_impl_fu_348/mul_ln14_40_reg_428106_reg[4]/Q
                         net (fo=10, routed)          1.164     1.271    grp_gdn_top_impl_fu_348/mul_15s_17s_31_1_1_U3670/tmp_product/B[4]
    DSP48E2_X16Y130      DSP_A_B_DATA (Prop_DSP_A_B_DATA_DSP48E2_B[4]_B2_DATA[4])
                                                      0.151     1.422 r  grp_gdn_top_impl_fu_348/mul_15s_17s_31_1_1_U3670/tmp_product/DSP_A_B_DATA_INST/B2_DATA[4]
                         net (fo=1, routed)           0.000     1.422    grp_gdn_top_impl_fu_348/mul_15s_17s_31_1_1_U3670/tmp_product/DSP_A_B_DATA.B2_DATA<4>
    DSP48E2_X16Y130      DSP_PREADD_DATA (Prop_DSP_PREADD_DATA_DSP48E2_B2_DATA[4]_B2B1[4])
                                                      0.073     1.495 r  grp_gdn_top_impl_fu_348/mul_15s_17s_31_1_1_U3670/tmp_product/DSP_PREADD_DATA_INST/B2B1[4]
                         net (fo=1, routed)           0.000     1.495    grp_gdn_top_impl_fu_348/mul_15s_17s_31_1_1_U3670/tmp_product/DSP_PREADD_DATA.B2B1<4>
    DSP48E2_X16Y130      DSP_MULTIPLIER (Prop_DSP_MULTIPLIER_DSP48E2_B2B1[4]_V[30])
                                                      0.609     2.104 f  grp_gdn_top_impl_fu_348/mul_15s_17s_31_1_1_U3670/tmp_product/DSP_MULTIPLIER_INST/V[30]
                         net (fo=1, routed)           0.000     2.104    grp_gdn_top_impl_fu_348/mul_15s_17s_31_1_1_U3670/tmp_product/DSP_MULTIPLIER.V<30>
    DSP48E2_X16Y130      DSP_M_DATA (Prop_DSP_M_DATA_DSP48E2_V[30]_V_DATA[30])
                                                      0.046     2.150 r  grp_gdn_top_impl_fu_348/mul_15s_17s_31_1_1_U3670/tmp_product/DSP_M_DATA_INST/V_DATA[30]
                         net (fo=1, routed)           0.000     2.150    grp_gdn_top_impl_fu_348/mul_15s_17s_31_1_1_U3670/tmp_product/DSP_M_DATA.V_DATA<30>
    DSP48E2_X16Y130      DSP_ALU (Prop_DSP_ALU_DSP48E2_V_DATA[30]_ALU_OUT[30])
                                                      0.571     2.721 f  grp_gdn_top_impl_fu_348/mul_15s_17s_31_1_1_U3670/tmp_product/DSP_ALU_INST/ALU_OUT[30]
                         net (fo=1, routed)           0.000     2.721    grp_gdn_top_impl_fu_348/mul_15s_17s_31_1_1_U3670/tmp_product/DSP_ALU.ALU_OUT<30>
    DSP48E2_X16Y130      DSP_OUTPUT (Prop_DSP_OUTPUT_DSP48E2_ALU_OUT[30]_P[30])
                                                      0.109     2.830 r  grp_gdn_top_impl_fu_348/mul_15s_17s_31_1_1_U3670/tmp_product/DSP_OUTPUT_INST/P[30]
                         net (fo=23, routed)          1.133     3.963    grp_gdn_top_impl_fu_348/mul_31s_33ns_61_2_1_U3078/tmp_product/A[25]
    DSP48E2_X18Y156      DSP_A_B_DATA                                 r  grp_gdn_top_impl_fu_348/mul_31s_33ns_61_2_1_U3078/tmp_product/DSP_A_B_DATA_INST/A[25]
  -------------------------------------------------------------------    -------------------

                         (clock ap_clk rise edge)     4.000     4.000 r  
                                                      0.000     4.000 r  ap_clk (IN)
                         net (fo=172961, unset)       0.043     4.043    grp_gdn_top_impl_fu_348/mul_31s_33ns_61_2_1_U3078/tmp_product/CLK
    DSP48E2_X18Y156      DSP_A_B_DATA                                 r  grp_gdn_top_impl_fu_348/mul_31s_33ns_61_2_1_U3078/tmp_product/DSP_A_B_DATA_INST/CLK
                         clock pessimism              0.000     4.043    
                         clock uncertainty           -0.035     4.008    
    DSP48E2_X18Y156      DSP_A_B_DATA (Setup_DSP_A_B_DATA_DSP48E2_CLK_A[25])
                                                     -0.299     3.709    grp_gdn_top_impl_fu_348/mul_31s_33ns_61_2_1_U3078/tmp_product/DSP_A_B_DATA_INST
  -------------------------------------------------------------------
                         required time                          3.709    
                         arrival time                          -3.963    
  -------------------------------------------------------------------
                         slack                                 -0.254    





Min Delay Paths
--------------------------------------------------------------------------------------
Slack (MET) :             0.019ns  (arrival time - required time)
  Source:                 grp_gdn_top_impl_fu_348/mul_31s_33ns_61_2_1_U2860/buff0_reg[3]__0/C
                            (rising edge-triggered cell FDRE clocked by ap_clk  {rise@0.000ns fall@2.000ns period=4.000ns})
  Destination:            grp_gdn_top_impl_fu_348/mul_ln14_116_reg_436618_reg[3]/D
                            (rising edge-triggered cell FDRE clocked by ap_clk  {rise@0.000ns fall@2.000ns period=4.000ns})
  Path Group:             ap_clk
  Path Type:              Hold (Min at Fast Process Corner)
  Requirement:            0.000ns  (ap_clk rise@0.000ns - ap_clk rise@0.000ns)
  Data Path Delay:        0.072ns  (logic 0.039ns (54.167%)  route 0.033ns (45.833%))
  Logic Levels:           0  
  Clock Path Skew:        0.006ns (DCD - SCD - CPR)
    Destination Clock Delay (DCD):    0.018ns
    Source Clock Delay      (SCD):    0.012ns
    Clock Pessimism Removal (CPR):    -0.000ns

    Location             Delay type                Incr(ns)  Path(ns)    Netlist Resource(s)
  -------------------------------------------------------------------    -------------------
                         (clock ap_clk rise edge)     0.000     0.000 r  
                                                      0.000     0.000 r  ap_clk (IN)
                         net (fo=172961, unset)       0.012     0.012    grp_gdn_top_impl_fu_348/mul_31s_33ns_61_2_1_U2860/ap_clk
    SLICE_X82Y270        FDRE                                         r  grp_gdn_top_impl_fu_348/mul_31s_33ns_61_2_1_U2860/buff0_reg[3]__0/C
  -------------------------------------------------------------------    -------------------
    SLICE_X82Y270        FDRE (Prop_DFF_SLICEL_C_Q)
                                                      0.039     0.051 r  grp_gdn_top_impl_fu_348/mul_31s_33ns_61_2_1_U2860/buff0_reg[3]__0/Q
                         net (fo=1, routed)           0.033     0.084    grp_gdn_top_impl_fu_348/mul_31s_33ns_61_2_1_U2860_n_95
    SLICE_X82Y270        FDRE                                         r  grp_gdn_top_impl_fu_348/mul_ln14_116_reg_436618_reg[3]/D
  -------------------------------------------------------------------    -------------------

                         (clock ap_clk rise edge)     0.000     0.000 r  
                                                      0.000     0.000 r  ap_clk (IN)
                         net (fo=172961, unset)       0.018     0.018    grp_gdn_top_impl_fu_348/ap_clk
    SLICE_X82Y270        FDRE                                         r  grp_gdn_top_impl_fu_348/mul_ln14_116_reg_436618_reg[3]/C
                         clock pessimism              0.000     0.018    
    SLICE_X82Y270        FDRE (Hold_CFF2_SLICEL_C_D)
                                                      0.047     0.065    grp_gdn_top_impl_fu_348/mul_ln14_116_reg_436618_reg[3]
  -------------------------------------------------------------------
                         required time                         -0.065    
                         arrival time                           0.084    
  -------------------------------------------------------------------
                         slack                                  0.019    





Pulse Width Checks
--------------------------------------------------------------------------------------
Clock Name:         ap_clk
Waveform(ns):       { 0.000 2.000 }
Period(ns):         4.000
Sources:            { ap_clk }

Check Type        Corner  Lib Pin             Reference Pin  Required(ns)  Actual(ns)  Slack(ns)  Location      Pin
Min Period        n/a     RAMB18E2/CLKARDCLK  n/a            1.569         4.000       2.431      RAMB18_X5Y92  gmem0_m_axi_U/load_unit_0/buff_rdata/U_fifo_mem/mem_reg/CLKARDCLK
Low Pulse Width   Slow    RAMB18E2/CLKARDCLK  n/a            0.542         2.000       1.458      RAMB18_X5Y92  gmem0_m_axi_U/load_unit_0/buff_rdata/U_fifo_mem/mem_reg/CLKARDCLK
High Pulse Width  Slow    RAMB18E2/CLKARDCLK  n/a            0.542         2.000       1.458      RAMB18_X5Y92  gmem0_m_axi_U/load_unit_0/buff_rdata/U_fifo_mem/mem_reg/CLKARDCLK



