Vivado Simulator v2025.2
Copyright 1986-2022 Xilinx, Inc. All Rights Reserved.
Copyright 2022-2025 Advanced Micro Devices, Inc. All Rights Reserved.
Running: C:/AMDDesignTools/2025.2/Vivado/bin/unwrapped/win64.o/xelab.exe xil_defaultlib.apatb_gdn_rs2_top_top xil_defaultlib.glbl -Oenable_linking_all_libraries -prj gdn_rs2_top.prj -L smartconnect_v1_0 -L axi_protocol_checker_v1_1_12 -L axi_protocol_checker_v1_1_13 -L axis_protocol_checker_v1_1_11 -L axis_protocol_checker_v1_1_12 -L xil_defaultlib -L unisims_ver -L xpm -L floating_point_v7_1_21 -L floating_point_v7_0_26 --lib ieee_proposed=./ieee_proposed -L uvm -relax -i ./svr -i ./axivip -i ./svtb -i ./file_agent -i ./gdn_rs2_top_subsystem -s gdn_rs2_top 
Multi-threading is on. Using 14 slave threads.
INFO: [VRFC 10-2263] Analyzing SystemVerilog file "X:/gdn_rs2_reset_trace_cosim_hls/u55c_250mhz/sim/verilog/glbl.v" into library xil_defaultlib
INFO: [VRFC 10-311] analyzing module glbl
INFO: [VRFC 10-2263] Analyzing SystemVerilog file "X:/gdn_rs2_reset_trace_cosim_hls/u55c_250mhz/sim/verilog/gdn_rs2_top.autotb.v" into library xil_defaultlib
INFO: [VRFC 10-311] analyzing module apatb_gdn_rs2_top_top
INFO: [VRFC 10-2263] Analyzing SystemVerilog file "X:/gdn_rs2_reset_trace_cosim_hls/u55c_250mhz/sim/verilog/gdn_rs2_top.v" into library xil_defaultlib
INFO: [VRFC 10-311] analyzing module gdn_rs2_top
INFO: [VRFC 10-2263] Analyzing SystemVerilog file "X:/gdn_rs2_reset_trace_cosim_hls/u55c_250mhz/sim/verilog/gdn_rs2_top_aligned_sum_guarded_2_1.v" into library xil_defaultlib
INFO: [VRFC 10-311] analyzing module gdn_rs2_top_aligned_sum_guarded_2_1
INFO: [VRFC 10-2263] Analyzing SystemVerilog file "X:/gdn_rs2_reset_trace_cosim_hls/u55c_250mhz/sim/verilog/gdn_rs2_top_aligned_sum_guarded_2_1_Pipeline_align_terms.v" into library xil_defaultlib
INFO: [VRFC 10-311] analyzing module gdn_rs2_top_aligned_sum_guarded_2_1_Pipeline_align_terms
INFO: [VRFC 10-2263] Analyzing SystemVerilog file "X:/gdn_rs2_reset_trace_cosim_hls/u55c_250mhz/sim/verilog/gdn_rs2_top_aligned_sum_guarded_2_1_Pipeline_find_dominant.v" into library xil_defaultlib
INFO: [VRFC 10-311] analyzing module gdn_rs2_top_aligned_sum_guarded_2_1_Pipeline_find_dominant
INFO: [VRFC 10-2263] Analyzing SystemVerilog file "X:/gdn_rs2_reset_trace_cosim_hls/u55c_250mhz/sim/verilog/gdn_rs2_top_aligned_sum_guarded_2_Pipeline_align_terms.v" into library xil_defaultlib
INFO: [VRFC 10-311] analyzing module gdn_rs2_top_aligned_sum_guarded_2_Pipeline_align_terms
INFO: [VRFC 10-2263] Analyzing SystemVerilog file "X:/gdn_rs2_reset_trace_cosim_hls/u55c_250mhz/sim/verilog/gdn_rs2_top_aligned_sum_guarded_2_Pipeline_find_dominant.v" into library xil_defaultlib
INFO: [VRFC 10-311] analyzing module gdn_rs2_top_aligned_sum_guarded_2_Pipeline_find_dominant
INFO: [VRFC 10-2263] Analyzing SystemVerilog file "X:/gdn_rs2_reset_trace_cosim_hls/u55c_250mhz/sim/verilog/gdn_rs2_top_aligned_sum_guarded_2_s.v" into library xil_defaultlib
INFO: [VRFC 10-311] analyzing module gdn_rs2_top_aligned_sum_guarded_2_s
INFO: [VRFC 10-2263] Analyzing SystemVerilog file "X:/gdn_rs2_reset_trace_cosim_hls/u55c_250mhz/sim/verilog/gdn_rs2_top_aligned_sum_guarded_3_Pipeline_align_terms.v" into library xil_defaultlib
INFO: [VRFC 10-311] analyzing module gdn_rs2_top_aligned_sum_guarded_3_Pipeline_align_terms
INFO: [VRFC 10-2263] Analyzing SystemVerilog file "X:/gdn_rs2_reset_trace_cosim_hls/u55c_250mhz/sim/verilog/gdn_rs2_top_aligned_sum_guarded_3_Pipeline_find_dominant.v" into library xil_defaultlib
INFO: [VRFC 10-311] analyzing module gdn_rs2_top_aligned_sum_guarded_3_Pipeline_find_dominant
INFO: [VRFC 10-2263] Analyzing SystemVerilog file "X:/gdn_rs2_reset_trace_cosim_hls/u55c_250mhz/sim/verilog/gdn_rs2_top_aligned_sum_guarded_3_s.v" into library xil_defaultlib
INFO: [VRFC 10-311] analyzing module gdn_rs2_top_aligned_sum_guarded_3_s
INFO: [VRFC 10-2263] Analyzing SystemVerilog file "X:/gdn_rs2_reset_trace_cosim_hls/u55c_250mhz/sim/verilog/gdn_rs2_top_aligned_sum_guarded_4_Pipeline_align_terms.v" into library xil_defaultlib
INFO: [VRFC 10-311] analyzing module gdn_rs2_top_aligned_sum_guarded_4_Pipeline_align_terms
INFO: [VRFC 10-2263] Analyzing SystemVerilog file "X:/gdn_rs2_reset_trace_cosim_hls/u55c_250mhz/sim/verilog/gdn_rs2_top_aligned_sum_guarded_4_Pipeline_find_dominant.v" into library xil_defaultlib
INFO: [VRFC 10-311] analyzing module gdn_rs2_top_aligned_sum_guarded_4_Pipeline_find_dominant
INFO: [VRFC 10-2263] Analyzing SystemVerilog file "X:/gdn_rs2_reset_trace_cosim_hls/u55c_250mhz/sim/verilog/gdn_rs2_top_aligned_sum_guarded_4_s.v" into library xil_defaultlib
INFO: [VRFC 10-311] analyzing module gdn_rs2_top_aligned_sum_guarded_4_s
INFO: [VRFC 10-2263] Analyzing SystemVerilog file "X:/gdn_rs2_reset_trace_cosim_hls/u55c_250mhz/sim/verilog/gdn_rs2_top_aligned_sum_guarded_512_Pipeline_align_terms.v" into library xil_defaultlib
INFO: [VRFC 10-311] analyzing module gdn_rs2_top_aligned_sum_guarded_512_Pipeline_align_terms
INFO: [VRFC 10-2263] Analyzing SystemVerilog file "X:/gdn_rs2_reset_trace_cosim_hls/u55c_250mhz/sim/verilog/gdn_rs2_top_aligned_sum_guarded_512_Pipeline_find_dominant.v" into library xil_defaultlib
INFO: [VRFC 10-311] analyzing module gdn_rs2_top_aligned_sum_guarded_512_Pipeline_find_dominant
INFO: [VRFC 10-2263] Analyzing SystemVerilog file "X:/gdn_rs2_reset_trace_cosim_hls/u55c_250mhz/sim/verilog/gdn_rs2_top_aligned_sum_guarded_512_s.v" into library xil_defaultlib
INFO: [VRFC 10-311] analyzing module gdn_rs2_top_aligned_sum_guarded_512_s
INFO: [VRFC 10-2263] Analyzing SystemVerilog file "X:/gdn_rs2_reset_trace_cosim_hls/u55c_250mhz/sim/verilog/gdn_rs2_top_aligned_sum_guarded_7_Pipeline_align_terms.v" into library xil_defaultlib
INFO: [VRFC 10-311] analyzing module gdn_rs2_top_aligned_sum_guarded_7_Pipeline_align_terms
INFO: [VRFC 10-2263] Analyzing SystemVerilog file "X:/gdn_rs2_reset_trace_cosim_hls/u55c_250mhz/sim/verilog/gdn_rs2_top_aligned_sum_guarded_7_Pipeline_find_dominant.v" into library xil_defaultlib
INFO: [VRFC 10-311] analyzing module gdn_rs2_top_aligned_sum_guarded_7_Pipeline_find_dominant
INFO: [VRFC 10-2263] Analyzing SystemVerilog file "X:/gdn_rs2_reset_trace_cosim_hls/u55c_250mhz/sim/verilog/gdn_rs2_top_aligned_sum_guarded_7_s.v" into library xil_defaultlib
INFO: [VRFC 10-311] analyzing module gdn_rs2_top_aligned_sum_guarded_7_s
INFO: [VRFC 10-2263] Analyzing SystemVerilog file "X:/gdn_rs2_reset_trace_cosim_hls/u55c_250mhz/sim/verilog/gdn_rs2_top_control_r_s_axi.v" into library xil_defaultlib
INFO: [VRFC 10-311] analyzing module gdn_rs2_top_control_r_s_axi
INFO: [VRFC 10-2263] Analyzing SystemVerilog file "X:/gdn_rs2_reset_trace_cosim_hls/u55c_250mhz/sim/verilog/gdn_rs2_top_control_s_axi.v" into library xil_defaultlib
INFO: [VRFC 10-311] analyzing module gdn_rs2_top_control_s_axi
INFO: [VRFC 10-2263] Analyzing SystemVerilog file "X:/gdn_rs2_reset_trace_cosim_hls/u55c_250mhz/sim/verilog/gdn_rs2_top_flow_control_loop_pipe_sequential_init.v" into library xil_defaultlib
INFO: [VRFC 10-311] analyzing module gdn_rs2_top_flow_control_loop_pipe_sequential_init
INFO: [VRFC 10-2263] Analyzing SystemVerilog file "X:/gdn_rs2_reset_trace_cosim_hls/u55c_250mhz/sim/verilog/gdn_rs2_top_gdn_rs2_top_impl.v" into library xil_defaultlib
INFO: [VRFC 10-311] analyzing module gdn_rs2_top_gdn_rs2_top_impl
INFO: [VRFC 10-2263] Analyzing SystemVerilog file "X:/gdn_rs2_reset_trace_cosim_hls/u55c_250mhz/sim/verilog/gdn_rs2_top_gdn_rs2_top_impl_gdn_rs2_top_impl_unsigned_char_unsigned_short_unsigned_char_bkb.v" into library xil_defaultlib
INFO: [VRFC 10-311] analyzing module gdn_rs2_top_gdn_rs2_top_impl_gdn_rs2_top_impl_unsigned_char_unsigned_short_unsigned_char_bkb
INFO: [VRFC 10-2263] Analyzing SystemVerilog file "X:/gdn_rs2_reset_trace_cosim_hls/u55c_250mhz/sim/verilog/gdn_rs2_top_gdn_rs2_top_impl_gdn_rs2_top_impl_unsigned_char_unsigned_short_unsigned_char_jbC.v" into library xil_defaultlib
INFO: [VRFC 10-311] analyzing module gdn_rs2_top_gdn_rs2_top_impl_gdn_rs2_top_impl_unsigned_char_unsigned_short_unsigned_char_jbC
INFO: [VRFC 10-2263] Analyzing SystemVerilog file "X:/gdn_rs2_reset_trace_cosim_hls/u55c_250mhz/sim/verilog/gdn_rs2_top_gdn_rs2_top_impl_gdn_rs2_top_impl_unsigned_char_unsigned_short_unsigned_char_kbM.v" into library xil_defaultlib
INFO: [VRFC 10-311] analyzing module gdn_rs2_top_gdn_rs2_top_impl_gdn_rs2_top_impl_unsigned_char_unsigned_short_unsigned_char_kbM
INFO: [VRFC 10-2263] Analyzing SystemVerilog file "X:/gdn_rs2_reset_trace_cosim_hls/u55c_250mhz/sim/verilog/gdn_rs2_top_gdn_rs2_top_impl_Outline_3.v" into library xil_defaultlib
INFO: [VRFC 10-311] analyzing module gdn_rs2_top_gdn_rs2_top_impl_Outline_3
INFO: [VRFC 10-2263] Analyzing SystemVerilog file "X:/gdn_rs2_reset_trace_cosim_hls/u55c_250mhz/sim/verilog/gdn_rs2_top_gdn_rs2_top_impl_Outline_5.v" into library xil_defaultlib
INFO: [VRFC 10-311] analyzing module gdn_rs2_top_gdn_rs2_top_impl_Outline_5
INFO: [VRFC 10-2263] Analyzing SystemVerilog file "X:/gdn_rs2_reset_trace_cosim_hls/u55c_250mhz/sim/verilog/gdn_rs2_top_gdn_rs2_top_impl_Outline_7.v" into library xil_defaultlib
INFO: [VRFC 10-311] analyzing module gdn_rs2_top_gdn_rs2_top_impl_Outline_7
INFO: [VRFC 10-2263] Analyzing SystemVerilog file "X:/gdn_rs2_reset_trace_cosim_hls/u55c_250mhz/sim/verilog/gdn_rs2_top_gdn_rs2_top_impl_Outline_9.v" into library xil_defaultlib
INFO: [VRFC 10-311] analyzing module gdn_rs2_top_gdn_rs2_top_impl_Outline_9
INFO: [VRFC 10-2263] Analyzing SystemVerilog file "X:/gdn_rs2_reset_trace_cosim_hls/u55c_250mhz/sim/verilog/gdn_rs2_top_gdn_rs2_top_impl_Outline_output_log_entries.v" into library xil_defaultlib
INFO: [VRFC 10-311] analyzing module gdn_rs2_top_gdn_rs2_top_impl_Outline_output_log_entries
INFO: [VRFC 10-2263] Analyzing SystemVerilog file "X:/gdn_rs2_reset_trace_cosim_hls/u55c_250mhz/sim/verilog/gdn_rs2_top_gdn_rs2_top_impl_Outline_prediction_log_entries.v" into library xil_defaultlib
INFO: [VRFC 10-311] analyzing module gdn_rs2_top_gdn_rs2_top_impl_Outline_prediction_log_entries
INFO: [VRFC 10-2263] Analyzing SystemVerilog file "X:/gdn_rs2_reset_trace_cosim_hls/u55c_250mhz/sim/verilog/gdn_rs2_top_gdn_rs2_top_impl_Pipeline_10.v" into library xil_defaultlib
INFO: [VRFC 10-311] analyzing module gdn_rs2_top_gdn_rs2_top_impl_Pipeline_10
INFO: [VRFC 10-2263] Analyzing SystemVerilog file "X:/gdn_rs2_reset_trace_cosim_hls/u55c_250mhz/sim/verilog/gdn_rs2_top_gdn_rs2_top_impl_Pipeline_4.v" into library xil_defaultlib
INFO: [VRFC 10-311] analyzing module gdn_rs2_top_gdn_rs2_top_impl_Pipeline_4
INFO: [VRFC 10-2263] Analyzing SystemVerilog file "X:/gdn_rs2_reset_trace_cosim_hls/u55c_250mhz/sim/verilog/gdn_rs2_top_gdn_rs2_top_impl_Pipeline_6.v" into library xil_defaultlib
INFO: [VRFC 10-311] analyzing module gdn_rs2_top_gdn_rs2_top_impl_Pipeline_6
INFO: [VRFC 10-2263] Analyzing SystemVerilog file "X:/gdn_rs2_reset_trace_cosim_hls/u55c_250mhz/sim/verilog/gdn_rs2_top_gdn_rs2_top_impl_Pipeline_8.v" into library xil_defaultlib
INFO: [VRFC 10-311] analyzing module gdn_rs2_top_gdn_rs2_top_impl_Pipeline_8
INFO: [VRFC 10-2263] Analyzing SystemVerilog file "X:/gdn_rs2_reset_trace_cosim_hls/u55c_250mhz/sim/verilog/gdn_rs2_top_gdn_rs2_top_impl_Pipeline_clear_rs2_output_heads_clear_rs2_output_values.v" into library xil_defaultlib
INFO: [VRFC 10-311] analyzing module gdn_rs2_top_gdn_rs2_top_impl_Pipeline_clear_rs2_output_heads_clear_rs2_output_values
INFO: [VRFC 10-2263] Analyzing SystemVerilog file "X:/gdn_rs2_reset_trace_cosim_hls/u55c_250mhz/sim/verilog/gdn_rs2_top_gdn_rs2_top_impl_Pipeline_decay_coefficients_heads.v" into library xil_defaultlib
INFO: [VRFC 10-311] analyzing module gdn_rs2_top_gdn_rs2_top_impl_Pipeline_decay_coefficients_heads
INFO: [VRFC 10-2263] Analyzing SystemVerilog file "X:/gdn_rs2_reset_trace_cosim_hls/u55c_250mhz/sim/verilog/gdn_rs2_top_gdn_rs2_top_impl_Pipeline_VITIS_LOOP_1317_1.v" into library xil_defaultlib
INFO: [VRFC 10-311] analyzing module gdn_rs2_top_gdn_rs2_top_impl_Pipeline_VITIS_LOOP_1317_1
INFO: [VRFC 10-2263] Analyzing SystemVerilog file "X:/gdn_rs2_reset_trace_cosim_hls/u55c_250mhz/sim/verilog/gdn_rs2_top_gdn_rs2_top_impl_prediction_log_m_RAM_AUTO_1R1W.v" into library xil_defaultlib
INFO: [VRFC 10-311] analyzing module gdn_rs2_top_gdn_rs2_top_impl_prediction_log_m_RAM_AUTO_1R1W
INFO: [VRFC 10-2263] Analyzing SystemVerilog file "X:/gdn_rs2_reset_trace_cosim_hls/u55c_250mhz/sim/verilog/gdn_rs2_top_gdn_rs2_top_impl_prediction_log_x_RAM_AUTO_1R1W.v" into library xil_defaultlib
INFO: [VRFC 10-311] analyzing module gdn_rs2_top_gdn_rs2_top_impl_prediction_log_x_RAM_AUTO_1R1W
INFO: [VRFC 10-2263] Analyzing SystemVerilog file "X:/gdn_rs2_reset_trace_cosim_hls/u55c_250mhz/sim/verilog/gdn_rs2_top_gdn_rs2_top_impl_resident_gamma_RAM_AUTO_1R1W.v" into library xil_defaultlib
INFO: [VRFC 10-311] analyzing module gdn_rs2_top_gdn_rs2_top_impl_resident_gamma_RAM_AUTO_1R1W
INFO: [VRFC 10-2263] Analyzing SystemVerilog file "X:/gdn_rs2_reset_trace_cosim_hls/u55c_250mhz/sim/verilog/gdn_rs2_top_gdn_rs2_top_impl_resident_keys_RAM_T2P_URAM_1R1W.v" into library xil_defaultlib
INFO: [VRFC 10-311] analyzing module gdn_rs2_top_gdn_rs2_top_impl_resident_keys_RAM_T2P_URAM_1R1W
INFO: [VRFC 10-2263] Analyzing SystemVerilog file "X:/gdn_rs2_reset_trace_cosim_hls/u55c_250mhz/sim/verilog/gdn_rs2_top_gdn_rs2_top_impl_resident_key_scales_RAM_T2P_BRAM_1R1W.v" into library xil_defaultlib
INFO: [VRFC 10-311] analyzing module gdn_rs2_top_gdn_rs2_top_impl_resident_key_scales_RAM_T2P_BRAM_1R1W
INFO: [VRFC 10-2263] Analyzing SystemVerilog file "X:/gdn_rs2_reset_trace_cosim_hls/u55c_250mhz/sim/verilog/gdn_rs2_top_gdn_rs2_top_impl_resident_lambda_RAM_AUTO_1R1W.v" into library xil_defaultlib
INFO: [VRFC 10-311] analyzing module gdn_rs2_top_gdn_rs2_top_impl_resident_lambda_RAM_AUTO_1R1W
INFO: [VRFC 10-2263] Analyzing SystemVerilog file "X:/gdn_rs2_reset_trace_cosim_hls/u55c_250mhz/sim/verilog/gdn_rs2_top_gdn_rs2_top_impl_resident_primary_RAM_T2P_URAM_1R1W.v" into library xil_defaultlib
INFO: [VRFC 10-311] analyzing module gdn_rs2_top_gdn_rs2_top_impl_resident_primary_RAM_T2P_URAM_1R1W
INFO: [VRFC 10-2263] Analyzing SystemVerilog file "X:/gdn_rs2_reset_trace_cosim_hls/u55c_250mhz/sim/verilog/gdn_rs2_top_gdn_rs2_top_impl_resident_primary_scales_RAM_T2P_BRAM_1R1W.v" into library xil_defaultlib
INFO: [VRFC 10-311] analyzing module gdn_rs2_top_gdn_rs2_top_impl_resident_primary_scales_RAM_T2P_BRAM_1R1W
INFO: [VRFC 10-2263] Analyzing SystemVerilog file "X:/gdn_rs2_reset_trace_cosim_hls/u55c_250mhz/sim/verilog/gdn_rs2_top_gdn_rs2_top_impl_resident_updates_RAM_T2P_URAM_1R1W.v" into library xil_defaultlib
INFO: [VRFC 10-311] analyzing module gdn_rs2_top_gdn_rs2_top_impl_resident_updates_RAM_T2P_URAM_1R1W
INFO: [VRFC 10-2263] Analyzing SystemVerilog file "X:/gdn_rs2_reset_trace_cosim_hls/u55c_250mhz/sim/verilog/gdn_rs2_top_gdn_rs2_top_impl_resident_update_scales_RAM_T2P_BRAM_1R1W.v" into library xil_defaultlib
INFO: [VRFC 10-311] analyzing module gdn_rs2_top_gdn_rs2_top_impl_resident_update_scales_RAM_T2P_BRAM_1R1W
INFO: [VRFC 10-2263] Analyzing SystemVerilog file "X:/gdn_rs2_reset_trace_cosim_hls/u55c_250mhz/sim/verilog/gdn_rs2_top_gmem0_m_axi.v" into library xil_defaultlib
INFO: [VRFC 10-311] analyzing module gdn_rs2_top_gmem0_m_axi
INFO: [VRFC 10-311] analyzing module gdn_rs2_top_gmem0_m_axi_load
INFO: [VRFC 10-311] analyzing module gdn_rs2_top_gmem0_m_axi_read
INFO: [VRFC 10-311] analyzing module gdn_rs2_top_gmem0_m_axi_burst_converter
INFO: [VRFC 10-311] analyzing module gdn_rs2_top_gmem0_m_axi_burst_interleave
INFO: [VRFC 10-311] analyzing module gdn_rs2_top_gmem0_m_axi_burst_sequential
INFO: [VRFC 10-311] analyzing module gdn_rs2_top_gmem0_m_axi_reg_slice
INFO: [VRFC 10-311] analyzing module gdn_rs2_top_gmem0_m_axi_fifo
INFO: [VRFC 10-311] analyzing module gdn_rs2_top_gmem0_m_axi_srl
INFO: [VRFC 10-311] analyzing module gdn_rs2_top_gmem0_m_axi_mem
INFO: [VRFC 10-2263] Analyzing SystemVerilog file "X:/gdn_rs2_reset_trace_cosim_hls/u55c_250mhz/sim/verilog/gdn_rs2_top_gmem10_m_axi.v" into library xil_defaultlib
INFO: [VRFC 10-311] analyzing module gdn_rs2_top_gmem10_m_axi
INFO: [VRFC 10-311] analyzing module gdn_rs2_top_gmem10_m_axi_store
INFO: [VRFC 10-311] analyzing module gdn_rs2_top_gmem10_m_axi_write
INFO: [VRFC 10-311] analyzing module gdn_rs2_top_gmem10_m_axi_burst_converter
INFO: [VRFC 10-311] analyzing module gdn_rs2_top_gmem10_m_axi_burst_interleave
INFO: [VRFC 10-311] analyzing module gdn_rs2_top_gmem10_m_axi_burst_sequential
INFO: [VRFC 10-311] analyzing module gdn_rs2_top_gmem10_m_axi_throttle
INFO: [VRFC 10-311] analyzing module gdn_rs2_top_gmem10_m_axi_reg_slice
INFO: [VRFC 10-311] analyzing module gdn_rs2_top_gmem10_m_axi_fifo
INFO: [VRFC 10-311] analyzing module gdn_rs2_top_gmem10_m_axi_srl
INFO: [VRFC 10-311] analyzing module gdn_rs2_top_gmem10_m_axi_mem
INFO: [VRFC 10-2263] Analyzing SystemVerilog file "X:/gdn_rs2_reset_trace_cosim_hls/u55c_250mhz/sim/verilog/gdn_rs2_top_gmem11_m_axi.v" into library xil_defaultlib
INFO: [VRFC 10-311] analyzing module gdn_rs2_top_gmem11_m_axi
INFO: [VRFC 10-311] analyzing module gdn_rs2_top_gmem11_m_axi_store
INFO: [VRFC 10-311] analyzing module gdn_rs2_top_gmem11_m_axi_write
INFO: [VRFC 10-311] analyzing module gdn_rs2_top_gmem11_m_axi_burst_converter
INFO: [VRFC 10-311] analyzing module gdn_rs2_top_gmem11_m_axi_burst_interleave
INFO: [VRFC 10-311] analyzing module gdn_rs2_top_gmem11_m_axi_burst_sequential
INFO: [VRFC 10-311] analyzing module gdn_rs2_top_gmem11_m_axi_throttle
INFO: [VRFC 10-311] analyzing module gdn_rs2_top_gmem11_m_axi_reg_slice
INFO: [VRFC 10-311] analyzing module gdn_rs2_top_gmem11_m_axi_fifo
INFO: [VRFC 10-311] analyzing module gdn_rs2_top_gmem11_m_axi_srl
INFO: [VRFC 10-311] analyzing module gdn_rs2_top_gmem11_m_axi_mem
INFO: [VRFC 10-2263] Analyzing SystemVerilog file "X:/gdn_rs2_reset_trace_cosim_hls/u55c_250mhz/sim/verilog/gdn_rs2_top_gmem12_m_axi.v" into library xil_defaultlib
INFO: [VRFC 10-311] analyzing module gdn_rs2_top_gmem12_m_axi
INFO: [VRFC 10-311] analyzing module gdn_rs2_top_gmem12_m_axi_store
INFO: [VRFC 10-311] analyzing module gdn_rs2_top_gmem12_m_axi_write
INFO: [VRFC 10-311] analyzing module gdn_rs2_top_gmem12_m_axi_burst_converter
INFO: [VRFC 10-311] analyzing module gdn_rs2_top_gmem12_m_axi_burst_interleave
INFO: [VRFC 10-311] analyzing module gdn_rs2_top_gmem12_m_axi_burst_sequential
INFO: [VRFC 10-311] analyzing module gdn_rs2_top_gmem12_m_axi_throttle
INFO: [VRFC 10-311] analyzing module gdn_rs2_top_gmem12_m_axi_reg_slice
INFO: [VRFC 10-311] analyzing module gdn_rs2_top_gmem12_m_axi_fifo
INFO: [VRFC 10-311] analyzing module gdn_rs2_top_gmem12_m_axi_srl
INFO: [VRFC 10-311] analyzing module gdn_rs2_top_gmem12_m_axi_mem
INFO: [VRFC 10-2263] Analyzing SystemVerilog file "X:/gdn_rs2_reset_trace_cosim_hls/u55c_250mhz/sim/verilog/gdn_rs2_top_gmem13_m_axi.v" into library xil_defaultlib
INFO: [VRFC 10-311] analyzing module gdn_rs2_top_gmem13_m_axi
INFO: [VRFC 10-311] analyzing module gdn_rs2_top_gmem13_m_axi_store
INFO: [VRFC 10-311] analyzing module gdn_rs2_top_gmem13_m_axi_write
INFO: [VRFC 10-311] analyzing module gdn_rs2_top_gmem13_m_axi_burst_converter
INFO: [VRFC 10-311] analyzing module gdn_rs2_top_gmem13_m_axi_burst_interleave
INFO: [VRFC 10-311] analyzing module gdn_rs2_top_gmem13_m_axi_burst_sequential
INFO: [VRFC 10-311] analyzing module gdn_rs2_top_gmem13_m_axi_throttle
INFO: [VRFC 10-311] analyzing module gdn_rs2_top_gmem13_m_axi_reg_slice
INFO: [VRFC 10-311] analyzing module gdn_rs2_top_gmem13_m_axi_fifo
INFO: [VRFC 10-311] analyzing module gdn_rs2_top_gmem13_m_axi_srl
INFO: [VRFC 10-311] analyzing module gdn_rs2_top_gmem13_m_axi_mem
INFO: [VRFC 10-2263] Analyzing SystemVerilog file "X:/gdn_rs2_reset_trace_cosim_hls/u55c_250mhz/sim/verilog/gdn_rs2_top_gmem14_m_axi.v" into library xil_defaultlib
INFO: [VRFC 10-311] analyzing module gdn_rs2_top_gmem14_m_axi
INFO: [VRFC 10-311] analyzing module gdn_rs2_top_gmem14_m_axi_store
INFO: [VRFC 10-311] analyzing module gdn_rs2_top_gmem14_m_axi_write
INFO: [VRFC 10-311] analyzing module gdn_rs2_top_gmem14_m_axi_burst_converter
INFO: [VRFC 10-311] analyzing module gdn_rs2_top_gmem14_m_axi_burst_interleave
INFO: [VRFC 10-311] analyzing module gdn_rs2_top_gmem14_m_axi_burst_sequential
INFO: [VRFC 10-311] analyzing module gdn_rs2_top_gmem14_m_axi_throttle
INFO: [VRFC 10-311] analyzing module gdn_rs2_top_gmem14_m_axi_reg_slice
INFO: [VRFC 10-311] analyzing module gdn_rs2_top_gmem14_m_axi_fifo
INFO: [VRFC 10-311] analyzing module gdn_rs2_top_gmem14_m_axi_srl
INFO: [VRFC 10-311] analyzing module gdn_rs2_top_gmem14_m_axi_mem
INFO: [VRFC 10-2263] Analyzing SystemVerilog file "X:/gdn_rs2_reset_trace_cosim_hls/u55c_250mhz/sim/verilog/gdn_rs2_top_gmem15_m_axi.v" into library xil_defaultlib
INFO: [VRFC 10-311] analyzing module gdn_rs2_top_gmem15_m_axi
INFO: [VRFC 10-311] analyzing module gdn_rs2_top_gmem15_m_axi_store
INFO: [VRFC 10-311] analyzing module gdn_rs2_top_gmem15_m_axi_write
INFO: [VRFC 10-311] analyzing module gdn_rs2_top_gmem15_m_axi_burst_converter
INFO: [VRFC 10-311] analyzing module gdn_rs2_top_gmem15_m_axi_burst_interleave
INFO: [VRFC 10-311] analyzing module gdn_rs2_top_gmem15_m_axi_burst_sequential
INFO: [VRFC 10-311] analyzing module gdn_rs2_top_gmem15_m_axi_throttle
INFO: [VRFC 10-311] analyzing module gdn_rs2_top_gmem15_m_axi_reg_slice
INFO: [VRFC 10-311] analyzing module gdn_rs2_top_gmem15_m_axi_fifo
INFO: [VRFC 10-311] analyzing module gdn_rs2_top_gmem15_m_axi_srl
INFO: [VRFC 10-311] analyzing module gdn_rs2_top_gmem15_m_axi_mem
INFO: [VRFC 10-2263] Analyzing SystemVerilog file "X:/gdn_rs2_reset_trace_cosim_hls/u55c_250mhz/sim/verilog/gdn_rs2_top_gmem16_m_axi.v" into library xil_defaultlib
INFO: [VRFC 10-311] analyzing module gdn_rs2_top_gmem16_m_axi
INFO: [VRFC 10-311] analyzing module gdn_rs2_top_gmem16_m_axi_load
INFO: [VRFC 10-311] analyzing module gdn_rs2_top_gmem16_m_axi_read
INFO: [VRFC 10-311] analyzing module gdn_rs2_top_gmem16_m_axi_burst_converter
INFO: [VRFC 10-311] analyzing module gdn_rs2_top_gmem16_m_axi_burst_interleave
INFO: [VRFC 10-311] analyzing module gdn_rs2_top_gmem16_m_axi_burst_sequential
INFO: [VRFC 10-311] analyzing module gdn_rs2_top_gmem16_m_axi_reg_slice
INFO: [VRFC 10-311] analyzing module gdn_rs2_top_gmem16_m_axi_fifo
INFO: [VRFC 10-311] analyzing module gdn_rs2_top_gmem16_m_axi_srl
INFO: [VRFC 10-311] analyzing module gdn_rs2_top_gmem16_m_axi_mem
INFO: [VRFC 10-2263] Analyzing SystemVerilog file "X:/gdn_rs2_reset_trace_cosim_hls/u55c_250mhz/sim/verilog/gdn_rs2_top_gmem17_m_axi.v" into library xil_defaultlib
INFO: [VRFC 10-311] analyzing module gdn_rs2_top_gmem17_m_axi
INFO: [VRFC 10-311] analyzing module gdn_rs2_top_gmem17_m_axi_load
INFO: [VRFC 10-311] analyzing module gdn_rs2_top_gmem17_m_axi_read
INFO: [VRFC 10-311] analyzing module gdn_rs2_top_gmem17_m_axi_burst_converter
INFO: [VRFC 10-311] analyzing module gdn_rs2_top_gmem17_m_axi_burst_interleave
INFO: [VRFC 10-311] analyzing module gdn_rs2_top_gmem17_m_axi_burst_sequential
INFO: [VRFC 10-311] analyzing module gdn_rs2_top_gmem17_m_axi_reg_slice
INFO: [VRFC 10-311] analyzing module gdn_rs2_top_gmem17_m_axi_fifo
INFO: [VRFC 10-311] analyzing module gdn_rs2_top_gmem17_m_axi_srl
INFO: [VRFC 10-311] analyzing module gdn_rs2_top_gmem17_m_axi_mem
INFO: [VRFC 10-2263] Analyzing SystemVerilog file "X:/gdn_rs2_reset_trace_cosim_hls/u55c_250mhz/sim/verilog/gdn_rs2_top_gmem18_m_axi.v" into library xil_defaultlib
INFO: [VRFC 10-311] analyzing module gdn_rs2_top_gmem18_m_axi
INFO: [VRFC 10-311] analyzing module gdn_rs2_top_gmem18_m_axi_load
INFO: [VRFC 10-311] analyzing module gdn_rs2_top_gmem18_m_axi_read
INFO: [VRFC 10-311] analyzing module gdn_rs2_top_gmem18_m_axi_burst_converter
INFO: [VRFC 10-311] analyzing module gdn_rs2_top_gmem18_m_axi_burst_interleave
INFO: [VRFC 10-311] analyzing module gdn_rs2_top_gmem18_m_axi_burst_sequential
INFO: [VRFC 10-311] analyzing module gdn_rs2_top_gmem18_m_axi_reg_slice
INFO: [VRFC 10-311] analyzing module gdn_rs2_top_gmem18_m_axi_fifo
INFO: [VRFC 10-311] analyzing module gdn_rs2_top_gmem18_m_axi_srl
INFO: [VRFC 10-311] analyzing module gdn_rs2_top_gmem18_m_axi_mem
INFO: [VRFC 10-2263] Analyzing SystemVerilog file "X:/gdn_rs2_reset_trace_cosim_hls/u55c_250mhz/sim/verilog/gdn_rs2_top_gmem19_m_axi.v" into library xil_defaultlib
INFO: [VRFC 10-311] analyzing module gdn_rs2_top_gmem19_m_axi
INFO: [VRFC 10-311] analyzing module gdn_rs2_top_gmem19_m_axi_store
INFO: [VRFC 10-311] analyzing module gdn_rs2_top_gmem19_m_axi_write
INFO: [VRFC 10-311] analyzing module gdn_rs2_top_gmem19_m_axi_burst_converter
INFO: [VRFC 10-311] analyzing module gdn_rs2_top_gmem19_m_axi_burst_interleave
INFO: [VRFC 10-311] analyzing module gdn_rs2_top_gmem19_m_axi_burst_sequential
INFO: [VRFC 10-311] analyzing module gdn_rs2_top_gmem19_m_axi_throttle
INFO: [VRFC 10-311] analyzing module gdn_rs2_top_gmem19_m_axi_reg_slice
INFO: [VRFC 10-311] analyzing module gdn_rs2_top_gmem19_m_axi_fifo
INFO: [VRFC 10-311] analyzing module gdn_rs2_top_gmem19_m_axi_srl
INFO: [VRFC 10-311] analyzing module gdn_rs2_top_gmem19_m_axi_mem
INFO: [VRFC 10-2263] Analyzing SystemVerilog file "X:/gdn_rs2_reset_trace_cosim_hls/u55c_250mhz/sim/verilog/gdn_rs2_top_gmem1_m_axi.v" into library xil_defaultlib
INFO: [VRFC 10-311] analyzing module gdn_rs2_top_gmem1_m_axi
INFO: [VRFC 10-311] analyzing module gdn_rs2_top_gmem1_m_axi_load
INFO: [VRFC 10-311] analyzing module gdn_rs2_top_gmem1_m_axi_read
INFO: [VRFC 10-311] analyzing module gdn_rs2_top_gmem1_m_axi_burst_converter
INFO: [VRFC 10-311] analyzing module gdn_rs2_top_gmem1_m_axi_burst_interleave
INFO: [VRFC 10-311] analyzing module gdn_rs2_top_gmem1_m_axi_burst_sequential
INFO: [VRFC 10-311] analyzing module gdn_rs2_top_gmem1_m_axi_reg_slice
INFO: [VRFC 10-311] analyzing module gdn_rs2_top_gmem1_m_axi_fifo
INFO: [VRFC 10-311] analyzing module gdn_rs2_top_gmem1_m_axi_srl
INFO: [VRFC 10-311] analyzing module gdn_rs2_top_gmem1_m_axi_mem
INFO: [VRFC 10-2263] Analyzing SystemVerilog file "X:/gdn_rs2_reset_trace_cosim_hls/u55c_250mhz/sim/verilog/gdn_rs2_top_gmem2_m_axi.v" into library xil_defaultlib
INFO: [VRFC 10-311] analyzing module gdn_rs2_top_gmem2_m_axi
INFO: [VRFC 10-311] analyzing module gdn_rs2_top_gmem2_m_axi_load
INFO: [VRFC 10-311] analyzing module gdn_rs2_top_gmem2_m_axi_read
INFO: [VRFC 10-311] analyzing module gdn_rs2_top_gmem2_m_axi_burst_converter
INFO: [VRFC 10-311] analyzing module gdn_rs2_top_gmem2_m_axi_burst_interleave
INFO: [VRFC 10-311] analyzing module gdn_rs2_top_gmem2_m_axi_burst_sequential
INFO: [VRFC 10-311] analyzing module gdn_rs2_top_gmem2_m_axi_reg_slice
INFO: [VRFC 10-311] analyzing module gdn_rs2_top_gmem2_m_axi_fifo
INFO: [VRFC 10-311] analyzing module gdn_rs2_top_gmem2_m_axi_srl
INFO: [VRFC 10-311] analyzing module gdn_rs2_top_gmem2_m_axi_mem
INFO: [VRFC 10-2263] Analyzing SystemVerilog file "X:/gdn_rs2_reset_trace_cosim_hls/u55c_250mhz/sim/verilog/gdn_rs2_top_gmem3_m_axi.v" into library xil_defaultlib
INFO: [VRFC 10-311] analyzing module gdn_rs2_top_gmem3_m_axi
INFO: [VRFC 10-311] analyzing module gdn_rs2_top_gmem3_m_axi_load
INFO: [VRFC 10-311] analyzing module gdn_rs2_top_gmem3_m_axi_read
INFO: [VRFC 10-311] analyzing module gdn_rs2_top_gmem3_m_axi_burst_converter
INFO: [VRFC 10-311] analyzing module gdn_rs2_top_gmem3_m_axi_burst_interleave
INFO: [VRFC 10-311] analyzing module gdn_rs2_top_gmem3_m_axi_burst_sequential
INFO: [VRFC 10-311] analyzing module gdn_rs2_top_gmem3_m_axi_reg_slice
INFO: [VRFC 10-311] analyzing module gdn_rs2_top_gmem3_m_axi_fifo
INFO: [VRFC 10-311] analyzing module gdn_rs2_top_gmem3_m_axi_srl
INFO: [VRFC 10-311] analyzing module gdn_rs2_top_gmem3_m_axi_mem
INFO: [VRFC 10-2263] Analyzing SystemVerilog file "X:/gdn_rs2_reset_trace_cosim_hls/u55c_250mhz/sim/verilog/gdn_rs2_top_gmem4_m_axi.v" into library xil_defaultlib
INFO: [VRFC 10-311] analyzing module gdn_rs2_top_gmem4_m_axi
INFO: [VRFC 10-311] analyzing module gdn_rs2_top_gmem4_m_axi_load
INFO: [VRFC 10-311] analyzing module gdn_rs2_top_gmem4_m_axi_read
INFO: [VRFC 10-311] analyzing module gdn_rs2_top_gmem4_m_axi_burst_converter
INFO: [VRFC 10-311] analyzing module gdn_rs2_top_gmem4_m_axi_burst_interleave
INFO: [VRFC 10-311] analyzing module gdn_rs2_top_gmem4_m_axi_burst_sequential
INFO: [VRFC 10-311] analyzing module gdn_rs2_top_gmem4_m_axi_reg_slice
INFO: [VRFC 10-311] analyzing module gdn_rs2_top_gmem4_m_axi_fifo
INFO: [VRFC 10-311] analyzing module gdn_rs2_top_gmem4_m_axi_srl
INFO: [VRFC 10-311] analyzing module gdn_rs2_top_gmem4_m_axi_mem
INFO: [VRFC 10-2263] Analyzing SystemVerilog file "X:/gdn_rs2_reset_trace_cosim_hls/u55c_250mhz/sim/verilog/gdn_rs2_top_gmem5_m_axi.v" into library xil_defaultlib
INFO: [VRFC 10-311] analyzing module gdn_rs2_top_gmem5_m_axi
INFO: [VRFC 10-311] analyzing module gdn_rs2_top_gmem5_m_axi_load
INFO: [VRFC 10-311] analyzing module gdn_rs2_top_gmem5_m_axi_read
INFO: [VRFC 10-311] analyzing module gdn_rs2_top_gmem5_m_axi_burst_converter
INFO: [VRFC 10-311] analyzing module gdn_rs2_top_gmem5_m_axi_burst_interleave
INFO: [VRFC 10-311] analyzing module gdn_rs2_top_gmem5_m_axi_burst_sequential
INFO: [VRFC 10-311] analyzing module gdn_rs2_top_gmem5_m_axi_reg_slice
INFO: [VRFC 10-311] analyzing module gdn_rs2_top_gmem5_m_axi_fifo
INFO: [VRFC 10-311] analyzing module gdn_rs2_top_gmem5_m_axi_srl
INFO: [VRFC 10-311] analyzing module gdn_rs2_top_gmem5_m_axi_mem
INFO: [VRFC 10-2263] Analyzing SystemVerilog file "X:/gdn_rs2_reset_trace_cosim_hls/u55c_250mhz/sim/verilog/gdn_rs2_top_gmem6_m_axi.v" into library xil_defaultlib
INFO: [VRFC 10-311] analyzing module gdn_rs2_top_gmem6_m_axi
INFO: [VRFC 10-311] analyzing module gdn_rs2_top_gmem6_m_axi_load
INFO: [VRFC 10-311] analyzing module gdn_rs2_top_gmem6_m_axi_read
INFO: [VRFC 10-311] analyzing module gdn_rs2_top_gmem6_m_axi_burst_converter
INFO: [VRFC 10-311] analyzing module gdn_rs2_top_gmem6_m_axi_burst_interleave
INFO: [VRFC 10-311] analyzing module gdn_rs2_top_gmem6_m_axi_burst_sequential
INFO: [VRFC 10-311] analyzing module gdn_rs2_top_gmem6_m_axi_reg_slice
INFO: [VRFC 10-311] analyzing module gdn_rs2_top_gmem6_m_axi_fifo
INFO: [VRFC 10-311] analyzing module gdn_rs2_top_gmem6_m_axi_srl
INFO: [VRFC 10-311] analyzing module gdn_rs2_top_gmem6_m_axi_mem
INFO: [VRFC 10-2263] Analyzing SystemVerilog file "X:/gdn_rs2_reset_trace_cosim_hls/u55c_250mhz/sim/verilog/gdn_rs2_top_gmem7_m_axi.v" into library xil_defaultlib
INFO: [VRFC 10-311] analyzing module gdn_rs2_top_gmem7_m_axi
INFO: [VRFC 10-311] analyzing module gdn_rs2_top_gmem7_m_axi_load
INFO: [VRFC 10-311] analyzing module gdn_rs2_top_gmem7_m_axi_read
INFO: [VRFC 10-311] analyzing module gdn_rs2_top_gmem7_m_axi_burst_converter
INFO: [VRFC 10-311] analyzing module gdn_rs2_top_gmem7_m_axi_burst_interleave
INFO: [VRFC 10-311] analyzing module gdn_rs2_top_gmem7_m_axi_burst_sequential
INFO: [VRFC 10-311] analyzing module gdn_rs2_top_gmem7_m_axi_reg_slice
INFO: [VRFC 10-311] analyzing module gdn_rs2_top_gmem7_m_axi_fifo
INFO: [VRFC 10-311] analyzing module gdn_rs2_top_gmem7_m_axi_srl
INFO: [VRFC 10-311] analyzing module gdn_rs2_top_gmem7_m_axi_mem
INFO: [VRFC 10-2263] Analyzing SystemVerilog file "X:/gdn_rs2_reset_trace_cosim_hls/u55c_250mhz/sim/verilog/gdn_rs2_top_gmem8_m_axi.v" into library xil_defaultlib
INFO: [VRFC 10-311] analyzing module gdn_rs2_top_gmem8_m_axi
INFO: [VRFC 10-311] analyzing module gdn_rs2_top_gmem8_m_axi_load
INFO: [VRFC 10-311] analyzing module gdn_rs2_top_gmem8_m_axi_read
INFO: [VRFC 10-311] analyzing module gdn_rs2_top_gmem8_m_axi_burst_converter
INFO: [VRFC 10-311] analyzing module gdn_rs2_top_gmem8_m_axi_burst_interleave
INFO: [VRFC 10-311] analyzing module gdn_rs2_top_gmem8_m_axi_burst_sequential
INFO: [VRFC 10-311] analyzing module gdn_rs2_top_gmem8_m_axi_reg_slice
INFO: [VRFC 10-311] analyzing module gdn_rs2_top_gmem8_m_axi_fifo
INFO: [VRFC 10-311] analyzing module gdn_rs2_top_gmem8_m_axi_srl
INFO: [VRFC 10-311] analyzing module gdn_rs2_top_gmem8_m_axi_mem
INFO: [VRFC 10-2263] Analyzing SystemVerilog file "X:/gdn_rs2_reset_trace_cosim_hls/u55c_250mhz/sim/verilog/gdn_rs2_top_gmem9_m_axi.v" into library xil_defaultlib
INFO: [VRFC 10-311] analyzing module gdn_rs2_top_gmem9_m_axi
INFO: [VRFC 10-311] analyzing module gdn_rs2_top_gmem9_m_axi_store
INFO: [VRFC 10-311] analyzing module gdn_rs2_top_gmem9_m_axi_write
INFO: [VRFC 10-311] analyzing module gdn_rs2_top_gmem9_m_axi_burst_converter
INFO: [VRFC 10-311] analyzing module gdn_rs2_top_gmem9_m_axi_burst_interleave
INFO: [VRFC 10-311] analyzing module gdn_rs2_top_gmem9_m_axi_burst_sequential
INFO: [VRFC 10-311] analyzing module gdn_rs2_top_gmem9_m_axi_throttle
INFO: [VRFC 10-311] analyzing module gdn_rs2_top_gmem9_m_axi_reg_slice
INFO: [VRFC 10-311] analyzing module gdn_rs2_top_gmem9_m_axi_fifo
INFO: [VRFC 10-311] analyzing module gdn_rs2_top_gmem9_m_axi_srl
INFO: [VRFC 10-311] analyzing module gdn_rs2_top_gmem9_m_axi_mem
INFO: [VRFC 10-2263] Analyzing SystemVerilog file "X:/gdn_rs2_reset_trace_cosim_hls/u55c_250mhz/sim/verilog/gdn_rs2_top_mul_16ns_16ns_32_1_1.v" into library xil_defaultlib
INFO: [VRFC 10-311] analyzing module gdn_rs2_top_mul_16ns_16ns_32_1_1
INFO: [VRFC 10-2263] Analyzing SystemVerilog file "X:/gdn_rs2_reset_trace_cosim_hls/u55c_250mhz/sim/verilog/gdn_rs2_top_mul_32s_16ns_48_2_1.v" into library xil_defaultlib
INFO: [VRFC 10-311] analyzing module gdn_rs2_top_mul_32s_16ns_48_2_1
INFO: [VRFC 10-2263] Analyzing SystemVerilog file "X:/gdn_rs2_reset_trace_cosim_hls/u55c_250mhz/sim/verilog/gdn_rs2_top_mul_5s_32s_36_2_1.v" into library xil_defaultlib
INFO: [VRFC 10-311] analyzing module gdn_rs2_top_mul_5s_32s_36_2_1
INFO: [VRFC 10-2263] Analyzing SystemVerilog file "X:/gdn_rs2_reset_trace_cosim_hls/u55c_250mhz/sim/verilog/gdn_rs2_top_mul_5s_5s_10_1_1.v" into library xil_defaultlib
INFO: [VRFC 10-311] analyzing module gdn_rs2_top_mul_5s_5s_10_1_1
INFO: [VRFC 10-2263] Analyzing SystemVerilog file "X:/gdn_rs2_reset_trace_cosim_hls/u55c_250mhz/sim/verilog/gdn_rs2_top_partselect_4ns_128ns_7ns_4_1_1.v" into library xil_defaultlib
INFO: [VRFC 10-311] analyzing module gdn_rs2_top_partselect_4ns_128ns_7ns_4_1_1
INFO: [VRFC 10-2263] Analyzing SystemVerilog file "X:/gdn_rs2_reset_trace_cosim_hls/u55c_250mhz/sim/verilog/gdn_rs2_top_partselect_8ns_32ns_5ns_8_1_1.v" into library xil_defaultlib
INFO: [VRFC 10-311] analyzing module gdn_rs2_top_partselect_8ns_32ns_5ns_8_1_1
INFO: [VRFC 10-2263] Analyzing SystemVerilog file "X:/gdn_rs2_reset_trace_cosim_hls/u55c_250mhz/sim/verilog/gdn_rs2_top_partset_128ns_128ns_4ns_7ns_128_1_1.v" into library xil_defaultlib
INFO: [VRFC 10-311] analyzing module gdn_rs2_top_partset_128ns_128ns_4ns_7ns_128_1_1
INFO: [VRFC 10-2263] Analyzing SystemVerilog file "X:/gdn_rs2_reset_trace_cosim_hls/u55c_250mhz/sim/verilog/gdn_rs2_top_partset_32ns_32ns_8ns_5ns_32_1_1.v" into library xil_defaultlib
INFO: [VRFC 10-311] analyzing module gdn_rs2_top_partset_32ns_32ns_8ns_5ns_32_1_1
INFO: [VRFC 10-2263] Analyzing SystemVerilog file "X:/gdn_rs2_reset_trace_cosim_hls/u55c_250mhz/sim/verilog/gdn_rs2_top_p_anonymous_namespace_clear_log.v" into library xil_defaultlib
INFO: [VRFC 10-311] analyzing module gdn_rs2_top_p_anonymous_namespace_clear_log
INFO: [VRFC 10-2263] Analyzing SystemVerilog file "X:/gdn_rs2_reset_trace_cosim_hls/u55c_250mhz/sim/verilog/gdn_rs2_top_p_anonymous_namespace_clear_log_Outline_clear_log_terms.v" into library xil_defaultlib
INFO: [VRFC 10-311] analyzing module gdn_rs2_top_p_anonymous_namespace_clear_log_Outline_clear_log_terms
INFO: [VRFC 10-2263] Analyzing SystemVerilog file "X:/gdn_rs2_reset_trace_cosim_hls/u55c_250mhz/sim/verilog/gdn_rs2_top_p_anonymous_namespace_clear_log_Pipeline_clear_log_key_heads_clear_log_key_blocks.v" into library xil_defaultlib
INFO: [VRFC 10-311] analyzing module gdn_rs2_top_p_anonymous_namespace_clear_log_Pipeline_clear_log_key_heads_clear_log_key_blocks
INFO: [VRFC 10-2263] Analyzing SystemVerilog file "X:/gdn_rs2_reset_trace_cosim_hls/u55c_250mhz/sim/verilog/gdn_rs2_top_p_anonymous_namespace_clear_log_Pipeline_clear_log_lambda.v" into library xil_defaultlib
INFO: [VRFC 10-311] analyzing module gdn_rs2_top_p_anonymous_namespace_clear_log_Pipeline_clear_log_lambda
INFO: [VRFC 10-2263] Analyzing SystemVerilog file "X:/gdn_rs2_reset_trace_cosim_hls/u55c_250mhz/sim/verilog/gdn_rs2_top_p_anonymous_namespace_clear_log_Pipeline_clear_log_update_heads_clear_log_update_s.v" into library xil_defaultlib
INFO: [VRFC 10-311] analyzing module gdn_rs2_top_p_anonymous_namespace_clear_log_Pipeline_clear_log_update_heads_clear_log_update_s
INFO: [VRFC 10-2263] Analyzing SystemVerilog file "X:/gdn_rs2_reset_trace_cosim_hls/u55c_250mhz/sim/verilog/gdn_rs2_top_p_anonymous_namespace_combine_action.v" into library xil_defaultlib
INFO: [VRFC 10-311] analyzing module gdn_rs2_top_p_anonymous_namespace_combine_action
INFO: [VRFC 10-2263] Analyzing SystemVerilog file "X:/gdn_rs2_reset_trace_cosim_hls/u55c_250mhz/sim/verilog/gdn_rs2_top_p_anonymous_namespace_dot_base_column.v" into library xil_defaultlib
INFO: [VRFC 10-311] analyzing module gdn_rs2_top_p_anonymous_namespace_dot_base_column
INFO: [VRFC 10-2263] Analyzing SystemVerilog file "X:/gdn_rs2_reset_trace_cosim_hls/u55c_250mhz/sim/verilog/gdn_rs2_top_p_anonymous_namespace_dot_base_column_exponents_RAM_AUTO_1R1W.v" into library xil_defaultlib
INFO: [VRFC 10-311] analyzing module gdn_rs2_top_p_anonymous_namespace_dot_base_column_exponents_RAM_AUTO_1R1W
INFO: [VRFC 10-2263] Analyzing SystemVerilog file "X:/gdn_rs2_reset_trace_cosim_hls/u55c_250mhz/sim/verilog/gdn_rs2_top_p_anonymous_namespace_dot_base_column_Pipeline_dot_base_vector_terms_dot_base_sta.v" into library xil_defaultlib
INFO: [VRFC 10-311] analyzing module gdn_rs2_top_p_anonymous_namespace_dot_base_column_Pipeline_dot_base_vector_terms_dot_base_sta
INFO: [VRFC 10-2263] Analyzing SystemVerilog file "X:/gdn_rs2_reset_trace_cosim_hls/u55c_250mhz/sim/verilog/gdn_rs2_top_p_anonymous_namespace_dot_base_column_terms_RAM_AUTO_1R1W.v" into library xil_defaultlib
INFO: [VRFC 10-311] analyzing module gdn_rs2_top_p_anonymous_namespace_dot_base_column_terms_RAM_AUTO_1R1W
INFO: [VRFC 10-2263] Analyzing SystemVerilog file "X:/gdn_rs2_reset_trace_cosim_hls/u55c_250mhz/sim/verilog/gdn_rs2_top_p_anonymous_namespace_dot_log_entry.v" into library xil_defaultlib
INFO: [VRFC 10-311] analyzing module gdn_rs2_top_p_anonymous_namespace_dot_log_entry
INFO: [VRFC 10-2263] Analyzing SystemVerilog file "X:/gdn_rs2_reset_trace_cosim_hls/u55c_250mhz/sim/verilog/gdn_rs2_top_p_anonymous_namespace_dot_log_entry_exponents_RAM_AUTO_1R1W.v" into library xil_defaultlib
INFO: [VRFC 10-311] analyzing module gdn_rs2_top_p_anonymous_namespace_dot_log_entry_exponents_RAM_AUTO_1R1W
INFO: [VRFC 10-2263] Analyzing SystemVerilog file "X:/gdn_rs2_reset_trace_cosim_hls/u55c_250mhz/sim/verilog/gdn_rs2_top_p_anonymous_namespace_dot_log_entry_Pipeline_dot_log_vector_terms_dot_log_key_ter.v" into library xil_defaultlib
INFO: [VRFC 10-311] analyzing module gdn_rs2_top_p_anonymous_namespace_dot_log_entry_Pipeline_dot_log_vector_terms_dot_log_key_ter
INFO: [VRFC 10-2263] Analyzing SystemVerilog file "X:/gdn_rs2_reset_trace_cosim_hls/u55c_250mhz/sim/verilog/gdn_rs2_top_p_anonymous_namespace_dot_log_entry_terms_RAM_AUTO_1R1W.v" into library xil_defaultlib
INFO: [VRFC 10-311] analyzing module gdn_rs2_top_p_anonymous_namespace_dot_log_entry_terms_RAM_AUTO_1R1W
INFO: [VRFC 10-2263] Analyzing SystemVerilog file "X:/gdn_rs2_reset_trace_cosim_hls/u55c_250mhz/sim/verilog/gdn_rs2_top_p_anonymous_namespace_fold_log.v" into library xil_defaultlib
INFO: [VRFC 10-311] analyzing module gdn_rs2_top_p_anonymous_namespace_fold_log
INFO: [VRFC 10-2263] Analyzing SystemVerilog file "X:/gdn_rs2_reset_trace_cosim_hls/u55c_250mhz/sim/verilog/gdn_rs2_top_p_anonymous_namespace_load_snapshot.v" into library xil_defaultlib
INFO: [VRFC 10-311] analyzing module gdn_rs2_top_p_anonymous_namespace_load_snapshot
INFO: [VRFC 10-2263] Analyzing SystemVerilog file "X:/gdn_rs2_reset_trace_cosim_hls/u55c_250mhz/sim/verilog/gdn_rs2_top_p_anonymous_namespace_load_snapshot_Outline_load_snapshot_key_heads.v" into library xil_defaultlib
INFO: [VRFC 10-311] analyzing module gdn_rs2_top_p_anonymous_namespace_load_snapshot_Outline_load_snapshot_key_heads
INFO: [VRFC 10-2263] Analyzing SystemVerilog file "X:/gdn_rs2_reset_trace_cosim_hls/u55c_250mhz/sim/verilog/gdn_rs2_top_p_anonymous_namespace_load_snapshot_Outline_load_snapshot_terms.v" into library xil_defaultlib
INFO: [VRFC 10-311] analyzing module gdn_rs2_top_p_anonymous_namespace_load_snapshot_Outline_load_snapshot_terms
INFO: [VRFC 10-2263] Analyzing SystemVerilog file "X:/gdn_rs2_reset_trace_cosim_hls/u55c_250mhz/sim/verilog/gdn_rs2_top_p_anonymous_namespace_load_snapshot_Outline_load_snapshot_update_heads.v" into library xil_defaultlib
INFO: [VRFC 10-311] analyzing module gdn_rs2_top_p_anonymous_namespace_load_snapshot_Outline_load_snapshot_update_heads
INFO: [VRFC 10-2263] Analyzing SystemVerilog file "X:/gdn_rs2_reset_trace_cosim_hls/u55c_250mhz/sim/verilog/gdn_rs2_top_p_anonymous_namespace_load_snapshot_Pipeline_load_snapshot_key_lanes.v" into library xil_defaultlib
INFO: [VRFC 10-311] analyzing module gdn_rs2_top_p_anonymous_namespace_load_snapshot_Pipeline_load_snapshot_key_lanes
INFO: [VRFC 10-2263] Analyzing SystemVerilog file "X:/gdn_rs2_reset_trace_cosim_hls/u55c_250mhz/sim/verilog/gdn_rs2_top_p_anonymous_namespace_load_snapshot_Pipeline_load_snapshot_lambda.v" into library xil_defaultlib
INFO: [VRFC 10-311] analyzing module gdn_rs2_top_p_anonymous_namespace_load_snapshot_Pipeline_load_snapshot_lambda
INFO: [VRFC 10-2263] Analyzing SystemVerilog file "X:/gdn_rs2_reset_trace_cosim_hls/u55c_250mhz/sim/verilog/gdn_rs2_top_p_anonymous_namespace_load_snapshot_Pipeline_load_snapshot_lanes.v" into library xil_defaultlib
INFO: [VRFC 10-311] analyzing module gdn_rs2_top_p_anonymous_namespace_load_snapshot_Pipeline_load_snapshot_lanes
INFO: [VRFC 10-2263] Analyzing SystemVerilog file "X:/gdn_rs2_reset_trace_cosim_hls/u55c_250mhz/sim/verilog/gdn_rs2_top_p_anonymous_namespace_load_snapshot_Pipeline_load_snapshot_update_lanes.v" into library xil_defaultlib
INFO: [VRFC 10-311] analyzing module gdn_rs2_top_p_anonymous_namespace_load_snapshot_Pipeline_load_snapshot_update_lanes
INFO: [VRFC 10-2263] Analyzing SystemVerilog file "X:/gdn_rs2_reset_trace_cosim_hls/u55c_250mhz/sim/verilog/gdn_rs2_top_p_anonymous_namespace_quantize_fold_block.v" into library xil_defaultlib
INFO: [VRFC 10-311] analyzing module gdn_rs2_top_p_anonymous_namespace_quantize_fold_block
INFO: [VRFC 10-2263] Analyzing SystemVerilog file "X:/gdn_rs2_reset_trace_cosim_hls/u55c_250mhz/sim/verilog/gdn_rs2_top_p_anonymous_namespace_quantize_fold_block_Pipeline_quantize_fold_residual.v" into library xil_defaultlib
INFO: [VRFC 10-311] analyzing module gdn_rs2_top_p_anonymous_namespace_quantize_fold_block_Pipeline_quantize_fold_residual
INFO: [VRFC 10-2263] Analyzing SystemVerilog file "X:/gdn_rs2_reset_trace_cosim_hls/u55c_250mhz/sim/verilog/gdn_rs2_top_p_anonymous_namespace_quantize_update_block.v" into library xil_defaultlib
INFO: [VRFC 10-311] analyzing module gdn_rs2_top_p_anonymous_namespace_quantize_update_block
INFO: [VRFC 10-2263] Analyzing SystemVerilog file "X:/gdn_rs2_reset_trace_cosim_hls/u55c_250mhz/sim/verilog/gdn_rs2_top_p_anonymous_namespace_quantize_update_block_Pipeline_quantize_update_second.v" into library xil_defaultlib
INFO: [VRFC 10-311] analyzing module gdn_rs2_top_p_anonymous_namespace_quantize_update_block_Pipeline_quantize_update_second
INFO: [VRFC 10-2263] Analyzing SystemVerilog file "X:/gdn_rs2_reset_trace_cosim_hls/u55c_250mhz/sim/verilog/gdn_rs2_top_p_anonymous_namespace_read_snapshot.v" into library xil_defaultlib
INFO: [VRFC 10-311] analyzing module gdn_rs2_top_p_anonymous_namespace_read_snapshot
INFO: [VRFC 10-2263] Analyzing SystemVerilog file "X:/gdn_rs2_reset_trace_cosim_hls/u55c_250mhz/sim/verilog/gdn_rs2_top_p_anonymous_namespace_read_snapshot_Outline_read_snapshot_key_heads.v" into library xil_defaultlib
INFO: [VRFC 10-311] analyzing module gdn_rs2_top_p_anonymous_namespace_read_snapshot_Outline_read_snapshot_key_heads
INFO: [VRFC 10-2263] Analyzing SystemVerilog file "X:/gdn_rs2_reset_trace_cosim_hls/u55c_250mhz/sim/verilog/gdn_rs2_top_p_anonymous_namespace_read_snapshot_Outline_read_snapshot_terms.v" into library xil_defaultlib
INFO: [VRFC 10-311] analyzing module gdn_rs2_top_p_anonymous_namespace_read_snapshot_Outline_read_snapshot_terms
INFO: [VRFC 10-2263] Analyzing SystemVerilog file "X:/gdn_rs2_reset_trace_cosim_hls/u55c_250mhz/sim/verilog/gdn_rs2_top_p_anonymous_namespace_read_snapshot_Outline_read_snapshot_update_heads.v" into library xil_defaultlib
INFO: [VRFC 10-311] analyzing module gdn_rs2_top_p_anonymous_namespace_read_snapshot_Outline_read_snapshot_update_heads
INFO: [VRFC 10-2263] Analyzing SystemVerilog file "X:/gdn_rs2_reset_trace_cosim_hls/u55c_250mhz/sim/verilog/gdn_rs2_top_p_anonymous_namespace_read_snapshot_Pipeline_read_snapshot_key_lanes.v" into library xil_defaultlib
INFO: [VRFC 10-311] analyzing module gdn_rs2_top_p_anonymous_namespace_read_snapshot_Pipeline_read_snapshot_key_lanes
INFO: [VRFC 10-2263] Analyzing SystemVerilog file "X:/gdn_rs2_reset_trace_cosim_hls/u55c_250mhz/sim/verilog/gdn_rs2_top_p_anonymous_namespace_read_snapshot_Pipeline_read_snapshot_lambda.v" into library xil_defaultlib
INFO: [VRFC 10-311] analyzing module gdn_rs2_top_p_anonymous_namespace_read_snapshot_Pipeline_read_snapshot_lambda
INFO: [VRFC 10-2263] Analyzing SystemVerilog file "X:/gdn_rs2_reset_trace_cosim_hls/u55c_250mhz/sim/verilog/gdn_rs2_top_p_anonymous_namespace_read_snapshot_Pipeline_read_snapshot_lanes.v" into library xil_defaultlib
INFO: [VRFC 10-311] analyzing module gdn_rs2_top_p_anonymous_namespace_read_snapshot_Pipeline_read_snapshot_lanes
INFO: [VRFC 10-2263] Analyzing SystemVerilog file "X:/gdn_rs2_reset_trace_cosim_hls/u55c_250mhz/sim/verilog/gdn_rs2_top_p_anonymous_namespace_read_snapshot_Pipeline_read_snapshot_update_lanes.v" into library xil_defaultlib
INFO: [VRFC 10-311] analyzing module gdn_rs2_top_p_anonymous_namespace_read_snapshot_Pipeline_read_snapshot_update_lanes
INFO: [VRFC 10-2263] Analyzing SystemVerilog file "X:/gdn_rs2_reset_trace_cosim_hls/u55c_250mhz/sim/verilog/gdn_rs2_top_p_anonymous_namespace_reset_slot.v" into library xil_defaultlib
INFO: [VRFC 10-311] analyzing module gdn_rs2_top_p_anonymous_namespace_reset_slot
INFO: [VRFC 10-2263] Analyzing SystemVerilog file "X:/gdn_rs2_reset_trace_cosim_hls/u55c_250mhz/sim/verilog/gdn_rs2_top_p_anonymous_namespace_store_key.v" into library xil_defaultlib
INFO: [VRFC 10-311] analyzing module gdn_rs2_top_p_anonymous_namespace_store_key
INFO: [VRFC 10-2263] Analyzing SystemVerilog file "X:/gdn_rs2_reset_trace_cosim_hls/u55c_250mhz/sim/verilog/gdn_rs2_top_p_anonymous_namespace_store_key_Pipeline_store_key_terms_store_key_heads_store_ke.v" into library xil_defaultlib
INFO: [VRFC 10-311] analyzing module gdn_rs2_top_p_anonymous_namespace_store_key_Pipeline_store_key_terms_store_key_heads_store_ke
INFO: [VRFC 10-2263] Analyzing SystemVerilog file "X:/gdn_rs2_reset_trace_cosim_hls/u55c_250mhz/sim/verilog/gdn_rs2_top_p_anonymous_namespace_validate_qk_stack.v" into library xil_defaultlib
INFO: [VRFC 10-311] analyzing module gdn_rs2_top_p_anonymous_namespace_validate_qk_stack
INFO: [VRFC 10-2263] Analyzing SystemVerilog file "X:/gdn_rs2_reset_trace_cosim_hls/u55c_250mhz/sim/verilog/gdn_rs2_top_p_anonymous_namespace_validate_qk_stack_Pipeline_validate_qk_terms_validate_qk_he.v" into library xil_defaultlib
INFO: [VRFC 10-311] analyzing module gdn_rs2_top_p_anonymous_namespace_validate_qk_stack_Pipeline_validate_qk_terms_validate_qk_he
INFO: [VRFC 10-2263] Analyzing SystemVerilog file "X:/gdn_rs2_reset_trace_cosim_hls/u55c_250mhz/sim/verilog/gdn_rs2_top_p_anonymous_namespace_validate_snapshot.v" into library xil_defaultlib
INFO: [VRFC 10-311] analyzing module gdn_rs2_top_p_anonymous_namespace_validate_snapshot
INFO: [VRFC 10-2263] Analyzing SystemVerilog file "X:/gdn_rs2_reset_trace_cosim_hls/u55c_250mhz/sim/verilog/gdn_rs2_top_p_anonymous_namespace_validate_snapshot_Pipeline_validate_snapshot_key_lanes.v" into library xil_defaultlib
INFO: [VRFC 10-311] analyzing module gdn_rs2_top_p_anonymous_namespace_validate_snapshot_Pipeline_validate_snapshot_key_lanes
INFO: [VRFC 10-2263] Analyzing SystemVerilog file "X:/gdn_rs2_reset_trace_cosim_hls/u55c_250mhz/sim/verilog/gdn_rs2_top_p_anonymous_namespace_validate_snapshot_Pipeline_validate_snapshot_lambda.v" into library xil_defaultlib
INFO: [VRFC 10-311] analyzing module gdn_rs2_top_p_anonymous_namespace_validate_snapshot_Pipeline_validate_snapshot_lambda
INFO: [VRFC 10-2263] Analyzing SystemVerilog file "X:/gdn_rs2_reset_trace_cosim_hls/u55c_250mhz/sim/verilog/gdn_rs2_top_p_anonymous_namespace_validate_snapshot_Pipeline_validate_snapshot_lanes.v" into library xil_defaultlib
INFO: [VRFC 10-311] analyzing module gdn_rs2_top_p_anonymous_namespace_validate_snapshot_Pipeline_validate_snapshot_lanes
INFO: [VRFC 10-2263] Analyzing SystemVerilog file "X:/gdn_rs2_reset_trace_cosim_hls/u55c_250mhz/sim/verilog/gdn_rs2_top_p_anonymous_namespace_validate_snapshot_Pipeline_validate_snapshot_update_lanes.v" into library xil_defaultlib
INFO: [VRFC 10-311] analyzing module gdn_rs2_top_p_anonymous_namespace_validate_snapshot_Pipeline_validate_snapshot_update_lanes
INFO: [VRFC 10-2263] Analyzing SystemVerilog file "X:/gdn_rs2_reset_trace_cosim_hls/u55c_250mhz/sim/verilog/gdn_rs2_top_p_anonymous_namespace_validate_token.v" into library xil_defaultlib
INFO: [VRFC 10-311] analyzing module gdn_rs2_top_p_anonymous_namespace_validate_token
INFO: [VRFC 10-2263] Analyzing SystemVerilog file "X:/gdn_rs2_reset_trace_cosim_hls/u55c_250mhz/sim/verilog/gdn_rs2_top_p_anonymous_namespace_validate_token_Pipeline_validate_token_coefficients.v" into library xil_defaultlib
INFO: [VRFC 10-311] analyzing module gdn_rs2_top_p_anonymous_namespace_validate_token_Pipeline_validate_token_coefficients
INFO: [VRFC 10-2263] Analyzing SystemVerilog file "X:/gdn_rs2_reset_trace_cosim_hls/u55c_250mhz/sim/verilog/gdn_rs2_top_p_anonymous_namespace_validate_value_stack.v" into library xil_defaultlib
INFO: [VRFC 10-311] analyzing module gdn_rs2_top_p_anonymous_namespace_validate_value_stack
INFO: [VRFC 10-2263] Analyzing SystemVerilog file "X:/gdn_rs2_reset_trace_cosim_hls/u55c_250mhz/sim/verilog/gdn_rs2_top_p_anonymous_namespace_validate_value_stack_Pipeline_validate_value_terms_validate.v" into library xil_defaultlib
INFO: [VRFC 10-311] analyzing module gdn_rs2_top_p_anonymous_namespace_validate_value_stack_Pipeline_validate_value_terms_validate
INFO: [VRFC 10-2263] Analyzing SystemVerilog file "X:/gdn_rs2_reset_trace_cosim_hls/u55c_250mhz/sim/verilog/gdn_rs2_top_select_e2m1_scale_power.v" into library xil_defaultlib
INFO: [VRFC 10-311] analyzing module gdn_rs2_top_select_e2m1_scale_power
INFO: [VRFC 10-2263] Analyzing SystemVerilog file "X:/gdn_rs2_reset_trace_cosim_hls/u55c_250mhz/sim/verilog/gdn_rs2_top_select_e2m1_scale_power_normalized_magnitudes_RAM_AUTO_1R1W.v" into library xil_defaultlib
INFO: [VRFC 10-311] analyzing module gdn_rs2_top_select_e2m1_scale_power_normalized_magnitudes_RAM_AUTO_1R1W
INFO: [VRFC 10-2263] Analyzing SystemVerilog file "X:/gdn_rs2_reset_trace_cosim_hls/u55c_250mhz/sim/verilog/gdn_rs2_top_select_e2m1_scale_power_Pipeline_select_e2m1_max.v" into library xil_defaultlib
INFO: [VRFC 10-311] analyzing module gdn_rs2_top_select_e2m1_scale_power_Pipeline_select_e2m1_max
INFO: [VRFC 10-2263] Analyzing SystemVerilog file "X:/gdn_rs2_reset_trace_cosim_hls/u55c_250mhz/sim/verilog/gdn_rs2_top_select_e2m1_scale_power_Pipeline_select_e2m1_normalize.v" into library xil_defaultlib
INFO: [VRFC 10-311] analyzing module gdn_rs2_top_select_e2m1_scale_power_Pipeline_select_e2m1_normalize
INFO: [VRFC 10-2263] Analyzing SystemVerilog file "X:/gdn_rs2_reset_trace_cosim_hls/u55c_250mhz/sim/verilog/gdn_rs2_top_select_e2m1_scale_power_top_exponents_RAM_AUTO_1R1W.v" into library xil_defaultlib
INFO: [VRFC 10-311] analyzing module gdn_rs2_top_select_e2m1_scale_power_top_exponents_RAM_AUTO_1R1W
INFO: [VRFC 10-2263] Analyzing SystemVerilog file "X:/gdn_rs2_reset_trace_cosim_hls/u55c_250mhz/sim/verilog/gdn_rs2_top_sparsemux_15_3_16_1_1.v" into library xil_defaultlib
INFO: [VRFC 10-311] analyzing module gdn_rs2_top_sparsemux_15_3_16_1_1
INFO: [VRFC 10-2263] Analyzing SystemVerilog file "X:/gdn_rs2_reset_trace_cosim_hls/u55c_250mhz/sim/verilog/gdn_rs2_top_sparsemux_15_3_36_1_1.v" into library xil_defaultlib
INFO: [VRFC 10-311] analyzing module gdn_rs2_top_sparsemux_15_3_36_1_1
INFO: [VRFC 10-2263] Analyzing SystemVerilog file "X:/gdn_rs2_reset_trace_cosim_hls/u55c_250mhz/sim/verilog/gdn_rs2_top_sparsemux_17_3_4_1_1.v" into library xil_defaultlib
INFO: [VRFC 10-311] analyzing module gdn_rs2_top_sparsemux_17_3_4_1_1
INFO: [VRFC 10-2263] Analyzing SystemVerilog file "X:/gdn_rs2_reset_trace_cosim_hls/u55c_250mhz/sim/verilog/gdn_rs2_top_sparsemux_33_4_10_1_1.v" into library xil_defaultlib
INFO: [VRFC 10-311] analyzing module gdn_rs2_top_sparsemux_33_4_10_1_1
INFO: [VRFC 10-2263] Analyzing SystemVerilog file "X:/gdn_rs2_reset_trace_cosim_hls/u55c_250mhz/sim/verilog/gdn_rs2_top_sparsemux_33_4_9_1_1.v" into library xil_defaultlib
INFO: [VRFC 10-311] analyzing module gdn_rs2_top_sparsemux_33_4_9_1_1
INFO: [VRFC 10-2263] Analyzing SystemVerilog file "X:/gdn_rs2_reset_trace_cosim_hls/u55c_250mhz/sim/verilog/gdn_rs2_top_sparsemux_65_5_16_1_1.v" into library xil_defaultlib
INFO: [VRFC 10-311] analyzing module gdn_rs2_top_sparsemux_65_5_16_1_1
INFO: [VRFC 10-2263] Analyzing SystemVerilog file "X:/gdn_rs2_reset_trace_cosim_hls/u55c_250mhz/sim/verilog/gdn_rs2_top_sparsemux_65_5_32_1_1.v" into library xil_defaultlib
INFO: [VRFC 10-311] analyzing module gdn_rs2_top_sparsemux_65_5_32_1_1
INFO: [VRFC 10-2263] Analyzing SystemVerilog file "X:/gdn_rs2_reset_trace_cosim_hls/u55c_250mhz/sim/verilog/gdn_rs2_top_sparsemux_7_2_16_1_1.v" into library xil_defaultlib
INFO: [VRFC 10-311] analyzing module gdn_rs2_top_sparsemux_7_2_16_1_1
INFO: [VRFC 10-2263] Analyzing SystemVerilog file "X:/gdn_rs2_reset_trace_cosim_hls/u55c_250mhz/sim/verilog/gdn_rs2_top_sparsemux_7_2_32_1_1.v" into library xil_defaultlib
INFO: [VRFC 10-311] analyzing module gdn_rs2_top_sparsemux_7_2_32_1_1
INFO: [VRFC 10-2263] Analyzing SystemVerilog file "X:/gdn_rs2_reset_trace_cosim_hls/u55c_250mhz/sim/verilog/gdn_rs2_top_sparsemux_7_2_33_1_1.v" into library xil_defaultlib
INFO: [VRFC 10-311] analyzing module gdn_rs2_top_sparsemux_7_2_33_1_1
INFO: [VRFC 10-2263] Analyzing SystemVerilog file "X:/gdn_rs2_reset_trace_cosim_hls/u55c_250mhz/sim/verilog/gdn_rs2_top_sparsemux_7_2_64_1_1.v" into library xil_defaultlib
INFO: [VRFC 10-311] analyzing module gdn_rs2_top_sparsemux_7_2_64_1_1
INFO: [VRFC 10-2263] Analyzing SystemVerilog file "X:/gdn_rs2_reset_trace_cosim_hls/u55c_250mhz/sim/verilog/gdn_rs2_top_sparsemux_9_2_16_1_1.v" into library xil_defaultlib
INFO: [VRFC 10-311] analyzing module gdn_rs2_top_sparsemux_9_2_16_1_1
INFO: [VRFC 10-2263] Analyzing SystemVerilog file "X:/gdn_rs2_reset_trace_cosim_hls/u55c_250mhz/sim/verilog/gdn_rs2_top_sparsemux_9_2_32_1_1.v" into library xil_defaultlib
INFO: [VRFC 10-311] analyzing module gdn_rs2_top_sparsemux_9_2_32_1_1
INFO: [VRFC 10-2263] Analyzing SystemVerilog file "X:/gdn_rs2_reset_trace_cosim_hls/u55c_250mhz/sim/verilog/gdn_rs2_top_sparsemux_9_3_32_1_1.v" into library xil_defaultlib
INFO: [VRFC 10-311] analyzing module gdn_rs2_top_sparsemux_9_3_32_1_1
INFO: [VRFC 10-2263] Analyzing SystemVerilog file "X:/gdn_rs2_reset_trace_cosim_hls/u55c_250mhz/sim/verilog/gdn_rs2_top_sparsemux_9_3_64_1_1.v" into library xil_defaultlib
INFO: [VRFC 10-311] analyzing module gdn_rs2_top_sparsemux_9_3_64_1_1
INFO: [VRFC 10-2263] Analyzing SystemVerilog file "X:/gdn_rs2_reset_trace_cosim_hls/u55c_250mhz/sim/verilog/dataflow_monitor.sv" into library xil_defaultlib
INFO: [VRFC 10-311] analyzing module dataflow_monitor
INFO: [VRFC 10-2263] Analyzing SystemVerilog file "X:/gdn_rs2_reset_trace_cosim_hls/u55c_250mhz/sim/verilog/file_agent/file_agent_pkg.sv" into library xil_defaultlib
INFO: [VRFC 10-2263] Analyzing SystemVerilog file "X:/gdn_rs2_reset_trace_cosim_hls/u55c_250mhz/sim/verilog/svr/svr_pkg.sv" into library xil_defaultlib
INFO: [VRFC 10-2263] Analyzing SystemVerilog file "X:/gdn_rs2_reset_trace_cosim_hls/u55c_250mhz/sim/verilog/svr/svr_if.sv" into library xil_defaultlib
INFO: [VRFC 10-2263] Analyzing SystemVerilog file "X:/gdn_rs2_reset_trace_cosim_hls/u55c_250mhz/sim/verilog/axivip/axi_pkg.sv" into library xil_defaultlib
INFO: [VRFC 10-2263] Analyzing SystemVerilog file "X:/gdn_rs2_reset_trace_cosim_hls/u55c_250mhz/sim/verilog/axivip/axi_if.sv" into library xil_defaultlib
INFO: [VRFC 10-2263] Analyzing SystemVerilog file "X:/gdn_rs2_reset_trace_cosim_hls/u55c_250mhz/sim/verilog/gdn_rs2_top_subsystem/gdn_rs2_top_subsystem_pkg.sv" into library xil_defaultlib
INFO: [VRFC 10-2263] Analyzing SystemVerilog file "X:/gdn_rs2_reset_trace_cosim_hls/u55c_250mhz/sim/verilog/svtb/misc_interface.sv" into library xil_defaultlib
INFO: [VRFC 10-2263] Analyzing SystemVerilog file "X:/gdn_rs2_reset_trace_cosim_hls/u55c_250mhz/sim/verilog/svtb/sv_module_top.sv" into library xil_defaultlib
INFO: [VRFC 10-311] analyzing module sv_module_top
Starting static elaboration
Pass Through NonSizing Optimizer
Completed static elaboration
Starting simulation data flow analysis
WARNING: [XSIM 43-4099] "/proj/primebuilds/9999.0_PRIME_0428_0031/installs/data/system_verilog/uvm_1.2/xlnx_uvm_package.sv" Line 4356. Module uvm_pkg doesn't have a timescale but at least one module in design has a timescale.
Completed simulation data flow analysis
Time Resolution for simulation is 1ps
Compiling package xil_defaultlib.$unit_sv_module_top_sv
Compiling package uvm.uvm_pkg
Compiling package std.std
Compiling package xil_defaultlib.svr_pkg
Compiling package xil_defaultlib.file_agent_pkg
Compiling package xil_defaultlib.axi_pkg
Compiling package xil_defaultlib.gdn_rs2_top_subsystem_pkg
Compiling package xil_defaultlib.$unit_dataflow_monitor_sv
Compiling module xil_defaultlib.gdn_rs2_top_gdn_rs2_top_impl_gdn...
Compiling module xil_defaultlib.gdn_rs2_top_gdn_rs2_top_impl_res...
Compiling module xil_defaultlib.gdn_rs2_top_gdn_rs2_top_impl_res...
Compiling module xil_defaultlib.gdn_rs2_top_gdn_rs2_top_impl_res...
Compiling module xil_defaultlib.gdn_rs2_top_gdn_rs2_top_impl_res...
Compiling module xil_defaultlib.gdn_rs2_top_gdn_rs2_top_impl_res...
Compiling module xil_defaultlib.gdn_rs2_top_gdn_rs2_top_impl_res...
Compiling module xil_defaultlib.gdn_rs2_top_gdn_rs2_top_impl_res...
Compiling module xil_defaultlib.gdn_rs2_top_gdn_rs2_top_impl_res...
Compiling module xil_defaultlib.gdn_rs2_top_gdn_rs2_top_impl_gdn...
Compiling module xil_defaultlib.gdn_rs2_top_gdn_rs2_top_impl_gdn...
Compiling module xil_defaultlib.gdn_rs2_top_gdn_rs2_top_impl_pre...
Compiling module xil_defaultlib.gdn_rs2_top_gdn_rs2_top_impl_pre...
Compiling module xil_defaultlib.gdn_rs2_top_flow_control_loop_pi...
Compiling module xil_defaultlib.gdn_rs2_top_gdn_rs2_top_impl_Pip...
Compiling module xil_defaultlib.gdn_rs2_top_p_anonymous_namespac...
Compiling module xil_defaultlib.gdn_rs2_top_p_anonymous_namespac...
Compiling module xil_defaultlib.gdn_rs2_top_p_anonymous_namespac...
Compiling module xil_defaultlib.gdn_rs2_top_p_anonymous_namespac...
Compiling module xil_defaultlib.gdn_rs2_top_p_anonymous_namespac...
Compiling module xil_defaultlib.gdn_rs2_top_partset_128ns_128ns_...
Compiling module xil_defaultlib.gdn_rs2_top_p_anonymous_namespac...
Compiling module xil_defaultlib.gdn_rs2_top_p_anonymous_namespac...
Compiling module xil_defaultlib.gdn_rs2_top_partset_32ns_32ns_8n...
Compiling module xil_defaultlib.gdn_rs2_top_p_anonymous_namespac...
Compiling module xil_defaultlib.gdn_rs2_top_p_anonymous_namespac...
Compiling module xil_defaultlib.gdn_rs2_top_p_anonymous_namespac...
Compiling module xil_defaultlib.gdn_rs2_top_p_anonymous_namespac...
Compiling module xil_defaultlib.gdn_rs2_top_p_anonymous_namespac...
Compiling module xil_defaultlib.gdn_rs2_top_p_anonymous_namespac...
Compiling module xil_defaultlib.gdn_rs2_top_p_anonymous_namespac...
Compiling module xil_defaultlib.gdn_rs2_top_p_anonymous_namespac...
Compiling module xil_defaultlib.gdn_rs2_top_p_anonymous_namespac...
Compiling module xil_defaultlib.gdn_rs2_top_p_anonymous_namespac...
Compiling module xil_defaultlib.gdn_rs2_top_p_anonymous_namespac...
Compiling module xil_defaultlib.gdn_rs2_top_p_anonymous_namespac...
Compiling module xil_defaultlib.gdn_rs2_top_p_anonymous_namespac...
Compiling module xil_defaultlib.gdn_rs2_top_p_anonymous_namespac...
Compiling module xil_defaultlib.gdn_rs2_top_p_anonymous_namespac...
Compiling module xil_defaultlib.gdn_rs2_top_p_anonymous_namespac...
Compiling module xil_defaultlib.gdn_rs2_top_p_anonymous_namespac...
Compiling module xil_defaultlib.gdn_rs2_top_p_anonymous_namespac...
Compiling module xil_defaultlib.gdn_rs2_top_gdn_rs2_top_impl_Pip...
Compiling module xil_defaultlib.gdn_rs2_top_gdn_rs2_top_impl_Out...
Compiling module xil_defaultlib.gdn_rs2_top_gdn_rs2_top_impl_Pip...
Compiling module xil_defaultlib.gdn_rs2_top_gdn_rs2_top_impl_Out...
Compiling module xil_defaultlib.gdn_rs2_top_mul_16ns_16ns_32_1_1...
Compiling module xil_defaultlib.gdn_rs2_top_gdn_rs2_top_impl_Pip...
Compiling module xil_defaultlib.gdn_rs2_top_gdn_rs2_top_impl_Pip...
Compiling module xil_defaultlib.gdn_rs2_top_gdn_rs2_top_impl_Out...
Compiling module xil_defaultlib.gdn_rs2_top_gdn_rs2_top_impl_Pip...
Compiling module xil_defaultlib.gdn_rs2_top_gdn_rs2_top_impl_Out...
Compiling module xil_defaultlib.gdn_rs2_top_p_anonymous_namespac...
Compiling module xil_defaultlib.gdn_rs2_top_p_anonymous_namespac...
Compiling module xil_defaultlib.gdn_rs2_top_partselect_4ns_128ns...
Compiling module xil_defaultlib.gdn_rs2_top_sparsemux_17_3_4_1_1...
Compiling module xil_defaultlib.gdn_rs2_top_partselect_8ns_32ns_...
Compiling module xil_defaultlib.gdn_rs2_top_mul_5s_5s_10_1_1(NUM...
Compiling module xil_defaultlib.gdn_rs2_top_p_anonymous_namespac...
Compiling module xil_defaultlib.gdn_rs2_top_sparsemux_33_4_10_1_...
Compiling module xil_defaultlib.gdn_rs2_top_sparsemux_33_4_9_1_1...
Compiling module xil_defaultlib.gdn_rs2_top_aligned_sum_guarded_...
Compiling module xil_defaultlib.gdn_rs2_top_sparsemux_9_3_64_1_1...
Compiling module xil_defaultlib.gdn_rs2_top_sparsemux_9_3_32_1_1...
Compiling module xil_defaultlib.gdn_rs2_top_sparsemux_7_2_64_1_1...
Compiling module xil_defaultlib.gdn_rs2_top_aligned_sum_guarded_...
Compiling module xil_defaultlib.gdn_rs2_top_aligned_sum_guarded_...
Compiling module xil_defaultlib.gdn_rs2_top_p_anonymous_namespac...
Compiling module xil_defaultlib.gdn_rs2_top_gdn_rs2_top_impl_Out...
Compiling module xil_defaultlib.gdn_rs2_top_p_anonymous_namespac...
Compiling module xil_defaultlib.gdn_rs2_top_p_anonymous_namespac...
Compiling module xil_defaultlib.gdn_rs2_top_gdn_rs2_top_impl_Pip...
Compiling module xil_defaultlib.gdn_rs2_top_gdn_rs2_top_impl_Out...
Compiling module xil_defaultlib.gdn_rs2_top_p_anonymous_namespac...
Compiling module xil_defaultlib.gdn_rs2_top_p_anonymous_namespac...
Compiling module xil_defaultlib.gdn_rs2_top_p_anonymous_namespac...
Compiling module xil_defaultlib.gdn_rs2_top_mul_32s_16ns_48_2_1(...
Compiling module xil_defaultlib.gdn_rs2_top_sparsemux_7_2_32_1_1...
Compiling module xil_defaultlib.gdn_rs2_top_p_anonymous_namespac...
Compiling module xil_defaultlib.gdn_rs2_top_sparsemux_65_5_32_1_...
Compiling module xil_defaultlib.gdn_rs2_top_sparsemux_65_5_16_1_...
Compiling module xil_defaultlib.gdn_rs2_top_p_anonymous_namespac...
Compiling module xil_defaultlib.gdn_rs2_top_p_anonymous_namespac...
Compiling module xil_defaultlib.gdn_rs2_top_sparsemux_15_3_36_1_...
Compiling module xil_defaultlib.gdn_rs2_top_sparsemux_15_3_16_1_...
Compiling module xil_defaultlib.gdn_rs2_top_aligned_sum_guarded_...
Compiling module xil_defaultlib.gdn_rs2_top_aligned_sum_guarded_...
Compiling module xil_defaultlib.gdn_rs2_top_aligned_sum_guarded_...
Compiling module xil_defaultlib.gdn_rs2_top_mul_5s_32s_36_2_1(NU...
Compiling module xil_defaultlib.gdn_rs2_top_p_anonymous_namespac...
Compiling module xil_defaultlib.gdn_rs2_top_sparsemux_7_2_33_1_1...
Compiling module xil_defaultlib.gdn_rs2_top_sparsemux_7_2_16_1_1...
Compiling module xil_defaultlib.gdn_rs2_top_aligned_sum_guarded_...
Compiling module xil_defaultlib.gdn_rs2_top_aligned_sum_guarded_...
Compiling module xil_defaultlib.gdn_rs2_top_aligned_sum_guarded_...
Compiling module xil_defaultlib.gdn_rs2_top_p_anonymous_namespac...
Compiling module xil_defaultlib.gdn_rs2_top_p_anonymous_namespac...
Compiling module xil_defaultlib.gdn_rs2_top_aligned_sum_guarded_...
Compiling module xil_defaultlib.gdn_rs2_top_aligned_sum_guarded_...
Compiling module xil_defaultlib.gdn_rs2_top_aligned_sum_guarded_...
Compiling module xil_defaultlib.gdn_rs2_top_sparsemux_9_2_32_1_1...
Compiling module xil_defaultlib.gdn_rs2_top_sparsemux_9_2_16_1_1...
Compiling module xil_defaultlib.gdn_rs2_top_aligned_sum_guarded_...
Compiling module xil_defaultlib.gdn_rs2_top_aligned_sum_guarded_...
Compiling module xil_defaultlib.gdn_rs2_top_aligned_sum_guarded_...
Compiling module xil_defaultlib.gdn_rs2_top_p_anonymous_namespac...
Compiling module xil_defaultlib.gdn_rs2_top_p_anonymous_namespac...
Compiling module xil_defaultlib.gdn_rs2_top_p_anonymous_namespac...
Compiling module xil_defaultlib.gdn_rs2_top_p_anonymous_namespac...
Compiling module xil_defaultlib.gdn_rs2_top_p_anonymous_namespac...
Compiling module xil_defaultlib.gdn_rs2_top_p_anonymous_namespac...
Compiling module xil_defaultlib.gdn_rs2_top_p_anonymous_namespac...
Compiling module xil_defaultlib.gdn_rs2_top_p_anonymous_namespac...
Compiling module xil_defaultlib.gdn_rs2_top_p_anonymous_namespac...
Compiling module xil_defaultlib.gdn_rs2_top_aligned_sum_guarded_...
Compiling module xil_defaultlib.gdn_rs2_top_aligned_sum_guarded_...
Compiling module xil_defaultlib.gdn_rs2_top_aligned_sum_guarded_...
Compiling module xil_defaultlib.gdn_rs2_top_select_e2m1_scale_po...
Compiling module xil_defaultlib.gdn_rs2_top_select_e2m1_scale_po...
Compiling module xil_defaultlib.gdn_rs2_top_select_e2m1_scale_po...
Compiling module xil_defaultlib.gdn_rs2_top_select_e2m1_scale_po...
Compiling module xil_defaultlib.gdn_rs2_top_select_e2m1_scale_po...
Compiling module xil_defaultlib.gdn_rs2_top_gdn_rs2_top_impl
Compiling module xil_defaultlib.gdn_rs2_top_control_s_axi
Compiling module xil_defaultlib.gdn_rs2_top_control_r_s_axi
Compiling module xil_defaultlib.gdn_rs2_top_gmem0_m_axi_srl(DATA...
Compiling module xil_defaultlib.gdn_rs2_top_gmem0_m_axi_fifo(DAT...
Compiling module xil_defaultlib.gdn_rs2_top_gmem0_m_axi_mem(MEM_...
Compiling module xil_defaultlib.gdn_rs2_top_gmem0_m_axi_fifo(MEM...
Compiling module xil_defaultlib.gdn_rs2_top_gmem0_m_axi_srl(DATA...
Compiling module xil_defaultlib.gdn_rs2_top_gmem0_m_axi_fifo(DAT...
Compiling module xil_defaultlib.gdn_rs2_top_gmem0_m_axi_reg_slic...
Compiling module xil_defaultlib.gdn_rs2_top_gmem0_m_axi_load(NUM...
Compiling module xil_defaultlib.gdn_rs2_top_gmem0_m_axi_reg_slic...
Compiling module xil_defaultlib.gdn_rs2_top_gmem0_m_axi_burst_se...
Compiling module xil_defaultlib.gdn_rs2_top_gmem0_m_axi_reg_slic...
Compiling module xil_defaultlib.gdn_rs2_top_gmem0_m_axi_srl(DATA...
Compiling module xil_defaultlib.gdn_rs2_top_gmem0_m_axi_fifo(DAT...
Compiling module xil_defaultlib.gdn_rs2_top_gmem0_m_axi_read(C_U...
Compiling module xil_defaultlib.gdn_rs2_top_gmem0_m_axi(C_M_AXI_...
Compiling module xil_defaultlib.gdn_rs2_top_gmem1_m_axi_srl(DATA...
Compiling module xil_defaultlib.gdn_rs2_top_gmem1_m_axi_fifo(DAT...
Compiling module xil_defaultlib.gdn_rs2_top_gmem1_m_axi_mem(MEM_...
Compiling module xil_defaultlib.gdn_rs2_top_gmem1_m_axi_fifo(MEM...
Compiling module xil_defaultlib.gdn_rs2_top_gmem1_m_axi_srl(DATA...
Compiling module xil_defaultlib.gdn_rs2_top_gmem1_m_axi_fifo(DAT...
Compiling module xil_defaultlib.gdn_rs2_top_gmem1_m_axi_reg_slic...
Compiling module xil_defaultlib.gdn_rs2_top_gmem1_m_axi_load(NUM...
Compiling module xil_defaultlib.gdn_rs2_top_gmem1_m_axi_reg_slic...
Compiling module xil_defaultlib.gdn_rs2_top_gmem1_m_axi_burst_se...
Compiling module xil_defaultlib.gdn_rs2_top_gmem1_m_axi_reg_slic...
Compiling module xil_defaultlib.gdn_rs2_top_gmem1_m_axi_srl(DATA...
Compiling module xil_defaultlib.gdn_rs2_top_gmem1_m_axi_fifo(DAT...
Compiling module xil_defaultlib.gdn_rs2_top_gmem1_m_axi_read(C_U...
Compiling module xil_defaultlib.gdn_rs2_top_gmem1_m_axi(C_M_AXI_...
Compiling module xil_defaultlib.gdn_rs2_top_gmem10_m_axi_srl(DAT...
Compiling module xil_defaultlib.gdn_rs2_top_gmem10_m_axi_fifo(DA...
Compiling module xil_defaultlib.gdn_rs2_top_gmem10_m_axi_srl(DAT...
Compiling module xil_defaultlib.gdn_rs2_top_gmem10_m_axi_fifo(DA...
Compiling module xil_defaultlib.gdn_rs2_top_gmem10_m_axi_srl(DAT...
Compiling module xil_defaultlib.gdn_rs2_top_gmem10_m_axi_fifo(DA...
Compiling module xil_defaultlib.gdn_rs2_top_gmem10_m_axi_srl(DAT...
Compiling module xil_defaultlib.gdn_rs2_top_gmem10_m_axi_fifo(DA...
Compiling module xil_defaultlib.gdn_rs2_top_gmem10_m_axi_srl(DAT...
Compiling module xil_defaultlib.gdn_rs2_top_gmem10_m_axi_fifo(DA...
Compiling module xil_defaultlib.gdn_rs2_top_gmem10_m_axi_srl(DAT...
Compiling module xil_defaultlib.gdn_rs2_top_gmem10_m_axi_fifo(DA...
Compiling module xil_defaultlib.gdn_rs2_top_gmem10_m_axi_srl(DAT...
Compiling module xil_defaultlib.gdn_rs2_top_gmem10_m_axi_fifo(DA...
Compiling module xil_defaultlib.gdn_rs2_top_gmem10_m_axi_store(C...
Compiling module xil_defaultlib.gdn_rs2_top_gmem10_m_axi_reg_sli...
Compiling module xil_defaultlib.gdn_rs2_top_gmem10_m_axi_burst_s...
Compiling module xil_defaultlib.gdn_rs2_top_gmem10_m_axi_reg_sli...
Compiling module xil_defaultlib.gdn_rs2_top_gmem10_m_axi_srl(DAT...
Compiling module xil_defaultlib.gdn_rs2_top_gmem10_m_axi_fifo(DA...
Compiling module xil_defaultlib.gdn_rs2_top_gmem10_m_axi_reg_sli...
Compiling module xil_defaultlib.gdn_rs2_top_gmem10_m_axi_throttl...
Compiling module xil_defaultlib.gdn_rs2_top_gmem10_m_axi_reg_sli...
Compiling module xil_defaultlib.gdn_rs2_top_gmem10_m_axi_write(C...
Compiling module xil_defaultlib.gdn_rs2_top_gmem10_m_axi(C_M_AXI...
Compiling module xil_defaultlib.gdn_rs2_top_gmem11_m_axi_srl(DAT...
Compiling module xil_defaultlib.gdn_rs2_top_gmem11_m_axi_fifo(DA...
Compiling module xil_defaultlib.gdn_rs2_top_gmem11_m_axi_srl(DAT...
Compiling module xil_defaultlib.gdn_rs2_top_gmem11_m_axi_fifo(DA...
Compiling module xil_defaultlib.gdn_rs2_top_gmem11_m_axi_srl(DAT...
Compiling module xil_defaultlib.gdn_rs2_top_gmem11_m_axi_fifo(DA...
Compiling module xil_defaultlib.gdn_rs2_top_gmem11_m_axi_srl(DAT...
Compiling module xil_defaultlib.gdn_rs2_top_gmem11_m_axi_fifo(DA...
Compiling module xil_defaultlib.gdn_rs2_top_gmem11_m_axi_srl(DAT...
Compiling module xil_defaultlib.gdn_rs2_top_gmem11_m_axi_fifo(DA...
Compiling module xil_defaultlib.gdn_rs2_top_gmem11_m_axi_srl(DAT...
Compiling module xil_defaultlib.gdn_rs2_top_gmem11_m_axi_fifo(DA...
Compiling module xil_defaultlib.gdn_rs2_top_gmem11_m_axi_srl(DAT...
Compiling module xil_defaultlib.gdn_rs2_top_gmem11_m_axi_fifo(DA...
Compiling module xil_defaultlib.gdn_rs2_top_gmem11_m_axi_store(C...
Compiling module xil_defaultlib.gdn_rs2_top_gmem11_m_axi_reg_sli...
Compiling module xil_defaultlib.gdn_rs2_top_gmem11_m_axi_burst_s...
Compiling module xil_defaultlib.gdn_rs2_top_gmem11_m_axi_reg_sli...
Compiling module xil_defaultlib.gdn_rs2_top_gmem11_m_axi_srl(DAT...
Compiling module xil_defaultlib.gdn_rs2_top_gmem11_m_axi_fifo(DA...
Compiling module xil_defaultlib.gdn_rs2_top_gmem11_m_axi_reg_sli...
Compiling module xil_defaultlib.gdn_rs2_top_gmem11_m_axi_throttl...
Compiling module xil_defaultlib.gdn_rs2_top_gmem11_m_axi_reg_sli...
Compiling module xil_defaultlib.gdn_rs2_top_gmem11_m_axi_write(C...
Compiling module xil_defaultlib.gdn_rs2_top_gmem11_m_axi(C_M_AXI...
Compiling module xil_defaultlib.gdn_rs2_top_gmem12_m_axi_srl(DAT...
Compiling module xil_defaultlib.gdn_rs2_top_gmem12_m_axi_fifo(DA...
Compiling module xil_defaultlib.gdn_rs2_top_gmem12_m_axi_srl(DAT...
Compiling module xil_defaultlib.gdn_rs2_top_gmem12_m_axi_fifo(DA...
Compiling module xil_defaultlib.gdn_rs2_top_gmem12_m_axi_srl(DAT...
Compiling module xil_defaultlib.gdn_rs2_top_gmem12_m_axi_fifo(DA...
Compiling module xil_defaultlib.gdn_rs2_top_gmem12_m_axi_srl(DAT...
Compiling module xil_defaultlib.gdn_rs2_top_gmem12_m_axi_fifo(DA...
Compiling module xil_defaultlib.gdn_rs2_top_gmem12_m_axi_srl(DAT...
Compiling module xil_defaultlib.gdn_rs2_top_gmem12_m_axi_fifo(DA...
Compiling module xil_defaultlib.gdn_rs2_top_gmem12_m_axi_srl(DAT...
Compiling module xil_defaultlib.gdn_rs2_top_gmem12_m_axi_fifo(DA...
Compiling module xil_defaultlib.gdn_rs2_top_gmem12_m_axi_srl(DAT...
Compiling module xil_defaultlib.gdn_rs2_top_gmem12_m_axi_fifo(DA...
Compiling module xil_defaultlib.gdn_rs2_top_gmem12_m_axi_store(C...
Compiling module xil_defaultlib.gdn_rs2_top_gmem12_m_axi_reg_sli...
Compiling module xil_defaultlib.gdn_rs2_top_gmem12_m_axi_burst_s...
Compiling module xil_defaultlib.gdn_rs2_top_gmem12_m_axi_reg_sli...
Compiling module xil_defaultlib.gdn_rs2_top_gmem12_m_axi_srl(DAT...
Compiling module xil_defaultlib.gdn_rs2_top_gmem12_m_axi_fifo(DA...
Compiling module xil_defaultlib.gdn_rs2_top_gmem12_m_axi_reg_sli...
Compiling module xil_defaultlib.gdn_rs2_top_gmem12_m_axi_throttl...
Compiling module xil_defaultlib.gdn_rs2_top_gmem12_m_axi_reg_sli...
Compiling module xil_defaultlib.gdn_rs2_top_gmem12_m_axi_write(C...
Compiling module xil_defaultlib.gdn_rs2_top_gmem12_m_axi(C_M_AXI...
Compiling module xil_defaultlib.gdn_rs2_top_gmem13_m_axi_srl(DAT...
Compiling module xil_defaultlib.gdn_rs2_top_gmem13_m_axi_fifo(DA...
Compiling module xil_defaultlib.gdn_rs2_top_gmem13_m_axi_srl(DAT...
Compiling module xil_defaultlib.gdn_rs2_top_gmem13_m_axi_fifo(DA...
Compiling module xil_defaultlib.gdn_rs2_top_gmem13_m_axi_srl(DAT...
Compiling module xil_defaultlib.gdn_rs2_top_gmem13_m_axi_fifo(DA...
Compiling module xil_defaultlib.gdn_rs2_top_gmem13_m_axi_srl(DAT...
Compiling module xil_defaultlib.gdn_rs2_top_gmem13_m_axi_fifo(DA...
Compiling module xil_defaultlib.gdn_rs2_top_gmem13_m_axi_srl(DAT...
Compiling module xil_defaultlib.gdn_rs2_top_gmem13_m_axi_fifo(DA...
Compiling module xil_defaultlib.gdn_rs2_top_gmem13_m_axi_srl(DAT...
Compiling module xil_defaultlib.gdn_rs2_top_gmem13_m_axi_fifo(DA...
Compiling module xil_defaultlib.gdn_rs2_top_gmem13_m_axi_srl(DAT...
Compiling module xil_defaultlib.gdn_rs2_top_gmem13_m_axi_fifo(DA...
Compiling module xil_defaultlib.gdn_rs2_top_gmem13_m_axi_store(C...
Compiling module xil_defaultlib.gdn_rs2_top_gmem13_m_axi_reg_sli...
Compiling module xil_defaultlib.gdn_rs2_top_gmem13_m_axi_burst_s...
Compiling module xil_defaultlib.gdn_rs2_top_gmem13_m_axi_reg_sli...
Compiling module xil_defaultlib.gdn_rs2_top_gmem13_m_axi_srl(DAT...
Compiling module xil_defaultlib.gdn_rs2_top_gmem13_m_axi_fifo(DA...
Compiling module xil_defaultlib.gdn_rs2_top_gmem13_m_axi_reg_sli...
Compiling module xil_defaultlib.gdn_rs2_top_gmem13_m_axi_throttl...
Compiling module xil_defaultlib.gdn_rs2_top_gmem13_m_axi_reg_sli...
Compiling module xil_defaultlib.gdn_rs2_top_gmem13_m_axi_write(C...
Compiling module xil_defaultlib.gdn_rs2_top_gmem13_m_axi(C_M_AXI...
Compiling module xil_defaultlib.gdn_rs2_top_gmem14_m_axi_srl(DAT...
Compiling module xil_defaultlib.gdn_rs2_top_gmem14_m_axi_fifo(DA...
Compiling module xil_defaultlib.gdn_rs2_top_gmem14_m_axi_srl(DAT...
Compiling module xil_defaultlib.gdn_rs2_top_gmem14_m_axi_fifo(DA...
Compiling module xil_defaultlib.gdn_rs2_top_gmem14_m_axi_srl(DAT...
Compiling module xil_defaultlib.gdn_rs2_top_gmem14_m_axi_fifo(DA...
Compiling module xil_defaultlib.gdn_rs2_top_gmem14_m_axi_srl(ADD...
Compiling module xil_defaultlib.gdn_rs2_top_gmem14_m_axi_fifo(AD...
Compiling module xil_defaultlib.gdn_rs2_top_gmem14_m_axi_srl(DAT...
Compiling module xil_defaultlib.gdn_rs2_top_gmem14_m_axi_fifo(DA...
Compiling module xil_defaultlib.gdn_rs2_top_gmem14_m_axi_srl(DAT...
Compiling module xil_defaultlib.gdn_rs2_top_gmem14_m_axi_fifo(DA...
Compiling module xil_defaultlib.gdn_rs2_top_gmem14_m_axi_srl(DAT...
Compiling module xil_defaultlib.gdn_rs2_top_gmem14_m_axi_fifo(DA...
Compiling module xil_defaultlib.gdn_rs2_top_gmem14_m_axi_store(C...
Compiling module xil_defaultlib.gdn_rs2_top_gmem14_m_axi_reg_sli...
Compiling module xil_defaultlib.gdn_rs2_top_gmem14_m_axi_burst_s...
Compiling module xil_defaultlib.gdn_rs2_top_gmem14_m_axi_reg_sli...
Compiling module xil_defaultlib.gdn_rs2_top_gmem14_m_axi_srl(DAT...
Compiling module xil_defaultlib.gdn_rs2_top_gmem14_m_axi_fifo(DA...
Compiling module xil_defaultlib.gdn_rs2_top_gmem14_m_axi_reg_sli...
Compiling module xil_defaultlib.gdn_rs2_top_gmem14_m_axi_throttl...
Compiling module xil_defaultlib.gdn_rs2_top_gmem14_m_axi_reg_sli...
Compiling module xil_defaultlib.gdn_rs2_top_gmem14_m_axi_write(C...
Compiling module xil_defaultlib.gdn_rs2_top_gmem14_m_axi(C_M_AXI...
Compiling module xil_defaultlib.gdn_rs2_top_gmem15_m_axi_srl(DAT...
Compiling module xil_defaultlib.gdn_rs2_top_gmem15_m_axi_fifo(DA...
Compiling module xil_defaultlib.gdn_rs2_top_gmem15_m_axi_srl(DAT...
Compiling module xil_defaultlib.gdn_rs2_top_gmem15_m_axi_fifo(DA...
Compiling module xil_defaultlib.gdn_rs2_top_gmem15_m_axi_srl(DAT...
Compiling module xil_defaultlib.gdn_rs2_top_gmem15_m_axi_fifo(DA...
Compiling module xil_defaultlib.gdn_rs2_top_gmem15_m_axi_srl(DAT...
Compiling module xil_defaultlib.gdn_rs2_top_gmem15_m_axi_fifo(DA...
Compiling module xil_defaultlib.gdn_rs2_top_gmem15_m_axi_srl(DAT...
Compiling module xil_defaultlib.gdn_rs2_top_gmem15_m_axi_fifo(DA...
Compiling module xil_defaultlib.gdn_rs2_top_gmem15_m_axi_store(C...
Compiling module xil_defaultlib.gdn_rs2_top_gmem15_m_axi_reg_sli...
Compiling module xil_defaultlib.gdn_rs2_top_gmem15_m_axi_burst_s...
Compiling module xil_defaultlib.gdn_rs2_top_gmem15_m_axi_reg_sli...
Compiling module xil_defaultlib.gdn_rs2_top_gmem15_m_axi_srl(DAT...
Compiling module xil_defaultlib.gdn_rs2_top_gmem15_m_axi_fifo(DA...
Compiling module xil_defaultlib.gdn_rs2_top_gmem15_m_axi_reg_sli...
Compiling module xil_defaultlib.gdn_rs2_top_gmem15_m_axi_throttl...
Compiling module xil_defaultlib.gdn_rs2_top_gmem15_m_axi_reg_sli...
Compiling module xil_defaultlib.gdn_rs2_top_gmem15_m_axi_write(C...
Compiling module xil_defaultlib.gdn_rs2_top_gmem15_m_axi(C_M_AXI...
Compiling module xil_defaultlib.gdn_rs2_top_gmem16_m_axi_srl(DAT...
Compiling module xil_defaultlib.gdn_rs2_top_gmem16_m_axi_fifo(DA...
Compiling module xil_defaultlib.gdn_rs2_top_gmem16_m_axi_mem(MEM...
Compiling module xil_defaultlib.gdn_rs2_top_gmem16_m_axi_fifo(ME...
Compiling module xil_defaultlib.gdn_rs2_top_gmem16_m_axi_srl(DAT...
Compiling module xil_defaultlib.gdn_rs2_top_gmem16_m_axi_fifo(DA...
Compiling module xil_defaultlib.gdn_rs2_top_gmem16_m_axi_reg_sli...
Compiling module xil_defaultlib.gdn_rs2_top_gmem16_m_axi_load(NU...
Compiling module xil_defaultlib.gdn_rs2_top_gmem16_m_axi_reg_sli...
Compiling module xil_defaultlib.gdn_rs2_top_gmem16_m_axi_burst_s...
Compiling module xil_defaultlib.gdn_rs2_top_gmem16_m_axi_reg_sli...
Compiling module xil_defaultlib.gdn_rs2_top_gmem16_m_axi_srl(DAT...
Compiling module xil_defaultlib.gdn_rs2_top_gmem16_m_axi_fifo(DA...
Compiling module xil_defaultlib.gdn_rs2_top_gmem16_m_axi_read(C_...
Compiling module xil_defaultlib.gdn_rs2_top_gmem16_m_axi(C_M_AXI...
Compiling module xil_defaultlib.gdn_rs2_top_gmem17_m_axi_srl(DAT...
Compiling module xil_defaultlib.gdn_rs2_top_gmem17_m_axi_fifo(DA...
Compiling module xil_defaultlib.gdn_rs2_top_gmem17_m_axi_mem(MEM...
Compiling module xil_defaultlib.gdn_rs2_top_gmem17_m_axi_fifo(ME...
Compiling module xil_defaultlib.gdn_rs2_top_gmem17_m_axi_srl(DAT...
Compiling module xil_defaultlib.gdn_rs2_top_gmem17_m_axi_fifo(DA...
Compiling module xil_defaultlib.gdn_rs2_top_gmem17_m_axi_reg_sli...
Compiling module xil_defaultlib.gdn_rs2_top_gmem17_m_axi_load(NU...
Compiling module xil_defaultlib.gdn_rs2_top_gmem17_m_axi_reg_sli...
Compiling module xil_defaultlib.gdn_rs2_top_gmem17_m_axi_burst_s...
Compiling module xil_defaultlib.gdn_rs2_top_gmem17_m_axi_reg_sli...
Compiling module xil_defaultlib.gdn_rs2_top_gmem17_m_axi_srl(DAT...
Compiling module xil_defaultlib.gdn_rs2_top_gmem17_m_axi_fifo(DA...
Compiling module xil_defaultlib.gdn_rs2_top_gmem17_m_axi_read(C_...
Compiling module xil_defaultlib.gdn_rs2_top_gmem17_m_axi(C_M_AXI...
Compiling module xil_defaultlib.gdn_rs2_top_gmem18_m_axi_srl(DAT...
Compiling module xil_defaultlib.gdn_rs2_top_gmem18_m_axi_fifo(DA...
Compiling module xil_defaultlib.gdn_rs2_top_gmem18_m_axi_mem(MEM...
Compiling module xil_defaultlib.gdn_rs2_top_gmem18_m_axi_fifo(ME...
Compiling module xil_defaultlib.gdn_rs2_top_gmem18_m_axi_srl(DAT...
Compiling module xil_defaultlib.gdn_rs2_top_gmem18_m_axi_fifo(DA...
Compiling module xil_defaultlib.gdn_rs2_top_gmem18_m_axi_reg_sli...
Compiling module xil_defaultlib.gdn_rs2_top_gmem18_m_axi_load(NU...
Compiling module xil_defaultlib.gdn_rs2_top_gmem18_m_axi_reg_sli...
Compiling module xil_defaultlib.gdn_rs2_top_gmem18_m_axi_burst_s...
Compiling module xil_defaultlib.gdn_rs2_top_gmem18_m_axi_reg_sli...
Compiling module xil_defaultlib.gdn_rs2_top_gmem18_m_axi_srl(DAT...
Compiling module xil_defaultlib.gdn_rs2_top_gmem18_m_axi_fifo(DA...
Compiling module xil_defaultlib.gdn_rs2_top_gmem18_m_axi_read(C_...
Compiling module xil_defaultlib.gdn_rs2_top_gmem18_m_axi(C_M_AXI...
Compiling module xil_defaultlib.gdn_rs2_top_gmem19_m_axi_srl(DAT...
Compiling module xil_defaultlib.gdn_rs2_top_gmem19_m_axi_fifo(DA...
Compiling module xil_defaultlib.gdn_rs2_top_gmem19_m_axi_srl(DAT...
Compiling module xil_defaultlib.gdn_rs2_top_gmem19_m_axi_fifo(DA...
Compiling module xil_defaultlib.gdn_rs2_top_gmem19_m_axi_srl(DAT...
Compiling module xil_defaultlib.gdn_rs2_top_gmem19_m_axi_fifo(DA...
Compiling module xil_defaultlib.gdn_rs2_top_gmem19_m_axi_srl(ADD...
Compiling module xil_defaultlib.gdn_rs2_top_gmem19_m_axi_fifo(AD...
Compiling module xil_defaultlib.gdn_rs2_top_gmem19_m_axi_srl(DAT...
Compiling module xil_defaultlib.gdn_rs2_top_gmem19_m_axi_fifo(DA...
Compiling module xil_defaultlib.gdn_rs2_top_gmem19_m_axi_srl(DAT...
Compiling module xil_defaultlib.gdn_rs2_top_gmem19_m_axi_fifo(DA...
Compiling module xil_defaultlib.gdn_rs2_top_gmem19_m_axi_srl(DAT...
Compiling module xil_defaultlib.gdn_rs2_top_gmem19_m_axi_fifo(DA...
Compiling module xil_defaultlib.gdn_rs2_top_gmem19_m_axi_store(C...
Compiling module xil_defaultlib.gdn_rs2_top_gmem19_m_axi_reg_sli...
Compiling module xil_defaultlib.gdn_rs2_top_gmem19_m_axi_burst_s...
Compiling module xil_defaultlib.gdn_rs2_top_gmem19_m_axi_reg_sli...
Compiling module xil_defaultlib.gdn_rs2_top_gmem19_m_axi_srl(DAT...
Compiling module xil_defaultlib.gdn_rs2_top_gmem19_m_axi_fifo(DA...
Compiling module xil_defaultlib.gdn_rs2_top_gmem19_m_axi_reg_sli...
Compiling module xil_defaultlib.gdn_rs2_top_gmem19_m_axi_throttl...
Compiling module xil_defaultlib.gdn_rs2_top_gmem19_m_axi_reg_sli...
Compiling module xil_defaultlib.gdn_rs2_top_gmem19_m_axi_write(C...
Compiling module xil_defaultlib.gdn_rs2_top_gmem19_m_axi(C_M_AXI...
Compiling module xil_defaultlib.gdn_rs2_top_gmem2_m_axi_srl(DATA...
Compiling module xil_defaultlib.gdn_rs2_top_gmem2_m_axi_fifo(DAT...
Compiling module xil_defaultlib.gdn_rs2_top_gmem2_m_axi_mem(MEM_...
Compiling module xil_defaultlib.gdn_rs2_top_gmem2_m_axi_fifo(MEM...
Compiling module xil_defaultlib.gdn_rs2_top_gmem2_m_axi_srl(DATA...
Compiling module xil_defaultlib.gdn_rs2_top_gmem2_m_axi_fifo(DAT...
Compiling module xil_defaultlib.gdn_rs2_top_gmem2_m_axi_reg_slic...
Compiling module xil_defaultlib.gdn_rs2_top_gmem2_m_axi_load(NUM...
Compiling module xil_defaultlib.gdn_rs2_top_gmem2_m_axi_reg_slic...
Compiling module xil_defaultlib.gdn_rs2_top_gmem2_m_axi_burst_se...
Compiling module xil_defaultlib.gdn_rs2_top_gmem2_m_axi_reg_slic...
Compiling module xil_defaultlib.gdn_rs2_top_gmem2_m_axi_srl(DATA...
Compiling module xil_defaultlib.gdn_rs2_top_gmem2_m_axi_fifo(DAT...
Compiling module xil_defaultlib.gdn_rs2_top_gmem2_m_axi_read(C_U...
Compiling module xil_defaultlib.gdn_rs2_top_gmem2_m_axi(C_M_AXI_...
Compiling module xil_defaultlib.gdn_rs2_top_gmem3_m_axi_srl(DATA...
Compiling module xil_defaultlib.gdn_rs2_top_gmem3_m_axi_fifo(DAT...
Compiling module xil_defaultlib.gdn_rs2_top_gmem3_m_axi_mem(MEM_...
Compiling module xil_defaultlib.gdn_rs2_top_gmem3_m_axi_fifo(MEM...
Compiling module xil_defaultlib.gdn_rs2_top_gmem3_m_axi_srl(DATA...
Compiling module xil_defaultlib.gdn_rs2_top_gmem3_m_axi_fifo(DAT...
Compiling module xil_defaultlib.gdn_rs2_top_gmem3_m_axi_reg_slic...
Compiling module xil_defaultlib.gdn_rs2_top_gmem3_m_axi_load(NUM...
Compiling module xil_defaultlib.gdn_rs2_top_gmem3_m_axi_reg_slic...
Compiling module xil_defaultlib.gdn_rs2_top_gmem3_m_axi_burst_se...
Compiling module xil_defaultlib.gdn_rs2_top_gmem3_m_axi_reg_slic...
Compiling module xil_defaultlib.gdn_rs2_top_gmem3_m_axi_srl(DATA...
Compiling module xil_defaultlib.gdn_rs2_top_gmem3_m_axi_fifo(DAT...
Compiling module xil_defaultlib.gdn_rs2_top_gmem3_m_axi_read(C_U...
Compiling module xil_defaultlib.gdn_rs2_top_gmem3_m_axi(C_M_AXI_...
Compiling module xil_defaultlib.gdn_rs2_top_gmem4_m_axi_srl(DATA...
Compiling module xil_defaultlib.gdn_rs2_top_gmem4_m_axi_fifo(DAT...
Compiling module xil_defaultlib.gdn_rs2_top_gmem4_m_axi_mem(MEM_...
Compiling module xil_defaultlib.gdn_rs2_top_gmem4_m_axi_fifo(MEM...
Compiling module xil_defaultlib.gdn_rs2_top_gmem4_m_axi_srl(DATA...
Compiling module xil_defaultlib.gdn_rs2_top_gmem4_m_axi_fifo(DAT...
Compiling module xil_defaultlib.gdn_rs2_top_gmem4_m_axi_reg_slic...
Compiling module xil_defaultlib.gdn_rs2_top_gmem4_m_axi_load(NUM...
Compiling module xil_defaultlib.gdn_rs2_top_gmem4_m_axi_reg_slic...
Compiling module xil_defaultlib.gdn_rs2_top_gmem4_m_axi_burst_se...
Compiling module xil_defaultlib.gdn_rs2_top_gmem4_m_axi_reg_slic...
Compiling module xil_defaultlib.gdn_rs2_top_gmem4_m_axi_srl(DATA...
Compiling module xil_defaultlib.gdn_rs2_top_gmem4_m_axi_fifo(DAT...
Compiling module xil_defaultlib.gdn_rs2_top_gmem4_m_axi_read(C_U...
Compiling module xil_defaultlib.gdn_rs2_top_gmem4_m_axi(C_M_AXI_...
Compiling module xil_defaultlib.gdn_rs2_top_gmem5_m_axi_srl(DATA...
Compiling module xil_defaultlib.gdn_rs2_top_gmem5_m_axi_fifo(DAT...
Compiling module xil_defaultlib.gdn_rs2_top_gmem5_m_axi_mem(MEM_...
Compiling module xil_defaultlib.gdn_rs2_top_gmem5_m_axi_fifo(MEM...
Compiling module xil_defaultlib.gdn_rs2_top_gmem5_m_axi_srl(DATA...
Compiling module xil_defaultlib.gdn_rs2_top_gmem5_m_axi_fifo(DAT...
Compiling module xil_defaultlib.gdn_rs2_top_gmem5_m_axi_reg_slic...
Compiling module xil_defaultlib.gdn_rs2_top_gmem5_m_axi_load(NUM...
Compiling module xil_defaultlib.gdn_rs2_top_gmem5_m_axi_reg_slic...
Compiling module xil_defaultlib.gdn_rs2_top_gmem5_m_axi_burst_se...
Compiling module xil_defaultlib.gdn_rs2_top_gmem5_m_axi_reg_slic...
Compiling module xil_defaultlib.gdn_rs2_top_gmem5_m_axi_srl(DATA...
Compiling module xil_defaultlib.gdn_rs2_top_gmem5_m_axi_fifo(DAT...
Compiling module xil_defaultlib.gdn_rs2_top_gmem5_m_axi_read(C_U...
Compiling module xil_defaultlib.gdn_rs2_top_gmem5_m_axi(C_M_AXI_...
Compiling module xil_defaultlib.gdn_rs2_top_gmem6_m_axi_srl(DATA...
Compiling module xil_defaultlib.gdn_rs2_top_gmem6_m_axi_fifo(DAT...
Compiling module xil_defaultlib.gdn_rs2_top_gmem6_m_axi_mem(MEM_...
Compiling module xil_defaultlib.gdn_rs2_top_gmem6_m_axi_fifo(MEM...
Compiling module xil_defaultlib.gdn_rs2_top_gmem6_m_axi_srl(DATA...
Compiling module xil_defaultlib.gdn_rs2_top_gmem6_m_axi_fifo(DAT...
Compiling module xil_defaultlib.gdn_rs2_top_gmem6_m_axi_reg_slic...
Compiling module xil_defaultlib.gdn_rs2_top_gmem6_m_axi_load(NUM...
Compiling module xil_defaultlib.gdn_rs2_top_gmem6_m_axi_reg_slic...
Compiling module xil_defaultlib.gdn_rs2_top_gmem6_m_axi_burst_se...
Compiling module xil_defaultlib.gdn_rs2_top_gmem6_m_axi_reg_slic...
Compiling module xil_defaultlib.gdn_rs2_top_gmem6_m_axi_srl(DATA...
Compiling module xil_defaultlib.gdn_rs2_top_gmem6_m_axi_fifo(DAT...
Compiling module xil_defaultlib.gdn_rs2_top_gmem6_m_axi_read(C_U...
Compiling module xil_defaultlib.gdn_rs2_top_gmem6_m_axi(C_M_AXI_...
Compiling module xil_defaultlib.gdn_rs2_top_gmem7_m_axi_srl(DATA...
Compiling module xil_defaultlib.gdn_rs2_top_gmem7_m_axi_fifo(DAT...
Compiling module xil_defaultlib.gdn_rs2_top_gmem7_m_axi_mem(MEM_...
Compiling module xil_defaultlib.gdn_rs2_top_gmem7_m_axi_fifo(MEM...
Compiling module xil_defaultlib.gdn_rs2_top_gmem7_m_axi_srl(DATA...
Compiling module xil_defaultlib.gdn_rs2_top_gmem7_m_axi_fifo(DAT...
Compiling module xil_defaultlib.gdn_rs2_top_gmem7_m_axi_reg_slic...
Compiling module xil_defaultlib.gdn_rs2_top_gmem7_m_axi_load(NUM...
Compiling module xil_defaultlib.gdn_rs2_top_gmem7_m_axi_reg_slic...
Compiling module xil_defaultlib.gdn_rs2_top_gmem7_m_axi_burst_se...
Compiling module xil_defaultlib.gdn_rs2_top_gmem7_m_axi_reg_slic...
Compiling module xil_defaultlib.gdn_rs2_top_gmem7_m_axi_srl(DATA...
Compiling module xil_defaultlib.gdn_rs2_top_gmem7_m_axi_fifo(DAT...
Compiling module xil_defaultlib.gdn_rs2_top_gmem7_m_axi_read(C_U...
Compiling module xil_defaultlib.gdn_rs2_top_gmem7_m_axi(C_M_AXI_...
Compiling module xil_defaultlib.gdn_rs2_top_gmem8_m_axi_srl(DATA...
Compiling module xil_defaultlib.gdn_rs2_top_gmem8_m_axi_fifo(DAT...
Compiling module xil_defaultlib.gdn_rs2_top_gmem8_m_axi_mem(MEM_...
Compiling module xil_defaultlib.gdn_rs2_top_gmem8_m_axi_fifo(MEM...
Compiling module xil_defaultlib.gdn_rs2_top_gmem8_m_axi_srl(DATA...
Compiling module xil_defaultlib.gdn_rs2_top_gmem8_m_axi_fifo(DAT...
Compiling module xil_defaultlib.gdn_rs2_top_gmem8_m_axi_reg_slic...
Compiling module xil_defaultlib.gdn_rs2_top_gmem8_m_axi_load(NUM...
Compiling module xil_defaultlib.gdn_rs2_top_gmem8_m_axi_reg_slic...
Compiling module xil_defaultlib.gdn_rs2_top_gmem8_m_axi_burst_se...
Compiling module xil_defaultlib.gdn_rs2_top_gmem8_m_axi_reg_slic...
Compiling module xil_defaultlib.gdn_rs2_top_gmem8_m_axi_srl(DATA...
Compiling module xil_defaultlib.gdn_rs2_top_gmem8_m_axi_fifo(DAT...
Compiling module xil_defaultlib.gdn_rs2_top_gmem8_m_axi_read(C_U...
Compiling module xil_defaultlib.gdn_rs2_top_gmem8_m_axi(C_M_AXI_...
Compiling module xil_defaultlib.gdn_rs2_top_gmem9_m_axi_srl(DATA...
Compiling module xil_defaultlib.gdn_rs2_top_gmem9_m_axi_fifo(DAT...
Compiling module xil_defaultlib.gdn_rs2_top_gmem9_m_axi_srl(DATA...
Compiling module xil_defaultlib.gdn_rs2_top_gmem9_m_axi_fifo(DAT...
Compiling module xil_defaultlib.gdn_rs2_top_gmem9_m_axi_srl(DATA...
Compiling module xil_defaultlib.gdn_rs2_top_gmem9_m_axi_fifo(DAT...
Compiling module xil_defaultlib.gdn_rs2_top_gmem9_m_axi_srl(DATA...
Compiling module xil_defaultlib.gdn_rs2_top_gmem9_m_axi_fifo(DAT...
Compiling module xil_defaultlib.gdn_rs2_top_gmem9_m_axi_srl(DATA...
Compiling module xil_defaultlib.gdn_rs2_top_gmem9_m_axi_fifo(DAT...
Compiling module xil_defaultlib.gdn_rs2_top_gmem9_m_axi_store(CO...
Compiling module xil_defaultlib.gdn_rs2_top_gmem9_m_axi_reg_slic...
Compiling module xil_defaultlib.gdn_rs2_top_gmem9_m_axi_burst_se...
Compiling module xil_defaultlib.gdn_rs2_top_gmem9_m_axi_reg_slic...
Compiling module xil_defaultlib.gdn_rs2_top_gmem9_m_axi_srl(DATA...
Compiling module xil_defaultlib.gdn_rs2_top_gmem9_m_axi_fifo(DAT...
Compiling module xil_defaultlib.gdn_rs2_top_gmem9_m_axi_reg_slic...
Compiling module xil_defaultlib.gdn_rs2_top_gmem9_m_axi_throttle...
Compiling module xil_defaultlib.gdn_rs2_top_gmem9_m_axi_reg_slic...
Compiling module xil_defaultlib.gdn_rs2_top_gmem9_m_axi_write(CO...
Compiling module xil_defaultlib.gdn_rs2_top_gmem9_m_axi(C_M_AXI_...
Compiling module xil_defaultlib.gdn_rs2_top
Compiling module xil_defaultlib.misc_interface_default
Compiling module xil_defaultlib.svr_if(DATA_WIDTH=4)
Compiling module xil_defaultlib.axi_if(ADDR_WIDTH=64,STRB_WIDTH=...
Compiling module xil_defaultlib.axi_if(ADDR_WIDTH=64,LEN_WIDTH=8...
Compiling module xil_defaultlib.axi_if(ADDR_WIDTH=6,STRB_WIDTH=4...
Compiling module xil_defaultlib.axi_if(ADDR_WIDTH=9,STRB_WIDTH=4...
Compiling module xil_defaultlib.sv_module_top
Compiling module xil_defaultlib.nodf_module_intf_default
Compiling module xil_defaultlib.pp_loop_intf(FSM_WIDTH=4)
Compiling module xil_defaultlib.seq_loop_intf(FSM_WIDTH=330)
Compiling module xil_defaultlib.seq_loop_intf(FSM_WIDTH=59)
Compiling module xil_defaultlib.seq_loop_intf(FSM_WIDTH=33)
Compiling module xil_defaultlib.seq_loop_intf(FSM_WIDTH=3)
Compiling module xil_defaultlib.seq_loop_intf(FSM_WIDTH=14)
Compiling module xil_defaultlib.seq_loop_intf(FSM_WIDTH=4)
Compiling module xil_defaultlib.seq_loop_intf(FSM_WIDTH=44)
Compiling module xil_defaultlib.seq_loop_intf(FSM_WIDTH=40)
Compiling module xil_defaultlib.seq_loop_intf(FSM_WIDTH=28)
Compiling module xil_defaultlib.seq_loop_intf(FSM_WIDTH=13)
Compiling module xil_defaultlib.upc_loop_intf(FSM_WIDTH=1)
Compiling module xil_defaultlib.upc_loop_intf(FSM_WIDTH=10)
Compiling module xil_defaultlib.upc_loop_intf(FSM_WIDTH=20)
Compiling module xil_defaultlib.upc_loop_intf(FSM_WIDTH=12)
Compiling module xil_defaultlib.dataflow_monitor_1
Compiling module xil_defaultlib.apatb_gdn_rs2_top_top
Compiling module xil_defaultlib.glbl
Built simulation snapshot gdn_rs2_top
