Copyright 1986-2022 Xilinx, Inc. All Rights Reserved. Copyright 2022-2025 Advanced Micro Devices, Inc. All Rights Reserved.
-------------------------------------------------------------------------------------------------------------------------------------------------------------------
| Tool Version : Vivado v.2025.2 (win64) Build 6299465 Fri Nov 14 19:35:11 GMT 2025
| Date         : Mon Aug 10 05:32:37 2026
| Host         : Tyler running 64-bit major release  (build 9200)
| Command      : report_design_analysis -timing -logic_level_distribution -file X:/reports/vivado/experiments/rs2_partial_layer_banks_20260810/design_analysis.rpt
| Design       : gdn_rs2_top
| Device       : xcu55c
| Design State : Routed
-------------------------------------------------------------------------------------------------------------------------------------------------------------------

Report Design Analysis

Table of Contents
-----------------
1. Setup Path Characteristics 1-1
2. Logic Level Distribution

1. Setup Path Characteristics 1-1
---------------------------------

+---------------------------+------------------------------------------------------------------------+
|      Characteristics      |                                 Path #1                                |
+---------------------------+------------------------------------------------------------------------+
| Requirement               | 4.000                                                                  |
| Path Delay                | 5.085                                                                  |
| Logic Delay               | 0.373(8%)                                                              |
| Net Delay                 | 4.712(92%)                                                             |
| Clock Skew                | 0.240                                                                  |
| Slack                     | -1.621                                                                 |
| Clock Uncertainty         | 0.035                                                                  |
| Clock Pair Classification | Partial False Path                                                     |
| Clock Delay Group         | Same Clock                                                             |
| Logic Levels              | 5                                                                      |
| Routes                    | 6                                                                      |
| Logical Path              | FDSE/C-(12)-LUT3-(4)-LUT6-(2)-LUT4-(4)-LUT6-(41)-LUT6-(4)-URAM288/EN_A |
| Start Point Clock         | ap_clk                                                                 |
| End Point Clock           | ap_clk                                                                 |
| DSP Block                 | None                                                                   |
| RAM Registers             | None-IREG_PRE(0)-REG_CAS(0)                                            |
| IO Crossings              | 2                                                                      |
| SLR Crossings             | 1                                                                      |
| PBlocks                   | 0                                                                      |
| High Fanout               | 41                                                                     |
| ASYNC REG                 | 0                                                                      |
| Dont Touch                | 0                                                                      |
| Mark Debug                | 0                                                                      |
| Start Point Pin Primitive | FDSE/C                                                                 |
| End Point Pin Primitive   | URAM288/EN_A                                                           |
| Start Point Pin           | full_n_reg/C                                                           |
| End Point Pin             | ram_reg_uram_23/EN_A                                                   |
+---------------------------+------------------------------------------------------------------------+
* Bounding box calculated as % of dimensions for the target device (5130, 1566)


2. Logic Level Distribution
---------------------------

+-----------------+-------------+---+----+-----+-----+-----+----+
| End Point Clock | Requirement | 1 |  2 |  3  |  4  |  5  |  6 |
+-----------------+-------------+---+----+-----+-----+-----+----+
| ap_clk          | 4.000ns     | 1 | 43 | 219 | 463 | 244 | 30 |
+-----------------+-------------+---+----+-----+-----+-----+----+
* Columns represent the logic levels per end point clock
** Distribution is for top worst 1000 paths


