Copyright 1986-2022 Xilinx, Inc. All Rights Reserved. Copyright 2022-2025 Advanced Micro Devices, Inc. All Rights Reserved.
-------------------------------------------------------------------------------------------------------------------------------------------------------------------------------------------------
| Tool Version      : Vivado v.2025.2 (win64) Build 6299465 Fri Nov 14 19:35:11 GMT 2025
| Date              : Mon Aug 10 05:31:20 2026
| Host              : Tyler running 64-bit major release  (build 9200)
| Command           : report_timing_summary -delay_type min_max -report_unconstrained -check_timing_verbose -file X:/reports/vivado/experiments/rs2_partial_layer_banks_20260810/impl_timing.rpt
| Design            : gdn_rs2_top
| Device            : xcu55c-fsvh2892
| Speed File        : -2L  PRODUCTION 1.30 05-01-2022
| Design State      : Routed
| Temperature Grade : E
-------------------------------------------------------------------------------------------------------------------------------------------------------------------------------------------------

Timing Summary Report

------------------------------------------------------------------------------------------------
| Timer Settings
| --------------
------------------------------------------------------------------------------------------------

  Enable Multi Corner Analysis               :  Yes
  Enable Pessimism Removal                   :  Yes
  Pessimism Removal Resolution               :  Nearest Common Node
  Enable Input Delay Default Clock           :  No
  Enable Preset / Clear Arcs                 :  No
  Disable Flight Delays                      :  No
  Ignore I/O Paths                           :  No
  Timing Early Launch at Borrowing Latches   :  No
  Borrow Time for Max Delay Exceptions       :  Yes
  Merge Timing Exceptions                    :  Yes
  Inter-SLR Compensation                     :  Conservative

  Corner  Analyze    Analyze    
  Name    Max Paths  Min Paths  
  ------  ---------  ---------  
  Slow    Yes        Yes        
  Fast    Yes        Yes        


------------------------------------------------------------------------------------------------
| Report Methodology
| ------------------
------------------------------------------------------------------------------------------------

No report available as report_methodology has not been run prior. Run report_methodology on the current design for the summary of methodology violations.



check_timing report

Table of Contents
-----------------
1. checking no_clock (0)
2. checking constant_clock (0)
3. checking pulse_width_clock (0)
4. checking unconstrained_internal_endpoints (0)
5. checking no_input_delay (0)
6. checking no_output_delay (0)
7. checking multiple_clock (0)
8. checking generated_clocks (0)
9. checking loops (0)
10. checking partial_input_delay (0)
11. checking partial_output_delay (0)
12. checking latch_loops (0)

1. checking no_clock (0)
------------------------
 There are 0 register/latch pins with no clock.


2. checking constant_clock (0)
------------------------------
 There are 0 register/latch pins with constant_clock.


3. checking pulse_width_clock (0)
---------------------------------
 There are 0 register/latch pins which need pulse_width check


4. checking unconstrained_internal_endpoints (0)
------------------------------------------------
 There are 0 pins that are not constrained for maximum delay.

 There are 0 pins that are not constrained for maximum delay due to constant clock.


5. checking no_input_delay (0)
------------------------------
 There are 0 input ports with no input delay specified.

 There are 0 input ports with no input delay but user has a false path constraint.


6. checking no_output_delay (0)
-------------------------------
 There are 0 ports with no output delay specified.

 There are 0 ports with no output delay but user has a false path constraint

 There are 0 ports with no output delay but with a timing clock defined on it or propagating through it


7. checking multiple_clock (0)
------------------------------
 There are 0 register/latch pins with multiple clocks.


8. checking generated_clocks (0)
--------------------------------
 There are 0 generated clocks that are not connected to a clock source.


9. checking loops (0)
---------------------
 There are 0 combinational loops in the design.


10. checking partial_input_delay (0)
------------------------------------
 There are 0 input ports with partial input delay specified.


11. checking partial_output_delay (0)
-------------------------------------
 There are 0 ports with partial output delay specified.


12. checking latch_loops (0)
----------------------------
 There are 0 combinational latch loops in the design through latch input



------------------------------------------------------------------------------------------------
| Design Timing Summary
| ---------------------
------------------------------------------------------------------------------------------------

    WNS(ns)      TNS(ns)  TNS Failing Endpoints  TNS Total Endpoints      WHS(ns)      THS(ns)  THS Failing Endpoints  THS Total Endpoints     WPWS(ns)     TPWS(ns)  TPWS Failing Endpoints  TPWS Total Endpoints  
    -------      -------  ---------------------  -------------------      -------      -------  ---------------------  -------------------     --------     --------  ----------------------  --------------------  
     -1.621   -24890.834                  44629               226715        0.010        0.000                      0               226302        1.300        0.000                       0                 78038  


Timing constraints are not met.


------------------------------------------------------------------------------------------------
| Clock Summary
| -------------
------------------------------------------------------------------------------------------------

Clock   Waveform(ns)         Period(ns)      Frequency(MHz)
-----   ------------         ----------      --------------
ap_clk  {0.000 2.000}        4.000           250.000         


------------------------------------------------------------------------------------------------
| Intra Clock Table
| -----------------
------------------------------------------------------------------------------------------------

Clock             WNS(ns)      TNS(ns)  TNS Failing Endpoints  TNS Total Endpoints      WHS(ns)      THS(ns)  THS Failing Endpoints  THS Total Endpoints     WPWS(ns)     TPWS(ns)  TPWS Failing Endpoints  TPWS Total Endpoints  
-----             -------      -------  ---------------------  -------------------      -------      -------  ---------------------  -------------------     --------     --------  ----------------------  --------------------  
ap_clk             -1.621   -24890.834                  44629               226715        0.010        0.000                      0               226302        1.300        0.000                       0                 78038  


------------------------------------------------------------------------------------------------
| Inter Clock Table
| -----------------
------------------------------------------------------------------------------------------------

From Clock    To Clock          WNS(ns)      TNS(ns)  TNS Failing Endpoints  TNS Total Endpoints      WHS(ns)      THS(ns)  THS Failing Endpoints  THS Total Endpoints  
----------    --------          -------      -------  ---------------------  -------------------      -------      -------  ---------------------  -------------------  


------------------------------------------------------------------------------------------------
| Other Path Groups Table
| -----------------------
------------------------------------------------------------------------------------------------

Path Group    From Clock    To Clock          WNS(ns)      TNS(ns)  TNS Failing Endpoints  TNS Total Endpoints      WHS(ns)      THS(ns)  THS Failing Endpoints  THS Total Endpoints  
----------    ----------    --------          -------      -------  ---------------------  -------------------      -------      -------  ---------------------  -------------------  


------------------------------------------------------------------------------------------------
| User Ignored Path Table
| -----------------------
------------------------------------------------------------------------------------------------

Path Group    From Clock    To Clock    
----------    ----------    --------    
(none)        ap_clk        ap_clk        


------------------------------------------------------------------------------------------------
| Unconstrained Path Table
| ------------------------
------------------------------------------------------------------------------------------------

Path Group    From Clock    To Clock    
----------    ----------    --------    


------------------------------------------------------------------------------------------------
| Timing Details
| --------------
------------------------------------------------------------------------------------------------


---------------------------------------------------------------------------------------------------
From Clock:  ap_clk
  To Clock:  ap_clk

Setup :        44629  Failing Endpoints,  Worst Slack       -1.621ns,  Total Violation   -24890.835ns
Hold  :            0  Failing Endpoints,  Worst Slack        0.010ns,  Total Violation        0.000ns
PW    :            0  Failing Endpoints,  Worst Slack        1.300ns,  Total Violation        0.000ns
---------------------------------------------------------------------------------------------------


Max Delay Paths
--------------------------------------------------------------------------------------
Slack (VIOLATED) :        -1.621ns  (required time - arrival time)
  Source:                 gmem4_m_axi_U/load_unit_0/fifo_rreq/full_n_reg/C
                            (rising edge-triggered cell FDSE clocked by ap_clk  {rise@0.000ns fall@2.000ns period=4.000ns})
  Destination:            grp_gdn_rs2_top_impl_fu_582/gdn_rs2_top_impl_unsigned_char_unsigned_short_unsigned_char_unsigned_char_ap_uin_9_U/ram_reg_uram_23/EN_A
                            (rising edge-triggered cell URAM288 clocked by ap_clk  {rise@0.000ns fall@2.000ns period=4.000ns})
  Path Group:             ap_clk
  Path Type:              Setup (Max at Slow Process Corner)
  Requirement:            4.000ns  (ap_clk rise@4.000ns - ap_clk rise@0.000ns)
  Data Path Delay:        5.085ns  (logic 0.373ns (7.335%)  route 4.712ns (92.665%))
  Logic Levels:           5  (LUT3=1 LUT4=1 LUT6=3)
  Clock Path Skew:        0.240ns (DCD - SCD + CPR)
    Destination Clock Delay (DCD):    3.311ns = ( 7.311 - 4.000 ) 
    Source Clock Delay      (SCD):    3.219ns
    Clock Pessimism Removal (CPR):    0.148ns
  Clock Uncertainty:      0.035ns  ((TSJ^2 + TIJ^2)^1/2 + DJ) / 2 + PE
    Total System Jitter     (TSJ):    0.071ns
    Total Input Jitter      (TIJ):    0.000ns
    Discrete Jitter          (DJ):    0.000ns
    Phase Error              (PE):    0.000ns
  Inter-SLR Compensation: 0.282ns  ((DCD - CCD) * PF)
    Destination Clock Delay (DCD):    3.311ns
    Common Clock Delay      (CCD):    1.430ns
    Prorating Factor         (PF):    0.150
  Clock Net Delay (Source):      3.148ns (routing 1.458ns, distribution 1.690ns)
  Clock Net Delay (Destination): 3.251ns (routing 1.325ns, distribution 1.926ns)

    Location             Delay type                Incr(ns)  Path(ns)    Netlist Resource(s)
  -------------------------------------------------------------------    -------------------
                         (clock ap_clk rise edge)     0.000     0.000 r  
                                                      0.000     0.000 r  ap_clk (IN)
                         net (fo=0)                   0.043     0.043    ap_clk
    BUFGCE_X0Y0          BUFGCE (Prop_BUFCE_BUFGCE_I_O)
                                                      0.028     0.071 r  ooc_ap_clk_bufg/O
    X3Y4 (CLOCK_ROOT)    net (fo=78105, routed)       3.148     3.219    gmem4_m_axi_U/load_unit_0/fifo_rreq/ooc_ap_clk_global
    SLR Crossing[0->1]   
    SLICE_X117Y299       FDSE                                         r  gmem4_m_axi_U/load_unit_0/fifo_rreq/full_n_reg/C
  -------------------------------------------------------------------    -------------------
    SLICE_X117Y299       FDSE (Prop_DFF_SLICEL_C_Q)
                                                      0.079     3.298 r  gmem4_m_axi_U/load_unit_0/fifo_rreq/full_n_reg/Q
                         net (fo=12, routed)          0.108     3.406    grp_gdn_rs2_top_impl_fu_582/grp_p_anonymous_namespace_load_snapshot_fu_9481/gmem4_0_ARREADY
    SLICE_X117Y300       LUT3 (Prop_A6LUT_SLICEL_I1_O)
                                                      0.098     3.504 r  grp_gdn_rs2_top_impl_fu_582/grp_p_anonymous_namespace_load_snapshot_fu_9481/ap_CS_fsm[15]_i_1__1/O
                         net (fo=4, routed)           0.399     3.903    grp_gdn_rs2_top_impl_fu_582/grp_p_anonymous_namespace_reset_slot_fu_9545/ram_reg_mux_sel_29_i_6_0[0]
    SLICE_X116Y300       LUT6 (Prop_B6LUT_SLICEL_I1_O)
                                                      0.036     3.939 r  grp_gdn_rs2_top_impl_fu_582/grp_p_anonymous_namespace_reset_slot_fu_9545/ram_reg_uram_5_i_115/O
                         net (fo=2, routed)           0.046     3.985    grp_gdn_rs2_top_impl_fu_582/grp_p_anonymous_namespace_reset_slot_fu_9545/ram_reg_uram_5_i_115_n_0
    SLICE_X116Y300       LUT4 (Prop_E6LUT_SLICEL_I0_O)
                                                      0.035     4.020 f  grp_gdn_rs2_top_impl_fu_582/grp_p_anonymous_namespace_reset_slot_fu_9545/ram_reg_mux_sel_29_i_6/O
                         net (fo=4, routed)           1.481     5.501    grp_gdn_rs2_top_impl_fu_582/grp_p_anonymous_namespace_reset_slot_fu_9545/ram_reg_mux_sel_29_i_6_n_0
    SLR Crossing[1->0]   
    SLICE_X112Y186       LUT6 (Prop_G6LUT_SLICEL_I4_O)
                                                      0.035     5.536 r  grp_gdn_rs2_top_impl_fu_582/grp_p_anonymous_namespace_reset_slot_fu_9545/ram_reg_mux_sel_29_i_1__6_comp/O
                         net (fo=41, routed)          0.634     6.170    grp_gdn_rs2_top_impl_fu_582/grp_p_anonymous_namespace_reset_slot_fu_9545/trunc_ln1073_reg_13348_reg[2]_rep_0
    SLICE_X114Y133       LUT6 (Prop_G6LUT_SLICEM_I0_O)
                                                      0.090     6.260 r  grp_gdn_rs2_top_impl_fu_582/grp_p_anonymous_namespace_reset_slot_fu_9545/ram_reg_uram_23_i_1__7/O
                         net (fo=4, routed)           2.044     8.304    grp_gdn_rs2_top_impl_fu_582/gdn_rs2_top_impl_unsigned_char_unsigned_short_unsigned_char_unsigned_char_ap_uin_9_U/word_reg_13620[0]_i_52_1
    URAM288_X4Y19        URAM288                                      r  grp_gdn_rs2_top_impl_fu_582/gdn_rs2_top_impl_unsigned_char_unsigned_short_unsigned_char_unsigned_char_ap_uin_9_U/ram_reg_uram_23/EN_A
  -------------------------------------------------------------------    -------------------

                         (clock ap_clk rise edge)     4.000     4.000 r  
                                                      0.000     4.000 r  ap_clk (IN)
                         net (fo=0)                   0.036     4.036    ap_clk
    BUFGCE_X0Y0          BUFGCE (Prop_BUFCE_BUFGCE_I_O)
                                                      0.024     4.060 r  ooc_ap_clk_bufg/O
    X3Y4 (CLOCK_ROOT)    net (fo=78105, routed)       3.251     7.311    grp_gdn_rs2_top_impl_fu_582/gdn_rs2_top_impl_unsigned_char_unsigned_short_unsigned_char_unsigned_char_ap_uin_9_U/ooc_ap_clk_global
    URAM288_X4Y19        URAM288                                      r  grp_gdn_rs2_top_impl_fu_582/gdn_rs2_top_impl_unsigned_char_unsigned_short_unsigned_char_unsigned_char_ap_uin_9_U/ram_reg_uram_23/CLK
                         clock pessimism              0.148     7.459    
                         inter-SLR compensation      -0.282     7.177    
                         clock uncertainty           -0.035     7.141    
    URAM288_X4Y19        URAM288 (Setup_URAM_288K_INST_URAM288_CLK_EN_A)
                                                     -0.458     6.683    grp_gdn_rs2_top_impl_fu_582/gdn_rs2_top_impl_unsigned_char_unsigned_short_unsigned_char_unsigned_char_ap_uin_9_U/ram_reg_uram_23
  -------------------------------------------------------------------
                         required time                          6.683    
                         arrival time                          -8.304    
  -------------------------------------------------------------------
                         slack                                 -1.621    





Min Delay Paths
--------------------------------------------------------------------------------------
Slack (MET) :             0.010ns  (arrival time - required time)
  Source:                 gmem15_m_axi_U/store_unit_0/tmp_addr_reg[20]/C
                            (rising edge-triggered cell FDRE clocked by ap_clk  {rise@0.000ns fall@2.000ns period=4.000ns})
  Destination:            gmem15_m_axi_U/bus_write/wreq_burst_conv/burst_sequential/rs_req/data_p2_reg[20]/D
                            (rising edge-triggered cell FDRE clocked by ap_clk  {rise@0.000ns fall@2.000ns period=4.000ns})
  Path Group:             ap_clk
  Path Type:              Hold (Min at Slow Process Corner)
  Requirement:            0.000ns  (ap_clk rise@0.000ns - ap_clk rise@0.000ns)
  Data Path Delay:        0.174ns  (logic 0.058ns (33.333%)  route 0.116ns (66.667%))
  Logic Levels:           0  
  Clock Path Skew:        0.103ns (DCD - SCD - CPR)
    Destination Clock Delay (DCD):    3.338ns
    Source Clock Delay      (SCD):    2.981ns
    Clock Pessimism Removal (CPR):    0.254ns
  Clock Net Delay (Source):      2.921ns (routing 1.325ns, distribution 1.596ns)
  Clock Net Delay (Destination): 3.267ns (routing 1.458ns, distribution 1.809ns)

    Location             Delay type                Incr(ns)  Path(ns)    Netlist Resource(s)
  -------------------------------------------------------------------    -------------------
                         (clock ap_clk rise edge)     0.000     0.000 r  
                                                      0.000     0.000 r  ap_clk (IN)
                         net (fo=0)                   0.036     0.036    ap_clk
    BUFGCE_X0Y0          BUFGCE (Prop_BUFCE_BUFGCE_I_O)
                                                      0.024     0.060 r  ooc_ap_clk_bufg/O
    X3Y4 (CLOCK_ROOT)    net (fo=78105, routed)       2.921     2.981    gmem15_m_axi_U/store_unit_0/ooc_ap_clk_global
    SLR Crossing[0->1]   
    SLICE_X127Y383       FDRE                                         r  gmem15_m_axi_U/store_unit_0/tmp_addr_reg[20]/C
  -------------------------------------------------------------------    -------------------
    SLICE_X127Y383       FDRE (Prop_AFF_SLICEL_C_Q)
                                                      0.058     3.039 r  gmem15_m_axi_U/store_unit_0/tmp_addr_reg[20]/Q
                         net (fo=2, routed)           0.116     3.155    gmem15_m_axi_U/bus_write/wreq_burst_conv/burst_sequential/rs_req/data_p2_reg[95]_0[17]
    SLICE_X128Y384       FDRE                                         r  gmem15_m_axi_U/bus_write/wreq_burst_conv/burst_sequential/rs_req/data_p2_reg[20]/D
  -------------------------------------------------------------------    -------------------

                         (clock ap_clk rise edge)     0.000     0.000 r  
                                                      0.000     0.000 r  ap_clk (IN)
                         net (fo=0)                   0.043     0.043    ap_clk
    BUFGCE_X0Y0          BUFGCE (Prop_BUFCE_BUFGCE_I_O)
                                                      0.028     0.071 r  ooc_ap_clk_bufg/O
    X3Y4 (CLOCK_ROOT)    net (fo=78105, routed)       3.267     3.338    gmem15_m_axi_U/bus_write/wreq_burst_conv/burst_sequential/rs_req/ooc_ap_clk_global
    SLR Crossing[0->1]   
    SLICE_X128Y384       FDRE                                         r  gmem15_m_axi_U/bus_write/wreq_burst_conv/burst_sequential/rs_req/data_p2_reg[20]/C
                         clock pessimism             -0.254     3.084    
    SLICE_X128Y384       FDRE (Hold_DFF2_SLICEM_C_D)
                                                      0.061     3.145    gmem15_m_axi_U/bus_write/wreq_burst_conv/burst_sequential/rs_req/data_p2_reg[20]
  -------------------------------------------------------------------
                         required time                         -3.145    
                         arrival time                           3.155    
  -------------------------------------------------------------------
                         slack                                  0.010    





Pulse Width Checks
--------------------------------------------------------------------------------------
Clock Name:         ap_clk
Waveform(ns):       { 0.000 2.000 }
Period(ns):         4.000
Sources:            { ap_clk }

Check Type        Corner  Lib Pin      Reference Pin  Required(ns)  Actual(ns)  Slack(ns)  Location       Pin
Min Period        n/a     URAM288/CLK  n/a            2.000         4.000       2.000      URAM288_X3Y16  grp_gdn_rs2_top_impl_fu_582/gdn_rs2_top_impl_unsigned_char_unsigned_short_unsigned_char_unsigned_char_ap_uin_10_U/ram_reg_uram_10/CLK
Low Pulse Width   Slow    URAM288/CLK  n/a            0.700         2.000       1.300      URAM288_X3Y16  grp_gdn_rs2_top_impl_fu_582/gdn_rs2_top_impl_unsigned_char_unsigned_short_unsigned_char_unsigned_char_ap_uin_10_U/ram_reg_uram_10/CLK
High Pulse Width  Slow    URAM288/CLK  n/a            0.700         2.000       1.300      URAM288_X3Y16  grp_gdn_rs2_top_impl_fu_582/gdn_rs2_top_impl_unsigned_char_unsigned_short_unsigned_char_unsigned_char_ap_uin_10_U/ram_reg_uram_10/CLK



--------------------------------------------------------------------------------------
Path Group:  (none)
From Clock:  ap_clk
  To Clock:  ap_clk

Max Delay         21214 Endpoints
Min Delay         36154 Endpoints
--------------------------------------------------------------------------------------


Max Delay Paths
--------------------------------------------------------------------------------------
Slack:                    inf
  Source:                 ap_rst_n
                            (input port clocked by ap_clk  {rise@0.000ns fall@2.000ns period=4.000ns})
  Destination:            gmem9_m_axi_U/bus_write/wreq_throttle/local_BUS_WDATA_reg[20]/CE
                            (rising edge-triggered cell FDRE clocked by ap_clk  {rise@0.000ns fall@2.000ns period=4.000ns})
  Path Group:             (none)
  Path Type:              Setup (Max at Slow Process Corner)
  Data Path Delay:        2.848ns  (logic 0.096ns (3.370%)  route 2.752ns (96.630%))
  Logic Levels:           1  (LUT2=1)
  Input Delay:            1.000ns
  Clock Path Skew:        2.947ns (DCD - SCD + CPR)
    Destination Clock Delay (DCD):    2.947ns
    Source Clock Delay      (SCD):    0.000ns
    Clock Pessimism Removal (CPR):    0.000ns
  Clock Uncertainty:      0.035ns  ((TSJ^2 + TIJ^2)^1/2 + DJ) / 2 + PE
    Total System Jitter     (TSJ):    0.071ns
    Total Input Jitter      (TIJ):    0.000ns
    Discrete Jitter          (DJ):    0.000ns
    Phase Error              (PE):    0.000ns
  Clock Net Delay (Destination): 2.887ns (routing 1.325ns, distribution 1.562ns)
  Timing Exception:       False Path

    Location             Delay type                Incr(ns)  Path(ns)    Netlist Resource(s)
  -------------------------------------------------------------------    -------------------
                         (clock ap_clk rise edge)     0.000     0.000 r  
                         input delay                  1.000     1.000    
                                                      0.000     1.000 f  ap_rst_n (IN)
                         net (fo=20079, unset)        0.000     1.000    gmem9_m_axi_U/bus_write/wreq_throttle/rs_req/ap_rst_n
    SLICE_X136Y360       LUT2 (Prop_D5LUT_SLICEL_I0_O)
                                                      0.096     1.096 r  gmem9_m_axi_U/bus_write/wreq_throttle/rs_req/local_BUS_WDATA[31]_i_2__2/O
                         net (fo=36, routed)          2.752     3.848    gmem9_m_axi_U/bus_write/wreq_throttle/local_BUS_WSTRB[0]
    SLICE_X56Y327        FDRE                                         r  gmem9_m_axi_U/bus_write/wreq_throttle/local_BUS_WDATA_reg[20]/CE
  -------------------------------------------------------------------    -------------------

                         (clock ap_clk rise edge)     0.000     0.000 r  
                                                      0.000     0.000 r  ap_clk (IN)
                         net (fo=0)                   0.036     0.036    ap_clk
    BUFGCE_X0Y0          BUFGCE (Prop_BUFCE_BUFGCE_I_O)
                                                      0.024     0.060 r  ooc_ap_clk_bufg/O
    X3Y4 (CLOCK_ROOT)    net (fo=78105, routed)       2.887     2.947    gmem9_m_axi_U/bus_write/wreq_throttle/ooc_ap_clk_global
    SLR Crossing[0->1]   
    SLICE_X56Y327        FDRE                                         r  gmem9_m_axi_U/bus_write/wreq_throttle/local_BUS_WDATA_reg[20]/C





Min Delay Paths
--------------------------------------------------------------------------------------
Slack:                    inf
  Source:                 s_axi_control_r_AWADDR[7]
                            (input port clocked by ap_clk  {rise@0.000ns fall@2.000ns period=4.000ns})
  Destination:            control_r_s_axi_U/waddr_reg[7]/D
                            (rising edge-triggered cell FDRE clocked by ap_clk  {rise@0.000ns fall@2.000ns period=4.000ns})
  Path Group:             (none)
  Path Type:              Hold (Min at Fast Process Corner)
  Data Path Delay:        0.007ns  (logic 0.000ns (0.000%)  route 0.007ns (100.001%))
  Logic Levels:           0  
  Input Delay:            1.000ns
  Clock Path Skew:        2.066ns (DCD - SCD - CPR)
    Destination Clock Delay (DCD):    2.066ns
    Source Clock Delay      (SCD):    0.000ns
    Clock Pessimism Removal (CPR):    -0.000ns
  Clock Uncertainty:      0.035ns  ((TSJ^2 + TIJ^2)^1/2 + DJ) / 2 + PE
    Total System Jitter     (TSJ):    0.071ns
    Total Input Jitter      (TIJ):    0.000ns
    Discrete Jitter          (DJ):    0.000ns
    Phase Error              (PE):    0.000ns
  Clock Net Delay (Destination): 2.017ns (routing 0.892ns, distribution 1.125ns)
  Timing Exception:       False Path

    Location             Delay type                Incr(ns)  Path(ns)    Netlist Resource(s)
  -------------------------------------------------------------------    -------------------
                         (clock ap_clk rise edge)     0.000     0.000 r  
                         input delay                  1.000     1.000    
                                                      0.000     1.000 r  s_axi_control_r_AWADDR[7] (IN)
                         net (fo=0)                   0.007     1.007    control_r_s_axi_U/s_axi_control_r_AWADDR[5]
    SLICE_X132Y377       FDRE                                         r  control_r_s_axi_U/waddr_reg[7]/D
  -------------------------------------------------------------------    -------------------

                         (clock ap_clk rise edge)     0.000     0.000 r  
                                                      0.000     0.000 r  ap_clk (IN)
                         net (fo=0)                   0.030     0.030    ap_clk
    BUFGCE_X0Y0          BUFGCE (Prop_BUFCE_BUFGCE_I_O)
                                                      0.019     0.049 r  ooc_ap_clk_bufg/O
    X3Y4 (CLOCK_ROOT)    net (fo=78105, routed)       2.017     2.066    control_r_s_axi_U/ooc_ap_clk_global
    SLR Crossing[0->1]   
    SLICE_X132Y377       FDRE                                         r  control_r_s_axi_U/waddr_reg[7]/C





