Copyright 1986-2022 Xilinx, Inc. All Rights Reserved. Copyright 2022-2025 Advanced Micro Devices, Inc. All Rights Reserved.
---------------------------------------------------------------------------------------------------------------------------------------------------------------------------------------------------------
| Tool Version      : Vivado v.2025.2 (win64) Build 6299465 Fri Nov 14 19:35:11 GMT 2025
| Date              : Mon Aug 10 20:18:07 2026
| Host              : Tyler running 64-bit major release  (build 9200)
| Command           : report_timing_summary -delay_type min_max -report_unconstrained -check_timing_verbose -file X:/reports/vivado/experiments/rs2_fold_write_address_fanout16_20260810/impl_timing.rpt
| Design            : gdn_rs2_top
| Device            : xcu55c-fsvh2892
| Speed File        : -2L  PRODUCTION 1.30 05-01-2022
| Design State      : Routed
| Temperature Grade : E
---------------------------------------------------------------------------------------------------------------------------------------------------------------------------------------------------------

Timing Summary Report

------------------------------------------------------------------------------------------------
| Timer Settings
| --------------
------------------------------------------------------------------------------------------------

  Enable Multi Corner Analysis               :  Yes
  Enable Pessimism Removal                   :  Yes
  Pessimism Removal Resolution               :  Nearest Common Node
  Enable Input Delay Default Clock           :  No
  Enable Preset / Clear Arcs                 :  No
  Disable Flight Delays                      :  No
  Ignore I/O Paths                           :  No
  Timing Early Launch at Borrowing Latches   :  No
  Borrow Time for Max Delay Exceptions       :  Yes
  Merge Timing Exceptions                    :  Yes
  Inter-SLR Compensation                     :  Conservative

  Corner  Analyze    Analyze    
  Name    Max Paths  Min Paths  
  ------  ---------  ---------  
  Slow    Yes        Yes        
  Fast    Yes        Yes        


------------------------------------------------------------------------------------------------
| Report Methodology
| ------------------
------------------------------------------------------------------------------------------------

No report available as report_methodology has not been run prior. Run report_methodology on the current design for the summary of methodology violations.



check_timing report

Table of Contents
-----------------
1. checking no_clock (0)
2. checking constant_clock (0)
3. checking pulse_width_clock (0)
4. checking unconstrained_internal_endpoints (0)
5. checking no_input_delay (0)
6. checking no_output_delay (0)
7. checking multiple_clock (0)
8. checking generated_clocks (0)
9. checking loops (0)
10. checking partial_input_delay (0)
11. checking partial_output_delay (0)
12. checking latch_loops (0)

1. checking no_clock (0)
------------------------
 There are 0 register/latch pins with no clock.


2. checking constant_clock (0)
------------------------------
 There are 0 register/latch pins with constant_clock.


3. checking pulse_width_clock (0)
---------------------------------
 There are 0 register/latch pins which need pulse_width check


4. checking unconstrained_internal_endpoints (0)
------------------------------------------------
 There are 0 pins that are not constrained for maximum delay.

 There are 0 pins that are not constrained for maximum delay due to constant clock.


5. checking no_input_delay (0)
------------------------------
 There are 0 input ports with no input delay specified.

 There are 0 input ports with no input delay but user has a false path constraint.


6. checking no_output_delay (0)
-------------------------------
 There are 0 ports with no output delay specified.

 There are 0 ports with no output delay but user has a false path constraint

 There are 0 ports with no output delay but with a timing clock defined on it or propagating through it


7. checking multiple_clock (0)
------------------------------
 There are 0 register/latch pins with multiple clocks.


8. checking generated_clocks (0)
--------------------------------
 There are 0 generated clocks that are not connected to a clock source.


9. checking loops (0)
---------------------
 There are 0 combinational loops in the design.


10. checking partial_input_delay (0)
------------------------------------
 There are 0 input ports with partial input delay specified.


11. checking partial_output_delay (0)
-------------------------------------
 There are 0 ports with partial output delay specified.


12. checking latch_loops (0)
----------------------------
 There are 0 combinational latch loops in the design through latch input



------------------------------------------------------------------------------------------------
| Design Timing Summary
| ---------------------
------------------------------------------------------------------------------------------------

    WNS(ns)      TNS(ns)  TNS Failing Endpoints  TNS Total Endpoints      WHS(ns)      THS(ns)  THS Failing Endpoints  THS Total Endpoints     WPWS(ns)     TPWS(ns)  TPWS Failing Endpoints  TPWS Total Endpoints  
    -------      -------  ---------------------  -------------------      -------      -------  ---------------------  -------------------     --------     --------  ----------------------  --------------------  
     -1.453   -18473.637                  35126               223105        0.010        0.000                      0               222692        1.300        0.000                       0                 76428  


Timing constraints are not met.


------------------------------------------------------------------------------------------------
| Clock Summary
| -------------
------------------------------------------------------------------------------------------------

Clock   Waveform(ns)         Period(ns)      Frequency(MHz)
-----   ------------         ----------      --------------
ap_clk  {0.000 2.000}        4.000           250.000         


------------------------------------------------------------------------------------------------
| Intra Clock Table
| -----------------
------------------------------------------------------------------------------------------------

Clock             WNS(ns)      TNS(ns)  TNS Failing Endpoints  TNS Total Endpoints      WHS(ns)      THS(ns)  THS Failing Endpoints  THS Total Endpoints     WPWS(ns)     TPWS(ns)  TPWS Failing Endpoints  TPWS Total Endpoints  
-----             -------      -------  ---------------------  -------------------      -------      -------  ---------------------  -------------------     --------     --------  ----------------------  --------------------  
ap_clk             -1.453   -18473.637                  35126               223105        0.010        0.000                      0               222692        1.300        0.000                       0                 76428  


------------------------------------------------------------------------------------------------
| Inter Clock Table
| -----------------
------------------------------------------------------------------------------------------------

From Clock    To Clock          WNS(ns)      TNS(ns)  TNS Failing Endpoints  TNS Total Endpoints      WHS(ns)      THS(ns)  THS Failing Endpoints  THS Total Endpoints  
----------    --------          -------      -------  ---------------------  -------------------      -------      -------  ---------------------  -------------------  


------------------------------------------------------------------------------------------------
| Other Path Groups Table
| -----------------------
------------------------------------------------------------------------------------------------

Path Group    From Clock    To Clock          WNS(ns)      TNS(ns)  TNS Failing Endpoints  TNS Total Endpoints      WHS(ns)      THS(ns)  THS Failing Endpoints  THS Total Endpoints  
----------    ----------    --------          -------      -------  ---------------------  -------------------      -------      -------  ---------------------  -------------------  


------------------------------------------------------------------------------------------------
| User Ignored Path Table
| -----------------------
------------------------------------------------------------------------------------------------

Path Group    From Clock    To Clock    
----------    ----------    --------    
(none)        ap_clk        ap_clk        


------------------------------------------------------------------------------------------------
| Unconstrained Path Table
| ------------------------
------------------------------------------------------------------------------------------------

Path Group    From Clock    To Clock    
----------    ----------    --------    


------------------------------------------------------------------------------------------------
| Timing Details
| --------------
------------------------------------------------------------------------------------------------


---------------------------------------------------------------------------------------------------
From Clock:  ap_clk
  To Clock:  ap_clk

Setup :        35126  Failing Endpoints,  Worst Slack       -1.453ns,  Total Violation   -18473.636ns
Hold  :            0  Failing Endpoints,  Worst Slack        0.010ns,  Total Violation        0.000ns
PW    :            0  Failing Endpoints,  Worst Slack        1.300ns,  Total Violation        0.000ns
---------------------------------------------------------------------------------------------------


Max Delay Paths
--------------------------------------------------------------------------------------
Slack (VIOLATED) :        -1.453ns  (required time - arrival time)
  Source:                 grp_gdn_rs2_top_impl_fu_562/grp_p_anonymous_namespace_fold_log_if_full_fu_9368/grp_p_anonymous_namespace_fold_log_fu_207/grp_p_anonymous_namespace_quantize_fold_block_fu_8160/grp_p_anonymous_namespace_commit_fold_block_fu_2704/lshr_ln9_reg_369_reg[17]/C
                            (rising edge-triggered cell FDRE clocked by ap_clk  {rise@0.000ns fall@2.000ns period=4.000ns})
  Destination:            grp_gdn_rs2_top_impl_fu_562/resident_residual_U/ram_reg_uram_138/EN_A
                            (rising edge-triggered cell URAM288 clocked by ap_clk  {rise@0.000ns fall@2.000ns period=4.000ns})
  Path Group:             ap_clk
  Path Type:              Setup (Max at Slow Process Corner)
  Requirement:            4.000ns  (ap_clk rise@4.000ns - ap_clk rise@0.000ns)
  Data Path Delay:        5.091ns  (logic 0.327ns (6.422%)  route 4.764ns (93.577%))
  Logic Levels:           5  (LUT3=1 LUT4=1 LUT5=1 LUT6=2)
  Clock Path Skew:        0.437ns (DCD - SCD + CPR)
    Destination Clock Delay (DCD):    3.800ns = ( 7.800 - 4.000 ) 
    Source Clock Delay      (SCD):    3.547ns
    Clock Pessimism Removal (CPR):    0.184ns
  Clock Uncertainty:      0.035ns  ((TSJ^2 + TIJ^2)^1/2 + DJ) / 2 + PE
    Total System Jitter     (TSJ):    0.071ns
    Total Input Jitter      (TIJ):    0.000ns
    Discrete Jitter          (DJ):    0.000ns
    Phase Error              (PE):    0.000ns
  Inter-SLR Compensation: 0.305ns  ((DCD - CCD) * PF)
    Destination Clock Delay (DCD):    3.800ns
    Common Clock Delay      (CCD):    1.769ns
    Prorating Factor         (PF):    0.150
  Clock Net Delay (Source):      3.476ns (routing 1.882ns, distribution 1.594ns)
  Clock Net Delay (Destination): 3.740ns (routing 1.709ns, distribution 2.031ns)

    Location             Delay type                Incr(ns)  Path(ns)    Netlist Resource(s)
  -------------------------------------------------------------------    -------------------
                         (clock ap_clk rise edge)     0.000     0.000 r  
                                                      0.000     0.000 r  ap_clk (IN)
                         net (fo=0)                   0.043     0.043    ap_clk
    BUFGCE_X0Y0          BUFGCE (Prop_BUFCE_BUFGCE_I_O)
                                                      0.028     0.071 r  ooc_ap_clk_bufg/O
    X3Y6 (CLOCK_ROOT)    net (fo=76486, routed)       3.476     3.547    grp_gdn_rs2_top_impl_fu_562/grp_p_anonymous_namespace_fold_log_if_full_fu_9368/grp_p_anonymous_namespace_fold_log_fu_207/grp_p_anonymous_namespace_quantize_fold_block_fu_8160/grp_p_anonymous_namespace_commit_fold_block_fu_2704/ooc_ap_clk_global
    SLR Crossing[0->1]   
    SLICE_X112Y401       FDRE                                         r  grp_gdn_rs2_top_impl_fu_562/grp_p_anonymous_namespace_fold_log_if_full_fu_9368/grp_p_anonymous_namespace_fold_log_fu_207/grp_p_anonymous_namespace_quantize_fold_block_fu_8160/grp_p_anonymous_namespace_commit_fold_block_fu_2704/lshr_ln9_reg_369_reg[17]/C
  -------------------------------------------------------------------    -------------------
    SLICE_X112Y401       FDRE (Prop_DFF2_SLICEL_C_Q)
                                                      0.081     3.628 f  grp_gdn_rs2_top_impl_fu_562/grp_p_anonymous_namespace_fold_log_if_full_fu_9368/grp_p_anonymous_namespace_fold_log_fu_207/grp_p_anonymous_namespace_quantize_fold_block_fu_8160/grp_p_anonymous_namespace_commit_fold_block_fu_2704/lshr_ln9_reg_369_reg[17]/Q
                         net (fo=1, routed)           0.085     3.713    grp_gdn_rs2_top_impl_fu_562/grp_p_anonymous_namespace_fold_log_if_full_fu_9368/grp_p_anonymous_namespace_fold_log_fu_207/grp_p_anonymous_namespace_quantize_fold_block_fu_8160/grp_p_anonymous_namespace_commit_fold_block_fu_2704/lshr_ln9_reg_369[17]
    SLICE_X112Y402       LUT3 (Prop_H6LUT_SLICEL_I0_O)
                                                      0.090     3.803 f  grp_gdn_rs2_top_impl_fu_562/grp_p_anonymous_namespace_fold_log_if_full_fu_9368/grp_p_anonymous_namespace_fold_log_fu_207/grp_p_anonymous_namespace_quantize_fold_block_fu_8160/grp_p_anonymous_namespace_commit_fold_block_fu_2704/ram_reg_mux_sel_157_i_3__0/O
                         net (fo=1, routed)           0.039     3.842    grp_gdn_rs2_top_impl_fu_562/grp_p_anonymous_namespace_load_snapshot_fu_9143/grp_p_anonymous_namespace_fold_log_if_full_fu_9368_resident_residual_address0[17]
    SLICE_X112Y402       LUT5 (Prop_G6LUT_SLICEL_I3_O)
                                                      0.035     3.877 r  grp_gdn_rs2_top_impl_fu_562/grp_p_anonymous_namespace_load_snapshot_fu_9143/ram_reg_mux_sel_157_i_2__0/O
                         net (fo=1, routed)           0.331     4.208    grp_gdn_rs2_top_impl_fu_562/grp_p_anonymous_namespace_load_snapshot_fu_9143/ram_reg_mux_sel_157_i_2__0_n_0
    SLICE_X112Y428       LUT6 (Prop_D6LUT_SLICEL_I2_O)
                                                      0.050     4.258 f  grp_gdn_rs2_top_impl_fu_562/grp_p_anonymous_namespace_load_snapshot_fu_9143/ram_reg_mux_sel_157_i_1__0/O
                         net (fo=99, routed)          0.886     5.144    grp_gdn_rs2_top_impl_fu_562/grp_p_anonymous_namespace_load_snapshot_fu_9143/ap_CS_fsm_reg[230]_13
    SLICE_X123Y433       LUT4 (Prop_B6LUT_SLICEL_I3_O)
                                                      0.036     5.180 f  grp_gdn_rs2_top_impl_fu_562/grp_p_anonymous_namespace_load_snapshot_fu_9143/ram_reg_uram_136_i_15__0/O
                         net (fo=18, routed)          1.501     6.681    grp_gdn_rs2_top_impl_fu_562/grp_p_anonymous_namespace_load_snapshot_fu_9143/ram_reg_uram_136_i_15__0_n_0
    SLR Crossing[1->2]   
    SLICE_X134Y533       LUT6 (Prop_F6LUT_SLICEL_I1_O)
                                                      0.035     6.716 r  grp_gdn_rs2_top_impl_fu_562/grp_p_anonymous_namespace_load_snapshot_fu_9143/ram_reg_uram_138_i_1__0/O
                         net (fo=2, routed)           1.923     8.639    grp_gdn_rs2_top_impl_fu_562/resident_residual_U/word_7_reg_13380[72]_i_16_3
    URAM288_X4Y173       URAM288                                      r  grp_gdn_rs2_top_impl_fu_562/resident_residual_U/ram_reg_uram_138/EN_A
  -------------------------------------------------------------------    -------------------

                         (clock ap_clk rise edge)     4.000     4.000 r  
                                                      0.000     4.000 r  ap_clk (IN)
                         net (fo=0)                   0.036     4.036    ap_clk
    BUFGCE_X0Y0          BUFGCE (Prop_BUFCE_BUFGCE_I_O)
                                                      0.024     4.060 r  ooc_ap_clk_bufg/O
    X3Y6 (CLOCK_ROOT)    net (fo=76486, routed)       3.740     7.800    grp_gdn_rs2_top_impl_fu_562/resident_residual_U/ooc_ap_clk_global
    SLR Crossing[0->2]   
    URAM288_X4Y173       URAM288                                      r  grp_gdn_rs2_top_impl_fu_562/resident_residual_U/ram_reg_uram_138/CLK
                         clock pessimism              0.184     7.984    
                         inter-SLR compensation      -0.305     7.679    
                         clock uncertainty           -0.035     7.644    
    URAM288_X4Y173       URAM288 (Setup_URAM_288K_INST_URAM288_CLK_EN_A)
                                                     -0.458     7.186    grp_gdn_rs2_top_impl_fu_562/resident_residual_U/ram_reg_uram_138
  -------------------------------------------------------------------
                         required time                          7.186    
                         arrival time                          -8.639    
  -------------------------------------------------------------------
                         slack                                 -1.453    





Min Delay Paths
--------------------------------------------------------------------------------------
Slack (MET) :             0.010ns  (arrival time - required time)
  Source:                 gmem17_m_axi_U/load_unit_0/tmp_addr_reg[11]/C
                            (rising edge-triggered cell FDRE clocked by ap_clk  {rise@0.000ns fall@2.000ns period=4.000ns})
  Destination:            gmem17_m_axi_U/bus_read/rreq_burst_conv/burst_sequential/rs_req/data_p2_reg[11]/D
                            (rising edge-triggered cell FDRE clocked by ap_clk  {rise@0.000ns fall@2.000ns period=4.000ns})
  Path Group:             ap_clk
  Path Type:              Hold (Min at Slow Process Corner)
  Requirement:            0.000ns  (ap_clk rise@0.000ns - ap_clk rise@0.000ns)
  Data Path Delay:        0.224ns  (logic 0.060ns (26.786%)  route 0.164ns (73.214%))
  Logic Levels:           0  
  Clock Path Skew:        0.152ns (DCD - SCD - CPR)
    Destination Clock Delay (DCD):    3.725ns
    Source Clock Delay      (SCD):    3.389ns
    Clock Pessimism Removal (CPR):    0.184ns
  Clock Net Delay (Source):      3.329ns (routing 1.709ns, distribution 1.620ns)
  Clock Net Delay (Destination): 3.654ns (routing 1.882ns, distribution 1.772ns)

    Location             Delay type                Incr(ns)  Path(ns)    Netlist Resource(s)
  -------------------------------------------------------------------    -------------------
                         (clock ap_clk rise edge)     0.000     0.000 r  
                                                      0.000     0.000 r  ap_clk (IN)
                         net (fo=0)                   0.036     0.036    ap_clk
    BUFGCE_X0Y0          BUFGCE (Prop_BUFCE_BUFGCE_I_O)
                                                      0.024     0.060 r  ooc_ap_clk_bufg/O
    X3Y6 (CLOCK_ROOT)    net (fo=76486, routed)       3.329     3.389    gmem17_m_axi_U/load_unit_0/ooc_ap_clk_global
    SLR Crossing[0->1]   
    SLICE_X137Y422       FDRE                                         r  gmem17_m_axi_U/load_unit_0/tmp_addr_reg[11]/C
  -------------------------------------------------------------------    -------------------
    SLICE_X137Y422       FDRE (Prop_EFF2_SLICEM_C_Q)
                                                      0.060     3.449 r  gmem17_m_axi_U/load_unit_0/tmp_addr_reg[11]/Q
                         net (fo=2, routed)           0.164     3.613    gmem17_m_axi_U/bus_read/rreq_burst_conv/burst_sequential/rs_req/data_p2_reg[95]_0[11]
    SLICE_X139Y417       FDRE                                         r  gmem17_m_axi_U/bus_read/rreq_burst_conv/burst_sequential/rs_req/data_p2_reg[11]/D
  -------------------------------------------------------------------    -------------------

                         (clock ap_clk rise edge)     0.000     0.000 r  
                                                      0.000     0.000 r  ap_clk (IN)
                         net (fo=0)                   0.043     0.043    ap_clk
    BUFGCE_X0Y0          BUFGCE (Prop_BUFCE_BUFGCE_I_O)
                                                      0.028     0.071 r  ooc_ap_clk_bufg/O
    X3Y6 (CLOCK_ROOT)    net (fo=76486, routed)       3.654     3.725    gmem17_m_axi_U/bus_read/rreq_burst_conv/burst_sequential/rs_req/ooc_ap_clk_global
    SLR Crossing[0->1]   
    SLICE_X139Y417       FDRE                                         r  gmem17_m_axi_U/bus_read/rreq_burst_conv/burst_sequential/rs_req/data_p2_reg[11]/C
                         clock pessimism             -0.184     3.541    
    SLICE_X139Y417       FDRE (Hold_BFF2_SLICEM_C_D)
                                                      0.062     3.603    gmem17_m_axi_U/bus_read/rreq_burst_conv/burst_sequential/rs_req/data_p2_reg[11]
  -------------------------------------------------------------------
                         required time                         -3.603    
                         arrival time                           3.613    
  -------------------------------------------------------------------
                         slack                                  0.010    





Pulse Width Checks
--------------------------------------------------------------------------------------
Clock Name:         ap_clk
Waveform(ns):       { 0.000 2.000 }
Period(ns):         4.000
Sources:            { ap_clk }

Check Type        Corner  Lib Pin      Reference Pin  Required(ns)  Actual(ns)  Slack(ns)  Location       Pin
Min Period        n/a     URAM288/CLK  n/a            2.000         4.000       2.000      URAM288_X4Y92  grp_gdn_rs2_top_impl_fu_562/resident_keys_U/ram_reg_uram_12/CLK
Low Pulse Width   Slow    URAM288/CLK  n/a            0.700         2.000       1.300      URAM288_X4Y92  grp_gdn_rs2_top_impl_fu_562/resident_keys_U/ram_reg_uram_12/CLK
High Pulse Width  Slow    URAM288/CLK  n/a            0.700         2.000       1.300      URAM288_X4Y92  grp_gdn_rs2_top_impl_fu_562/resident_keys_U/ram_reg_uram_12/CLK



--------------------------------------------------------------------------------------
Path Group:  (none)
From Clock:  ap_clk
  To Clock:  ap_clk

Max Delay         21273 Endpoints
Min Delay         36213 Endpoints
--------------------------------------------------------------------------------------


Max Delay Paths
--------------------------------------------------------------------------------------
Slack:                    inf
  Source:                 ap_rst_n
                            (input port clocked by ap_clk  {rise@0.000ns fall@2.000ns period=4.000ns})
  Destination:            gmem1_m_axi_U/bus_read/rreq_burst_conv/burst_sequential/first_sect_reg/R
                            (rising edge-triggered cell FDRE clocked by ap_clk  {rise@0.000ns fall@2.000ns period=4.000ns})
  Path Group:             (none)
  Path Type:              Setup (Max at Slow Process Corner)
  Data Path Delay:        3.884ns  (logic 0.074ns (1.905%)  route 3.810ns (98.095%))
  Logic Levels:           1  (LUT1=1)
  Input Delay:            1.000ns
  Clock Path Skew:        3.427ns (DCD - SCD + CPR)
    Destination Clock Delay (DCD):    3.427ns
    Source Clock Delay      (SCD):    0.000ns
    Clock Pessimism Removal (CPR):    0.000ns
  Clock Uncertainty:      0.035ns  ((TSJ^2 + TIJ^2)^1/2 + DJ) / 2 + PE
    Total System Jitter     (TSJ):    0.071ns
    Total Input Jitter      (TIJ):    0.000ns
    Discrete Jitter          (DJ):    0.000ns
    Phase Error              (PE):    0.000ns
  Clock Net Delay (Destination): 3.367ns (routing 1.709ns, distribution 1.658ns)
  Timing Exception:       False Path

    Location             Delay type                Incr(ns)  Path(ns)    Netlist Resource(s)
  -------------------------------------------------------------------    -------------------
                         (clock ap_clk rise edge)     0.000     0.000 r  
                         input delay                  1.000     1.000    
                                                      0.000     1.000 f  ap_rst_n (IN)
                         net (fo=20136, unset)        0.000     1.000    grp_gdn_rs2_top_impl_fu_562/grp_p_anonymous_namespace_fold_log_if_full_fu_9368/grp_p_anonymous_namespace_fold_log_fu_207/grp_aligned_sum_guarded_4_s_fu_8326/grp_aligned_sum_guarded_4_Pipeline_align_terms_fu_182/flow_control_loop_pipe_sequential_init_U/ap_rst_n
    SLICE_X87Y418        LUT1 (Prop_F5LUT_SLICEM_I0_O)
                                                      0.074     1.074 r  grp_gdn_rs2_top_impl_fu_562/grp_p_anonymous_namespace_fold_log_if_full_fu_9368/grp_p_anonymous_namespace_fold_log_fu_207/grp_aligned_sum_guarded_4_s_fu_8326/grp_aligned_sum_guarded_4_Pipeline_align_terms_fu_182/flow_control_loop_pipe_sequential_init_U/could_multi_bursts.burst_valid_i_1__7/O
                         net (fo=20, routed)          3.810     4.884    gmem1_m_axi_U/bus_read/rreq_burst_conv/burst_sequential/lopt
    SLICE_X147Y466       FDRE                                         r  gmem1_m_axi_U/bus_read/rreq_burst_conv/burst_sequential/first_sect_reg/R
  -------------------------------------------------------------------    -------------------

                         (clock ap_clk rise edge)     0.000     0.000 r  
                                                      0.000     0.000 r  ap_clk (IN)
                         net (fo=0)                   0.036     0.036    ap_clk
    BUFGCE_X0Y0          BUFGCE (Prop_BUFCE_BUFGCE_I_O)
                                                      0.024     0.060 r  ooc_ap_clk_bufg/O
    X3Y6 (CLOCK_ROOT)    net (fo=76486, routed)       3.367     3.427    gmem1_m_axi_U/bus_read/rreq_burst_conv/burst_sequential/ooc_ap_clk_global
    SLR Crossing[0->1]   
    SLICE_X147Y466       FDRE                                         r  gmem1_m_axi_U/bus_read/rreq_burst_conv/burst_sequential/first_sect_reg/C





Min Delay Paths
--------------------------------------------------------------------------------------
Slack:                    inf
  Source:                 s_axi_control_WDATA[0]
                            (input port clocked by ap_clk  {rise@0.000ns fall@2.000ns period=4.000ns})
  Destination:            control_s_axi_U/int_ier_reg[0]/D
                            (rising edge-triggered cell FDRE clocked by ap_clk  {rise@0.000ns fall@2.000ns period=4.000ns})
  Path Group:             (none)
  Path Type:              Hold (Min at Fast Process Corner)
  Data Path Delay:        0.007ns  (logic 0.000ns (0.000%)  route 0.007ns (100.001%))
  Logic Levels:           0  
  Input Delay:            1.000ns
  Clock Path Skew:        2.184ns (DCD - SCD - CPR)
    Destination Clock Delay (DCD):    2.184ns
    Source Clock Delay      (SCD):    0.000ns
    Clock Pessimism Removal (CPR):    -0.000ns
  Clock Uncertainty:      0.035ns  ((TSJ^2 + TIJ^2)^1/2 + DJ) / 2 + PE
    Total System Jitter     (TSJ):    0.071ns
    Total Input Jitter      (TIJ):    0.000ns
    Discrete Jitter          (DJ):    0.000ns
    Phase Error              (PE):    0.000ns
  Clock Net Delay (Destination): 2.135ns (routing 1.154ns, distribution 0.981ns)
  Timing Exception:       False Path

    Location             Delay type                Incr(ns)  Path(ns)    Netlist Resource(s)
  -------------------------------------------------------------------    -------------------
                         (clock ap_clk rise edge)     0.000     0.000 r  
                         input delay                  1.000     1.000    
                                                      0.000     1.000 r  s_axi_control_WDATA[0] (IN)
                         net (fo=7, unset)            0.007     1.007    control_s_axi_U/s_axi_control_WDATA[0]
    SLICE_X108Y360       FDRE                                         r  control_s_axi_U/int_ier_reg[0]/D
  -------------------------------------------------------------------    -------------------

                         (clock ap_clk rise edge)     0.000     0.000 r  
                                                      0.000     0.000 r  ap_clk (IN)
                         net (fo=0)                   0.030     0.030    ap_clk
    BUFGCE_X0Y0          BUFGCE (Prop_BUFCE_BUFGCE_I_O)
                                                      0.019     0.049 r  ooc_ap_clk_bufg/O
    X3Y6 (CLOCK_ROOT)    net (fo=76486, routed)       2.135     2.184    control_s_axi_U/ooc_ap_clk_global
    SLR Crossing[0->1]   
    SLICE_X108Y360       FDRE                                         r  control_s_axi_U/int_ier_reg[0]/C





