Copyright 1986-2022 Xilinx, Inc. All Rights Reserved. Copyright 2022-2025 Advanced Micro Devices, Inc. All Rights Reserved.
-------------------------------------------------------------------------------------------------------------------------------------------------
| Tool Version     : Vivado v.2025.2 (win64) Build 6299465 Fri Nov 14 19:35:11 GMT 2025
| Date             : Thu Aug  6 00:08:31 2026
| Host             : Tyler running 64-bit major release  (build 9200)
| Command          : report_power -file X:/reports/vivado/baselines/bf16/postroute_sweep/power_first_passing.rpt
| Design           : gdn_bf16_top
| Device           : xcu55c-fsvh2892-2L-e
| Design State     : routed
| Grade            : extended
| Process          : typical
| Characterization : Production
-------------------------------------------------------------------------------------------------------------------------------------------------

Power Report

Table of Contents
-----------------
1. Summary
1.1 On-Chip Components
1.2 Power Supply Summary
1.3 Confidence Level
2. Settings
2.1 Environment
2.2 Clock Constraints
3. Detailed Reports
3.1 By Hierarchy

1. Summary
----------

+--------------------------+--------------+
| Total On-Chip Power (W)  | 5.648        |
|   FPGA Power (W)         | 5.258        |
|   HBM Power (W)          | 0.390        |
| Design Power Budget (W)  | Unspecified* |
| Power Budget Margin (W)  | NA           |
| Dynamic (W)              | 2.231        |
| Device Static (W)        | 3.416        |
| Effective TJA (C/W)      | 0.4          |
| Max Ambient (C)          | 97.6         |
| Junction Temperature (C) | 27.4         |
| Confidence Level         | Medium       |
| Setting File             | ---          |
| Simulation Activity File | ---          |
| Design Nets Matched      | NA           |
+--------------------------+--------------+
* Specify Design Power Budget using, set_operating_conditions -design_power_budget <value in Watts>


1.1 On-Chip Components
----------------------

+--------------------------+-----------+----------+-----------+-----------------+
| On-Chip                  | Power (W) | Used     | Available | Utilization (%) |
+--------------------------+-----------+----------+-----------+-----------------+
| Clocks                   |     0.306 |        3 |       --- |             --- |
| CLB Logic                |     0.230 |   120441 |       --- |             --- |
|   LUT as Logic           |     0.153 |    45477 |   1303680 |            3.49 |
|   LUT as Distributed RAM |     0.048 |    11586 |    600960 |            1.93 |
|   Register               |     0.017 |    38876 |   2607360 |            1.49 |
|   LUT as Shift Register  |     0.009 |      879 |    600960 |            0.15 |
|   CARRY8                 |     0.002 |      595 |    162960 |            0.37 |
|   BUFG                   |    <0.001 |        4 |        96 |            4.17 |
|   Others                 |     0.000 |     2643 |       --- |             --- |
|   F7/F8 Muxes            |     0.000 |    12970 |   1303680 |            0.99 |
| Signals                  |     0.487 |   182440 |       --- |             --- |
| Block RAM                |     0.364 |   1602.5 |      2016 |           79.49 |
| URAM                     |     0.836 |      928 |       960 |           96.67 |
| DSPs                     |     0.009 |       15 |      9024 |            0.17 |
| Static Power             |     3.416 |          |           |                 |
| Total                    |     5.648 |          |           |                 |
+--------------------------+-----------+----------+-----------+-----------------+


1.2 Power Supply Summary
------------------------

+------------------+-------------+-----------+-------------+------------+-------------+-------------+------------+
| Source           | Voltage (V) | Total (A) | Dynamic (A) | Static (A) | Powerup (A) | Budget (A)  | Margin (A) |
+------------------+-------------+-----------+-------------+------------+-------------+-------------+------------+
| Vccint           |       0.850 |     4.032 |       2.621 |      1.411 |       NA    | Unspecified | NA         |
| Vccint_io        |       0.850 |     0.242 |       0.000 |      0.242 |       NA    | Unspecified | NA         |
| Vccbram          |       0.850 |     0.048 |       0.004 |      0.045 |       NA    | Unspecified | NA         |
| Vccaux           |       1.800 |     0.820 |       0.000 |      0.820 |       NA    | Unspecified | NA         |
| Vccaux_io        |       1.800 |     0.035 |       0.000 |      0.035 |       NA    | Unspecified | NA         |
| Vcco33           |       3.300 |     0.000 |       0.000 |      0.000 |       NA    | Unspecified | NA         |
| Vcco25           |       2.500 |     0.000 |       0.000 |      0.000 |       NA    | Unspecified | NA         |
| Vcco18           |       1.800 |     0.000 |       0.000 |      0.000 |       NA    | Unspecified | NA         |
| Vcco15           |       1.500 |     0.000 |       0.000 |      0.000 |       NA    | Unspecified | NA         |
| Vcco135          |       1.350 |     0.000 |       0.000 |      0.000 |       NA    | Unspecified | NA         |
| Vcco12           |       1.200 |     0.000 |       0.000 |      0.000 |       NA    | Unspecified | NA         |
| Vcco10           |       1.000 |     0.000 |       0.000 |      0.000 |       NA    | Unspecified | NA         |
| Vccadc           |       1.800 |     0.024 |       0.000 |      0.024 |       NA    | Unspecified | NA         |
| VCC_IO_HBM       |       1.200 |     0.082 |       0.000 |      0.082 |       NA    | Unspecified | NA         |
| VCC_HBM          |       1.200 |     0.155 |       0.000 |      0.155 |       NA    | Unspecified | NA         |
| VCCAUX_HBM       |       2.500 |     0.043 |       0.000 |      0.043 |       NA    | Unspecified | NA         |
| VMGTAVCC (GTY)   |       0.900 |     0.000 |       0.000 |      0.000 |       NA    | Unspecified | NA         |
| VMGTAVTT (GTY)   |       1.200 |     0.000 |       0.000 |      0.000 |       NA    | Unspecified | NA         |
| VMGTVCCAUX (GTY) |       1.800 |     0.000 |       0.000 |      0.000 |       NA    | Unspecified | NA         |
+------------------+-------------+-----------+-------------+------------+-------------+-------------+------------+


1.3 Confidence Level
--------------------

+-----------------------------+------------+------------------------------------------------+------------------------------------------------------------------------------------------------------------+
| User Input Data             | Confidence | Details                                        | Action                                                                                                     |
+-----------------------------+------------+------------------------------------------------+------------------------------------------------------------------------------------------------------------+
| Design implementation state | High       | Design is routed                               |                                                                                                            |
| Clock nodes activity        | High       | User specified more than 95% of clocks         |                                                                                                            |
| I/O nodes activity          | High       | User specified more than 95% of inputs         |                                                                                                            |
| Internal nodes activity     | Medium     | User specified less than 25% of internal nodes | Provide missing internal nodes activity with simulation results or by editing the "By Resource Type" views |
| Device models               | High       | Device models are Production                   |                                                                                                            |
|                             |            |                                                |                                                                                                            |
| Overall confidence level    | Medium     |                                                |                                                                                                            |
+-----------------------------+------------+------------------------------------------------+------------------------------------------------------------------------------------------------------------+


2. Settings
-----------

2.1 Environment
---------------

+-----------------------+--------------------------+
| Ambient Temp (C)      | 25.0                     |
| ThetaJA (C/W)         | 0.4                      |
| Airflow (LFM)         | 250                      |
| Heat Sink             | medium (Medium Profile)  |
| ThetaSA (C/W)         | 0.5                      |
| Board Selection       | medium (10"x10")         |
| # of Board Layers     | 12to15 (12 to 15 Layers) |
| Board Temperature (C) | 25.0                     |
+-----------------------+--------------------------+


2.2 Clock Constraints
---------------------

+--------+--------+-----------------+
| Clock  | Domain | Constraint (ns) |
+--------+--------+-----------------+
| ap_clk | ap_clk |             7.1 |
+--------+--------+-----------------+


3. Detailed Reports
-------------------

3.1 By Hierarchy
----------------

+-----------------------------------------------------------------------------------------------------+-----------+
| Name                                                                                                | Power (W) |
+-----------------------------------------------------------------------------------------------------+-----------+
| gdn_bf16_top                                                                                        |     2.231 |
|   control_r_s_axi_U                                                                                 |     0.006 |
|   gmem0_m_axi_U                                                                                     |     0.011 |
|     bus_read                                                                                        |     0.004 |
|       rreq_burst_conv                                                                               |     0.003 |
|     load_unit_0                                                                                     |     0.007 |
|       buff_rdata                                                                                    |     0.003 |
|       bus_wide_gen.rs_rdata_int                                                                     |     0.001 |
|       fifo_rreq                                                                                     |     0.001 |
|   gmem1_m_axi_U                                                                                     |     0.011 |
|     bus_read                                                                                        |     0.004 |
|       rreq_burst_conv                                                                               |     0.003 |
|     load_unit_0                                                                                     |     0.007 |
|       buff_rdata                                                                                    |     0.003 |
|       fifo_rreq                                                                                     |     0.001 |
|   gmem2_m_axi_U                                                                                     |     0.011 |
|     bus_read                                                                                        |     0.004 |
|       rreq_burst_conv                                                                               |     0.003 |
|     load_unit_0                                                                                     |     0.007 |
|       buff_rdata                                                                                    |     0.003 |
|       bus_wide_gen.rs_rdata_int                                                                     |     0.001 |
|       fifo_rreq                                                                                     |     0.001 |
|   gmem3_m_axi_U                                                                                     |     0.014 |
|     bus_read                                                                                        |     0.005 |
|       rreq_burst_conv                                                                               |     0.003 |
|     load_unit_0                                                                                     |     0.009 |
|       buff_rdata                                                                                    |     0.006 |
|       bus_wide_gen.rs_rdata_int                                                                     |     0.001 |
|       fifo_rreq                                                                                     |     0.001 |
|   gmem4_m_axi_U                                                                                     |     0.012 |
|     bus_read                                                                                        |     0.004 |
|       rreq_burst_conv                                                                               |     0.003 |
|     load_unit_0                                                                                     |     0.008 |
|       buff_rdata                                                                                    |     0.003 |
|       bus_wide_gen.rs_rdata_int                                                                     |     0.001 |
|       fifo_rreq                                                                                     |     0.001 |
|   gmem5_m_axi_U                                                                                     |     0.012 |
|     bus_write                                                                                       |     0.006 |
|       wreq_burst_conv                                                                               |     0.003 |
|       wreq_throttle                                                                                 |     0.003 |
|     store_unit_0                                                                                    |     0.006 |
|       fifo_wreq                                                                                     |     0.001 |
|   gmem6_m_axi_U                                                                                     |     0.012 |
|     bus_write                                                                                       |     0.006 |
|       wreq_burst_conv                                                                               |     0.003 |
|       wreq_throttle                                                                                 |     0.003 |
|     store_unit_0                                                                                    |     0.005 |
|       fifo_wreq                                                                                     |     0.001 |
|   gmem7_m_axi_U                                                                                     |     0.012 |
|     bus_write                                                                                       |     0.007 |
|       wreq_burst_conv                                                                               |     0.004 |
|       wreq_throttle                                                                                 |     0.003 |
|     store_unit_0                                                                                    |     0.005 |
|       buff_wdata                                                                                    |     0.002 |
|       fifo_wreq                                                                                     |     0.001 |
|   grp_gdn_bf16_top_impl_fu_1036                                                                     |     2.125 |
|     gdn_bf16_top_impl_unsigned_char_unsigned_short_unsigned_char_unsigned_char_ap_ui_17_U           |     0.001 |
|     gdn_bf16_top_impl_unsigned_char_unsigned_short_unsigned_char_unsigned_char_ap_ui_26_U           |     0.001 |
|     gdn_bf16_top_impl_unsigned_char_unsigned_short_unsigned_char_unsigned_char_ap_ui_27_U           |     0.001 |
|     gdn_bf16_top_impl_unsigned_char_unsigned_short_unsigned_char_unsigned_char_ap_ui_28_U           |     0.001 |
|     grp_gdn_bf16_top_impl_Outline_store_bf16_resident_rows_fu_3788                                  |     0.055 |
|       grp_gdn_bf16_top_impl_Pipeline_pack_bf16_resident_lanes_fu_414                                |     0.054 |
|     grp_gdn_bf16_top_impl_Pipeline_load_bf16_lanes_fu_1861                                          |     0.017 |
|     grp_gdn_bf16_top_impl_Pipeline_load_bf16_resident_rows_unpack_bf16_resident_lanes_fu_1911       |     0.017 |
|       partselect_16ns_512ns_9ns_16_1_1_U46                                                          |     0.003 |
|     grp_gdn_bf16_top_impl_Pipeline_readback_bf16_heads_readback_bf16_rows_readback_bf16_s_fu_4060   |     0.079 |
|       partselect_16ns_512ns_9ns_16_1_1_U2107                                                        |     0.004 |
|     grp_gdn_bf16_top_impl_Pipeline_reset_bf16_heads_reset_bf16_rows_reset_bf16_blocks_fu_1869       |     0.001 |
|     grp_p_anonymous_namespace_phase1_validate_token_fu_1884                                         |     0.004 |
|       grp_p_anonymous_namespace_phase1_validate_token_Pipeline_phase1_bf16_qk_heads_phase1_s_fu_231 |     0.001 |
|     grp_p_anonymous_namespace_phase2_decay_predict_tile_fu_2183                                     |     0.150 |
|       grp_p_anonymous_namespace_phase2_decay_predict_tile_Pipeline_phase2_bf16_decay_rows_p_fu_776  |     0.029 |
|       grp_p_anonymous_namespace_phase2_decay_predict_tile_Pipeline_phase2_bf16_prediction_t_fu_1293 |     0.018 |
|       grp_p_anonymous_namespace_reduce_128_fu_1574                                                  |     0.092 |
|     grp_p_anonymous_namespace_phase3_delta_tile_fu_2712                                             |     0.014 |
|       floatingpoint_mul_32ns_32ns_32ns_32ns_32_3_1_U1078                                            |     0.004 |
|       floatingpoint_sub_32ns_32ns_32ns_32ns_32_5_1_U1077                                            |     0.007 |
|     grp_p_anonymous_namespace_phase4_update_state_tile_fu_2738                                      |     0.065 |
|       floatingpoint_add_32ns_32ns_32ns_32ns_32_5_1_U1103                                            |     0.009 |
|       floatingpoint_floattofloat_16ns_32ns_32ns_32ns_16_1_1_U1106                                   |     0.011 |
|       floatingpoint_mul_32ns_32ns_32ns_32ns_32_3_1_U1104                                            |     0.004 |
|     grp_p_anonymous_namespace_phase5_output_tile_fu_3521                                            |     0.130 |
|       grp_p_anonymous_namespace_phase5_output_tile_Pipeline_phase5_bf16_output_terms_fu_446         |     0.024 |
|       grp_p_anonymous_namespace_reduce_128_fu_727                                                   |     0.094 |
|     k_local_U                                                                                       |     0.001 |
|     resident_state_bram_lower_U                                                                     |     0.181 |
|     resident_state_bram_upper_U                                                                     |     0.187 |
|     resident_state_uram_lower_U                                                                     |     0.478 |
|     resident_state_uram_upper_U                                                                     |     0.497 |
|     v_local_U                                                                                       |     0.002 |
+-----------------------------------------------------------------------------------------------------+-----------+


