Copyright 1986-2022 Xilinx, Inc. All Rights Reserved. Copyright 2022-2025 Advanced Micro Devices, Inc. All Rights Reserved.
--------------------------------------------------------------------------------------------------------------------------------------------------------------------------------------
| Tool Version      : Vivado v.2025.2 (win64) Build 6299465 Fri Nov 14 19:35:11 GMT 2025
| Date              : Thu Aug  6 00:07:17 2026
| Host              : Tyler running 64-bit major release  (build 9200)
| Command           : report_timing_summary -delay_type min_max -report_unconstrained -check_timing_verbose -file X:/reports/vivado/baselines/bf16/postroute_sweep/timing_8p000ns.rpt
| Design            : gdn_bf16_top
| Device            : xcu55c-fsvh2892
| Speed File        : -2L  PRODUCTION 1.30 05-01-2022
| Design State      : Routed
| Temperature Grade : E
--------------------------------------------------------------------------------------------------------------------------------------------------------------------------------------

Timing Summary Report

------------------------------------------------------------------------------------------------
| Timer Settings
| --------------
------------------------------------------------------------------------------------------------

  Enable Multi Corner Analysis               :  Yes
  Enable Pessimism Removal                   :  Yes
  Pessimism Removal Resolution               :  Nearest Common Node
  Enable Input Delay Default Clock           :  No
  Enable Preset / Clear Arcs                 :  No
  Disable Flight Delays                      :  No
  Ignore I/O Paths                           :  No
  Timing Early Launch at Borrowing Latches   :  No
  Borrow Time for Max Delay Exceptions       :  Yes
  Merge Timing Exceptions                    :  Yes
  Inter-SLR Compensation                     :  Conservative

  Corner  Analyze    Analyze    
  Name    Max Paths  Min Paths  
  ------  ---------  ---------  
  Slow    Yes        Yes        
  Fast    Yes        Yes        


------------------------------------------------------------------------------------------------
| Report Methodology
| ------------------
------------------------------------------------------------------------------------------------

Rule       Severity  Description                               Violations  
---------  --------  ----------------------------------------  ----------  
TIMING-16  Warning   Large setup violation                     1000        
XDCH-2     Warning   Same min and max delay values on IO port  2518        

Note: This report is based on the most recent report_methodology run and may not be up-to-date. Run report_methodology on the current design for the latest report.



check_timing report

Table of Contents
-----------------
1. checking no_clock (0)
2. checking constant_clock (0)
3. checking pulse_width_clock (0)
4. checking unconstrained_internal_endpoints (0)
5. checking no_input_delay (0)
6. checking no_output_delay (0)
7. checking multiple_clock (0)
8. checking generated_clocks (0)
9. checking loops (0)
10. checking partial_input_delay (0)
11. checking partial_output_delay (0)
12. checking latch_loops (0)

1. checking no_clock (0)
------------------------
 There are 0 register/latch pins with no clock.


2. checking constant_clock (0)
------------------------------
 There are 0 register/latch pins with constant_clock.


3. checking pulse_width_clock (0)
---------------------------------
 There are 0 register/latch pins which need pulse_width check


4. checking unconstrained_internal_endpoints (0)
------------------------------------------------
 There are 0 pins that are not constrained for maximum delay.

 There are 0 pins that are not constrained for maximum delay due to constant clock.


5. checking no_input_delay (0)
------------------------------
 There are 0 input ports with no input delay specified.

 There are 0 input ports with no input delay but user has a false path constraint.


6. checking no_output_delay (0)
-------------------------------
 There are 0 ports with no output delay specified.

 There are 0 ports with no output delay but user has a false path constraint

 There are 0 ports with no output delay but with a timing clock defined on it or propagating through it


7. checking multiple_clock (0)
------------------------------
 There are 0 register/latch pins with multiple clocks.


8. checking generated_clocks (0)
--------------------------------
 There are 0 generated clocks that are not connected to a clock source.


9. checking loops (0)
---------------------
 There are 0 combinational loops in the design.


10. checking partial_input_delay (0)
------------------------------------
 There are 0 input ports with partial input delay specified.


11. checking partial_output_delay (0)
-------------------------------------
 There are 0 ports with partial output delay specified.


12. checking latch_loops (0)
----------------------------
 There are 0 combinational latch loops in the design through latch input



------------------------------------------------------------------------------------------------
| Design Timing Summary
| ---------------------
------------------------------------------------------------------------------------------------

    WNS(ns)      TNS(ns)  TNS Failing Endpoints  TNS Total Endpoints      WHS(ns)      THS(ns)  THS Failing Endpoints  THS Total Endpoints     WPWS(ns)     TPWS(ns)  TPWS Failing Endpoints  TPWS Total Endpoints  
    -------      -------  ---------------------  -------------------      -------      -------  ---------------------  -------------------     --------     --------  ----------------------  --------------------  
      0.980        0.000                      0               341536        0.000        0.000                      0               341359        3.300        0.000                       0                 56811  


All user specified timing constraints are met.


------------------------------------------------------------------------------------------------
| Clock Summary
| -------------
------------------------------------------------------------------------------------------------

Clock   Waveform(ns)         Period(ns)      Frequency(MHz)
-----   ------------         ----------      --------------
ap_clk  {0.000 4.000}        8.000           125.000         


------------------------------------------------------------------------------------------------
| Intra Clock Table
| -----------------
------------------------------------------------------------------------------------------------

Clock             WNS(ns)      TNS(ns)  TNS Failing Endpoints  TNS Total Endpoints      WHS(ns)      THS(ns)  THS Failing Endpoints  THS Total Endpoints     WPWS(ns)     TPWS(ns)  TPWS Failing Endpoints  TPWS Total Endpoints  
-----             -------      -------  ---------------------  -------------------      -------      -------  ---------------------  -------------------     --------     --------  ----------------------  --------------------  
ap_clk              0.980        0.000                      0               341536        0.000        0.000                      0               341359        3.300        0.000                       0                 56811  


------------------------------------------------------------------------------------------------
| Inter Clock Table
| -----------------
------------------------------------------------------------------------------------------------

From Clock    To Clock          WNS(ns)      TNS(ns)  TNS Failing Endpoints  TNS Total Endpoints      WHS(ns)      THS(ns)  THS Failing Endpoints  THS Total Endpoints  
----------    --------          -------      -------  ---------------------  -------------------      -------      -------  ---------------------  -------------------  


------------------------------------------------------------------------------------------------
| Other Path Groups Table
| -----------------------
------------------------------------------------------------------------------------------------

Path Group    From Clock    To Clock          WNS(ns)      TNS(ns)  TNS Failing Endpoints  TNS Total Endpoints      WHS(ns)      THS(ns)  THS Failing Endpoints  THS Total Endpoints  
----------    ----------    --------          -------      -------  ---------------------  -------------------      -------      -------  ---------------------  -------------------  


------------------------------------------------------------------------------------------------
| User Ignored Path Table
| -----------------------
------------------------------------------------------------------------------------------------

Path Group    From Clock    To Clock    
----------    ----------    --------    
(none)        ap_clk        ap_clk        


------------------------------------------------------------------------------------------------
| Unconstrained Path Table
| ------------------------
------------------------------------------------------------------------------------------------

Path Group    From Clock    To Clock    
----------    ----------    --------    
(none)                      ap_clk        


------------------------------------------------------------------------------------------------
| Timing Details
| --------------
------------------------------------------------------------------------------------------------


---------------------------------------------------------------------------------------------------
From Clock:  ap_clk
  To Clock:  ap_clk

Setup :            0  Failing Endpoints,  Worst Slack        0.980ns,  Total Violation        0.000ns
Hold  :            0  Failing Endpoints,  Worst Slack        0.000ns,  Total Violation        0.000ns
PW    :            0  Failing Endpoints,  Worst Slack        3.300ns,  Total Violation        0.000ns
---------------------------------------------------------------------------------------------------


Max Delay Paths
--------------------------------------------------------------------------------------
Slack (MET) :             0.980ns  (required time - arrival time)
  Source:                 grp_gdn_bf16_top_impl_fu_1036/resident_state_uram_lower_U/ram_reg_uram_154/CLK
                            (rising edge-triggered cell URAM288 clocked by ap_clk  {rise@0.000ns fall@4.000ns period=8.000ns})
  Destination:            grp_gdn_bf16_top_impl_fu_1036/grp_gdn_bf16_top_impl_Pipeline_readback_bf16_heads_readback_bf16_rows_readback_bf16_s_fu_4060/lower238_fu_170_reg[134]/D
                            (rising edge-triggered cell FDRE clocked by ap_clk  {rise@0.000ns fall@4.000ns period=8.000ns})
  Path Group:             ap_clk
  Path Type:              Setup (Max at Slow Process Corner)
  Requirement:            8.000ns  (ap_clk rise@8.000ns - ap_clk rise@0.000ns)
  Data Path Delay:        6.476ns  (logic 1.429ns (22.066%)  route 5.047ns (77.934%))
  Logic Levels:           4  (LUT6=3 MUXF7=1)
  Clock Path Skew:        -0.363ns (DCD - SCD + CPR)
    Destination Clock Delay (DCD):    3.085ns = ( 11.085 - 8.000 ) 
    Source Clock Delay      (SCD):    3.650ns
    Clock Pessimism Removal (CPR):    0.202ns
  Clock Uncertainty:      0.035ns  ((TSJ^2 + TIJ^2)^1/2 + DJ) / 2 + PE
    Total System Jitter     (TSJ):    0.071ns
    Total Input Jitter      (TIJ):    0.000ns
    Discrete Jitter          (DJ):    0.000ns
    Phase Error              (PE):    0.000ns
  Inter-SLR Compensation: 0.170ns  ((DCD - CCD) * PF)
    Destination Clock Delay (DCD):    3.085ns
    Common Clock Delay      (CCD):    1.949ns
    Prorating Factor         (PF):    0.150
  Clock Net Delay (Source):      3.579ns (routing 1.629ns, distribution 1.950ns)
  Clock Net Delay (Destination): 3.025ns (routing 1.478ns, distribution 1.547ns)

    Location             Delay type                Incr(ns)  Path(ns)    Netlist Resource(s)
  -------------------------------------------------------------------    -------------------
                         (clock ap_clk rise edge)     0.000     0.000 r  
                                                      0.000     0.000 r  ap_clk (IN)
                         net (fo=0)                   0.043     0.043    ap_clk
    BUFGCE_X0Y0          BUFGCE (Prop_BUFCE_BUFGCE_I_O)
                                                      0.028     0.071 r  ooc_ap_clk_bufg/O
    X4Y6 (CLOCK_ROOT)    net (fo=56895, routed)       3.579     3.650    grp_gdn_bf16_top_impl_fu_1036/resident_state_uram_lower_U/ooc_ap_clk_global
    URAM288_X4Y52        URAM288                                      r  grp_gdn_bf16_top_impl_fu_1036/resident_state_uram_lower_U/ram_reg_uram_154/CLK
  -------------------------------------------------------------------    -------------------
    URAM288_X4Y52        URAM288 (Prop_URAM_288K_INST_URAM288_CLK_DOUT_A[62])
                                                      1.205     4.855 r  grp_gdn_bf16_top_impl_fu_1036/resident_state_uram_lower_U/ram_reg_uram_154/DOUT_A[62]
                         net (fo=1, routed)           2.002     6.857    grp_gdn_bf16_top_impl_fu_1036/resident_state_uram_lower_U/ram_reg_uram_154_n_359
    SLICE_X86Y205        LUT6 (Prop_H6LUT_SLICEL_I5_O)
                                                      0.036     6.893 r  grp_gdn_bf16_top_impl_fu_1036/resident_state_uram_lower_U/lower_reg_2764[134]_i_41/O
                         net (fo=1, routed)           0.010     6.903    grp_gdn_bf16_top_impl_fu_1036/resident_state_uram_lower_U/lower_reg_2764[134]_i_41_n_0
    SLICE_X86Y205        MUXF7 (Prop_F7MUX_GH_SLICEL_I0_O)
                                                      0.064     6.967 r  grp_gdn_bf16_top_impl_fu_1036/resident_state_uram_lower_U/lower_reg_2764_reg[134]_i_17/O
                         net (fo=1, routed)           2.083     9.050    grp_gdn_bf16_top_impl_fu_1036/resident_state_uram_lower_U/lower_reg_2764_reg[134]_i_17_n_0
    SLR Crossing[0->1]   
    SLICE_X123Y270       LUT6 (Prop_G6LUT_SLICEL_I0_O)
                                                      0.089     9.139 r  grp_gdn_bf16_top_impl_fu_1036/resident_state_uram_lower_U/lower_reg_2764[134]_i_5/O
                         net (fo=1, routed)           0.735     9.874    grp_gdn_bf16_top_impl_fu_1036/resident_state_uram_upper_U/lower238_fu_170_reg[134]_1
    SLICE_X113Y264       LUT6 (Prop_G6LUT_SLICEL_I5_O)
                                                      0.035     9.909 r  grp_gdn_bf16_top_impl_fu_1036/resident_state_uram_upper_U/lower_reg_2764[134]_i_1/O
                         net (fo=2, routed)           0.217    10.126    grp_gdn_bf16_top_impl_fu_1036/grp_gdn_bf16_top_impl_Pipeline_readback_bf16_heads_readback_bf16_rows_readback_bf16_s_fu_4060/lower238_fu_170_reg[255]_0[134]
    SLICE_X113Y263       FDRE                                         r  grp_gdn_bf16_top_impl_fu_1036/grp_gdn_bf16_top_impl_Pipeline_readback_bf16_heads_readback_bf16_rows_readback_bf16_s_fu_4060/lower238_fu_170_reg[134]/D
  -------------------------------------------------------------------    -------------------

                         (clock ap_clk rise edge)     8.000     8.000 r  
                                                      0.000     8.000 r  ap_clk (IN)
                         net (fo=0)                   0.036     8.036    ap_clk
    BUFGCE_X0Y0          BUFGCE (Prop_BUFCE_BUFGCE_I_O)
                                                      0.024     8.060 r  ooc_ap_clk_bufg/O
    X4Y6 (CLOCK_ROOT)    net (fo=56895, routed)       3.025    11.085    grp_gdn_bf16_top_impl_fu_1036/grp_gdn_bf16_top_impl_Pipeline_readback_bf16_heads_readback_bf16_rows_readback_bf16_s_fu_4060/ooc_ap_clk_global
    SLR Crossing[0->1]   
    SLICE_X113Y263       FDRE                                         r  grp_gdn_bf16_top_impl_fu_1036/grp_gdn_bf16_top_impl_Pipeline_readback_bf16_heads_readback_bf16_rows_readback_bf16_s_fu_4060/lower238_fu_170_reg[134]/C
                         clock pessimism              0.202    11.287    
                         inter-SLR compensation      -0.170    11.117    
                         clock uncertainty           -0.035    11.081    
    SLICE_X113Y263       FDRE (Setup_DFF2_SLICEL_C_D)
                                                      0.025    11.106    grp_gdn_bf16_top_impl_fu_1036/grp_gdn_bf16_top_impl_Pipeline_readback_bf16_heads_readback_bf16_rows_readback_bf16_s_fu_4060/lower238_fu_170_reg[134]
  -------------------------------------------------------------------
                         required time                         11.106    
                         arrival time                         -10.126    
  -------------------------------------------------------------------
                         slack                                  0.980    





Min Delay Paths
--------------------------------------------------------------------------------------
Slack (MET) :             0.000ns  (arrival time - required time)
  Source:                 gmem4_m_axi_U/bus_read/rs_rdata/FSM_sequential_state_reg[0]/C
                            (rising edge-triggered cell FDRE clocked by ap_clk  {rise@0.000ns fall@4.000ns period=8.000ns})
  Destination:            gmem4_m_axi_U/bus_read/rs_rdata/data_p1_reg[25]/D
                            (rising edge-triggered cell FDRE clocked by ap_clk  {rise@0.000ns fall@4.000ns period=8.000ns})
  Path Group:             ap_clk
  Path Type:              Hold (Min at Slow Process Corner)
  Requirement:            0.000ns  (ap_clk rise@0.000ns - ap_clk rise@0.000ns)
  Data Path Delay:        0.227ns  (logic 0.095ns (41.820%)  route 0.132ns (58.180%))
  Logic Levels:           1  (LUT4=1)
  Clock Path Skew:        0.167ns (DCD - SCD - CPR)
    Destination Clock Delay (DCD):    3.495ns
    Source Clock Delay      (SCD):    3.063ns
    Clock Pessimism Removal (CPR):    0.265ns
  Clock Net Delay (Source):      3.003ns (routing 1.478ns, distribution 1.525ns)
  Clock Net Delay (Destination): 3.424ns (routing 1.629ns, distribution 1.795ns)

    Location             Delay type                Incr(ns)  Path(ns)    Netlist Resource(s)
  -------------------------------------------------------------------    -------------------
                         (clock ap_clk rise edge)     0.000     0.000 r  
                                                      0.000     0.000 r  ap_clk (IN)
                         net (fo=0)                   0.036     0.036    ap_clk
    BUFGCE_X0Y0          BUFGCE (Prop_BUFCE_BUFGCE_I_O)
                                                      0.024     0.060 r  ooc_ap_clk_bufg/O
    X4Y6 (CLOCK_ROOT)    net (fo=56895, routed)       3.003     3.063    gmem4_m_axi_U/bus_read/rs_rdata/ooc_ap_clk_global
    SLR Crossing[0->1]   
    SLICE_X108Y258       FDRE                                         r  gmem4_m_axi_U/bus_read/rs_rdata/FSM_sequential_state_reg[0]/C
  -------------------------------------------------------------------    -------------------
    SLICE_X108Y258       FDRE (Prop_DFF_SLICEL_C_Q)
                                                      0.059     3.122 r  gmem4_m_axi_U/bus_read/rs_rdata/FSM_sequential_state_reg[0]/Q
                         net (fo=37, routed)          0.107     3.229    gmem4_m_axi_U/bus_read/rs_rdata/state__0[0]
    SLICE_X109Y259       LUT4 (Prop_A6LUT_SLICEM_I2_O)
                                                      0.036     3.265 r  gmem4_m_axi_U/bus_read/rs_rdata/data_p1[25]_i_1__10/O
                         net (fo=1, routed)           0.025     3.290    gmem4_m_axi_U/bus_read/rs_rdata/data_p1[25]_i_1__10_n_0
    SLICE_X109Y259       FDRE                                         r  gmem4_m_axi_U/bus_read/rs_rdata/data_p1_reg[25]/D
  -------------------------------------------------------------------    -------------------

                         (clock ap_clk rise edge)     0.000     0.000 r  
                                                      0.000     0.000 r  ap_clk (IN)
                         net (fo=0)                   0.043     0.043    ap_clk
    BUFGCE_X0Y0          BUFGCE (Prop_BUFCE_BUFGCE_I_O)
                                                      0.028     0.071 r  ooc_ap_clk_bufg/O
    X4Y6 (CLOCK_ROOT)    net (fo=56895, routed)       3.424     3.495    gmem4_m_axi_U/bus_read/rs_rdata/ooc_ap_clk_global
    SLR Crossing[0->1]   
    SLICE_X109Y259       FDRE                                         r  gmem4_m_axi_U/bus_read/rs_rdata/data_p1_reg[25]/C
                         clock pessimism             -0.265     3.230    
    SLICE_X109Y259       FDRE (Hold_AFF_SLICEM_C_D)
                                                      0.060     3.290    gmem4_m_axi_U/bus_read/rs_rdata/data_p1_reg[25]
  -------------------------------------------------------------------
                         required time                         -3.290    
                         arrival time                           3.290    
  -------------------------------------------------------------------
                         slack                                  0.000    





Pulse Width Checks
--------------------------------------------------------------------------------------
Clock Name:         ap_clk
Waveform(ns):       { 0.000 4.000 }
Period(ns):         8.000
Sources:            { ap_clk }

Check Type        Corner  Lib Pin      Reference Pin  Required(ns)  Actual(ns)  Slack(ns)  Location       Pin
Min Period        n/a     URAM288/CLK  n/a            2.000         8.000       6.000      URAM288_X4Y12  grp_gdn_bf16_top_impl_fu_1036/resident_state_uram_lower_U/ram_reg_uram_10/CLK
Low Pulse Width   Slow    URAM288/CLK  n/a            0.700         4.000       3.300      URAM288_X4Y12  grp_gdn_bf16_top_impl_fu_1036/resident_state_uram_lower_U/ram_reg_uram_10/CLK
High Pulse Width  Slow    URAM288/CLK  n/a            0.700         4.000       3.300      URAM288_X4Y12  grp_gdn_bf16_top_impl_fu_1036/resident_state_uram_lower_U/ram_reg_uram_10/CLK



--------------------------------------------------------------------------------------
Path Group:  (none)
From Clock:  ap_clk
  To Clock:  ap_clk

Max Delay          7497 Endpoints
Min Delay         13451 Endpoints
--------------------------------------------------------------------------------------


Max Delay Paths
--------------------------------------------------------------------------------------
Slack:                    inf
  Source:                 ap_rst_n
                            (input port clocked by ap_clk  {rise@0.000ns fall@4.000ns period=8.000ns})
  Destination:            gmem3_m_axi_U/load_unit_0/buff_rdata/U_fifo_mem/mem_reg/ENARDEN
                            (rising edge-triggered cell RAMB18E2 clocked by ap_clk  {rise@0.000ns fall@4.000ns period=8.000ns})
  Path Group:             (none)
  Path Type:              Setup (Max at Slow Process Corner)
  Data Path Delay:        2.707ns  (logic 0.122ns (4.507%)  route 2.585ns (95.493%))
  Logic Levels:           1  (LUT4=1)
  Input Delay:            1.000ns
  Clock Path Skew:        2.967ns (DCD - SCD + CPR)
    Destination Clock Delay (DCD):    2.967ns
    Source Clock Delay      (SCD):    0.000ns
    Clock Pessimism Removal (CPR):    0.000ns
  Clock Uncertainty:      0.035ns  ((TSJ^2 + TIJ^2)^1/2 + DJ) / 2 + PE
    Total System Jitter     (TSJ):    0.071ns
    Total Input Jitter      (TIJ):    0.000ns
    Discrete Jitter          (DJ):    0.000ns
    Phase Error              (PE):    0.000ns
  Clock Net Delay (Destination): 2.907ns (routing 1.478ns, distribution 1.429ns)
  Timing Exception:       False Path

    Location             Delay type                Incr(ns)  Path(ns)    Netlist Resource(s)
  -------------------------------------------------------------------    -------------------
                         (clock ap_clk rise edge)     0.000     0.000 r  
                         input delay                  1.000     1.000    
                                                      0.000     1.000 f  ap_rst_n (IN)
                         net (fo=7039, unset)         0.000     1.000    gmem3_m_axi_U/load_unit_0/buff_rdata/U_fifo_mem/ap_rst_n
    SLICE_X119Y457       LUT4 (Prop_D6LUT_SLICEL_I0_O)
                                                      0.122     1.122 r  gmem3_m_axi_U/load_unit_0/buff_rdata/U_fifo_mem/mem_reg_i_1__1/O
                         net (fo=1, routed)           2.585     3.707    gmem3_m_axi_U/load_unit_0/buff_rdata/U_fifo_mem/mem_reg_i_1__1_n_0
    RAMB18_X8Y110        RAMB18E2                                     r  gmem3_m_axi_U/load_unit_0/buff_rdata/U_fifo_mem/mem_reg/ENARDEN
  -------------------------------------------------------------------    -------------------

                         (clock ap_clk rise edge)     0.000     0.000 r  
                                                      0.000     0.000 r  ap_clk (IN)
                         net (fo=0)                   0.036     0.036    ap_clk
    BUFGCE_X0Y0          BUFGCE (Prop_BUFCE_BUFGCE_I_O)
                                                      0.024     0.060 r  ooc_ap_clk_bufg/O
    X4Y6 (CLOCK_ROOT)    net (fo=56895, routed)       2.907     2.967    gmem3_m_axi_U/load_unit_0/buff_rdata/U_fifo_mem/ooc_ap_clk_global
    SLR Crossing[0->1]   
    RAMB18_X8Y110        RAMB18E2                                     r  gmem3_m_axi_U/load_unit_0/buff_rdata/U_fifo_mem/mem_reg/CLKARDCLK





Min Delay Paths
--------------------------------------------------------------------------------------
Slack:                    inf
  Source:                 s_axi_control_r_AWADDR[2]
                            (input port clocked by ap_clk  {rise@0.000ns fall@4.000ns period=8.000ns})
  Destination:            control_r_s_axi_U/waddr_reg[2]/D
                            (rising edge-triggered cell FDRE clocked by ap_clk  {rise@0.000ns fall@4.000ns period=8.000ns})
  Path Group:             (none)
  Path Type:              Hold (Min at Fast Process Corner)
  Data Path Delay:        0.007ns  (logic 0.000ns (0.000%)  route 0.007ns (100.001%))
  Logic Levels:           0  
  Input Delay:            1.000ns
  Clock Path Skew:        2.083ns (DCD - SCD - CPR)
    Destination Clock Delay (DCD):    2.083ns
    Source Clock Delay      (SCD):    0.000ns
    Clock Pessimism Removal (CPR):    -0.000ns
  Clock Uncertainty:      0.035ns  ((TSJ^2 + TIJ^2)^1/2 + DJ) / 2 + PE
    Total System Jitter     (TSJ):    0.071ns
    Total Input Jitter      (TIJ):    0.000ns
    Discrete Jitter          (DJ):    0.000ns
    Phase Error              (PE):    0.000ns
  Clock Net Delay (Destination): 2.034ns (routing 1.007ns, distribution 1.027ns)
  Timing Exception:       False Path

    Location             Delay type                Incr(ns)  Path(ns)    Netlist Resource(s)
  -------------------------------------------------------------------    -------------------
                         (clock ap_clk rise edge)     0.000     0.000 r  
                         input delay                  1.000     1.000    
                                                      0.000     1.000 r  s_axi_control_r_AWADDR[2] (IN)
                         net (fo=0)                   0.007     1.007    control_r_s_axi_U/s_axi_control_r_AWADDR[0]
    SLICE_X149Y415       FDRE                                         r  control_r_s_axi_U/waddr_reg[2]/D
  -------------------------------------------------------------------    -------------------

                         (clock ap_clk rise edge)     0.000     0.000 r  
                                                      0.000     0.000 r  ap_clk (IN)
                         net (fo=0)                   0.030     0.030    ap_clk
    BUFGCE_X0Y0          BUFGCE (Prop_BUFCE_BUFGCE_I_O)
                                                      0.019     0.049 r  ooc_ap_clk_bufg/O
    X4Y6 (CLOCK_ROOT)    net (fo=56895, routed)       2.034     2.083    control_r_s_axi_U/ooc_ap_clk_global
    SLR Crossing[0->1]   
    SLICE_X149Y415       FDRE                                         r  control_r_s_axi_U/waddr_reg[2]/C





--------------------------------------------------------------------------------------
Path Group:  (none)
From Clock:  
  To Clock:  ap_clk

Max Delay           155 Endpoints
Min Delay           155 Endpoints
--------------------------------------------------------------------------------------


Max Delay Paths
--------------------------------------------------------------------------------------
Slack:                    inf
  Source:                 gdn_bf16_top/gdn_bf16_top_gdn_bf16_top_impl/gdn_bf16_top_p_anonymous_namespace_phase2_decay_predict_tile/gdn_bf16_top_p_anonymous_namespace_phase2_decay_predict_tile_Pipeline_phase2_bf16_decay_rows_p/gdn_bf16_top_floatingpoint_mul_32ns_32ns_32ns_32ns_32_3_1__xdcDup__1/gdn_bf16_top_floatingpoint_mul_32ns_32ns_32ns_32ns_32_3_1_ip__6/<hidden>/<hidden>/<hidden>/<hidden>/<hidden>/<hidden>/<hidden>
                            (internal pin)
  Destination:            gdn_bf16_top/gdn_bf16_top_gdn_bf16_top_impl/gdn_bf16_top_p_anonymous_namespace_phase2_decay_predict_tile/gdn_bf16_top_p_anonymous_namespace_phase2_decay_predict_tile_Pipeline_phase2_bf16_decay_rows_p/gdn_bf16_top_floatingpoint_mul_32ns_32ns_32ns_32ns_32_3_1__xdcDup__1/gdn_bf16_top_floatingpoint_mul_32ns_32ns_32ns_32ns_32_3_1_ip__6/<hidden>/<hidden>/<hidden>/<hidden>
                            (rising edge-triggered cell FDRE clocked by ap_clk  {rise@0.000ns fall@4.000ns period=8.000ns})
  Path Group:             (none)
  Path Type:              Setup (Max at Slow Process Corner)
  Data Path Delay:        1.987ns  (logic 0.783ns (39.409%)  route 1.204ns (60.591%))
  Logic Levels:           3  (DSP_ALU=1 DSP_OUTPUT=1 LUT6=1)
  Clock Uncertainty:      0.025ns  ((TSJ^2 + TIJ^2)^1/2 + DJ) / 2 + PE
    Total System Jitter     (TSJ):    0.050ns
    Total Input Jitter      (TIJ):    0.000ns
    Discrete Jitter          (DJ):    0.000ns
    Phase Error              (PE):    0.000ns
  Clock Net Delay (Destination): 2.941ns (routing 1.478ns, distribution 1.463ns)

    Location             Delay type                Incr(ns)  Path(ns)    Netlist Resource(s)
  -------------------------------------------------------------------    -------------------
    DSP48E2_X15Y154      DSP_C_DATA                   0.000     0.000 r  gdn_bf16_top/gdn_bf16_top_gdn_bf16_top_impl/gdn_bf16_top_p_anonymous_namespace_phase2_decay_predict_tile/gdn_bf16_top_p_anonymous_namespace_phase2_decay_predict_tile_Pipeline_phase2_bf16_decay_rows_p/gdn_bf16_top_floatingpoint_mul_32ns_32ns_32ns_32ns_32_3_1__xdcDup__1/gdn_bf16_top_floatingpoint_mul_32ns_32ns_32ns_32ns_32_3_1_ip__6/<hidden>/<hidden>/<hidden>/<hidden>/<hidden>/<hidden>/<hidden>
                         net (fo=2, routed)           0.000     0.000    gdn_bf16_top/gdn_bf16_top_gdn_bf16_top_impl/gdn_bf16_top_p_anonymous_namespace_phase2_decay_predict_tile/gdn_bf16_top_p_anonymous_namespace_phase2_decay_predict_tile_Pipeline_phase2_bf16_decay_rows_p/gdn_bf16_top_floatingpoint_mul_32ns_32ns_32ns_32ns_32_3_1__xdcDup__1/gdn_bf16_top_floatingpoint_mul_32ns_32ns_32ns_32ns_32_3_1_ip__6/<hidden>/<hidden>/<hidden>/<hidden>/<hidden>/<hidden>/<hidden>
    DSP48E2_X15Y154      DSP_ALU (Prop_DSP_ALU_DSP48E2_C_DATA[13]_ALU_OUT[13])
                                                      0.585     0.585 f  gdn_bf16_top/gdn_bf16_top_gdn_bf16_top_impl/gdn_bf16_top_p_anonymous_namespace_phase2_decay_predict_tile/gdn_bf16_top_p_anonymous_namespace_phase2_decay_predict_tile_Pipeline_phase2_bf16_decay_rows_p/gdn_bf16_top_floatingpoint_mul_32ns_32ns_32ns_32ns_32_3_1__xdcDup__1/gdn_bf16_top_floatingpoint_mul_32ns_32ns_32ns_32ns_32_3_1_ip__6/<hidden>/<hidden>/<hidden>/<hidden>/<hidden>/<hidden>/<hidden>
                         net (fo=1, routed)           0.000     0.585    gdn_bf16_top/gdn_bf16_top_gdn_bf16_top_impl/gdn_bf16_top_p_anonymous_namespace_phase2_decay_predict_tile/gdn_bf16_top_p_anonymous_namespace_phase2_decay_predict_tile_Pipeline_phase2_bf16_decay_rows_p/gdn_bf16_top_floatingpoint_mul_32ns_32ns_32ns_32ns_32_3_1__xdcDup__1/gdn_bf16_top_floatingpoint_mul_32ns_32ns_32ns_32ns_32_3_1_ip__6/<hidden>/<hidden>/<hidden>/<hidden>/<hidden>/<hidden>/<hidden>
    DSP48E2_X15Y154      DSP_OUTPUT (Prop_DSP_OUTPUT_DSP48E2_ALU_OUT[13]_P[13])
                                                      0.109     0.694 r  gdn_bf16_top/gdn_bf16_top_gdn_bf16_top_impl/gdn_bf16_top_p_anonymous_namespace_phase2_decay_predict_tile/gdn_bf16_top_p_anonymous_namespace_phase2_decay_predict_tile_Pipeline_phase2_bf16_decay_rows_p/gdn_bf16_top_floatingpoint_mul_32ns_32ns_32ns_32ns_32_3_1__xdcDup__1/gdn_bf16_top_floatingpoint_mul_32ns_32ns_32ns_32ns_32_3_1_ip__6/<hidden>/<hidden>/<hidden>/<hidden>/<hidden>/<hidden>/<hidden>
                         net (fo=2, routed)           1.145     1.839    gdn_bf16_top/gdn_bf16_top_gdn_bf16_top_impl/gdn_bf16_top_p_anonymous_namespace_phase2_decay_predict_tile/gdn_bf16_top_p_anonymous_namespace_phase2_decay_predict_tile_Pipeline_phase2_bf16_decay_rows_p/gdn_bf16_top_floatingpoint_mul_32ns_32ns_32ns_32ns_32_3_1__xdcDup__1/gdn_bf16_top_floatingpoint_mul_32ns_32ns_32ns_32ns_32_3_1_ip__6/<hidden>/<hidden>/<hidden>/<hidden>/<hidden>/<hidden>
    SLICE_X115Y398       LUT6 (Prop_B6LUT_SLICEM_I3_O)
                                                      0.089     1.928 r  gdn_bf16_top/gdn_bf16_top_gdn_bf16_top_impl/gdn_bf16_top_p_anonymous_namespace_phase2_decay_predict_tile/gdn_bf16_top_p_anonymous_namespace_phase2_decay_predict_tile_Pipeline_phase2_bf16_decay_rows_p/gdn_bf16_top_floatingpoint_mul_32ns_32ns_32ns_32ns_32_3_1__xdcDup__1/gdn_bf16_top_floatingpoint_mul_32ns_32ns_32ns_32ns_32_3_1_ip__6/<hidden>/<hidden>/<hidden>/<hidden>/<hidden>/<hidden>
                         net (fo=1, routed)           0.059     1.987    gdn_bf16_top/gdn_bf16_top_gdn_bf16_top_impl/gdn_bf16_top_p_anonymous_namespace_phase2_decay_predict_tile/gdn_bf16_top_p_anonymous_namespace_phase2_decay_predict_tile_Pipeline_phase2_bf16_decay_rows_p/gdn_bf16_top_floatingpoint_mul_32ns_32ns_32ns_32ns_32_3_1__xdcDup__1/gdn_bf16_top_floatingpoint_mul_32ns_32ns_32ns_32ns_32_3_1_ip__6/<hidden>/<hidden>/<hidden>/<hidden>
    SLICE_X115Y398       FDRE                                         r  gdn_bf16_top/gdn_bf16_top_gdn_bf16_top_impl/gdn_bf16_top_p_anonymous_namespace_phase2_decay_predict_tile/gdn_bf16_top_p_anonymous_namespace_phase2_decay_predict_tile_Pipeline_phase2_bf16_decay_rows_p/gdn_bf16_top_floatingpoint_mul_32ns_32ns_32ns_32ns_32_3_1__xdcDup__1/gdn_bf16_top_floatingpoint_mul_32ns_32ns_32ns_32ns_32_3_1_ip__6/<hidden>/<hidden>/<hidden>/<hidden>
  -------------------------------------------------------------------    -------------------

                         (clock ap_clk rise edge)     0.000     0.000 r  
                                                      0.000     0.000 r  ap_clk (IN)
                         net (fo=0)                   0.036     0.036    ap_clk
    BUFGCE_X0Y0          BUFGCE (Prop_BUFCE_BUFGCE_I_O)
                                                      0.024     0.060 r  ooc_ap_clk_bufg/O
    X4Y6 (CLOCK_ROOT)    net (fo=56895, routed)       2.941     3.001    gdn_bf16_top/gdn_bf16_top_gdn_bf16_top_impl/gdn_bf16_top_p_anonymous_namespace_phase2_decay_predict_tile/gdn_bf16_top_p_anonymous_namespace_phase2_decay_predict_tile_Pipeline_phase2_bf16_decay_rows_p/gdn_bf16_top_floatingpoint_mul_32ns_32ns_32ns_32ns_32_3_1__xdcDup__1/gdn_bf16_top_floatingpoint_mul_32ns_32ns_32ns_32ns_32_3_1_ip__6/<hidden>/<hidden>/<hidden>/<hidden>
    SLR Crossing[0->1]   
    SLICE_X115Y398       FDRE                                         r  gdn_bf16_top/gdn_bf16_top_gdn_bf16_top_impl/gdn_bf16_top_p_anonymous_namespace_phase2_decay_predict_tile/gdn_bf16_top_p_anonymous_namespace_phase2_decay_predict_tile_Pipeline_phase2_bf16_decay_rows_p/gdn_bf16_top_floatingpoint_mul_32ns_32ns_32ns_32ns_32_3_1__xdcDup__1/gdn_bf16_top_floatingpoint_mul_32ns_32ns_32ns_32ns_32_3_1_ip__6/<hidden>/<hidden>/<hidden>/<hidden>





Min Delay Paths
--------------------------------------------------------------------------------------
Slack:                    inf
  Source:                 gdn_bf16_top/gdn_bf16_top_gdn_bf16_top_impl/gdn_bf16_top_p_anonymous_namespace_phase2_decay_predict_tile/gdn_bf16_top_p_anonymous_namespace_phase2_decay_predict_tile_Pipeline_phase2_bf16_prediction_t/gdn_bf16_top_floatingpoint_mul_32ns_32ns_32ns_32ns_32_3_1__xdcDup__2/gdn_bf16_top_floatingpoint_mul_32ns_32ns_32ns_32ns_32_3_1_ip__5/<hidden>/<hidden>/<hidden>/<hidden>/<hidden>/<hidden>/<hidden>
                            (internal pin)
  Destination:            gdn_bf16_top/gdn_bf16_top_gdn_bf16_top_impl/gdn_bf16_top_p_anonymous_namespace_phase2_decay_predict_tile/gdn_bf16_top_p_anonymous_namespace_phase2_decay_predict_tile_Pipeline_phase2_bf16_prediction_t/gdn_bf16_top_floatingpoint_mul_32ns_32ns_32ns_32ns_32_3_1__xdcDup__2/gdn_bf16_top_floatingpoint_mul_32ns_32ns_32ns_32ns_32_3_1_ip__5/<hidden>/<hidden>/<hidden>/<hidden>
                            (rising edge-triggered cell FDRE clocked by ap_clk  {rise@0.000ns fall@4.000ns period=8.000ns})
  Path Group:             (none)
  Path Type:              Hold (Min at Fast Process Corner)
  Data Path Delay:        0.227ns  (logic 0.146ns (64.400%)  route 0.081ns (35.600%))
  Logic Levels:           3  (DSP_ALU=1 DSP_OUTPUT=1 LUT6=1)
  Clock Uncertainty:      0.025ns  ((TSJ^2 + TIJ^2)^1/2 + DJ) / 2 + PE
    Total System Jitter     (TSJ):    0.050ns
    Total Input Jitter      (TIJ):    0.000ns
    Discrete Jitter          (DJ):    0.000ns
    Phase Error              (PE):    0.000ns
  Clock Net Delay (Destination): 2.079ns (routing 1.007ns, distribution 1.072ns)

    Location             Delay type                Incr(ns)  Path(ns)    Netlist Resource(s)
  -------------------------------------------------------------------    -------------------
    DSP48E2_X12Y146      DSP_C_DATA                   0.000     0.000 r  gdn_bf16_top/gdn_bf16_top_gdn_bf16_top_impl/gdn_bf16_top_p_anonymous_namespace_phase2_decay_predict_tile/gdn_bf16_top_p_anonymous_namespace_phase2_decay_predict_tile_Pipeline_phase2_bf16_prediction_t/gdn_bf16_top_floatingpoint_mul_32ns_32ns_32ns_32ns_32_3_1__xdcDup__2/gdn_bf16_top_floatingpoint_mul_32ns_32ns_32ns_32ns_32_3_1_ip__5/<hidden>/<hidden>/<hidden>/<hidden>/<hidden>/<hidden>/<hidden>
                         net (fo=2, routed)           0.000     0.000    gdn_bf16_top/gdn_bf16_top_gdn_bf16_top_impl/gdn_bf16_top_p_anonymous_namespace_phase2_decay_predict_tile/gdn_bf16_top_p_anonymous_namespace_phase2_decay_predict_tile_Pipeline_phase2_bf16_prediction_t/gdn_bf16_top_floatingpoint_mul_32ns_32ns_32ns_32ns_32_3_1__xdcDup__2/gdn_bf16_top_floatingpoint_mul_32ns_32ns_32ns_32ns_32_3_1_ip__5/<hidden>/<hidden>/<hidden>/<hidden>/<hidden>/<hidden>/<hidden>
    DSP48E2_X12Y146      DSP_ALU (Prop_DSP_ALU_DSP48E2_C_DATA[19]_ALU_OUT[19])
                                                      0.102     0.102 f  gdn_bf16_top/gdn_bf16_top_gdn_bf16_top_impl/gdn_bf16_top_p_anonymous_namespace_phase2_decay_predict_tile/gdn_bf16_top_p_anonymous_namespace_phase2_decay_predict_tile_Pipeline_phase2_bf16_prediction_t/gdn_bf16_top_floatingpoint_mul_32ns_32ns_32ns_32ns_32_3_1__xdcDup__2/gdn_bf16_top_floatingpoint_mul_32ns_32ns_32ns_32ns_32_3_1_ip__5/<hidden>/<hidden>/<hidden>/<hidden>/<hidden>/<hidden>/<hidden>
                         net (fo=1, routed)           0.000     0.102    gdn_bf16_top/gdn_bf16_top_gdn_bf16_top_impl/gdn_bf16_top_p_anonymous_namespace_phase2_decay_predict_tile/gdn_bf16_top_p_anonymous_namespace_phase2_decay_predict_tile_Pipeline_phase2_bf16_prediction_t/gdn_bf16_top_floatingpoint_mul_32ns_32ns_32ns_32ns_32_3_1__xdcDup__2/gdn_bf16_top_floatingpoint_mul_32ns_32ns_32ns_32ns_32_3_1_ip__5/<hidden>/<hidden>/<hidden>/<hidden>/<hidden>/<hidden>/<hidden>
    DSP48E2_X12Y146      DSP_OUTPUT (Prop_DSP_OUTPUT_DSP48E2_ALU_OUT[19]_P[19])
                                                      0.030     0.132 r  gdn_bf16_top/gdn_bf16_top_gdn_bf16_top_impl/gdn_bf16_top_p_anonymous_namespace_phase2_decay_predict_tile/gdn_bf16_top_p_anonymous_namespace_phase2_decay_predict_tile_Pipeline_phase2_bf16_prediction_t/gdn_bf16_top_floatingpoint_mul_32ns_32ns_32ns_32ns_32_3_1__xdcDup__2/gdn_bf16_top_floatingpoint_mul_32ns_32ns_32ns_32ns_32_3_1_ip__5/<hidden>/<hidden>/<hidden>/<hidden>/<hidden>/<hidden>/<hidden>
                         net (fo=2, routed)           0.065     0.197    gdn_bf16_top/gdn_bf16_top_gdn_bf16_top_impl/gdn_bf16_top_p_anonymous_namespace_phase2_decay_predict_tile/gdn_bf16_top_p_anonymous_namespace_phase2_decay_predict_tile_Pipeline_phase2_bf16_prediction_t/gdn_bf16_top_floatingpoint_mul_32ns_32ns_32ns_32ns_32_3_1__xdcDup__2/gdn_bf16_top_floatingpoint_mul_32ns_32ns_32ns_32ns_32_3_1_ip__5/<hidden>/<hidden>/<hidden>/<hidden>/<hidden>/<hidden>
    SLICE_X93Y382        LUT6 (Prop_D6LUT_SLICEL_I5_O)
                                                      0.014     0.211 r  gdn_bf16_top/gdn_bf16_top_gdn_bf16_top_impl/gdn_bf16_top_p_anonymous_namespace_phase2_decay_predict_tile/gdn_bf16_top_p_anonymous_namespace_phase2_decay_predict_tile_Pipeline_phase2_bf16_prediction_t/gdn_bf16_top_floatingpoint_mul_32ns_32ns_32ns_32ns_32_3_1__xdcDup__2/gdn_bf16_top_floatingpoint_mul_32ns_32ns_32ns_32ns_32_3_1_ip__5/<hidden>/<hidden>/<hidden>/<hidden>/<hidden>/<hidden>
                         net (fo=1, routed)           0.016     0.227    gdn_bf16_top/gdn_bf16_top_gdn_bf16_top_impl/gdn_bf16_top_p_anonymous_namespace_phase2_decay_predict_tile/gdn_bf16_top_p_anonymous_namespace_phase2_decay_predict_tile_Pipeline_phase2_bf16_prediction_t/gdn_bf16_top_floatingpoint_mul_32ns_32ns_32ns_32ns_32_3_1__xdcDup__2/gdn_bf16_top_floatingpoint_mul_32ns_32ns_32ns_32ns_32_3_1_ip__5/<hidden>/<hidden>/<hidden>/<hidden>
    SLICE_X93Y382        FDRE                                         r  gdn_bf16_top/gdn_bf16_top_gdn_bf16_top_impl/gdn_bf16_top_p_anonymous_namespace_phase2_decay_predict_tile/gdn_bf16_top_p_anonymous_namespace_phase2_decay_predict_tile_Pipeline_phase2_bf16_prediction_t/gdn_bf16_top_floatingpoint_mul_32ns_32ns_32ns_32ns_32_3_1__xdcDup__2/gdn_bf16_top_floatingpoint_mul_32ns_32ns_32ns_32ns_32_3_1_ip__5/<hidden>/<hidden>/<hidden>/<hidden>
  -------------------------------------------------------------------    -------------------

                         (clock ap_clk rise edge)     0.000     0.000 r  
                                                      0.000     0.000 r  ap_clk (IN)
                         net (fo=0)                   0.030     0.030    ap_clk
    BUFGCE_X0Y0          BUFGCE (Prop_BUFCE_BUFGCE_I_O)
                                                      0.019     0.049 r  ooc_ap_clk_bufg/O
    X4Y6 (CLOCK_ROOT)    net (fo=56895, routed)       2.079     2.128    gdn_bf16_top/gdn_bf16_top_gdn_bf16_top_impl/gdn_bf16_top_p_anonymous_namespace_phase2_decay_predict_tile/gdn_bf16_top_p_anonymous_namespace_phase2_decay_predict_tile_Pipeline_phase2_bf16_prediction_t/gdn_bf16_top_floatingpoint_mul_32ns_32ns_32ns_32ns_32_3_1__xdcDup__2/gdn_bf16_top_floatingpoint_mul_32ns_32ns_32ns_32ns_32_3_1_ip__5/<hidden>/<hidden>/<hidden>/<hidden>
    SLR Crossing[0->1]   
    SLICE_X93Y382        FDRE                                         r  gdn_bf16_top/gdn_bf16_top_gdn_bf16_top_impl/gdn_bf16_top_p_anonymous_namespace_phase2_decay_predict_tile/gdn_bf16_top_p_anonymous_namespace_phase2_decay_predict_tile_Pipeline_phase2_bf16_prediction_t/gdn_bf16_top_floatingpoint_mul_32ns_32ns_32ns_32ns_32_3_1__xdcDup__2/gdn_bf16_top_floatingpoint_mul_32ns_32ns_32ns_32ns_32_3_1_ip__5/<hidden>/<hidden>/<hidden>/<hidden>





