Copyright 1986-2022 Xilinx, Inc. All Rights Reserved. Copyright 2022-2024 Advanced Micro Devices, Inc. All Rights Reserved.
-------------------------------------------------------------------------------------------------------------------------------------------------
| Tool Version     : Vivado v.2024.2 (win64) Build 5239630 Fri Nov 08 22:35:27 MST 2024
| Date             : Tue May  5 22:51:29 2026
| Host             : meow running 64-bit major release  (build 9200)
| Command          : report_power -file reports/vivado/impl_power.rpt
| Design           : gdn_top
| Device           : xcu55c-fsvh2892-2L-e
| Design State     : routed
| Grade            : extended
| Process          : typical
| Characterization : Production
-------------------------------------------------------------------------------------------------------------------------------------------------

Power Report

Table of Contents
-----------------
1. Summary
1.1 On-Chip Components
1.2 Power Supply Summary
1.3 Confidence Level
2. Settings
2.1 Environment
2.2 Clock Constraints
3. Detailed Reports
3.1 By Hierarchy

1. Summary
----------

+--------------------------+--------------+
| Total On-Chip Power (W)  | 4.947        |
|   FPGA Power (W)         | 4.558        |
|   HBM Power (W)          | 0.389        |
| Design Power Budget (W)  | Unspecified* |
| Power Budget Margin (W)  | NA           |
| Dynamic (W)              | 1.639        |
| Device Static (W)        | 3.307        |
| Effective TJA (C/W)      | 0.4          |
| Max Ambient (C)          | 97.9         |
| Junction Temperature (C) | 27.1         |
| Confidence Level         | Medium       |
| Setting File             | ---          |
| Simulation Activity File | ---          |
| Design Nets Matched      | NA           |
+--------------------------+--------------+
* Specify Design Power Budget using, set_operating_conditions -design_power_budget <value in Watts>


1.1 On-Chip Components
----------------------

+--------------------------+-----------+----------+-----------+-----------------+
| On-Chip                  | Power (W) | Used     | Available | Utilization (%) |
+--------------------------+-----------+----------+-----------+-----------------+
| Clocks                   |     0.312 |        3 |       --- |             --- |
| CLB Logic                |     0.237 |   155236 |       --- |             --- |
|   LUT as Logic           |     0.183 |    83934 |   1303680 |            6.44 |
|   CARRY8                 |     0.018 |     4553 |    162960 |            2.79 |
|   Register               |     0.017 |    45721 |   2607360 |            1.75 |
|   LUT as Shift Register  |     0.014 |      508 |    600960 |            0.08 |
|   LUT as Distributed RAM |     0.005 |     1024 |    600960 |            0.17 |
|   Others                 |     0.000 |     1065 |       --- |             --- |
|   F7/F8 Muxes            |     0.000 |      970 |   1303680 |            0.07 |
| Signals                  |     0.393 |   141434 |       --- |             --- |
| Block RAM                |     0.036 |      7.5 |      2016 |            0.37 |
| DSPs                     |     0.661 |      656 |      9024 |            7.27 |
| Static Power             |     3.307 |          |           |                 |
| Total                    |     4.947 |          |           |                 |
+--------------------------+-----------+----------+-----------+-----------------+


1.2 Power Supply Summary
------------------------

+------------+-------------+-----------+-------------+------------+-------------+-------------+------------+
| Source     | Voltage (V) | Total (A) | Dynamic (A) | Static (A) | Powerup (A) | Budget (A)  | Margin (A) |
+------------+-------------+-----------+-------------+------------+-------------+-------------+------------+
| Vccint     |       0.850 |     3.222 |       1.924 |      1.298 |       NA    | Unspecified | NA         |
| Vccint_io  |       0.850 |     0.240 |       0.000 |      0.240 |       NA    | Unspecified | NA         |
| Vccbram    |       0.850 |     0.035 |       0.005 |      0.031 |       NA    | Unspecified | NA         |
| Vccaux     |       1.800 |     0.820 |       0.000 |      0.820 |       NA    | Unspecified | NA         |
| Vccaux_io  |       1.800 |     0.035 |       0.000 |      0.035 |       NA    | Unspecified | NA         |
| Vcco33     |       3.300 |     0.000 |       0.000 |      0.000 |       NA    | Unspecified | NA         |
| Vcco25     |       2.500 |     0.000 |       0.000 |      0.000 |       NA    | Unspecified | NA         |
| Vcco18     |       1.800 |     0.000 |       0.000 |      0.000 |       NA    | Unspecified | NA         |
| Vcco15     |       1.500 |     0.000 |       0.000 |      0.000 |       NA    | Unspecified | NA         |
| Vcco135    |       1.350 |     0.000 |       0.000 |      0.000 |       NA    | Unspecified | NA         |
| Vcco12     |       1.200 |     0.000 |       0.000 |      0.000 |       NA    | Unspecified | NA         |
| Vcco10     |       1.000 |     0.000 |       0.000 |      0.000 |       NA    | Unspecified | NA         |
| Vccadc     |       1.800 |     0.024 |       0.000 |      0.024 |       NA    | Unspecified | NA         |
| VCC_IO_HBM |       1.200 |     0.082 |       0.000 |      0.082 |       NA    | Unspecified | NA         |
| VCC_HBM    |       1.200 |     0.154 |       0.000 |      0.154 |       NA    | Unspecified | NA         |
| VCCAUX_HBM |       2.500 |     0.043 |       0.000 |      0.043 |       NA    | Unspecified | NA         |
| MGTYAVcc   |       0.900 |     0.000 |       0.000 |      0.000 |       NA    | Unspecified | NA         |
| MGTYAVtt   |       1.200 |     0.000 |       0.000 |      0.000 |       NA    | Unspecified | NA         |
| MGTYVccaux |       1.800 |     0.000 |       0.000 |      0.000 |       NA    | Unspecified | NA         |
+------------+-------------+-----------+-------------+------------+-------------+-------------+------------+


1.3 Confidence Level
--------------------

+-----------------------------+------------+------------------------------------------------+------------------------------------------------------------------------------------------------------------+
| User Input Data             | Confidence | Details                                        | Action                                                                                                     |
+-----------------------------+------------+------------------------------------------------+------------------------------------------------------------------------------------------------------------+
| Design implementation state | High       | Design is routed                               |                                                                                                            |
| Clock nodes activity        | High       | User specified more than 95% of clocks         |                                                                                                            |
| I/O nodes activity          | High       | User specified more than 95% of inputs         |                                                                                                            |
| Internal nodes activity     | Medium     | User specified less than 25% of internal nodes | Provide missing internal nodes activity with simulation results or by editing the "By Resource Type" views |
| Device models               | High       | Device models are Production                   |                                                                                                            |
|                             |            |                                                |                                                                                                            |
| Overall confidence level    | Medium     |                                                |                                                                                                            |
+-----------------------------+------------+------------------------------------------------+------------------------------------------------------------------------------------------------------------+


2. Settings
-----------

2.1 Environment
---------------

+-----------------------+--------------------------+
| Ambient Temp (C)      | 25.0                     |
| ThetaJA (C/W)         | 0.4                      |
| Airflow (LFM)         | 250                      |
| Heat Sink             | medium (Medium Profile)  |
| ThetaSA (C/W)         | 0.5                      |
| Board Selection       | medium (10"x10")         |
| # of Board Layers     | 12to15 (12 to 15 Layers) |
| Board Temperature (C) | 25.0                     |
+-----------------------+--------------------------+


2.2 Clock Constraints
---------------------

+--------+--------+-----------------+
| Clock  | Domain | Constraint (ns) |
+--------+--------+-----------------+
| ap_clk | ap_clk |             4.0 |
+--------+--------+-----------------+


3. Detailed Reports
-------------------

3.1 By Hierarchy
----------------

+---------------------------------------------------------------------------------------------------+-----------+
| Name                                                                                              | Power (W) |
+---------------------------------------------------------------------------------------------------+-----------+
| gdn_top                                                                                           |     1.639 |
|   control_r_s_axi_U                                                                               |     0.008 |
|   gmem0_m_axi_U                                                                                   |     0.016 |
|     bus_read                                                                                      |     0.006 |
|       rreq_burst_conv                                                                             |     0.005 |
|     load_unit_0                                                                                   |     0.010 |
|       buff_rdata                                                                                  |     0.005 |
|       fifo_rreq                                                                                   |     0.003 |
|   gmem1_m_axi_U                                                                                   |     0.016 |
|     bus_read                                                                                      |     0.006 |
|       rreq_burst_conv                                                                             |     0.005 |
|     load_unit_0                                                                                   |     0.010 |
|       buff_rdata                                                                                  |     0.005 |
|       fifo_rreq                                                                                   |     0.003 |
|   gmem2_m_axi_U                                                                                   |     0.015 |
|     bus_read                                                                                      |     0.006 |
|       rreq_burst_conv                                                                             |     0.004 |
|     load_unit_0                                                                                   |     0.010 |
|       buff_rdata                                                                                  |     0.005 |
|       fifo_rreq                                                                                   |     0.003 |
|   gmem3_m_axi_U                                                                                   |     0.015 |
|     bus_read                                                                                      |     0.006 |
|       rreq_burst_conv                                                                             |     0.005 |
|     load_unit_0                                                                                   |     0.010 |
|       buff_rdata                                                                                  |     0.005 |
|       fifo_rreq                                                                                   |     0.002 |
|   gmem4_m_axi_U                                                                                   |     0.018 |
|     bus_read                                                                                      |     0.006 |
|       rreq_burst_conv                                                                             |     0.005 |
|     load_unit_0                                                                                   |     0.012 |
|       buff_rdata                                                                                  |     0.005 |
|       bus_wide_gen.rreq_offset                                                                    |     0.001 |
|       fifo_rreq                                                                                   |     0.002 |
|   gmem5_m_axi_U                                                                                   |     0.021 |
|     bus_write                                                                                     |     0.010 |
|       wreq_burst_conv                                                                             |     0.005 |
|       wreq_throttle                                                                               |     0.005 |
|     store_unit_0                                                                                  |     0.010 |
|       buff_wdata                                                                                  |     0.004 |
|       fifo_wreq                                                                                   |     0.003 |
|   gmem6_m_axi_U                                                                                   |     0.023 |
|     bus_write                                                                                     |     0.014 |
|       wreq_burst_conv                                                                             |     0.005 |
|       wreq_throttle                                                                               |     0.007 |
|     store_unit_0                                                                                  |     0.009 |
|       buff_wdata                                                                                  |     0.003 |
|       bus_wide_gen.wreq_offset                                                                    |     0.002 |
|       fifo_wreq                                                                                   |     0.002 |
|   grp_gdn_top_impl_fu_252                                                                         |     1.497 |
|     grp_gdn_top_impl_Pipeline_load_heads_load_head_vecs_fu_2635                                   |     0.006 |
|     grp_gdn_top_impl_Pipeline_predict_heads_predict_row_tiles_predict_col_tiles_predict_s_fu_2747 |     0.098 |
|     grp_gdn_top_impl_Pipeline_update_load_rows_update_load_cols_fu_2795                           |     0.018 |
|       flow_control_loop_pipe_sequential_init_U                                                    |     0.004 |
|     grp_gdn_top_impl_Pipeline_update_store_rows_update_store_cols_fu_3060                         |     0.002 |
|       flow_control_loop_pipe_sequential_init_U                                                    |     0.001 |
|     mul_15s_17s_31_1_1_U1000                                                                      |     0.002 |
|     mul_15s_17s_31_1_1_U1001                                                                      |     0.002 |
|     mul_15s_17s_31_1_1_U1002                                                                      |     0.001 |
|     mul_15s_17s_31_1_1_U1003                                                                      |     0.002 |
|     mul_15s_17s_31_1_1_U1004                                                                      |     0.002 |
|     mul_15s_17s_31_1_1_U1005                                                                      |     0.001 |
|     mul_15s_17s_31_1_1_U1006                                                                      |     0.001 |
|     mul_15s_17s_31_1_1_U1007                                                                      |     0.001 |
|     mul_15s_17s_31_1_1_U1008                                                                      |     0.001 |
|     mul_15s_17s_31_1_1_U1009                                                                      |     0.002 |
|     mul_15s_17s_31_1_1_U1010                                                                      |     0.001 |
|     mul_15s_17s_31_1_1_U1011                                                                      |     0.001 |
|     mul_15s_17s_31_1_1_U1012                                                                      |     0.002 |
|     mul_15s_17s_31_1_1_U1013                                                                      |     0.001 |
|     mul_15s_17s_31_1_1_U1014                                                                      |     0.002 |
|     mul_15s_17s_31_1_1_U1015                                                                      |     0.001 |
|     mul_15s_17s_31_1_1_U1016                                                                      |     0.001 |
|     mul_15s_17s_31_1_1_U1017                                                                      |     0.002 |
|     mul_15s_17s_31_1_1_U1018                                                                      |     0.001 |
|     mul_15s_17s_31_1_1_U1019                                                                      |     0.001 |
|     mul_15s_17s_31_1_1_U1020                                                                      |     0.001 |
|     mul_15s_17s_31_1_1_U1021                                                                      |     0.001 |
|     mul_15s_17s_31_1_1_U1022                                                                      |     0.001 |
|     mul_15s_17s_31_1_1_U1023                                                                      |     0.002 |
|     mul_15s_17s_31_1_1_U1024                                                                      |     0.001 |
|     mul_15s_17s_31_1_1_U1025                                                                      |     0.001 |
|     mul_15s_17s_31_1_1_U1026                                                                      |     0.001 |
|     mul_15s_17s_31_1_1_U1027                                                                      |     0.001 |
|     mul_15s_17s_31_1_1_U1029                                                                      |     0.003 |
|     mul_15s_17s_31_1_1_U1030                                                                      |     0.002 |
|     mul_15s_17s_31_1_1_U1031                                                                      |     0.001 |
|     mul_15s_17s_31_1_1_U1032                                                                      |     0.001 |
|     mul_15s_17s_31_1_1_U1033                                                                      |     0.002 |
|     mul_15s_17s_31_1_1_U1034                                                                      |     0.001 |
|     mul_15s_17s_31_1_1_U1035                                                                      |     0.001 |
|     mul_15s_17s_31_1_1_U1036                                                                      |     0.001 |
|     mul_15s_17s_31_1_1_U1037                                                                      |     0.001 |
|     mul_15s_17s_31_1_1_U1039                                                                      |     0.001 |
|     mul_15s_17s_31_1_1_U1040                                                                      |     0.002 |
|     mul_15s_17s_31_1_1_U1041                                                                      |     0.001 |
|     mul_15s_17s_31_1_1_U1042                                                                      |     0.002 |
|     mul_15s_17s_31_1_1_U1043                                                                      |     0.001 |
|     mul_15s_17s_31_1_1_U1044                                                                      |     0.002 |
|     mul_15s_17s_31_1_1_U1045                                                                      |     0.001 |
|     mul_15s_17s_31_1_1_U1046                                                                      |     0.001 |
|     mul_15s_17s_31_1_1_U919                                                                       |     0.002 |
|     mul_15s_17s_31_1_1_U920                                                                       |     0.001 |
|     mul_15s_17s_31_1_1_U921                                                                       |     0.002 |
|     mul_15s_17s_31_1_1_U922                                                                       |     0.002 |
|     mul_15s_17s_31_1_1_U923                                                                       |     0.002 |
|     mul_15s_17s_31_1_1_U924                                                                       |     0.001 |
|     mul_15s_17s_31_1_1_U925                                                                       |     0.001 |
|     mul_15s_17s_31_1_1_U926                                                                       |     0.001 |
|     mul_15s_17s_31_1_1_U928                                                                       |     0.001 |
|     mul_15s_17s_31_1_1_U929                                                                       |     0.001 |
|     mul_15s_17s_31_1_1_U930                                                                       |     0.001 |
|     mul_15s_17s_31_1_1_U931                                                                       |     0.001 |
|     mul_15s_17s_31_1_1_U932                                                                       |     0.003 |
|     mul_15s_17s_31_1_1_U933                                                                       |     0.001 |
|     mul_15s_17s_31_1_1_U934                                                                       |     0.001 |
|     mul_15s_17s_31_1_1_U935                                                                       |     0.003 |
|     mul_15s_17s_31_1_1_U936                                                                       |     0.003 |
|     mul_15s_17s_31_1_1_U937                                                                       |     0.001 |
|     mul_15s_17s_31_1_1_U938                                                                       |     0.003 |
|     mul_15s_17s_31_1_1_U939                                                                       |     0.002 |
|     mul_15s_17s_31_1_1_U940                                                                       |     0.001 |
|     mul_15s_17s_31_1_1_U941                                                                       |     0.001 |
|     mul_15s_17s_31_1_1_U942                                                                       |     0.001 |
|     mul_15s_17s_31_1_1_U943                                                                       |     0.001 |
|     mul_15s_17s_31_1_1_U944                                                                       |     0.003 |
|     mul_15s_17s_31_1_1_U945                                                                       |     0.003 |
|     mul_15s_17s_31_1_1_U946                                                                       |     0.002 |
|     mul_15s_17s_31_1_1_U947                                                                       |     0.003 |
|     mul_15s_17s_31_1_1_U948                                                                       |     0.003 |
|     mul_15s_17s_31_1_1_U949                                                                       |     0.002 |
|     mul_15s_17s_31_1_1_U951                                                                       |     0.002 |
|     mul_15s_17s_31_1_1_U952                                                                       |     0.002 |
|     mul_15s_17s_31_1_1_U953                                                                       |     0.001 |
|     mul_15s_17s_31_1_1_U955                                                                       |     0.001 |
|     mul_15s_17s_31_1_1_U956                                                                       |     0.001 |
|     mul_15s_17s_31_1_1_U957                                                                       |     0.001 |
|     mul_15s_17s_31_1_1_U958                                                                       |     0.002 |
|     mul_15s_17s_31_1_1_U959                                                                       |     0.001 |
|     mul_15s_17s_31_1_1_U960                                                                       |     0.003 |
|     mul_15s_17s_31_1_1_U961                                                                       |     0.003 |
|     mul_15s_17s_31_1_1_U962                                                                       |     0.003 |
|     mul_15s_17s_31_1_1_U963                                                                       |     0.003 |
|     mul_15s_17s_31_1_1_U964                                                                       |     0.003 |
|     mul_15s_17s_31_1_1_U965                                                                       |     0.002 |
|     mul_15s_17s_31_1_1_U966                                                                       |     0.003 |
|     mul_15s_17s_31_1_1_U967                                                                       |     0.002 |
|     mul_15s_17s_31_1_1_U968                                                                       |     0.001 |
|     mul_15s_17s_31_1_1_U969                                                                       |     0.001 |
|     mul_15s_17s_31_1_1_U970                                                                       |     0.001 |
|     mul_15s_17s_31_1_1_U971                                                                       |     0.002 |
|     mul_15s_17s_31_1_1_U972                                                                       |     0.001 |
|     mul_15s_17s_31_1_1_U973                                                                       |     0.001 |
|     mul_15s_17s_31_1_1_U974                                                                       |     0.001 |
|     mul_15s_17s_31_1_1_U975                                                                       |     0.001 |
|     mul_15s_17s_31_1_1_U976                                                                       |     0.001 |
|     mul_15s_17s_31_1_1_U977                                                                       |     0.003 |
|     mul_15s_17s_31_1_1_U978                                                                       |     0.002 |
|     mul_15s_17s_31_1_1_U979                                                                       |     0.001 |
|     mul_15s_17s_31_1_1_U980                                                                       |     0.002 |
|     mul_15s_17s_31_1_1_U981                                                                       |     0.003 |
|     mul_15s_17s_31_1_1_U982                                                                       |     0.001 |
|     mul_15s_17s_31_1_1_U983                                                                       |     0.003 |
|     mul_15s_17s_31_1_1_U984                                                                       |     0.002 |
|     mul_15s_17s_31_1_1_U985                                                                       |     0.002 |
|     mul_15s_17s_31_1_1_U986                                                                       |     0.003 |
|     mul_15s_17s_31_1_1_U987                                                                       |     0.002 |
|     mul_15s_17s_31_1_1_U988                                                                       |     0.003 |
|     mul_15s_17s_31_1_1_U989                                                                       |     0.001 |
|     mul_15s_17s_31_1_1_U990                                                                       |     0.001 |
|     mul_15s_17s_31_1_1_U991                                                                       |     0.001 |
|     mul_15s_17s_31_1_1_U992                                                                       |     0.003 |
|     mul_15s_17s_31_1_1_U993                                                                       |     0.001 |
|     mul_15s_17s_31_1_1_U994                                                                       |     0.002 |
|     mul_15s_17s_31_1_1_U996                                                                       |     0.002 |
|     mul_15s_17s_31_1_1_U997                                                                       |     0.003 |
|     mul_15s_17s_31_1_1_U998                                                                       |     0.002 |
|     mul_15s_17s_31_1_1_U999                                                                       |     0.002 |
|     mul_31s_33ns_61_2_1_U751                                                                      |     0.007 |
|     mul_31s_33ns_61_2_1_U752                                                                      |     0.007 |
|     mul_31s_33ns_61_2_1_U753                                                                      |     0.006 |
|     mul_31s_33ns_61_2_1_U754                                                                      |     0.006 |
|     mul_31s_33ns_61_2_1_U755                                                                      |     0.006 |
|     mul_31s_33ns_61_2_1_U756                                                                      |     0.007 |
|     mul_31s_33ns_61_2_1_U757                                                                      |     0.006 |
|     mul_31s_33ns_61_2_1_U758                                                                      |     0.006 |
|     mul_31s_33ns_61_2_1_U759                                                                      |     0.006 |
|     mul_31s_33ns_61_2_1_U760                                                                      |     0.007 |
|     mul_31s_33ns_61_2_1_U761                                                                      |     0.006 |
|     mul_31s_33ns_61_2_1_U762                                                                      |     0.006 |
|     mul_31s_33ns_61_2_1_U763                                                                      |     0.007 |
|     mul_31s_33ns_61_2_1_U764                                                                      |     0.006 |
|     mul_31s_33ns_61_2_1_U765                                                                      |     0.006 |
|     mul_31s_33ns_61_2_1_U766                                                                      |     0.007 |
|     mul_31s_33ns_61_2_1_U767                                                                      |     0.006 |
|     mul_31s_33ns_61_2_1_U768                                                                      |     0.007 |
|     mul_31s_33ns_61_2_1_U769                                                                      |     0.007 |
|     mul_31s_33ns_61_2_1_U770                                                                      |     0.007 |
|     mul_31s_33ns_61_2_1_U771                                                                      |     0.006 |
|     mul_31s_33ns_61_2_1_U772                                                                      |     0.007 |
|     mul_31s_33ns_61_2_1_U773                                                                      |     0.007 |
|     mul_31s_33ns_61_2_1_U774                                                                      |     0.007 |
|     mul_31s_33ns_61_2_1_U775                                                                      |     0.006 |
|     mul_31s_33ns_61_2_1_U776                                                                      |     0.006 |
|     mul_31s_33ns_61_2_1_U777                                                                      |     0.007 |
|     mul_31s_33ns_61_2_1_U778                                                                      |     0.007 |
|     mul_31s_33ns_61_2_1_U779                                                                      |     0.007 |
|     mul_31s_33ns_61_2_1_U780                                                                      |     0.007 |
|     mul_31s_33ns_61_2_1_U781                                                                      |     0.009 |
|     mul_31s_33ns_61_2_1_U782                                                                      |     0.006 |
|     mul_31s_33ns_61_2_1_U783                                                                      |     0.007 |
|     mul_31s_33ns_61_2_1_U784                                                                      |     0.006 |
|     mul_31s_33ns_61_2_1_U785                                                                      |     0.006 |
|     mul_31s_33ns_61_2_1_U786                                                                      |     0.006 |
|     mul_31s_33ns_61_2_1_U787                                                                      |     0.007 |
|     mul_31s_33ns_61_2_1_U788                                                                      |     0.006 |
|     mul_31s_33ns_61_2_1_U789                                                                      |     0.007 |
|     mul_31s_33ns_61_2_1_U790                                                                      |     0.007 |
|     mul_31s_33ns_61_2_1_U791                                                                      |     0.007 |
|     mul_31s_33ns_61_2_1_U792                                                                      |     0.006 |
|     mul_31s_33ns_61_2_1_U793                                                                      |     0.006 |
|     mul_31s_33ns_61_2_1_U794                                                                      |     0.007 |
|     mul_31s_33ns_61_2_1_U795                                                                      |     0.006 |
|     mul_31s_33ns_61_2_1_U796                                                                      |     0.006 |
|     mul_31s_33ns_61_2_1_U797                                                                      |     0.007 |
|     mul_31s_33ns_61_2_1_U798                                                                      |     0.006 |
|     mul_31s_33ns_61_2_1_U799                                                                      |     0.006 |
|     mul_31s_33ns_61_2_1_U800                                                                      |     0.006 |
|     mul_31s_33ns_61_2_1_U801                                                                      |     0.006 |
|     mul_31s_33ns_61_2_1_U802                                                                      |     0.007 |
|     mul_31s_33ns_61_2_1_U803                                                                      |     0.007 |
|     mul_31s_33ns_61_2_1_U804                                                                      |     0.006 |
|     mul_31s_33ns_61_2_1_U805                                                                      |     0.007 |
|     mul_31s_33ns_61_2_1_U806                                                                      |     0.007 |
|     mul_31s_33ns_61_2_1_U807                                                                      |     0.006 |
|     mul_31s_33ns_61_2_1_U808                                                                      |     0.007 |
|     mul_31s_33ns_61_2_1_U809                                                                      |     0.007 |
|     mul_31s_33ns_61_2_1_U810                                                                      |     0.007 |
|     mul_31s_33ns_61_2_1_U811                                                                      |     0.007 |
|     mul_31s_33ns_61_2_1_U812                                                                      |     0.006 |
|     mul_31s_33ns_61_2_1_U813                                                                      |     0.006 |
|     mul_31s_33ns_61_2_1_U814                                                                      |     0.007 |
|     mul_31s_33ns_61_2_1_U815                                                                      |     0.006 |
|     mul_31s_33ns_61_2_1_U816                                                                      |     0.006 |
|     mul_31s_33ns_61_2_1_U817                                                                      |     0.006 |
|     mul_31s_33ns_61_2_1_U818                                                                      |     0.006 |
|     mul_31s_33ns_61_2_1_U819                                                                      |     0.006 |
|     mul_31s_33ns_61_2_1_U820                                                                      |     0.006 |
|     mul_31s_33ns_61_2_1_U821                                                                      |     0.006 |
|     mul_31s_33ns_61_2_1_U822                                                                      |     0.007 |
|     mul_31s_33ns_61_2_1_U823                                                                      |     0.006 |
|     mul_31s_33ns_61_2_1_U824                                                                      |     0.006 |
|     mul_31s_33ns_61_2_1_U825                                                                      |     0.006 |
|     mul_31s_33ns_61_2_1_U826                                                                      |     0.006 |
|     mul_31s_33ns_61_2_1_U827                                                                      |     0.006 |
|     mul_31s_33ns_61_2_1_U828                                                                      |     0.007 |
|     mul_31s_33ns_61_2_1_U829                                                                      |     0.006 |
|     mul_31s_33ns_61_2_1_U830                                                                      |     0.007 |
|     mul_31s_33ns_61_2_1_U831                                                                      |     0.006 |
|     mul_31s_33ns_61_2_1_U832                                                                      |     0.006 |
|     mul_31s_33ns_61_2_1_U833                                                                      |     0.007 |
|     mul_31s_33ns_61_2_1_U834                                                                      |     0.006 |
|     mul_31s_33ns_61_2_1_U835                                                                      |     0.006 |
|     mul_31s_33ns_61_2_1_U836                                                                      |     0.006 |
|     mul_31s_33ns_61_2_1_U837                                                                      |     0.006 |
|     mul_31s_33ns_61_2_1_U838                                                                      |     0.007 |
|     mul_31s_33ns_61_2_1_U839                                                                      |     0.007 |
|     mul_31s_33ns_61_2_1_U840                                                                      |     0.007 |
|     mul_31s_33ns_61_2_1_U841                                                                      |     0.007 |
|     mul_31s_33ns_61_2_1_U842                                                                      |     0.006 |
|     mul_31s_33ns_61_2_1_U843                                                                      |     0.006 |
|     mul_31s_33ns_61_2_1_U844                                                                      |     0.006 |
|     mul_31s_33ns_61_2_1_U845                                                                      |     0.006 |
|     mul_31s_33ns_61_2_1_U846                                                                      |     0.006 |
|     mul_31s_33ns_61_2_1_U847                                                                      |     0.006 |
|     mul_31s_33ns_61_2_1_U848                                                                      |     0.006 |
|     mul_31s_33ns_61_2_1_U849                                                                      |     0.007 |
|     mul_31s_33ns_61_2_1_U850                                                                      |     0.007 |
|     mul_31s_33ns_61_2_1_U851                                                                      |     0.007 |
|     mul_31s_33ns_61_2_1_U852                                                                      |     0.007 |
|     mul_31s_33ns_61_2_1_U853                                                                      |     0.007 |
|     mul_31s_33ns_61_2_1_U854                                                                      |     0.006 |
|     mul_31s_33ns_61_2_1_U855                                                                      |     0.008 |
|     mul_31s_33ns_61_2_1_U856                                                                      |     0.007 |
|     mul_31s_33ns_61_2_1_U857                                                                      |     0.007 |
|     mul_31s_33ns_61_2_1_U858                                                                      |     0.006 |
|     mul_31s_33ns_61_2_1_U859                                                                      |     0.006 |
|     mul_31s_33ns_61_2_1_U860                                                                      |     0.006 |
|     mul_31s_33ns_61_2_1_U861                                                                      |     0.006 |
|     mul_31s_33ns_61_2_1_U862                                                                      |     0.007 |
|     mul_31s_33ns_61_2_1_U863                                                                      |     0.007 |
|     mul_31s_33ns_61_2_1_U864                                                                      |     0.007 |
|     mul_31s_33ns_61_2_1_U865                                                                      |     0.007 |
|     mul_31s_33ns_61_2_1_U866                                                                      |     0.007 |
|     mul_31s_33ns_61_2_1_U867                                                                      |     0.006 |
|     mul_31s_33ns_61_2_1_U868                                                                      |     0.006 |
|     mul_31s_33ns_61_2_1_U869                                                                      |     0.006 |
|     mul_31s_33ns_61_2_1_U870                                                                      |     0.007 |
|     mul_31s_33ns_61_2_1_U871                                                                      |     0.007 |
|     mul_31s_33ns_61_2_1_U872                                                                      |     0.008 |
|     mul_31s_33ns_61_2_1_U873                                                                      |     0.006 |
|     mul_31s_33ns_61_2_1_U874                                                                      |     0.006 |
|     mul_31s_33ns_61_2_1_U875                                                                      |     0.006 |
|     mul_31s_33ns_61_2_1_U876                                                                      |     0.006 |
|     mul_31s_33ns_61_2_1_U877                                                                      |     0.006 |
|     mul_31s_33ns_61_2_1_U878                                                                      |     0.007 |
|     mul_7s_16s_23_1_1_U1430                                                                       |     0.002 |
|     mul_7s_16s_23_1_1_U1432                                                                       |     0.002 |
|     mul_7s_16s_23_1_1_U1434                                                                       |     0.002 |
|     mul_7s_16s_23_1_1_U1436                                                                       |     0.003 |
|     mul_7s_16s_23_1_1_U1438                                                                       |     0.002 |
|     mul_7s_16s_23_1_1_U1440                                                                       |     0.002 |
|     mul_7s_16s_23_1_1_U1442                                                                       |     0.003 |
|     mul_7s_16s_23_1_1_U1444                                                                       |     0.002 |
|     mul_7s_8ns_15_1_1_U906                                                                        |     0.001 |
|     mul_7s_8ns_15_1_1_U909                                                                        |     0.001 |
|     mul_7s_8ns_15_1_1_U915                                                                        |     0.001 |
|     mul_7s_8ns_15_1_1_U917                                                                        |     0.001 |
|     mul_7s_8ns_15_1_1_U918                                                                        |     0.001 |
|     predicted_1_U                                                                                 |     0.004 |
|     predicted_2_U                                                                                 |     0.004 |
|     predicted_3_U                                                                                 |     0.004 |
|     predicted_4_U                                                                                 |     0.004 |
|     predicted_5_U                                                                                 |     0.004 |
|     predicted_6_U                                                                                 |     0.004 |
|     predicted_7_U                                                                                 |     0.004 |
|     predicted_U                                                                                   |     0.004 |
+---------------------------------------------------------------------------------------------------+-----------+


