

================================================================
== Vitis HLS Report for 'select_e2m1_scale_power_Pipeline_select_e2m1_normalize'
================================================================
* Date:           Thu Aug  6 04:44:56 2026

* Version:        2025.2 (Build 6295257 on Nov 14 2025)
* Project:        gdn_rs2_hls
* Solution:       u55c_250mhz (Vivado IP Flow Target)
* Product family: virtexuplusHBM
* Target device:  xcu55c-fsvh2892-2L-e


================================================================
== Performance Estimates
================================================================
+ Timing: 
    * Summary: 
    +--------+---------+----------+------------+
    |  Clock |  Target | Estimated| Uncertainty|
    +--------+---------+----------+------------+
    |ap_clk  |  4.00 ns|  2.911 ns|     1.08 ns|
    +--------+---------+----------+------------+

+ Latency: 
    * Summary: 
    +---------+---------+----------+----------+-----+-----+-------------------+
    |  Latency (cycles) |  Latency (absolute) |  Interval |      Pipeline     |
    |   min   |   max   |    min   |    max   | min | max |        Type       |
    +---------+---------+----------+----------+-----+-----+-------------------+
    |       35|       35|  0.140 us|  0.140 us|    0|    0|  loop pipeline stp|
    +---------+---------+----------+----------+-----+-----+-------------------+

    + Detail: 
        * Instance: 
        N/A

        * Loop: 
        +-------------------------+---------+---------+----------+-----------+-----------+------+----------+
        |                         |  Latency (cycles) | Iteration|  Initiation Interval  | Trip |          |
        |        Loop Name        |   min   |   max   |  Latency |  achieved |   target  | Count| Pipelined|
        +-------------------------+---------+---------+----------+-----------+-----------+------+----------+
        |- select_e2m1_normalize  |       33|       33|         3|          1|          1|    32|       yes|
        +-------------------------+---------+---------+----------+-----------+-----------+------+----------+



================================================================
== Utilization Estimates
================================================================
* Summary: 
+---------------------+---------+------+---------+---------+-----+
|         Name        | BRAM_18K|  DSP |    FF   |   LUT   | URAM|
+---------------------+---------+------+---------+---------+-----+
|DSP                  |        -|     -|        -|        -|    -|
|Expression           |        -|     -|        0|      345|    -|
|FIFO                 |        -|     -|        -|        -|    -|
|Instance             |        -|     -|        0|      296|    -|
|Memory               |        -|     -|        -|        -|    -|
|Multiplexer          |        -|     -|        0|      220|    -|
|Register             |        -|     -|      196|        -|    -|
+---------------------+---------+------+---------+---------+-----+
|Total                |        0|     0|      196|      861|    0|
+---------------------+---------+------+---------+---------+-----+
|Available SLR        |     1344|  3008|   869120|   434560|  320|
+---------------------+---------+------+---------+---------+-----+
|Utilization SLR (%)  |        0|     0|       ~0|       ~0|    0|
+---------------------+---------+------+---------+---------+-----+
|Available            |     4032|  9024|  2607360|  1303680|  960|
+---------------------+---------+------+---------+---------+-----+
|Utilization (%)      |        0|     0|       ~0|       ~0|    0|
+---------------------+---------+------+---------+---------+-----+

+ Detail: 
    * Instance: 
    +----------------------------+-----------------------+---------+----+---+-----+-----+
    |          Instance          |         Module        | BRAM_18K| DSP| FF| LUT | URAM|
    +----------------------------+-----------------------+---------+----+---+-----+-----+
    |sparsemux_65_5_16_1_1_U735  |sparsemux_65_5_16_1_1  |        0|   0|  0|  148|    0|
    |sparsemux_65_5_32_1_1_U734  |sparsemux_65_5_32_1_1  |        0|   0|  0|  148|    0|
    +----------------------------+-----------------------+---------+----+---+-----+-----+
    |Total                       |                       |        0|   0|  0|  296|    0|
    +----------------------------+-----------------------+---------+----+---+-----+-----+

    * DSP: 
    N/A

    * Memory: 
    N/A

    * FIFO: 
    N/A

    * Expression: 
    +------------------------+----------+----+---+----+------------+------------+
    |      Variable Name     | Operation| DSP| FF| LUT| Bitwidth P0| Bitwidth P1|
    +------------------------+----------+----+---+----+------------+------------+
    |add_ln168_fu_902_p2     |         +|   0|  0|  13|           6|           1|
    |add_ln174_1_fu_1425_p2  |         +|   0|  0|  17|          17|          17|
    |add_ln174_fu_1419_p2    |         +|   0|  0|  17|          17|           2|
    |magnitude_fu_1056_p2    |         -|   0|  0|  39|           1|          32|
    |sub_ln177_fu_1432_p2    |         -|   0|  0|  12|           1|           5|
    |ap_condition_1146       |       and|   0|  0|   2|           1|           1|
    |ap_condition_1151       |       and|   0|  0|   2|           1|           1|
    |ap_condition_1157       |       and|   0|  0|   2|           1|           1|
    |ap_condition_1164       |       and|   0|  0|   2|           1|           1|
    |ap_condition_1172       |       and|   0|  0|   2|           1|           1|
    |ap_condition_1181       |       and|   0|  0|   2|           1|           1|
    |ap_condition_1191       |       and|   0|  0|   2|           1|           1|
    |ap_condition_1202       |       and|   0|  0|   2|           1|           1|
    |ap_condition_1214       |       and|   0|  0|   2|           1|           1|
    |ap_condition_1227       |       and|   0|  0|   2|           1|           1|
    |ap_condition_1241       |       and|   0|  0|   2|           1|           1|
    |ap_condition_1256       |       and|   0|  0|   2|           1|           1|
    |ap_condition_1272       |       and|   0|  0|   2|           1|           1|
    |ap_condition_1289       |       and|   0|  0|   2|           1|           1|
    |ap_condition_1307       |       and|   0|  0|   2|           1|           1|
    |ap_condition_1326       |       and|   0|  0|   2|           1|           1|
    |ap_condition_1346       |       and|   0|  0|   2|           1|           1|
    |ap_condition_1367       |       and|   0|  0|   2|           1|           1|
    |ap_condition_1389       |       and|   0|  0|   2|           1|           1|
    |ap_condition_1412       |       and|   0|  0|   2|           1|           1|
    |ap_condition_1436       |       and|   0|  0|   2|           1|           1|
    |ap_condition_1461       |       and|   0|  0|   2|           1|           1|
    |ap_condition_1487       |       and|   0|  0|   2|           1|           1|
    |ap_condition_1514       |       and|   0|  0|   2|           1|           1|
    |ap_condition_1542       |       and|   0|  0|   2|           1|           1|
    |ap_condition_1571       |       and|   0|  0|   2|           1|           1|
    |ap_condition_1601       |       and|   0|  0|   2|           1|           1|
    |ap_condition_1632       |       and|   0|  0|   2|           1|           1|
    |ap_condition_1664       |       and|   0|  0|   2|           1|           1|
    |ap_condition_1697       |       and|   0|  0|   2|           1|           1|
    |ap_condition_285        |       and|   0|  0|   2|           1|           1|
    |ap_condition_632        |       and|   0|  0|   2|           1|           1|
    |icmp_ln168_fu_896_p2    |      icmp|   0|  0|  14|           6|           7|
    |icmp_ln16_fu_1079_p2    |      icmp|   0|  0|  39|          32|           1|
    |ap_condition_626        |        or|   0|  0|   2|           1|           1|
    |ap_condition_743        |        or|   0|  0|   2|           1|           1|
    |magnitude_2_fu_1062_p3  |    select|   0|  0|  32|           1|          32|
    |shl_ln177_fu_1441_p2    |       shl|   0|  0|  92|          32|          32|
    |ap_enable_pp0           |       xor|   0|  0|   2|           1|           2|
    +------------------------+----------+----+---+----+------------+------------+
    |Total                   |          |   0|  0| 345|         148|         165|
    +------------------------+----------+----+---+----+------------+------------+

    * Multiplexer: 
    +--------------------------------------------+-----+-----------+-----+-----------+
    |                    Name                    | LUT | Input Size| Bits| Total Bits|
    +--------------------------------------------+-----+-----------+-----+-----------+
    |ap_done_int                                 |    9|          2|    1|          2|
    |ap_enable_reg_pp0_iter1                     |    9|          2|    1|          2|
    |ap_phi_mux_ref_tmp8_0_phi_fu_880_p4         |    9|          2|   32|         64|
    |ap_phi_mux_retval_0_i185_ph_phi_fu_778_p64  |  152|         33|    6|        198|
    |ap_phi_reg_pp0_iter2_ref_tmp8_0_reg_876     |    9|          2|   32|         64|
    |ap_sig_allocacmp_lane_1                     |    9|          2|    6|         12|
    |lane_fu_360                                 |    9|          2|    6|         12|
    |top_exponents_d0_local                      |   14|          3|   17|         51|
    +--------------------------------------------+-----+-----------+-----+-----------+
    |Total                                       |  220|         48|  101|        405|
    +--------------------------------------------+-----+-----------+-----+-----------+

    * Register: 
    +-----------------------------------------+----+----+-----+-----------+
    |                   Name                  | FF | LUT| Bits| Const Bits|
    +-----------------------------------------+----+----+-----+-----------+
    |ap_CS_fsm                                |   1|   0|    1|          0|
    |ap_done_reg                              |   1|   0|    1|          0|
    |ap_enable_reg_pp0_iter1                  |   1|   0|    1|          0|
    |ap_enable_reg_pp0_iter2                  |   1|   0|    1|          0|
    |ap_loop_exit_ready_pp0_iter1_reg         |   1|   0|    1|          0|
    |ap_phi_reg_pp0_iter1_ref_tmp8_0_reg_876  |  32|   0|   32|          0|
    |ap_phi_reg_pp0_iter2_ref_tmp8_0_reg_876  |  32|   0|   32|          0|
    |icmp_ln168_reg_1619                      |   1|   0|    1|          0|
    |icmp_ln168_reg_1619_pp0_iter1_reg        |   1|   0|    1|          0|
    |icmp_ln16_reg_1671                       |   1|   0|    1|          0|
    |lane_1_reg_1614                          |   6|   0|    6|          0|
    |lane_fu_360                              |   6|   0|    6|          0|
    |magnitude_2_reg_1628                     |  32|   0|   32|          0|
    |magnitude_2_reg_1628_pp0_iter1_reg       |  32|   0|   32|          0|
    |tmp_10_reg_1711                          |   1|   0|    1|          0|
    |tmp_11_reg_1715                          |   1|   0|    1|          0|
    |tmp_12_reg_1719                          |   1|   0|    1|          0|
    |tmp_13_reg_1723                          |   1|   0|    1|          0|
    |tmp_14_reg_1727                          |   1|   0|    1|          0|
    |tmp_15_reg_1731                          |   1|   0|    1|          0|
    |tmp_16_reg_1735                          |   1|   0|    1|          0|
    |tmp_17_reg_1739                          |   1|   0|    1|          0|
    |tmp_18_reg_1743                          |   1|   0|    1|          0|
    |tmp_19_reg_1747                          |   1|   0|    1|          0|
    |tmp_1_reg_1675                           |   1|   0|    1|          0|
    |tmp_20_reg_1751                          |   1|   0|    1|          0|
    |tmp_21_reg_1755                          |   1|   0|    1|          0|
    |tmp_22_reg_1759                          |   1|   0|    1|          0|
    |tmp_23_reg_1763                          |   1|   0|    1|          0|
    |tmp_24_reg_1767                          |   1|   0|    1|          0|
    |tmp_25_reg_1771                          |   1|   0|    1|          0|
    |tmp_26_reg_1775                          |   1|   0|    1|          0|
    |tmp_27_reg_1779                          |   1|   0|    1|          0|
    |tmp_28_reg_1783                          |   1|   0|    1|          0|
    |tmp_29_reg_1787                          |   1|   0|    1|          0|
    |tmp_2_reg_1679                           |   1|   0|    1|          0|
    |tmp_30_reg_1791                          |   1|   0|    1|          0|
    |tmp_31_reg_1795                          |   1|   0|    1|          0|
    |tmp_3_reg_1683                           |   1|   0|    1|          0|
    |tmp_4_reg_1687                           |   1|   0|    1|          0|
    |tmp_5_reg_1691                           |   1|   0|    1|          0|
    |tmp_6_reg_1695                           |   1|   0|    1|          0|
    |tmp_7_reg_1699                           |   1|   0|    1|          0|
    |tmp_8_reg_1703                           |   1|   0|    1|          0|
    |tmp_9_reg_1707                           |   1|   0|    1|          0|
    |trunc_ln168_reg_1623                     |   5|   0|    5|          0|
    |trunc_ln174_reg_1803                     |   5|   0|    5|          0|
    |trunc_ln23_reg_1799                      |   1|   0|    1|          0|
    |zext_ln168_reg_1666                      |   6|   0|   64|         58|
    +-----------------------------------------+----+----+-----+-----------+
    |Total                                    | 196|   0|  254|         58|
    +-----------------------------------------+----+----+-----+-----------+



================================================================
== Interface
================================================================
* Summary: 
+--------------------------------+-----+-----+------------+--------------------------------------------------------+--------------+
|            RTL Ports           | Dir | Bits|  Protocol  |                      Source Object                     |    C Type    |
+--------------------------------+-----+-----+------------+--------------------------------------------------------+--------------+
|ap_clk                          |   in|    1|  ap_ctrl_hs|  select_e2m1_scale_power_Pipeline_select_e2m1_normalize|  return value|
|ap_rst                          |   in|    1|  ap_ctrl_hs|  select_e2m1_scale_power_Pipeline_select_e2m1_normalize|  return value|
|ap_start                        |   in|    1|  ap_ctrl_hs|  select_e2m1_scale_power_Pipeline_select_e2m1_normalize|  return value|
|ap_done                         |  out|    1|  ap_ctrl_hs|  select_e2m1_scale_power_Pipeline_select_e2m1_normalize|  return value|
|ap_idle                         |  out|    1|  ap_ctrl_hs|  select_e2m1_scale_power_Pipeline_select_e2m1_normalize|  return value|
|ap_ready                        |  out|    1|  ap_ctrl_hs|  select_e2m1_scale_power_Pipeline_select_e2m1_normalize|  return value|
|normalized_magnitudes_address0  |  out|    5|   ap_memory|                                   normalized_magnitudes|         array|
|normalized_magnitudes_ce0       |  out|    1|   ap_memory|                                   normalized_magnitudes|         array|
|normalized_magnitudes_we0       |  out|    1|   ap_memory|                                   normalized_magnitudes|         array|
|normalized_magnitudes_d0        |  out|   32|   ap_memory|                                   normalized_magnitudes|         array|
|exponents_0_val                 |   in|   16|     ap_none|                                         exponents_0_val|        scalar|
|exponents_1_val                 |   in|   16|     ap_none|                                         exponents_1_val|        scalar|
|exponents_2_val                 |   in|   16|     ap_none|                                         exponents_2_val|        scalar|
|exponents_3_val                 |   in|   16|     ap_none|                                         exponents_3_val|        scalar|
|exponents_4_val                 |   in|   16|     ap_none|                                         exponents_4_val|        scalar|
|exponents_5_val                 |   in|   16|     ap_none|                                         exponents_5_val|        scalar|
|exponents_6_val                 |   in|   16|     ap_none|                                         exponents_6_val|        scalar|
|exponents_7_val                 |   in|   16|     ap_none|                                         exponents_7_val|        scalar|
|exponents_8_val                 |   in|   16|     ap_none|                                         exponents_8_val|        scalar|
|exponents_9_val                 |   in|   16|     ap_none|                                         exponents_9_val|        scalar|
|exponents_10_val                |   in|   16|     ap_none|                                        exponents_10_val|        scalar|
|exponents_11_val                |   in|   16|     ap_none|                                        exponents_11_val|        scalar|
|exponents_12_val                |   in|   16|     ap_none|                                        exponents_12_val|        scalar|
|exponents_13_val                |   in|   16|     ap_none|                                        exponents_13_val|        scalar|
|exponents_14_val                |   in|   16|     ap_none|                                        exponents_14_val|        scalar|
|exponents_15_val                |   in|   16|     ap_none|                                        exponents_15_val|        scalar|
|exponents_16_val                |   in|   16|     ap_none|                                        exponents_16_val|        scalar|
|exponents_17_val                |   in|   16|     ap_none|                                        exponents_17_val|        scalar|
|exponents_18_val                |   in|   16|     ap_none|                                        exponents_18_val|        scalar|
|exponents_19_val                |   in|   16|     ap_none|                                        exponents_19_val|        scalar|
|exponents_20_val                |   in|   16|     ap_none|                                        exponents_20_val|        scalar|
|exponents_21_val                |   in|   16|     ap_none|                                        exponents_21_val|        scalar|
|exponents_22_val                |   in|   16|     ap_none|                                        exponents_22_val|        scalar|
|exponents_23_val                |   in|   16|     ap_none|                                        exponents_23_val|        scalar|
|exponents_24_val                |   in|   16|     ap_none|                                        exponents_24_val|        scalar|
|exponents_25_val                |   in|   16|     ap_none|                                        exponents_25_val|        scalar|
|exponents_26_val                |   in|   16|     ap_none|                                        exponents_26_val|        scalar|
|exponents_27_val                |   in|   16|     ap_none|                                        exponents_27_val|        scalar|
|exponents_28_val                |   in|   16|     ap_none|                                        exponents_28_val|        scalar|
|exponents_29_val                |   in|   16|     ap_none|                                        exponents_29_val|        scalar|
|exponents_30_val                |   in|   16|     ap_none|                                        exponents_30_val|        scalar|
|exponents_31_val                |   in|   16|     ap_none|                                        exponents_31_val|        scalar|
|mantissas_0_val                 |   in|   32|     ap_none|                                         mantissas_0_val|        scalar|
|mantissas_1_val                 |   in|   32|     ap_none|                                         mantissas_1_val|        scalar|
|mantissas_2_val                 |   in|   32|     ap_none|                                         mantissas_2_val|        scalar|
|mantissas_3_val                 |   in|   32|     ap_none|                                         mantissas_3_val|        scalar|
|mantissas_4_val                 |   in|   32|     ap_none|                                         mantissas_4_val|        scalar|
|mantissas_5_val                 |   in|   32|     ap_none|                                         mantissas_5_val|        scalar|
|mantissas_6_val                 |   in|   32|     ap_none|                                         mantissas_6_val|        scalar|
|mantissas_7_val                 |   in|   32|     ap_none|                                         mantissas_7_val|        scalar|
|mantissas_8_val                 |   in|   32|     ap_none|                                         mantissas_8_val|        scalar|
|mantissas_9_val                 |   in|   32|     ap_none|                                         mantissas_9_val|        scalar|
|mantissas_10_val                |   in|   32|     ap_none|                                        mantissas_10_val|        scalar|
|mantissas_11_val                |   in|   32|     ap_none|                                        mantissas_11_val|        scalar|
|mantissas_12_val                |   in|   32|     ap_none|                                        mantissas_12_val|        scalar|
|mantissas_13_val                |   in|   32|     ap_none|                                        mantissas_13_val|        scalar|
|mantissas_14_val                |   in|   32|     ap_none|                                        mantissas_14_val|        scalar|
|mantissas_15_val                |   in|   32|     ap_none|                                        mantissas_15_val|        scalar|
|mantissas_16_val                |   in|   32|     ap_none|                                        mantissas_16_val|        scalar|
|mantissas_17_val                |   in|   32|     ap_none|                                        mantissas_17_val|        scalar|
|mantissas_18_val                |   in|   32|     ap_none|                                        mantissas_18_val|        scalar|
|mantissas_19_val                |   in|   32|     ap_none|                                        mantissas_19_val|        scalar|
|mantissas_20_val                |   in|   32|     ap_none|                                        mantissas_20_val|        scalar|
|mantissas_21_val                |   in|   32|     ap_none|                                        mantissas_21_val|        scalar|
|mantissas_22_val                |   in|   32|     ap_none|                                        mantissas_22_val|        scalar|
|mantissas_23_val                |   in|   32|     ap_none|                                        mantissas_23_val|        scalar|
|mantissas_24_val                |   in|   32|     ap_none|                                        mantissas_24_val|        scalar|
|mantissas_25_val                |   in|   32|     ap_none|                                        mantissas_25_val|        scalar|
|mantissas_26_val                |   in|   32|     ap_none|                                        mantissas_26_val|        scalar|
|mantissas_27_val                |   in|   32|     ap_none|                                        mantissas_27_val|        scalar|
|mantissas_28_val                |   in|   32|     ap_none|                                        mantissas_28_val|        scalar|
|mantissas_29_val                |   in|   32|     ap_none|                                        mantissas_29_val|        scalar|
|mantissas_30_val                |   in|   32|     ap_none|                                        mantissas_30_val|        scalar|
|mantissas_31_val                |   in|   32|     ap_none|                                        mantissas_31_val|        scalar|
|top_exponents_address0          |  out|    5|   ap_memory|                                           top_exponents|         array|
|top_exponents_ce0               |  out|    1|   ap_memory|                                           top_exponents|         array|
|top_exponents_we0               |  out|    1|   ap_memory|                                           top_exponents|         array|
|top_exponents_d0                |  out|   17|   ap_memory|                                           top_exponents|         array|
+--------------------------------+-----+-----+------------+--------------------------------------------------------+--------------+

