Copyright 1986-2022 Xilinx, Inc. All Rights Reserved. Copyright 2022-2025 Advanced Micro Devices, Inc. All Rights Reserved.
---------------------------------------------------------------------------------------------------------------------------------------------------------------------------------------
| Tool Version      : Vivado v.2025.2 (win64) Build 6299465 Fri Nov 14 19:35:11 GMT 2025
| Date              : Wed Aug  5 10:43:05 2026
| Host              : Tyler running 64-bit major release  (build 9200)
| Command           : report_timing_summary -delay_type min_max -report_unconstrained -check_timing_verbose -file X:/reports/vivado/baselines/mxfp8/postroute_sweep/timing_6p250ns.rpt
| Design            : gdn_mxfp8_top
| Device            : xcu55c-fsvh2892
| Speed File        : -2L  PRODUCTION 1.30 05-01-2022
| Design State      : Routed
| Temperature Grade : E
---------------------------------------------------------------------------------------------------------------------------------------------------------------------------------------

Timing Summary Report

------------------------------------------------------------------------------------------------
| Timer Settings
| --------------
------------------------------------------------------------------------------------------------

  Enable Multi Corner Analysis               :  Yes
  Enable Pessimism Removal                   :  Yes
  Pessimism Removal Resolution               :  Nearest Common Node
  Enable Input Delay Default Clock           :  No
  Enable Preset / Clear Arcs                 :  No
  Disable Flight Delays                      :  No
  Ignore I/O Paths                           :  No
  Timing Early Launch at Borrowing Latches   :  No
  Borrow Time for Max Delay Exceptions       :  Yes
  Merge Timing Exceptions                    :  Yes
  Inter-SLR Compensation                     :  Conservative

  Corner  Analyze    Analyze    
  Name    Max Paths  Min Paths  
  ------  ---------  ---------  
  Slow    Yes        Yes        
  Fast    Yes        Yes        


------------------------------------------------------------------------------------------------
| Report Methodology
| ------------------
------------------------------------------------------------------------------------------------

Rule       Severity  Description                               Violations  
---------  --------  ----------------------------------------  ----------  
TIMING-16  Warning   Large setup violation                     1000        
XDCH-2     Warning   Same min and max delay values on IO port  2518        

Note: This report is based on the most recent report_methodology run and may not be up-to-date. Run report_methodology on the current design for the latest report.



check_timing report

Table of Contents
-----------------
1. checking no_clock (0)
2. checking constant_clock (0)
3. checking pulse_width_clock (0)
4. checking unconstrained_internal_endpoints (0)
5. checking no_input_delay (0)
6. checking no_output_delay (0)
7. checking multiple_clock (0)
8. checking generated_clocks (0)
9. checking loops (0)
10. checking partial_input_delay (0)
11. checking partial_output_delay (0)
12. checking latch_loops (0)

1. checking no_clock (0)
------------------------
 There are 0 register/latch pins with no clock.


2. checking constant_clock (0)
------------------------------
 There are 0 register/latch pins with constant_clock.


3. checking pulse_width_clock (0)
---------------------------------
 There are 0 register/latch pins which need pulse_width check


4. checking unconstrained_internal_endpoints (0)
------------------------------------------------
 There are 0 pins that are not constrained for maximum delay.

 There are 0 pins that are not constrained for maximum delay due to constant clock.


5. checking no_input_delay (0)
------------------------------
 There are 0 input ports with no input delay specified.

 There are 0 input ports with no input delay but user has a false path constraint.


6. checking no_output_delay (0)
-------------------------------
 There are 0 ports with no output delay specified.

 There are 0 ports with no output delay but user has a false path constraint

 There are 0 ports with no output delay but with a timing clock defined on it or propagating through it


7. checking multiple_clock (0)
------------------------------
 There are 0 register/latch pins with multiple clocks.


8. checking generated_clocks (0)
--------------------------------
 There are 0 generated clocks that are not connected to a clock source.


9. checking loops (0)
---------------------
 There are 0 combinational loops in the design.


10. checking partial_input_delay (0)
------------------------------------
 There are 0 input ports with partial input delay specified.


11. checking partial_output_delay (0)
-------------------------------------
 There are 0 ports with partial output delay specified.


12. checking latch_loops (0)
----------------------------
 There are 0 combinational latch loops in the design through latch input



------------------------------------------------------------------------------------------------
| Design Timing Summary
| ---------------------
------------------------------------------------------------------------------------------------

    WNS(ns)      TNS(ns)  TNS Failing Endpoints  TNS Total Endpoints      WHS(ns)      THS(ns)  THS Failing Endpoints  THS Total Endpoints     WPWS(ns)     TPWS(ns)  TPWS Failing Endpoints  TPWS Total Endpoints  
    -------      -------  ---------------------  -------------------      -------      -------  ---------------------  -------------------     --------     --------  ----------------------  --------------------  
      0.895        0.000                      0               223034        0.010        0.000                      0               222857        2.425        0.000                       0                 53950  


All user specified timing constraints are met.


------------------------------------------------------------------------------------------------
| Clock Summary
| -------------
------------------------------------------------------------------------------------------------

Clock   Waveform(ns)         Period(ns)      Frequency(MHz)
-----   ------------         ----------      --------------
ap_clk  {0.000 3.125}        6.250           160.000         


------------------------------------------------------------------------------------------------
| Intra Clock Table
| -----------------
------------------------------------------------------------------------------------------------

Clock             WNS(ns)      TNS(ns)  TNS Failing Endpoints  TNS Total Endpoints      WHS(ns)      THS(ns)  THS Failing Endpoints  THS Total Endpoints     WPWS(ns)     TPWS(ns)  TPWS Failing Endpoints  TPWS Total Endpoints  
-----             -------      -------  ---------------------  -------------------      -------      -------  ---------------------  -------------------     --------     --------  ----------------------  --------------------  
ap_clk              0.895        0.000                      0               223034        0.010        0.000                      0               222857        2.425        0.000                       0                 53950  


------------------------------------------------------------------------------------------------
| Inter Clock Table
| -----------------
------------------------------------------------------------------------------------------------

From Clock    To Clock          WNS(ns)      TNS(ns)  TNS Failing Endpoints  TNS Total Endpoints      WHS(ns)      THS(ns)  THS Failing Endpoints  THS Total Endpoints  
----------    --------          -------      -------  ---------------------  -------------------      -------      -------  ---------------------  -------------------  


------------------------------------------------------------------------------------------------
| Other Path Groups Table
| -----------------------
------------------------------------------------------------------------------------------------

Path Group    From Clock    To Clock          WNS(ns)      TNS(ns)  TNS Failing Endpoints  TNS Total Endpoints      WHS(ns)      THS(ns)  THS Failing Endpoints  THS Total Endpoints  
----------    ----------    --------          -------      -------  ---------------------  -------------------      -------      -------  ---------------------  -------------------  


------------------------------------------------------------------------------------------------
| User Ignored Path Table
| -----------------------
------------------------------------------------------------------------------------------------

Path Group    From Clock    To Clock    
----------    ----------    --------    
(none)        ap_clk        ap_clk        


------------------------------------------------------------------------------------------------
| Unconstrained Path Table
| ------------------------
------------------------------------------------------------------------------------------------

Path Group    From Clock    To Clock    
----------    ----------    --------    


------------------------------------------------------------------------------------------------
| Timing Details
| --------------
------------------------------------------------------------------------------------------------


---------------------------------------------------------------------------------------------------
From Clock:  ap_clk
  To Clock:  ap_clk

Setup :            0  Failing Endpoints,  Worst Slack        0.895ns,  Total Violation        0.000ns
Hold  :            0  Failing Endpoints,  Worst Slack        0.010ns,  Total Violation        0.000ns
PW    :            0  Failing Endpoints,  Worst Slack        2.425ns,  Total Violation        0.000ns
---------------------------------------------------------------------------------------------------


Max Delay Paths
--------------------------------------------------------------------------------------
Slack (MET) :             0.895ns  (required time - arrival time)
  Source:                 grp_gdn_mxfp8_top_impl_fu_1646/ap_CS_fsm_reg[266]/C
                            (rising edge-triggered cell FDRE clocked by ap_clk  {rise@0.000ns fall@3.125ns period=6.250ns})
  Destination:            grp_gdn_mxfp8_top_impl_fu_1646/resident_state_U/ram_reg_uram_281/EN_A
                            (rising edge-triggered cell URAM288 clocked by ap_clk  {rise@0.000ns fall@3.125ns period=6.250ns})
  Path Group:             ap_clk
  Path Type:              Setup (Max at Slow Process Corner)
  Requirement:            6.250ns  (ap_clk rise@6.250ns - ap_clk rise@0.000ns)
  Data Path Delay:        5.209ns  (logic 0.403ns (7.737%)  route 4.806ns (92.263%))
  Logic Levels:           5  (LUT2=1 LUT4=1 LUT5=1 LUT6=2)
  Clock Path Skew:        0.676ns (DCD - SCD + CPR)
    Destination Clock Delay (DCD):    3.393ns = ( 9.643 - 6.250 ) 
    Source Clock Delay      (SCD):    2.843ns
    Clock Pessimism Removal (CPR):    0.126ns
  Clock Uncertainty:      0.035ns  ((TSJ^2 + TIJ^2)^1/2 + DJ) / 2 + PE
    Total System Jitter     (TSJ):    0.071ns
    Total Input Jitter      (TIJ):    0.000ns
    Discrete Jitter          (DJ):    0.000ns
    Phase Error              (PE):    0.000ns
  Inter-SLR Compensation: 0.329ns  ((DCD - CCD) * PF)
    Destination Clock Delay (DCD):    3.393ns
    Common Clock Delay      (CCD):    1.199ns
    Prorating Factor         (PF):    0.150
  Clock Net Delay (Source):      2.772ns (routing 1.205ns, distribution 1.567ns)
  Clock Net Delay (Destination): 3.333ns (routing 1.094ns, distribution 2.239ns)

    Location             Delay type                Incr(ns)  Path(ns)    Netlist Resource(s)
  -------------------------------------------------------------------    -------------------
                         (clock ap_clk rise edge)     0.000     0.000 r  
                                                      0.000     0.000 r  ap_clk (IN)
                         net (fo=0)                   0.043     0.043    ap_clk
    BUFGCE_X0Y0          BUFGCE (Prop_BUFCE_BUFGCE_I_O)
                                                      0.028     0.071 r  ooc_ap_clk_bufg/O
    X4Y4 (CLOCK_ROOT)    net (fo=53958, routed)       2.772     2.843    grp_gdn_mxfp8_top_impl_fu_1646/ooc_ap_clk_global
    SLR Crossing[0->1]   
    SLICE_X118Y286       FDRE                                         r  grp_gdn_mxfp8_top_impl_fu_1646/ap_CS_fsm_reg[266]/C
  -------------------------------------------------------------------    -------------------
    SLICE_X118Y286       FDRE (Prop_AFF_SLICEM_C_Q)
                                                      0.077     2.920 f  grp_gdn_mxfp8_top_impl_fu_1646/ap_CS_fsm_reg[266]/Q
                         net (fo=62, routed)          0.059     2.979    grp_gdn_mxfp8_top_impl_fu_1646/resident_state_U/ap_CS_fsm_state267_alias
    SLICE_X118Y286       LUT2 (Prop_A6LUT_SLICEM_I0_O)
                                                      0.053     3.032 r  grp_gdn_mxfp8_top_impl_fu_1646/resident_state_U/ram_reg_uram_8_i_101/O
                         net (fo=38, routed)          0.140     3.172    grp_gdn_mxfp8_top_impl_fu_1646/resident_state_U/ap_CS_fsm_reg[266]_rep__2
    SLICE_X118Y285       LUT6 (Prop_C6LUT_SLICEM_I5_O)
                                                      0.037     3.209 r  grp_gdn_mxfp8_top_impl_fu_1646/resident_state_U/ram_reg_mux_sel_460_i_2/O
                         net (fo=1, routed)           0.098     3.307    grp_gdn_mxfp8_top_impl_fu_1646/grp_gdn_mxfp8_top_impl_Pipeline_store_resident_tile_pack_resident_lanes_fu_6344/ram_reg_mux_sel_reg_460
    SLICE_X118Y283       LUT5 (Prop_A6LUT_SLICEM_I0_O)
                                                      0.100     3.407 r  grp_gdn_mxfp8_top_impl_fu_1646/grp_gdn_mxfp8_top_impl_Pipeline_store_resident_tile_pack_resident_lanes_fu_6344/ram_reg_mux_sel_460_i_1/O
                         net (fo=111, routed)         0.397     3.804    grp_gdn_mxfp8_top_impl_fu_1646/grp_gdn_mxfp8_top_impl_Pipeline_store_resident_tile_pack_resident_lanes_fu_6344/ap_CS_fsm_reg[266]_rep__2_6
    SLICE_X120Y270       LUT4 (Prop_E6LUT_SLICEL_I0_O)
                                                      0.099     3.903 f  grp_gdn_mxfp8_top_impl_fu_1646/grp_gdn_mxfp8_top_impl_Pipeline_store_resident_tile_pack_resident_lanes_fu_6344/ram_reg_uram_128_i_3/O
                         net (fo=10, routed)          0.111     4.013    grp_gdn_mxfp8_top_impl_fu_1646/grp_gdn_mxfp8_top_impl_Pipeline_store_resident_tile_pack_resident_lanes_fu_6344/ram_reg_uram_128_i_3_n_0
    SLICE_X121Y270       LUT6 (Prop_B6LUT_SLICEM_I1_O)
                                                      0.037     4.050 r  grp_gdn_mxfp8_top_impl_fu_1646/grp_gdn_mxfp8_top_impl_Pipeline_store_resident_tile_pack_resident_lanes_fu_6344/ram_reg_uram_129_i_1/O
                         net (fo=8, routed)           4.001     8.052    grp_gdn_mxfp8_top_impl_fu_1646/resident_state_U/reg_6811[216]_i_36_2
    SLR Crossing[1->0]   
    URAM288_X0Y14        URAM288                                      r  grp_gdn_mxfp8_top_impl_fu_1646/resident_state_U/ram_reg_uram_281/EN_A
  -------------------------------------------------------------------    -------------------

                         (clock ap_clk rise edge)     6.250     6.250 r  
                                                      0.000     6.250 r  ap_clk (IN)
                         net (fo=0)                   0.036     6.286    ap_clk
    BUFGCE_X0Y0          BUFGCE (Prop_BUFCE_BUFGCE_I_O)
                                                      0.024     6.310 r  ooc_ap_clk_bufg/O
    X4Y4 (CLOCK_ROOT)    net (fo=53958, routed)       3.333     9.643    grp_gdn_mxfp8_top_impl_fu_1646/resident_state_U/ooc_ap_clk_global
    URAM288_X0Y14        URAM288                                      r  grp_gdn_mxfp8_top_impl_fu_1646/resident_state_U/ram_reg_uram_281/CLK
                         clock pessimism              0.126     9.769    
                         inter-SLR compensation      -0.329     9.440    
                         clock uncertainty           -0.035     9.405    
    URAM288_X0Y14        URAM288 (Setup_URAM_288K_INST_URAM288_CLK_EN_A)
                                                     -0.458     8.947    grp_gdn_mxfp8_top_impl_fu_1646/resident_state_U/ram_reg_uram_281
  -------------------------------------------------------------------
                         required time                          8.947    
                         arrival time                          -8.052    
  -------------------------------------------------------------------
                         slack                                  0.895    





Min Delay Paths
--------------------------------------------------------------------------------------
Slack (MET) :             0.010ns  (arrival time - required time)
  Source:                 gmem6_m_axi_U/bus_write/wreq_burst_conv/burst_sequential/sect_addr_buf_reg[17]/C
                            (rising edge-triggered cell FDRE clocked by ap_clk  {rise@0.000ns fall@3.125ns period=6.250ns})
  Destination:            gmem6_m_axi_U/bus_write/wreq_burst_conv/burst_sequential/could_multi_bursts.burst_addr_base_reg[5]/D
                            (rising edge-triggered cell FDRE clocked by ap_clk  {rise@0.000ns fall@3.125ns period=6.250ns})
  Path Group:             ap_clk
  Path Type:              Hold (Min at Slow Process Corner)
  Requirement:            0.000ns  (ap_clk rise@0.000ns - ap_clk rise@0.000ns)
  Data Path Delay:        0.127ns  (logic 0.058ns (45.669%)  route 0.069ns (54.331%))
  Logic Levels:           0  
  Clock Path Skew:        0.055ns (DCD - SCD - CPR)
    Destination Clock Delay (DCD):    3.080ns
    Source Clock Delay      (SCD):    2.740ns
    Clock Pessimism Removal (CPR):    0.285ns
  Clock Net Delay (Source):      2.680ns (routing 1.094ns, distribution 1.586ns)
  Clock Net Delay (Destination): 3.009ns (routing 1.205ns, distribution 1.804ns)

    Location             Delay type                Incr(ns)  Path(ns)    Netlist Resource(s)
  -------------------------------------------------------------------    -------------------
                         (clock ap_clk rise edge)     0.000     0.000 r  
                                                      0.000     0.000 r  ap_clk (IN)
                         net (fo=0)                   0.036     0.036    ap_clk
    BUFGCE_X0Y0          BUFGCE (Prop_BUFCE_BUFGCE_I_O)
                                                      0.024     0.060 r  ooc_ap_clk_bufg/O
    X4Y4 (CLOCK_ROOT)    net (fo=53958, routed)       2.680     2.740    gmem6_m_axi_U/bus_write/wreq_burst_conv/burst_sequential/ooc_ap_clk_global
    SLR Crossing[0->1]   
    SLICE_X108Y436       FDRE                                         r  gmem6_m_axi_U/bus_write/wreq_burst_conv/burst_sequential/sect_addr_buf_reg[17]/C
  -------------------------------------------------------------------    -------------------
    SLICE_X108Y436       FDRE (Prop_HFF_SLICEL_C_Q)
                                                      0.058     2.798 r  gmem6_m_axi_U/bus_write/wreq_burst_conv/burst_sequential/sect_addr_buf_reg[17]/Q
                         net (fo=1, routed)           0.069     2.867    gmem6_m_axi_U/bus_write/wreq_burst_conv/burst_sequential/sect_addr_buf_reg_n_0_[17]
    SLICE_X108Y435       FDRE                                         r  gmem6_m_axi_U/bus_write/wreq_burst_conv/burst_sequential/could_multi_bursts.burst_addr_base_reg[5]/D
  -------------------------------------------------------------------    -------------------

                         (clock ap_clk rise edge)     0.000     0.000 r  
                                                      0.000     0.000 r  ap_clk (IN)
                         net (fo=0)                   0.043     0.043    ap_clk
    BUFGCE_X0Y0          BUFGCE (Prop_BUFCE_BUFGCE_I_O)
                                                      0.028     0.071 r  ooc_ap_clk_bufg/O
    X4Y4 (CLOCK_ROOT)    net (fo=53958, routed)       3.009     3.080    gmem6_m_axi_U/bus_write/wreq_burst_conv/burst_sequential/ooc_ap_clk_global
    SLR Crossing[0->1]   
    SLICE_X108Y435       FDRE                                         r  gmem6_m_axi_U/bus_write/wreq_burst_conv/burst_sequential/could_multi_bursts.burst_addr_base_reg[5]/C
                         clock pessimism             -0.285     2.796    
    SLICE_X108Y435       FDRE (Hold_EFF2_SLICEL_C_D)
                                                      0.062     2.858    gmem6_m_axi_U/bus_write/wreq_burst_conv/burst_sequential/could_multi_bursts.burst_addr_base_reg[5]
  -------------------------------------------------------------------
                         required time                         -2.858    
                         arrival time                           2.867    
  -------------------------------------------------------------------
                         slack                                  0.010    





Pulse Width Checks
--------------------------------------------------------------------------------------
Clock Name:         ap_clk
Waveform(ns):       { 0.000 3.125 }
Period(ns):         6.250
Sources:            { ap_clk }

Check Type        Corner  Lib Pin      Reference Pin  Required(ns)  Actual(ns)  Slack(ns)  Location       Pin
Min Period        n/a     URAM288/CLK  n/a            2.000         6.250       4.250      URAM288_X3Y48  grp_gdn_mxfp8_top_impl_fu_1646/resident_state_U/ram_reg_uram_10/CLK
Low Pulse Width   Slow    URAM288/CLK  n/a            0.700         3.125       2.425      URAM288_X3Y48  grp_gdn_mxfp8_top_impl_fu_1646/resident_state_U/ram_reg_uram_10/CLK
High Pulse Width  Slow    URAM288/CLK  n/a            0.700         3.125       2.425      URAM288_X3Y48  grp_gdn_mxfp8_top_impl_fu_1646/resident_state_U/ram_reg_uram_10/CLK



--------------------------------------------------------------------------------------
Path Group:  (none)
From Clock:  ap_clk
  To Clock:  ap_clk

Max Delay          7874 Endpoints
Min Delay         14642 Endpoints
--------------------------------------------------------------------------------------


Max Delay Paths
--------------------------------------------------------------------------------------
Slack:                    inf
  Source:                 ap_rst_n
                            (input port clocked by ap_clk  {rise@0.000ns fall@3.125ns period=6.250ns})
  Destination:            gmem7_m_axi_U/bus_write/wreq_throttle/local_BUS_WDATA_reg[0]/R
                            (rising edge-triggered cell FDRE clocked by ap_clk  {rise@0.000ns fall@3.125ns period=6.250ns})
  Path Group:             (none)
  Path Type:              Setup (Max at Slow Process Corner)
  Data Path Delay:        1.632ns  (logic 0.089ns (5.455%)  route 1.543ns (94.545%))
  Logic Levels:           1  (LUT2=1)
  Input Delay:            1.000ns
  Clock Path Skew:        2.770ns (DCD - SCD + CPR)
    Destination Clock Delay (DCD):    2.770ns
    Source Clock Delay      (SCD):    0.000ns
    Clock Pessimism Removal (CPR):    0.000ns
  Clock Uncertainty:      0.035ns  ((TSJ^2 + TIJ^2)^1/2 + DJ) / 2 + PE
    Total System Jitter     (TSJ):    0.071ns
    Total Input Jitter      (TIJ):    0.000ns
    Discrete Jitter          (DJ):    0.000ns
    Phase Error              (PE):    0.000ns
  Clock Net Delay (Destination): 2.710ns (routing 1.094ns, distribution 1.616ns)
  Timing Exception:       False Path

    Location             Delay type                Incr(ns)  Path(ns)    Netlist Resource(s)
  -------------------------------------------------------------------    -------------------
                         (clock ap_clk rise edge)     0.000     0.000 r  
                         input delay                  1.000     1.000    
                                                      0.000     1.000 f  ap_rst_n (IN)
                         net (fo=7445, unset)         0.000     1.000    gmem7_m_axi_U/bus_write/wreq_throttle/rs_req/ap_rst_n
    SLICE_X92Y411        LUT2 (Prop_D6LUT_SLICEL_I0_O)
                                                      0.089     1.089 r  gmem7_m_axi_U/bus_write/wreq_throttle/rs_req/local_BUS_WDATA[63]_i_1/O
                         net (fo=72, routed)          1.543     2.632    gmem7_m_axi_U/bus_write/wreq_throttle/rs_req_n_3
    SLICE_X94Y401        FDRE                                         r  gmem7_m_axi_U/bus_write/wreq_throttle/local_BUS_WDATA_reg[0]/R
  -------------------------------------------------------------------    -------------------

                         (clock ap_clk rise edge)     0.000     0.000 r  
                                                      0.000     0.000 r  ap_clk (IN)
                         net (fo=0)                   0.036     0.036    ap_clk
    BUFGCE_X0Y0          BUFGCE (Prop_BUFCE_BUFGCE_I_O)
                                                      0.024     0.060 r  ooc_ap_clk_bufg/O
    X4Y4 (CLOCK_ROOT)    net (fo=53958, routed)       2.710     2.770    gmem7_m_axi_U/bus_write/wreq_throttle/ooc_ap_clk_global
    SLR Crossing[0->1]   
    SLICE_X94Y401        FDRE                                         r  gmem7_m_axi_U/bus_write/wreq_throttle/local_BUS_WDATA_reg[0]/C





Min Delay Paths
--------------------------------------------------------------------------------------
Slack:                    inf
  Source:                 s_axi_control_r_AWADDR[2]
                            (input port clocked by ap_clk  {rise@0.000ns fall@3.125ns period=6.250ns})
  Destination:            control_r_s_axi_U/waddr_reg[2]/D
                            (rising edge-triggered cell FDRE clocked by ap_clk  {rise@0.000ns fall@3.125ns period=6.250ns})
  Path Group:             (none)
  Path Type:              Hold (Min at Fast Process Corner)
  Data Path Delay:        0.007ns  (logic 0.000ns (0.000%)  route 0.007ns (100.001%))
  Logic Levels:           0  
  Input Delay:            1.000ns
  Clock Path Skew:        1.875ns (DCD - SCD - CPR)
    Destination Clock Delay (DCD):    1.875ns
    Source Clock Delay      (SCD):    0.000ns
    Clock Pessimism Removal (CPR):    -0.000ns
  Clock Uncertainty:      0.035ns  ((TSJ^2 + TIJ^2)^1/2 + DJ) / 2 + PE
    Total System Jitter     (TSJ):    0.071ns
    Total Input Jitter      (TIJ):    0.000ns
    Discrete Jitter          (DJ):    0.000ns
    Phase Error              (PE):    0.000ns
  Clock Net Delay (Destination): 1.826ns (routing 0.745ns, distribution 1.081ns)
  Timing Exception:       False Path

    Location             Delay type                Incr(ns)  Path(ns)    Netlist Resource(s)
  -------------------------------------------------------------------    -------------------
                         (clock ap_clk rise edge)     0.000     0.000 r  
                         input delay                  1.000     1.000    
                                                      0.000     1.000 r  s_axi_control_r_AWADDR[2] (IN)
                         net (fo=0)                   0.007     1.007    control_r_s_axi_U/s_axi_control_r_AWADDR[0]
    SLICE_X114Y439       FDRE                                         r  control_r_s_axi_U/waddr_reg[2]/D
  -------------------------------------------------------------------    -------------------

                         (clock ap_clk rise edge)     0.000     0.000 r  
                                                      0.000     0.000 r  ap_clk (IN)
                         net (fo=0)                   0.030     0.030    ap_clk
    BUFGCE_X0Y0          BUFGCE (Prop_BUFCE_BUFGCE_I_O)
                                                      0.019     0.049 r  ooc_ap_clk_bufg/O
    X4Y4 (CLOCK_ROOT)    net (fo=53958, routed)       1.826     1.875    control_r_s_axi_U/ooc_ap_clk_global
    SLR Crossing[0->1]   
    SLICE_X114Y439       FDRE                                         r  control_r_s_axi_U/waddr_reg[2]/C





