Copyright 1986-2022 Xilinx, Inc. All Rights Reserved. Copyright 2022-2025 Advanced Micro Devices, Inc. All Rights Reserved.
--------------------------------------------------------------------------------------------------------------------------------------------------------------------
| Tool Version      : Vivado v.2025.2 (win64) Build 6299465 Fri Nov 14 19:35:11 GMT 2025
| Date              : Mon Aug  3 22:04:24 2026
| Host              : Tyler running 64-bit major release  (build 9200)
| Command           : report_timing_summary -delay_type min_max -report_unconstrained -check_timing_verbose -file X:/reports/vivado/corrected/e2m0/synth_timing.rpt
| Design            : gdn_e2m0_top
| Device            : xcu55c-fsvh2892
| Speed File        : -2L  PRODUCTION 1.30 05-01-2022
| Design State      : Synthesized
| Temperature Grade : E
--------------------------------------------------------------------------------------------------------------------------------------------------------------------

Timing Summary Report

------------------------------------------------------------------------------------------------
| Timer Settings
| --------------
------------------------------------------------------------------------------------------------

  Enable Multi Corner Analysis               :  Yes
  Enable Pessimism Removal                   :  Yes
  Pessimism Removal Resolution               :  Nearest Common Node
  Enable Input Delay Default Clock           :  No
  Enable Preset / Clear Arcs                 :  No
  Disable Flight Delays                      :  No
  Ignore I/O Paths                           :  No
  Timing Early Launch at Borrowing Latches   :  No
  Borrow Time for Max Delay Exceptions       :  Yes
  Merge Timing Exceptions                    :  Yes
  Inter-SLR Compensation                     :  Conservative

  Corner  Analyze    Analyze    
  Name    Max Paths  Min Paths  
  ------  ---------  ---------  
  Slow    Yes        Yes        
  Fast    Yes        Yes        


------------------------------------------------------------------------------------------------
| Report Methodology
| ------------------
------------------------------------------------------------------------------------------------

No report available as report_methodology has not been run prior. Run report_methodology on the current design for the summary of methodology violations.



check_timing report

Table of Contents
-----------------
1. checking no_clock (0)
2. checking constant_clock (0)
3. checking pulse_width_clock (0)
4. checking unconstrained_internal_endpoints (0)
5. checking no_input_delay (0)
6. checking no_output_delay (0)
7. checking multiple_clock (0)
8. checking generated_clocks (0)
9. checking loops (0)
10. checking partial_input_delay (0)
11. checking partial_output_delay (0)
12. checking latch_loops (0)

1. checking no_clock (0)
------------------------
 There are 0 register/latch pins with no clock.


2. checking constant_clock (0)
------------------------------
 There are 0 register/latch pins with constant_clock.


3. checking pulse_width_clock (0)
---------------------------------
 There are 0 register/latch pins which need pulse_width check


4. checking unconstrained_internal_endpoints (0)
------------------------------------------------
 There are 0 pins that are not constrained for maximum delay.

 There are 0 pins that are not constrained for maximum delay due to constant clock.


5. checking no_input_delay (0)
------------------------------
 There are 0 input ports with no input delay specified.

 There are 0 input ports with no input delay but user has a false path constraint.


6. checking no_output_delay (0)
-------------------------------
 There are 0 ports with no output delay specified.

 There are 0 ports with no output delay but user has a false path constraint

 There are 0 ports with no output delay but with a timing clock defined on it or propagating through it


7. checking multiple_clock (0)
------------------------------
 There are 0 register/latch pins with multiple clocks.


8. checking generated_clocks (0)
--------------------------------
 There are 0 generated clocks that are not connected to a clock source.


9. checking loops (0)
---------------------
 There are 0 combinational loops in the design.


10. checking partial_input_delay (0)
------------------------------------
 There are 0 input ports with partial input delay specified.


11. checking partial_output_delay (0)
-------------------------------------
 There are 0 ports with partial output delay specified.


12. checking latch_loops (0)
----------------------------
 There are 0 combinational latch loops in the design through latch input



------------------------------------------------------------------------------------------------
| Design Timing Summary
| ---------------------
------------------------------------------------------------------------------------------------

    WNS(ns)      TNS(ns)  TNS Failing Endpoints  TNS Total Endpoints      WHS(ns)      THS(ns)  THS Failing Endpoints  THS Total Endpoints     WPWS(ns)     TPWS(ns)  TPWS Failing Endpoints  TPWS Total Endpoints  
    -------      -------  ---------------------  -------------------      -------      -------  ---------------------  -------------------     --------     --------  ----------------------  --------------------  
      0.265        0.000                      0               326021        0.046        0.000                      0               326021        1.300        0.000                       0                117632  


All user specified timing constraints are met.


------------------------------------------------------------------------------------------------
| Clock Summary
| -------------
------------------------------------------------------------------------------------------------

Clock   Waveform(ns)         Period(ns)      Frequency(MHz)
-----   ------------         ----------      --------------
ap_clk  {0.000 2.000}        4.000           250.000         


------------------------------------------------------------------------------------------------
| Intra Clock Table
| -----------------
------------------------------------------------------------------------------------------------

Clock             WNS(ns)      TNS(ns)  TNS Failing Endpoints  TNS Total Endpoints      WHS(ns)      THS(ns)  THS Failing Endpoints  THS Total Endpoints     WPWS(ns)     TPWS(ns)  TPWS Failing Endpoints  TPWS Total Endpoints  
-----             -------      -------  ---------------------  -------------------      -------      -------  ---------------------  -------------------     --------     --------  ----------------------  --------------------  
ap_clk              0.265        0.000                      0               326021        0.046        0.000                      0               326021        1.300        0.000                       0                117632  


------------------------------------------------------------------------------------------------
| Inter Clock Table
| -----------------
------------------------------------------------------------------------------------------------

From Clock    To Clock          WNS(ns)      TNS(ns)  TNS Failing Endpoints  TNS Total Endpoints      WHS(ns)      THS(ns)  THS Failing Endpoints  THS Total Endpoints  
----------    --------          -------      -------  ---------------------  -------------------      -------      -------  ---------------------  -------------------  


------------------------------------------------------------------------------------------------
| Other Path Groups Table
| -----------------------
------------------------------------------------------------------------------------------------

Path Group    From Clock    To Clock          WNS(ns)      TNS(ns)  TNS Failing Endpoints  TNS Total Endpoints      WHS(ns)      THS(ns)  THS Failing Endpoints  THS Total Endpoints  
----------    ----------    --------          -------      -------  ---------------------  -------------------      -------      -------  ---------------------  -------------------  


------------------------------------------------------------------------------------------------
| User Ignored Path Table
| -----------------------
------------------------------------------------------------------------------------------------

Path Group    From Clock    To Clock    
----------    ----------    --------    


------------------------------------------------------------------------------------------------
| Unconstrained Path Table
| ------------------------
------------------------------------------------------------------------------------------------

Path Group    From Clock    To Clock    
----------    ----------    --------    


------------------------------------------------------------------------------------------------
| Timing Details
| --------------
------------------------------------------------------------------------------------------------


---------------------------------------------------------------------------------------------------
From Clock:  ap_clk
  To Clock:  ap_clk

Setup :            0  Failing Endpoints,  Worst Slack        0.265ns,  Total Violation        0.000ns
Hold  :            0  Failing Endpoints,  Worst Slack        0.046ns,  Total Violation        0.000ns
PW    :            0  Failing Endpoints,  Worst Slack        1.300ns,  Total Violation        0.000ns
---------------------------------------------------------------------------------------------------


Max Delay Paths
--------------------------------------------------------------------------------------
Slack (MET) :             0.265ns  (required time - arrival time)
  Source:                 grp_gdn_e2m0_top_impl_fu_550/grp_p_anonymous_namespace_fold_log_fu_9590/grp_p_anonymous_namespace_quantize_fold_block_fu_8537/residual_m_37_fu_626_reg[2]/C
                            (rising edge-triggered cell FDRE clocked by ap_clk  {rise@0.000ns fall@2.000ns period=4.000ns})
  Destination:            grp_gdn_e2m0_top_impl_fu_550/grp_p_anonymous_namespace_fold_log_fu_9590/grp_p_anonymous_namespace_quantize_fold_block_fu_8537/length_195_reg_13553_reg[0]/D
                            (rising edge-triggered cell FDRE clocked by ap_clk  {rise@0.000ns fall@2.000ns period=4.000ns})
  Path Group:             ap_clk
  Path Type:              Setup (Max at Slow Process Corner)
  Requirement:            4.000ns  (ap_clk rise@4.000ns - ap_clk rise@0.000ns)
  Data Path Delay:        3.717ns  (logic 1.039ns (27.953%)  route 2.678ns (72.047%))
  Logic Levels:           18  (CARRY8=4 LUT1=1 LUT2=3 LUT4=1 LUT5=2 LUT6=7)
  Clock Path Skew:        -0.008ns (DCD - SCD + CPR)
    Destination Clock Delay (DCD):    0.020ns = ( 4.020 - 4.000 ) 
    Source Clock Delay      (SCD):    0.028ns
    Clock Pessimism Removal (CPR):    0.000ns
  Clock Uncertainty:      0.035ns  ((TSJ^2 + TIJ^2)^1/2 + DJ) / 2 + PE
    Total System Jitter     (TSJ):    0.071ns
    Total Input Jitter      (TIJ):    0.000ns
    Discrete Jitter          (DJ):    0.000ns
    Phase Error              (PE):    0.000ns

    Location             Delay type                Incr(ns)  Path(ns)    Netlist Resource(s)
  -------------------------------------------------------------------    -------------------
                         (clock ap_clk rise edge)     0.000     0.000 r  
                                                      0.000     0.000 r  ap_clk (IN)
                         net (fo=117820, unset)       0.028     0.028    grp_gdn_e2m0_top_impl_fu_550/grp_p_anonymous_namespace_fold_log_fu_9590/grp_p_anonymous_namespace_quantize_fold_block_fu_8537/ap_clk
                         FDRE                                         r  grp_gdn_e2m0_top_impl_fu_550/grp_p_anonymous_namespace_fold_log_fu_9590/grp_p_anonymous_namespace_quantize_fold_block_fu_8537/residual_m_37_fu_626_reg[2]/C
  -------------------------------------------------------------------    -------------------
                         FDRE (Prop_FDRE_C_Q)         0.077     0.105 f  grp_gdn_e2m0_top_impl_fu_550/grp_p_anonymous_namespace_fold_log_fu_9590/grp_p_anonymous_namespace_quantize_fold_block_fu_8537/residual_m_37_fu_626_reg[2]/Q
                         net (fo=7, unplaced)         0.162     0.267    grp_gdn_e2m0_top_impl_fu_550/grp_p_anonymous_namespace_fold_log_fu_9590/grp_p_anonymous_namespace_quantize_fold_block_fu_8537/residual_m_37_fu_626[2]
                         LUT1 (Prop_LUT1_I0_O)        0.037     0.304 r  grp_gdn_e2m0_top_impl_fu_550/grp_p_anonymous_namespace_fold_log_fu_9590/grp_p_anonymous_namespace_quantize_fold_block_fu_8537/left_476_reg_86593[8]_i_10/O
                         net (fo=1, unplaced)         0.023     0.327    grp_gdn_e2m0_top_impl_fu_550/grp_p_anonymous_namespace_fold_log_fu_9590/grp_p_anonymous_namespace_quantize_fold_block_fu_8537/left_476_reg_86593[8]_i_10_n_0
                         CARRY8 (Prop_CARRY8_S[1]_CO[7])
                                                      0.197     0.524 r  grp_gdn_e2m0_top_impl_fu_550/grp_p_anonymous_namespace_fold_log_fu_9590/grp_p_anonymous_namespace_quantize_fold_block_fu_8537/left_476_reg_86593_reg[8]_i_2/CO[7]
                         net (fo=1, unplaced)         0.005     0.529    grp_gdn_e2m0_top_impl_fu_550/grp_p_anonymous_namespace_fold_log_fu_9590/grp_p_anonymous_namespace_quantize_fold_block_fu_8537/left_476_reg_86593_reg[8]_i_2_n_0
                         CARRY8 (Prop_CARRY8_CI_CO[7])
                                                      0.022     0.551 r  grp_gdn_e2m0_top_impl_fu_550/grp_p_anonymous_namespace_fold_log_fu_9590/grp_p_anonymous_namespace_quantize_fold_block_fu_8537/left_476_reg_86593_reg[16]_i_2/CO[7]
                         net (fo=1, unplaced)         0.005     0.556    grp_gdn_e2m0_top_impl_fu_550/grp_p_anonymous_namespace_fold_log_fu_9590/grp_p_anonymous_namespace_quantize_fold_block_fu_8537/left_476_reg_86593_reg[16]_i_2_n_0
                         CARRY8 (Prop_CARRY8_CI_CO[7])
                                                      0.022     0.578 r  grp_gdn_e2m0_top_impl_fu_550/grp_p_anonymous_namespace_fold_log_fu_9590/grp_p_anonymous_namespace_quantize_fold_block_fu_8537/left_476_reg_86593_reg[24]_i_2/CO[7]
                         net (fo=1, unplaced)         0.005     0.583    grp_gdn_e2m0_top_impl_fu_550/grp_p_anonymous_namespace_fold_log_fu_9590/grp_p_anonymous_namespace_quantize_fold_block_fu_8537/left_476_reg_86593_reg[24]_i_2_n_0
                         CARRY8 (Prop_CARRY8_CI_O[4])
                                                      0.086     0.669 r  grp_gdn_e2m0_top_impl_fu_550/grp_p_anonymous_namespace_fold_log_fu_9590/grp_p_anonymous_namespace_quantize_fold_block_fu_8537/left_476_reg_86593_reg[31]_i_2/O[4]
                         net (fo=5, unplaced)         0.201     0.870    grp_gdn_e2m0_top_impl_fu_550/grp_p_anonymous_namespace_fold_log_fu_9590/grp_p_anonymous_namespace_quantize_fold_block_fu_8537/left_418_fu_52092_p2[29]
                         LUT6 (Prop_LUT6_I1_O)        0.090     0.960 r  grp_gdn_e2m0_top_impl_fu_550/grp_p_anonymous_namespace_fold_log_fu_9590/grp_p_anonymous_namespace_quantize_fold_block_fu_8537/length_195_reg_13553[1]_i_12/O
                         net (fo=1, unplaced)         0.140     1.100    grp_gdn_e2m0_top_impl_fu_550/grp_p_anonymous_namespace_fold_log_fu_9590/grp_p_anonymous_namespace_quantize_fold_block_fu_8537/length_195_reg_13553[1]_i_12_n_0
                         LUT6 (Prop_LUT6_I0_O)        0.090     1.190 r  grp_gdn_e2m0_top_impl_fu_550/grp_p_anonymous_namespace_fold_log_fu_9590/grp_p_anonymous_namespace_quantize_fold_block_fu_8537/length_195_reg_13553[1]_i_10/O
                         net (fo=3, unplaced)         0.191     1.381    grp_gdn_e2m0_top_impl_fu_550/grp_p_anonymous_namespace_fold_log_fu_9590/grp_p_anonymous_namespace_quantize_fold_block_fu_8537/length_195_reg_13553[1]_i_10_n_0
                         LUT6 (Prop_LUT6_I5_O)        0.038     1.419 r  grp_gdn_e2m0_top_impl_fu_550/grp_p_anonymous_namespace_fold_log_fu_9590/grp_p_anonymous_namespace_quantize_fold_block_fu_8537/length_195_reg_13553[2]_i_86/O
                         net (fo=2, unplaced)         0.185     1.604    grp_gdn_e2m0_top_impl_fu_550/grp_p_anonymous_namespace_fold_log_fu_9590/grp_p_anonymous_namespace_quantize_fold_block_fu_8537/length_195_reg_13553[2]_i_86_n_0
                         LUT2 (Prop_LUT2_I1_O)        0.038     1.642 r  grp_gdn_e2m0_top_impl_fu_550/grp_p_anonymous_namespace_fold_log_fu_9590/grp_p_anonymous_namespace_quantize_fold_block_fu_8537/length_195_reg_13553[2]_i_64/O
                         net (fo=2, unplaced)         0.185     1.827    grp_gdn_e2m0_top_impl_fu_550/grp_p_anonymous_namespace_fold_log_fu_9590/grp_p_anonymous_namespace_quantize_fold_block_fu_8537/length_195_reg_13553[2]_i_64_n_0
                         LUT6 (Prop_LUT6_I5_O)        0.038     1.865 r  grp_gdn_e2m0_top_impl_fu_550/grp_p_anonymous_namespace_fold_log_fu_9590/grp_p_anonymous_namespace_quantize_fold_block_fu_8537/length_195_reg_13553[2]_i_28/O
                         net (fo=3, unplaced)         0.191     2.056    grp_gdn_e2m0_top_impl_fu_550/grp_p_anonymous_namespace_fold_log_fu_9590/grp_p_anonymous_namespace_quantize_fold_block_fu_8537/length_195_reg_13553[2]_i_28_n_0
                         LUT5 (Prop_LUT5_I4_O)        0.038     2.094 f  grp_gdn_e2m0_top_impl_fu_550/grp_p_anonymous_namespace_fold_log_fu_9590/grp_p_anonymous_namespace_quantize_fold_block_fu_8537/length_195_reg_13553[2]_i_78/O
                         net (fo=3, unplaced)         0.191     2.285    grp_gdn_e2m0_top_impl_fu_550/grp_p_anonymous_namespace_fold_log_fu_9590/grp_p_anonymous_namespace_quantize_fold_block_fu_8537/ap_condition_98331
                         LUT4 (Prop_LUT4_I0_O)        0.038     2.323 f  grp_gdn_e2m0_top_impl_fu_550/grp_p_anonymous_namespace_fold_log_fu_9590/grp_p_anonymous_namespace_quantize_fold_block_fu_8537/length_195_reg_13553[2]_i_44/O
                         net (fo=2, unplaced)         0.185     2.508    grp_gdn_e2m0_top_impl_fu_550/grp_p_anonymous_namespace_fold_log_fu_9590/grp_p_anonymous_namespace_quantize_fold_block_fu_8537/length_195_reg_13553[2]_i_44_n_0
                         LUT5 (Prop_LUT5_I4_O)        0.038     2.546 f  grp_gdn_e2m0_top_impl_fu_550/grp_p_anonymous_namespace_fold_log_fu_9590/grp_p_anonymous_namespace_quantize_fold_block_fu_8537/length_195_reg_13553[2]_i_26/O
                         net (fo=4, unplaced)         0.197     2.743    grp_gdn_e2m0_top_impl_fu_550/grp_p_anonymous_namespace_fold_log_fu_9590/grp_p_anonymous_namespace_quantize_fold_block_fu_8537/length_195_reg_13553[2]_i_26_n_0
                         LUT2 (Prop_LUT2_I1_O)        0.038     2.781 f  grp_gdn_e2m0_top_impl_fu_550/grp_p_anonymous_namespace_fold_log_fu_9590/grp_p_anonymous_namespace_quantize_fold_block_fu_8537/length_195_reg_13553[2]_i_52/O
                         net (fo=4, unplaced)         0.197     2.978    grp_gdn_e2m0_top_impl_fu_550/grp_p_anonymous_namespace_fold_log_fu_9590/grp_p_anonymous_namespace_quantize_fold_block_fu_8537/length_195_reg_13553[2]_i_52_n_0
                         LUT2 (Prop_LUT2_I1_O)        0.038     3.016 f  grp_gdn_e2m0_top_impl_fu_550/grp_p_anonymous_namespace_fold_log_fu_9590/grp_p_anonymous_namespace_quantize_fold_block_fu_8537/length_195_reg_13553[2]_i_16/O
                         net (fo=4, unplaced)         0.197     3.213    grp_gdn_e2m0_top_impl_fu_550/grp_p_anonymous_namespace_fold_log_fu_9590/grp_p_anonymous_namespace_quantize_fold_block_fu_8537/length_195_reg_13553[2]_i_16_n_0
                         LUT6 (Prop_LUT6_I0_O)        0.038     3.251 f  grp_gdn_e2m0_top_impl_fu_550/grp_p_anonymous_namespace_fold_log_fu_9590/grp_p_anonymous_namespace_quantize_fold_block_fu_8537/length_195_reg_13553[0]_i_3/O
                         net (fo=1, unplaced)         0.185     3.436    grp_gdn_e2m0_top_impl_fu_550/grp_p_anonymous_namespace_fold_log_fu_9590/grp_p_anonymous_namespace_quantize_fold_block_fu_8537/length_195_reg_13553[0]_i_3_n_0
                         LUT6 (Prop_LUT6_I0_O)        0.038     3.474 r  grp_gdn_e2m0_top_impl_fu_550/grp_p_anonymous_namespace_fold_log_fu_9590/grp_p_anonymous_namespace_quantize_fold_block_fu_8537/length_195_reg_13553[0]_i_2/O
                         net (fo=1, unplaced)         0.185     3.659    grp_gdn_e2m0_top_impl_fu_550/grp_p_anonymous_namespace_fold_log_fu_9590/grp_p_anonymous_namespace_quantize_fold_block_fu_8537/length_195_reg_13553[0]_i_2_n_0
                         LUT6 (Prop_LUT6_I3_O)        0.038     3.697 r  grp_gdn_e2m0_top_impl_fu_550/grp_p_anonymous_namespace_fold_log_fu_9590/grp_p_anonymous_namespace_quantize_fold_block_fu_8537/length_195_reg_13553[0]_i_1/O
                         net (fo=1, unplaced)         0.048     3.745    grp_gdn_e2m0_top_impl_fu_550/grp_p_anonymous_namespace_fold_log_fu_9590/grp_p_anonymous_namespace_quantize_fold_block_fu_8537/length_195_reg_13553[0]_i_1_n_0
                         FDRE                                         r  grp_gdn_e2m0_top_impl_fu_550/grp_p_anonymous_namespace_fold_log_fu_9590/grp_p_anonymous_namespace_quantize_fold_block_fu_8537/length_195_reg_13553_reg[0]/D
  -------------------------------------------------------------------    -------------------

                         (clock ap_clk rise edge)     4.000     4.000 r  
                                                      0.000     4.000 r  ap_clk (IN)
                         net (fo=117820, unset)       0.020     4.020    grp_gdn_e2m0_top_impl_fu_550/grp_p_anonymous_namespace_fold_log_fu_9590/grp_p_anonymous_namespace_quantize_fold_block_fu_8537/ap_clk
                         FDRE                                         r  grp_gdn_e2m0_top_impl_fu_550/grp_p_anonymous_namespace_fold_log_fu_9590/grp_p_anonymous_namespace_quantize_fold_block_fu_8537/length_195_reg_13553_reg[0]/C
                         clock pessimism              0.000     4.020    
                         clock uncertainty           -0.035     3.985    
                         FDRE (Setup_FDRE_C_D)        0.025     4.010    grp_gdn_e2m0_top_impl_fu_550/grp_p_anonymous_namespace_fold_log_fu_9590/grp_p_anonymous_namespace_quantize_fold_block_fu_8537/length_195_reg_13553_reg[0]
  -------------------------------------------------------------------
                         required time                          4.010    
                         arrival time                          -3.745    
  -------------------------------------------------------------------
                         slack                                  0.265    





Min Delay Paths
--------------------------------------------------------------------------------------
Slack (MET) :             0.046ns  (arrival time - required time)
  Source:                 gmem0_m_axi_U/bus_read/rs_rdata/data_p1_reg[31]/C
                            (rising edge-triggered cell FDRE clocked by ap_clk  {rise@0.000ns fall@2.000ns period=4.000ns})
  Destination:            gmem0_m_axi_U/load_unit_0/buff_rdata/U_fifo_mem/mem_reg/DINBDIN[15]
                            (rising edge-triggered cell RAMB18E2 clocked by ap_clk  {rise@0.000ns fall@2.000ns period=4.000ns})
  Path Group:             ap_clk
  Path Type:              Hold (Min at Fast Process Corner)
  Requirement:            0.000ns  (ap_clk rise@0.000ns - ap_clk rise@0.000ns)
  Data Path Delay:        0.083ns  (logic 0.038ns (45.783%)  route 0.045ns (54.217%))
  Logic Levels:           0  
  Clock Path Skew:        0.042ns (DCD - SCD - CPR)
    Destination Clock Delay (DCD):    0.054ns
    Source Clock Delay      (SCD):    0.012ns
    Clock Pessimism Removal (CPR):    -0.000ns

    Location             Delay type                Incr(ns)  Path(ns)    Netlist Resource(s)
  -------------------------------------------------------------------    -------------------
                         (clock ap_clk rise edge)     0.000     0.000 r  
                                                      0.000     0.000 r  ap_clk (IN)
                         net (fo=117820, unset)       0.012     0.012    gmem0_m_axi_U/bus_read/rs_rdata/ap_clk
                         FDRE                                         r  gmem0_m_axi_U/bus_read/rs_rdata/data_p1_reg[31]/C
  -------------------------------------------------------------------    -------------------
                         FDRE (Prop_FDRE_C_Q)         0.038     0.050 r  gmem0_m_axi_U/bus_read/rs_rdata/data_p1_reg[31]/Q
                         net (fo=1, unplaced)         0.045     0.095    gmem0_m_axi_U/load_unit_0/buff_rdata/U_fifo_mem/mem_reg_1[31]
                         RAMB18E2                                     r  gmem0_m_axi_U/load_unit_0/buff_rdata/U_fifo_mem/mem_reg/DINBDIN[15]
  -------------------------------------------------------------------    -------------------

                         (clock ap_clk rise edge)     0.000     0.000 r  
                                                      0.000     0.000 r  ap_clk (IN)
                         net (fo=117820, unset)       0.054     0.054    gmem0_m_axi_U/load_unit_0/buff_rdata/U_fifo_mem/ap_clk
                         RAMB18E2                                     r  gmem0_m_axi_U/load_unit_0/buff_rdata/U_fifo_mem/mem_reg/CLKBWRCLK
                         clock pessimism              0.000     0.054    
                         RAMB18E2 (Hold_RAMB18E2_CLKBWRCLK_DINBDIN[15])
                                                     -0.005     0.049    gmem0_m_axi_U/load_unit_0/buff_rdata/U_fifo_mem/mem_reg
  -------------------------------------------------------------------
                         required time                         -0.049    
                         arrival time                           0.095    
  -------------------------------------------------------------------
                         slack                                  0.046    





Pulse Width Checks
--------------------------------------------------------------------------------------
Clock Name:         ap_clk
Waveform(ns):       { 0.000 2.000 }
Period(ns):         4.000
Sources:            { ap_clk }

Check Type        Corner  Lib Pin      Reference Pin  Required(ns)  Actual(ns)  Slack(ns)  Location  Pin
Min Period        n/a     URAM288/CLK  n/a            2.000         4.000       2.000                grp_gdn_e2m0_top_impl_fu_550/resident_keys_U/ram_reg_uram_10/CLK
Low Pulse Width   Slow    URAM288/CLK  n/a            0.700         2.000       1.300                grp_gdn_e2m0_top_impl_fu_550/resident_keys_U/ram_reg_uram_10/CLK
High Pulse Width  Slow    URAM288/CLK  n/a            0.700         2.000       1.300                grp_gdn_e2m0_top_impl_fu_550/resident_keys_U/ram_reg_uram_10/CLK



