Copyright 1986-2022 Xilinx, Inc. All Rights Reserved. Copyright 2022-2025 Advanced Micro Devices, Inc. All Rights Reserved.
----------------------------------------------------------------------------------------------------------------------------------------------------------------------------
| Tool Version : Vivado v.2025.2 (win64) Build 6299465 Fri Nov 14 19:35:11 GMT 2025
| Date         : Mon Aug 10 09:24:25 2026
| Host         : Tyler running 64-bit major release  (build 9200)
| Command      : report_design_analysis -timing -logic_level_distribution -file X:/reports/vivado/experiments/rs2_snapshot_write_partial_banks_20260810/design_analysis.rpt
| Design       : gdn_rs2_top
| Device       : xcu55c
| Design State : Routed
----------------------------------------------------------------------------------------------------------------------------------------------------------------------------

Report Design Analysis

Table of Contents
-----------------
1. Setup Path Characteristics 1-1
2. Logic Level Distribution

1. Setup Path Characteristics 1-1
---------------------------------

+---------------------------+-------------------------------------------------------------------------------------------+
|      Characteristics      |                                          Path #1                                          |
+---------------------------+-------------------------------------------------------------------------------------------+
| Requirement               | 4.000                                                                                     |
| Path Delay                | 5.796                                                                                     |
| Logic Delay               | 0.805(14%)                                                                                |
| Net Delay                 | 4.991(86%)                                                                                |
| Clock Skew                | -0.119                                                                                    |
| Slack                     | -2.484                                                                                    |
| Clock Uncertainty         | 0.035                                                                                     |
| Clock Pair Classification | Partial False Path                                                                        |
| Clock Delay Group         | Same Clock                                                                                |
| Logic Levels              | 7                                                                                         |
| Routes                    | 8                                                                                         |
| Logical Path              | FDRE/C-(6)-LUT3-(5)-LUT6-(83)-LUT2-(3)-LUT6-(18)-LUT6-(1)-LUT5-(49)-LUT6-(4)-URAM288/EN_B |
| Start Point Clock         | ap_clk                                                                                    |
| End Point Clock           | ap_clk                                                                                    |
| DSP Block                 | None                                                                                      |
| RAM Registers             | None-IREG_PRE(0)-REG_CAS(0)                                                               |
| IO Crossings              | 1                                                                                         |
| SLR Crossings             | 1                                                                                         |
| PBlocks                   | 0                                                                                         |
| High Fanout               | 83                                                                                        |
| ASYNC REG                 | 0                                                                                         |
| Dont Touch                | 0                                                                                         |
| Mark Debug                | 0                                                                                         |
| Start Point Pin Primitive | FDRE/C                                                                                    |
| End Point Pin Primitive   | URAM288/EN_B                                                                              |
| Start Point Pin           | trunc_ln1150_reg_13302_reg[0]_rep__2_replica_1/C                                          |
| End Point Pin             | ram_reg_uram_27/EN_B                                                                      |
+---------------------------+-------------------------------------------------------------------------------------------+
* Bounding box calculated as % of dimensions for the target device (5130, 1566)


2. Logic Level Distribution
---------------------------

+-----------------+-------------+-----+----+-----+-----+-----+----+
| End Point Clock | Requirement |  1  |  3 |  4  |  5  |  6  |  7 |
+-----------------+-------------+-----+----+-----+-----+-----+----+
| ap_clk          | 4.000ns     | 112 | 10 | 333 | 413 | 114 | 18 |
+-----------------+-------------+-----+----+-----+-----+-----+----+
* Columns represent the logic levels per end point clock
** Distribution is for top worst 1000 paths


