Copyright 1986-2022 Xilinx, Inc. All Rights Reserved. Copyright 2022-2025 Advanced Micro Devices, Inc. All Rights Reserved.
-------------------------------------------------------------------------------------------------------------------------------------------------------------------------------------------------------------
| Tool Version      : Vivado v.2025.2 (win64) Build 6299465 Fri Nov 14 19:35:11 GMT 2025
| Date              : Mon Aug 10 17:00:18 2026
| Host              : Tyler running 64-bit major release  (build 9200)
| Command           : report_timing_summary -delay_type min_max -report_unconstrained -check_timing_verbose -file X:/reports/vivado/experiments/rs2_snapshot_write_contiguous_banks_20260810/impl_timing.rpt
| Design            : gdn_rs2_top
| Device            : xcu55c-fsvh2892
| Speed File        : -2L  PRODUCTION 1.30 05-01-2022
| Design State      : Routed
| Temperature Grade : E
-------------------------------------------------------------------------------------------------------------------------------------------------------------------------------------------------------------

Timing Summary Report

------------------------------------------------------------------------------------------------
| Timer Settings
| --------------
------------------------------------------------------------------------------------------------

  Enable Multi Corner Analysis               :  Yes
  Enable Pessimism Removal                   :  Yes
  Pessimism Removal Resolution               :  Nearest Common Node
  Enable Input Delay Default Clock           :  No
  Enable Preset / Clear Arcs                 :  No
  Disable Flight Delays                      :  No
  Ignore I/O Paths                           :  No
  Timing Early Launch at Borrowing Latches   :  No
  Borrow Time for Max Delay Exceptions       :  Yes
  Merge Timing Exceptions                    :  Yes
  Inter-SLR Compensation                     :  Conservative

  Corner  Analyze    Analyze    
  Name    Max Paths  Min Paths  
  ------  ---------  ---------  
  Slow    Yes        Yes        
  Fast    Yes        Yes        


------------------------------------------------------------------------------------------------
| Report Methodology
| ------------------
------------------------------------------------------------------------------------------------

No report available as report_methodology has not been run prior. Run report_methodology on the current design for the summary of methodology violations.



check_timing report

Table of Contents
-----------------
1. checking no_clock (0)
2. checking constant_clock (0)
3. checking pulse_width_clock (0)
4. checking unconstrained_internal_endpoints (0)
5. checking no_input_delay (0)
6. checking no_output_delay (0)
7. checking multiple_clock (0)
8. checking generated_clocks (0)
9. checking loops (0)
10. checking partial_input_delay (0)
11. checking partial_output_delay (0)
12. checking latch_loops (0)

1. checking no_clock (0)
------------------------
 There are 0 register/latch pins with no clock.


2. checking constant_clock (0)
------------------------------
 There are 0 register/latch pins with constant_clock.


3. checking pulse_width_clock (0)
---------------------------------
 There are 0 register/latch pins which need pulse_width check


4. checking unconstrained_internal_endpoints (0)
------------------------------------------------
 There are 0 pins that are not constrained for maximum delay.

 There are 0 pins that are not constrained for maximum delay due to constant clock.


5. checking no_input_delay (0)
------------------------------
 There are 0 input ports with no input delay specified.

 There are 0 input ports with no input delay but user has a false path constraint.


6. checking no_output_delay (0)
-------------------------------
 There are 0 ports with no output delay specified.

 There are 0 ports with no output delay but user has a false path constraint

 There are 0 ports with no output delay but with a timing clock defined on it or propagating through it


7. checking multiple_clock (0)
------------------------------
 There are 0 register/latch pins with multiple clocks.


8. checking generated_clocks (0)
--------------------------------
 There are 0 generated clocks that are not connected to a clock source.


9. checking loops (0)
---------------------
 There are 0 combinational loops in the design.


10. checking partial_input_delay (0)
------------------------------------
 There are 0 input ports with partial input delay specified.


11. checking partial_output_delay (0)
-------------------------------------
 There are 0 ports with partial output delay specified.


12. checking latch_loops (0)
----------------------------
 There are 0 combinational latch loops in the design through latch input



------------------------------------------------------------------------------------------------
| Design Timing Summary
| ---------------------
------------------------------------------------------------------------------------------------

    WNS(ns)      TNS(ns)  TNS Failing Endpoints  TNS Total Endpoints      WHS(ns)      THS(ns)  THS Failing Endpoints  THS Total Endpoints     WPWS(ns)     TPWS(ns)  TPWS Failing Endpoints  TPWS Total Endpoints  
    -------      -------  ---------------------  -------------------      -------      -------  ---------------------  -------------------     --------     --------  ----------------------  --------------------  
     -3.623   -86731.445                  67782               226801        0.010        0.000                      0               226388        1.300        0.000                       0                 78206  


Timing constraints are not met.


------------------------------------------------------------------------------------------------
| Clock Summary
| -------------
------------------------------------------------------------------------------------------------

Clock   Waveform(ns)         Period(ns)      Frequency(MHz)
-----   ------------         ----------      --------------
ap_clk  {0.000 2.000}        4.000           250.000         


------------------------------------------------------------------------------------------------
| Intra Clock Table
| -----------------
------------------------------------------------------------------------------------------------

Clock             WNS(ns)      TNS(ns)  TNS Failing Endpoints  TNS Total Endpoints      WHS(ns)      THS(ns)  THS Failing Endpoints  THS Total Endpoints     WPWS(ns)     TPWS(ns)  TPWS Failing Endpoints  TPWS Total Endpoints  
-----             -------      -------  ---------------------  -------------------      -------      -------  ---------------------  -------------------     --------     --------  ----------------------  --------------------  
ap_clk             -3.623   -86731.445                  67782               226801        0.010        0.000                      0               226388        1.300        0.000                       0                 78206  


------------------------------------------------------------------------------------------------
| Inter Clock Table
| -----------------
------------------------------------------------------------------------------------------------

From Clock    To Clock          WNS(ns)      TNS(ns)  TNS Failing Endpoints  TNS Total Endpoints      WHS(ns)      THS(ns)  THS Failing Endpoints  THS Total Endpoints  
----------    --------          -------      -------  ---------------------  -------------------      -------      -------  ---------------------  -------------------  


------------------------------------------------------------------------------------------------
| Other Path Groups Table
| -----------------------
------------------------------------------------------------------------------------------------

Path Group    From Clock    To Clock          WNS(ns)      TNS(ns)  TNS Failing Endpoints  TNS Total Endpoints      WHS(ns)      THS(ns)  THS Failing Endpoints  THS Total Endpoints  
----------    ----------    --------          -------      -------  ---------------------  -------------------      -------      -------  ---------------------  -------------------  


------------------------------------------------------------------------------------------------
| User Ignored Path Table
| -----------------------
------------------------------------------------------------------------------------------------

Path Group    From Clock    To Clock    
----------    ----------    --------    
(none)        ap_clk        ap_clk        


------------------------------------------------------------------------------------------------
| Unconstrained Path Table
| ------------------------
------------------------------------------------------------------------------------------------

Path Group    From Clock    To Clock    
----------    ----------    --------    


------------------------------------------------------------------------------------------------
| Timing Details
| --------------
------------------------------------------------------------------------------------------------


---------------------------------------------------------------------------------------------------
From Clock:  ap_clk
  To Clock:  ap_clk

Setup :        67782  Failing Endpoints,  Worst Slack       -3.623ns,  Total Violation   -86731.445ns
Hold  :            0  Failing Endpoints,  Worst Slack        0.010ns,  Total Violation        0.000ns
PW    :            0  Failing Endpoints,  Worst Slack        1.300ns,  Total Violation        0.000ns
---------------------------------------------------------------------------------------------------


Max Delay Paths
--------------------------------------------------------------------------------------
Slack (VIOLATED) :        -3.623ns  (required time - arrival time)
  Source:                 grp_gdn_rs2_top_impl_fu_566/ap_CS_fsm_reg[254]/C
                            (rising edge-triggered cell FDRE clocked by ap_clk  {rise@0.000ns fall@2.000ns period=4.000ns})
  Destination:            grp_gdn_rs2_top_impl_fu_566/gdn_rs2_top_impl_unsigned_char_unsigned_short_unsigned_char_unsigned_char_ap_uin_U/ram_reg_uram_39/EN_A
                            (rising edge-triggered cell URAM288 clocked by ap_clk  {rise@0.000ns fall@2.000ns period=4.000ns})
  Path Group:             ap_clk
  Path Type:              Setup (Max at Slow Process Corner)
  Requirement:            4.000ns  (ap_clk rise@4.000ns - ap_clk rise@0.000ns)
  Data Path Delay:        7.152ns  (logic 0.327ns (4.572%)  route 6.825ns (95.428%))
  Logic Levels:           5  (LUT3=1 LUT5=1 LUT6=3)
  Clock Path Skew:        0.362ns (DCD - SCD + CPR)
    Destination Clock Delay (DCD):    3.844ns = ( 7.844 - 4.000 ) 
    Source Clock Delay      (SCD):    3.646ns
    Clock Pessimism Removal (CPR):    0.164ns
  Clock Uncertainty:      0.035ns  ((TSJ^2 + TIJ^2)^1/2 + DJ) / 2 + PE
    Total System Jitter     (TSJ):    0.071ns
    Total Input Jitter      (TIJ):    0.000ns
    Discrete Jitter          (DJ):    0.000ns
    Phase Error              (PE):    0.000ns
  Inter-SLR Compensation: 0.340ns  ((DCD - CCD) * PF)
    Destination Clock Delay (DCD):    3.844ns
    Common Clock Delay      (CCD):    1.577ns
    Prorating Factor         (PF):    0.150
  Clock Net Delay (Source):      3.575ns (routing 1.670ns, distribution 1.905ns)
  Clock Net Delay (Destination): 3.784ns (routing 1.517ns, distribution 2.267ns)

    Location             Delay type                Incr(ns)  Path(ns)    Netlist Resource(s)
  -------------------------------------------------------------------    -------------------
                         (clock ap_clk rise edge)     0.000     0.000 r  
                                                      0.000     0.000 r  ap_clk (IN)
                         net (fo=0)                   0.043     0.043    ap_clk
    BUFGCE_X0Y0          BUFGCE (Prop_BUFCE_BUFGCE_I_O)
                                                      0.028     0.071 r  ooc_ap_clk_bufg/O
    X3Y5 (CLOCK_ROOT)    net (fo=78273, routed)       3.575     3.646    grp_gdn_rs2_top_impl_fu_566/ooc_ap_clk_global
    SLR Crossing[0->2]   
    SLICE_X140Y480       FDRE                                         r  grp_gdn_rs2_top_impl_fu_566/ap_CS_fsm_reg[254]/C
  -------------------------------------------------------------------    -------------------
    SLICE_X140Y480       FDRE (Prop_HFF_SLICEL_C_Q)
                                                      0.079     3.725 r  grp_gdn_rs2_top_impl_fu_566/ap_CS_fsm_reg[254]/Q
                         net (fo=8, routed)           0.048     3.773    grp_gdn_rs2_top_impl_fu_566/gdn_rs2_top_impl_unsigned_char_unsigned_short_unsigned_char_unsigned_char_ap_uin_2_U/Q[1]
    SLICE_X140Y480       LUT3 (Prop_E6LUT_SLICEL_I0_O)
                                                      0.090     3.863 r  grp_gdn_rs2_top_impl_fu_566/gdn_rs2_top_impl_unsigned_char_unsigned_short_unsigned_char_unsigned_char_ap_uin_2_U/ram_reg_mux_sel_79_i_3__1/O
                         net (fo=40, routed)          0.944     4.807    grp_gdn_rs2_top_impl_fu_566/grp_p_anonymous_namespace_load_snapshot_fu_9331/grp_p_anonymous_namespace_commit_snapshot_block_fu_513/gdn_rs2_top_impl_unsigned_char_unsigned_short_unsigned_char_unsigned_char_ap_uin_2_address0140_out
    SLR Crossing[2->1]   
    SLICE_X137Y420       LUT5 (Prop_F6LUT_SLICEM_I3_O)
                                                      0.037     4.844 f  grp_gdn_rs2_top_impl_fu_566/grp_p_anonymous_namespace_load_snapshot_fu_9331/grp_p_anonymous_namespace_commit_snapshot_block_fu_513/ram_reg_mux_sel_82_i_2/O
                         net (fo=1, routed)           1.434     6.278    grp_gdn_rs2_top_impl_fu_566/grp_p_anonymous_namespace_load_snapshot_fu_9331/grp_p_anonymous_namespace_commit_snapshot_block_fu_513/ram_reg_mux_sel_82_i_2_n_0
    SLICE_X125Y272       LUT6 (Prop_E6LUT_SLICEL_I3_O)
                                                      0.035     6.313 f  grp_gdn_rs2_top_impl_fu_566/grp_p_anonymous_namespace_load_snapshot_fu_9331/grp_p_anonymous_namespace_commit_snapshot_block_fu_513/ram_reg_mux_sel_82_i_1__1/O
                         net (fo=96, routed)          0.986     7.299    grp_gdn_rs2_top_impl_fu_566/grp_p_anonymous_namespace_load_snapshot_fu_9331/grp_p_anonymous_namespace_commit_snapshot_block_fu_513/ap_CS_fsm_reg[265]_18
    SLR Crossing[1->0]   
    SLICE_X123Y213       LUT6 (Prop_C6LUT_SLICEL_I2_O)
                                                      0.035     7.334 f  grp_gdn_rs2_top_impl_fu_566/grp_p_anonymous_namespace_load_snapshot_fu_9331/grp_p_anonymous_namespace_commit_snapshot_block_fu_513/ram_reg_uram_39_i_3__2_rewire_comp/O
                         net (fo=6, routed)           1.409     8.742    grp_gdn_rs2_top_impl_fu_566/grp_p_anonymous_namespace_load_snapshot_fu_9331/grp_p_anonymous_namespace_commit_snapshot_block_fu_513/ram_reg_uram_39_i_3__2_n_0
    SLICE_X90Y179        LUT6 (Prop_H6LUT_SLICEL_I2_O)
                                                      0.051     8.793 r  grp_gdn_rs2_top_impl_fu_566/grp_p_anonymous_namespace_load_snapshot_fu_9331/grp_p_anonymous_namespace_commit_snapshot_block_fu_513/ram_reg_uram_39_i_1__2_rewire/O
                         net (fo=2, routed)           2.005    10.798    grp_gdn_rs2_top_impl_fu_566/gdn_rs2_top_impl_unsigned_char_unsigned_short_unsigned_char_unsigned_char_ap_uin_U/word_7_reg_13624[0]_i_50_0
    URAM288_X0Y12        URAM288                                      r  grp_gdn_rs2_top_impl_fu_566/gdn_rs2_top_impl_unsigned_char_unsigned_short_unsigned_char_unsigned_char_ap_uin_U/ram_reg_uram_39/EN_A
  -------------------------------------------------------------------    -------------------

                         (clock ap_clk rise edge)     4.000     4.000 r  
                                                      0.000     4.000 r  ap_clk (IN)
                         net (fo=0)                   0.036     4.036    ap_clk
    BUFGCE_X0Y0          BUFGCE (Prop_BUFCE_BUFGCE_I_O)
                                                      0.024     4.060 r  ooc_ap_clk_bufg/O
    X3Y5 (CLOCK_ROOT)    net (fo=78273, routed)       3.784     7.844    grp_gdn_rs2_top_impl_fu_566/gdn_rs2_top_impl_unsigned_char_unsigned_short_unsigned_char_unsigned_char_ap_uin_U/ooc_ap_clk_global
    URAM288_X0Y12        URAM288                                      r  grp_gdn_rs2_top_impl_fu_566/gdn_rs2_top_impl_unsigned_char_unsigned_short_unsigned_char_unsigned_char_ap_uin_U/ram_reg_uram_39/CLK
                         clock pessimism              0.164     8.008    
                         inter-SLR compensation      -0.340     7.668    
                         clock uncertainty           -0.035     7.633    
    URAM288_X0Y12        URAM288 (Setup_URAM_288K_INST_URAM288_CLK_EN_A)
                                                     -0.458     7.175    grp_gdn_rs2_top_impl_fu_566/gdn_rs2_top_impl_unsigned_char_unsigned_short_unsigned_char_unsigned_char_ap_uin_U/ram_reg_uram_39
  -------------------------------------------------------------------
                         required time                          7.175    
                         arrival time                         -10.798    
  -------------------------------------------------------------------
                         slack                                 -3.623    





Min Delay Paths
--------------------------------------------------------------------------------------
Slack (MET) :             0.010ns  (arrival time - required time)
  Source:                 gmem12_m_axi_U/bus_write/wreq_burst_conv/burst_sequential/could_multi_bursts.burst_addr_base_reg[40]/C
                            (rising edge-triggered cell FDRE clocked by ap_clk  {rise@0.000ns fall@2.000ns period=4.000ns})
  Destination:            gmem12_m_axi_U/bus_write/wreq_throttle/fifo_burst_gen[0].fifo_req/U_fifo_srl/mem_reg[14][52]_srl15/D
                            (rising edge-triggered cell SRL16E clocked by ap_clk  {rise@0.000ns fall@2.000ns period=4.000ns})
  Path Group:             ap_clk
  Path Type:              Hold (Min at Slow Process Corner)
  Requirement:            0.000ns  (ap_clk rise@0.000ns - ap_clk rise@0.000ns)
  Data Path Delay:        0.197ns  (logic 0.059ns (29.949%)  route 0.138ns (70.051%))
  Logic Levels:           0  
  Clock Path Skew:        0.159ns (DCD - SCD - CPR)
    Destination Clock Delay (DCD):    3.605ns
    Source Clock Delay      (SCD):    3.177ns
    Clock Pessimism Removal (CPR):    0.270ns
  Clock Net Delay (Source):      3.117ns (routing 1.517ns, distribution 1.600ns)
  Clock Net Delay (Destination): 3.534ns (routing 1.670ns, distribution 1.864ns)

    Location             Delay type                Incr(ns)  Path(ns)    Netlist Resource(s)
  -------------------------------------------------------------------    -------------------
                         (clock ap_clk rise edge)     0.000     0.000 r  
                                                      0.000     0.000 r  ap_clk (IN)
                         net (fo=0)                   0.036     0.036    ap_clk
    BUFGCE_X0Y0          BUFGCE (Prop_BUFCE_BUFGCE_I_O)
                                                      0.024     0.060 r  ooc_ap_clk_bufg/O
    X3Y5 (CLOCK_ROOT)    net (fo=78273, routed)       3.117     3.177    gmem12_m_axi_U/bus_write/wreq_burst_conv/burst_sequential/ooc_ap_clk_global
    SLR Crossing[0->1]   
    SLICE_X131Y381       FDRE                                         r  gmem12_m_axi_U/bus_write/wreq_burst_conv/burst_sequential/could_multi_bursts.burst_addr_base_reg[40]/C
  -------------------------------------------------------------------    -------------------
    SLICE_X131Y381       FDRE (Prop_GFF_SLICEL_C_Q)
                                                      0.059     3.236 r  gmem12_m_axi_U/bus_write/wreq_burst_conv/burst_sequential/could_multi_bursts.burst_addr_base_reg[40]/Q
                         net (fo=1, routed)           0.138     3.374    gmem12_m_axi_U/bus_write/wreq_throttle/fifo_burst_gen[0].fifo_req/U_fifo_srl/in[50]
    SLICE_X133Y381       SRL16E                                       r  gmem12_m_axi_U/bus_write/wreq_throttle/fifo_burst_gen[0].fifo_req/U_fifo_srl/mem_reg[14][52]_srl15/D
  -------------------------------------------------------------------    -------------------

                         (clock ap_clk rise edge)     0.000     0.000 r  
                                                      0.000     0.000 r  ap_clk (IN)
                         net (fo=0)                   0.043     0.043    ap_clk
    BUFGCE_X0Y0          BUFGCE (Prop_BUFCE_BUFGCE_I_O)
                                                      0.028     0.071 r  ooc_ap_clk_bufg/O
    X3Y5 (CLOCK_ROOT)    net (fo=78273, routed)       3.534     3.605    gmem12_m_axi_U/bus_write/wreq_throttle/fifo_burst_gen[0].fifo_req/U_fifo_srl/ooc_ap_clk_global
    SLR Crossing[0->1]   
    SLICE_X133Y381       SRL16E                                       r  gmem12_m_axi_U/bus_write/wreq_throttle/fifo_burst_gen[0].fifo_req/U_fifo_srl/mem_reg[14][52]_srl15/CLK
                         clock pessimism             -0.270     3.336    
    SLICE_X133Y381       SRL16E (Hold_C6LUT_SLICEM_CLK_D)
                                                      0.028     3.364    gmem12_m_axi_U/bus_write/wreq_throttle/fifo_burst_gen[0].fifo_req/U_fifo_srl/mem_reg[14][52]_srl15
  -------------------------------------------------------------------
                         required time                         -3.364    
                         arrival time                           3.374    
  -------------------------------------------------------------------
                         slack                                  0.010    





Pulse Width Checks
--------------------------------------------------------------------------------------
Clock Name:         ap_clk
Waveform(ns):       { 0.000 2.000 }
Period(ns):         4.000
Sources:            { ap_clk }

Check Type        Corner  Lib Pin      Reference Pin  Required(ns)  Actual(ns)  Slack(ns)  Location       Pin
Min Period        n/a     URAM288/CLK  n/a            2.000         4.000       2.000      URAM288_X3Y48  grp_gdn_rs2_top_impl_fu_566/gdn_rs2_top_impl_unsigned_char_unsigned_short_unsigned_char_unsigned_char_ap_uin_1_U/ram_reg_uram_10/CLK
Low Pulse Width   Slow    URAM288/CLK  n/a            0.700         2.000       1.300      URAM288_X3Y48  grp_gdn_rs2_top_impl_fu_566/gdn_rs2_top_impl_unsigned_char_unsigned_short_unsigned_char_unsigned_char_ap_uin_1_U/ram_reg_uram_10/CLK
High Pulse Width  Slow    URAM288/CLK  n/a            0.700         2.000       1.300      URAM288_X3Y48  grp_gdn_rs2_top_impl_fu_566/gdn_rs2_top_impl_unsigned_char_unsigned_short_unsigned_char_unsigned_char_ap_uin_1_U/ram_reg_uram_10/CLK



--------------------------------------------------------------------------------------
Path Group:  (none)
From Clock:  ap_clk
  To Clock:  ap_clk

Max Delay         21555 Endpoints
Min Delay         36497 Endpoints
--------------------------------------------------------------------------------------


Max Delay Paths
--------------------------------------------------------------------------------------
Slack:                    inf
  Source:                 ap_rst_n
                            (input port clocked by ap_clk  {rise@0.000ns fall@2.000ns period=4.000ns})
  Destination:            gmem2_m_axi_U/bus_read/rreq_burst_conv/burst_sequential/first_sect_reg/R
                            (rising edge-triggered cell FDRE clocked by ap_clk  {rise@0.000ns fall@2.000ns period=4.000ns})
  Path Group:             (none)
  Path Type:              Setup (Max at Slow Process Corner)
  Data Path Delay:        5.598ns  (logic 0.036ns (0.643%)  route 5.562ns (99.357%))
  Logic Levels:           1  (LUT1=1)
  Input Delay:            1.000ns
  Clock Path Skew:        3.514ns (DCD - SCD + CPR)
    Destination Clock Delay (DCD):    3.514ns
    Source Clock Delay      (SCD):    0.000ns
    Clock Pessimism Removal (CPR):    0.000ns
  Clock Uncertainty:      0.035ns  ((TSJ^2 + TIJ^2)^1/2 + DJ) / 2 + PE
    Total System Jitter     (TSJ):    0.071ns
    Total Input Jitter      (TIJ):    0.000ns
    Discrete Jitter          (DJ):    0.000ns
    Phase Error              (PE):    0.000ns
  Clock Net Delay (Destination): 3.454ns (routing 1.517ns, distribution 1.937ns)
  Timing Exception:       False Path

    Location             Delay type                Incr(ns)  Path(ns)    Netlist Resource(s)
  -------------------------------------------------------------------    -------------------
                         (clock ap_clk rise edge)     0.000     0.000 r  
                         input delay                  1.000     1.000    
                                                      0.000     1.000 f  ap_rst_n (IN)
                         net (fo=20416, unset)        0.000     1.000    grp_gdn_rs2_top_impl_fu_566/grp_p_anonymous_namespace_fold_log_if_full_fu_9762/grp_p_anonymous_namespace_fold_log_fu_239/grp_p_anonymous_namespace_quantize_fold_block_fu_8191/grp_aligned_sum_guarded_2_1_fu_2619/grp_aligned_sum_guarded_2_1_Pipeline_align_terms_fu_144/flow_control_loop_pipe_sequential_init_U/ap_rst_n
    SLICE_X136Y324       LUT1 (Prop_H6LUT_SLICEL_I0_O)
                                                      0.036     1.036 r  grp_gdn_rs2_top_impl_fu_566/grp_p_anonymous_namespace_fold_log_if_full_fu_9762/grp_p_anonymous_namespace_fold_log_fu_239/grp_p_anonymous_namespace_quantize_fold_block_fu_8191/grp_aligned_sum_guarded_2_1_fu_2619/grp_aligned_sum_guarded_2_1_Pipeline_align_terms_fu_144/flow_control_loop_pipe_sequential_init_U/could_multi_bursts.burst_valid_i_1__16/O
                         net (fo=20, routed)          5.562     6.598    gmem2_m_axi_U/bus_read/rreq_burst_conv/burst_sequential/lopt
    SLR Crossing[1->2]   
    SLICE_X206Y525       FDRE                                         r  gmem2_m_axi_U/bus_read/rreq_burst_conv/burst_sequential/first_sect_reg/R
  -------------------------------------------------------------------    -------------------

                         (clock ap_clk rise edge)     0.000     0.000 r  
                                                      0.000     0.000 r  ap_clk (IN)
                         net (fo=0)                   0.036     0.036    ap_clk
    BUFGCE_X0Y0          BUFGCE (Prop_BUFCE_BUFGCE_I_O)
                                                      0.024     0.060 r  ooc_ap_clk_bufg/O
    X3Y5 (CLOCK_ROOT)    net (fo=78273, routed)       3.454     3.514    gmem2_m_axi_U/bus_read/rreq_burst_conv/burst_sequential/ooc_ap_clk_global
    SLR Crossing[0->2]   
    SLICE_X206Y525       FDRE                                         r  gmem2_m_axi_U/bus_read/rreq_burst_conv/burst_sequential/first_sect_reg/C





Min Delay Paths
--------------------------------------------------------------------------------------
Slack:                    inf
  Source:                 s_axi_control_WDATA[0]
                            (input port clocked by ap_clk  {rise@0.000ns fall@2.000ns period=4.000ns})
  Destination:            control_s_axi_U/int_ier_reg[0]/D
                            (rising edge-triggered cell FDRE clocked by ap_clk  {rise@0.000ns fall@2.000ns period=4.000ns})
  Path Group:             (none)
  Path Type:              Hold (Min at Fast Process Corner)
  Data Path Delay:        0.007ns  (logic 0.000ns (0.000%)  route 0.007ns (100.001%))
  Logic Levels:           0  
  Input Delay:            1.000ns
  Clock Path Skew:        2.311ns (DCD - SCD - CPR)
    Destination Clock Delay (DCD):    2.311ns
    Source Clock Delay      (SCD):    0.000ns
    Clock Pessimism Removal (CPR):    -0.000ns
  Clock Uncertainty:      0.035ns  ((TSJ^2 + TIJ^2)^1/2 + DJ) / 2 + PE
    Total System Jitter     (TSJ):    0.071ns
    Total Input Jitter      (TIJ):    0.000ns
    Discrete Jitter          (DJ):    0.000ns
    Phase Error              (PE):    0.000ns
  Clock Net Delay (Destination): 2.262ns (routing 1.023ns, distribution 1.239ns)
  Timing Exception:       False Path

    Location             Delay type                Incr(ns)  Path(ns)    Netlist Resource(s)
  -------------------------------------------------------------------    -------------------
                         (clock ap_clk rise edge)     0.000     0.000 r  
                         input delay                  1.000     1.000    
                                                      0.000     1.000 r  s_axi_control_WDATA[0] (IN)
                         net (fo=7, unset)            0.007     1.007    control_s_axi_U/s_axi_control_WDATA[0]
    SLICE_X162Y483       FDRE                                         r  control_s_axi_U/int_ier_reg[0]/D
  -------------------------------------------------------------------    -------------------

                         (clock ap_clk rise edge)     0.000     0.000 r  
                                                      0.000     0.000 r  ap_clk (IN)
                         net (fo=0)                   0.030     0.030    ap_clk
    BUFGCE_X0Y0          BUFGCE (Prop_BUFCE_BUFGCE_I_O)
                                                      0.019     0.049 r  ooc_ap_clk_bufg/O
    X3Y5 (CLOCK_ROOT)    net (fo=78273, routed)       2.262     2.311    control_s_axi_U/ooc_ap_clk_global
    SLR Crossing[0->2]   
    SLICE_X162Y483       FDRE                                         r  control_s_axi_U/int_ier_reg[0]/C





