Copyright 1986-2022 Xilinx, Inc. All Rights Reserved. Copyright 2022-2025 Advanced Micro Devices, Inc. All Rights Reserved.
-----------------------------------------------------------------------------------------------------------------------------------------------------------
| Tool Version : Vivado v.2025.2 (win64) Build 6299465 Fri Nov 14 19:35:11 GMT 2025
| Date         : Mon Aug 10 03:38:54 2026
| Host         : Tyler running 64-bit major release  (build 9200)
| Command      : report_design_analysis -timing -logic_level_distribution -file X:/reports/vivado/experiments/rs2_layer_banks_20260810/design_analysis.rpt
| Design       : gdn_rs2_top
| Device       : xcu55c
| Design State : Routed
-----------------------------------------------------------------------------------------------------------------------------------------------------------

Report Design Analysis

Table of Contents
-----------------
1. Setup Path Characteristics 1-1
2. Logic Level Distribution

1. Setup Path Characteristics 1-1
---------------------------------

+---------------------------+------------------------------------------------------------+
|      Characteristics      |                           Path #1                          |
+---------------------------+------------------------------------------------------------+
| Requirement               | 4.000                                                      |
| Path Delay                | 5.251                                                      |
| Logic Delay               | 1.485(29%)                                                 |
| Net Delay                 | 3.766(71%)                                                 |
| Clock Skew                | -0.354                                                     |
| Slack                     | -1.867                                                     |
| Clock Uncertainty         | 0.035                                                      |
| Clock Pair Classification | Partial False Path                                         |
| Clock Delay Group         | Same Clock                                                 |
| Logic Levels              | 4                                                          |
| Routes                    | 4                                                          |
| Logical Path              | URAM288/CLK-(1)-LUT6-(3)-LUT6-(1)-LUT6-(1)-LUT5-(1)-FDRE/D |
| Start Point Clock         | ap_clk                                                     |
| End Point Clock           | ap_clk                                                     |
| DSP Block                 | None                                                       |
| RAM Registers             | None-OREG(0)-OREG_ECC(0)-REG_CAS(0)                        |
| IO Crossings              | 1                                                          |
| SLR Crossings             | 1                                                          |
| PBlocks                   | 0                                                          |
| High Fanout               | 3                                                          |
| ASYNC REG                 | 0                                                          |
| Dont Touch                | 0                                                          |
| Mark Debug                | 0                                                          |
| Start Point Pin Primitive | URAM288/CLK                                                |
| End Point Pin Primitive   | FDRE/D                                                     |
| Start Point Pin           | ram_reg_uram_10/CLK                                        |
| End Point Pin             | word_7_reg_13555_reg[100]/D                                |
+---------------------------+------------------------------------------------------------+
* Bounding box calculated as % of dimensions for the target device (5130, 1566)


2. Logic Level Distribution
---------------------------

+-----------------+-------------+---+----+-----+----+-----+-----+----+-----+----+----+
| End Point Clock | Requirement | 0 |  1 |  2  |  3 |  4  |  5  |  6 |  7  |  8 |  9 |
+-----------------+-------------+---+----+-----+----+-----+-----+----+-----+----+----+
| ap_clk          | 4.000ns     | 1 | 54 | 175 | 64 | 159 | 394 | 30 | 102 | 10 | 11 |
+-----------------+-------------+---+----+-----+----+-----+-----+----+-----+----+----+
* Columns represent the logic levels per end point clock
** Distribution is for top worst 1000 paths


