Copyright 1986-2022 Xilinx, Inc. All Rights Reserved. Copyright 2022-2025 Advanced Micro Devices, Inc. All Rights Reserved.
-----------------------------------------------------------------------------------------------------------------------------------------------------------------------------------------
| Tool Version      : Vivado v.2025.2 (win64) Build 6299465 Fri Nov 14 19:35:11 GMT 2025
| Date              : Mon Aug 10 03:37:28 2026
| Host              : Tyler running 64-bit major release  (build 9200)
| Command           : report_timing_summary -delay_type min_max -report_unconstrained -check_timing_verbose -file X:/reports/vivado/experiments/rs2_layer_banks_20260810/impl_timing.rpt
| Design            : gdn_rs2_top
| Device            : xcu55c-fsvh2892
| Speed File        : -2L  PRODUCTION 1.30 05-01-2022
| Design State      : Routed
| Temperature Grade : E
-----------------------------------------------------------------------------------------------------------------------------------------------------------------------------------------

Timing Summary Report

------------------------------------------------------------------------------------------------
| Timer Settings
| --------------
------------------------------------------------------------------------------------------------

  Enable Multi Corner Analysis               :  Yes
  Enable Pessimism Removal                   :  Yes
  Pessimism Removal Resolution               :  Nearest Common Node
  Enable Input Delay Default Clock           :  No
  Enable Preset / Clear Arcs                 :  No
  Disable Flight Delays                      :  No
  Ignore I/O Paths                           :  No
  Timing Early Launch at Borrowing Latches   :  No
  Borrow Time for Max Delay Exceptions       :  Yes
  Merge Timing Exceptions                    :  Yes
  Inter-SLR Compensation                     :  Conservative

  Corner  Analyze    Analyze    
  Name    Max Paths  Min Paths  
  ------  ---------  ---------  
  Slow    Yes        Yes        
  Fast    Yes        Yes        


------------------------------------------------------------------------------------------------
| Report Methodology
| ------------------
------------------------------------------------------------------------------------------------

No report available as report_methodology has not been run prior. Run report_methodology on the current design for the summary of methodology violations.



check_timing report

Table of Contents
-----------------
1. checking no_clock (0)
2. checking constant_clock (0)
3. checking pulse_width_clock (0)
4. checking unconstrained_internal_endpoints (0)
5. checking no_input_delay (0)
6. checking no_output_delay (0)
7. checking multiple_clock (0)
8. checking generated_clocks (0)
9. checking loops (0)
10. checking partial_input_delay (0)
11. checking partial_output_delay (0)
12. checking latch_loops (0)

1. checking no_clock (0)
------------------------
 There are 0 register/latch pins with no clock.


2. checking constant_clock (0)
------------------------------
 There are 0 register/latch pins with constant_clock.


3. checking pulse_width_clock (0)
---------------------------------
 There are 0 register/latch pins which need pulse_width check


4. checking unconstrained_internal_endpoints (0)
------------------------------------------------
 There are 0 pins that are not constrained for maximum delay.

 There are 0 pins that are not constrained for maximum delay due to constant clock.


5. checking no_input_delay (0)
------------------------------
 There are 0 input ports with no input delay specified.

 There are 0 input ports with no input delay but user has a false path constraint.


6. checking no_output_delay (0)
-------------------------------
 There are 0 ports with no output delay specified.

 There are 0 ports with no output delay but user has a false path constraint

 There are 0 ports with no output delay but with a timing clock defined on it or propagating through it


7. checking multiple_clock (0)
------------------------------
 There are 0 register/latch pins with multiple clocks.


8. checking generated_clocks (0)
--------------------------------
 There are 0 generated clocks that are not connected to a clock source.


9. checking loops (0)
---------------------
 There are 0 combinational loops in the design.


10. checking partial_input_delay (0)
------------------------------------
 There are 0 input ports with partial input delay specified.


11. checking partial_output_delay (0)
-------------------------------------
 There are 0 ports with partial output delay specified.


12. checking latch_loops (0)
----------------------------
 There are 0 combinational latch loops in the design through latch input



------------------------------------------------------------------------------------------------
| Design Timing Summary
| ---------------------
------------------------------------------------------------------------------------------------

    WNS(ns)      TNS(ns)  TNS Failing Endpoints  TNS Total Endpoints      WHS(ns)      THS(ns)  THS Failing Endpoints  THS Total Endpoints     WPWS(ns)     TPWS(ns)  TPWS Failing Endpoints  TPWS Total Endpoints  
    -------      -------  ---------------------  -------------------      -------      -------  ---------------------  -------------------     --------     --------  ----------------------  --------------------  
     -1.867   -41081.309                  54809               228312        0.005        0.000                      0               227899        1.300        0.000                       0                 78817  


Timing constraints are not met.


------------------------------------------------------------------------------------------------
| Clock Summary
| -------------
------------------------------------------------------------------------------------------------

Clock   Waveform(ns)         Period(ns)      Frequency(MHz)
-----   ------------         ----------      --------------
ap_clk  {0.000 2.000}        4.000           250.000         


------------------------------------------------------------------------------------------------
| Intra Clock Table
| -----------------
------------------------------------------------------------------------------------------------

Clock             WNS(ns)      TNS(ns)  TNS Failing Endpoints  TNS Total Endpoints      WHS(ns)      THS(ns)  THS Failing Endpoints  THS Total Endpoints     WPWS(ns)     TPWS(ns)  TPWS Failing Endpoints  TPWS Total Endpoints  
-----             -------      -------  ---------------------  -------------------      -------      -------  ---------------------  -------------------     --------     --------  ----------------------  --------------------  
ap_clk             -1.867   -41081.309                  54809               228312        0.005        0.000                      0               227899        1.300        0.000                       0                 78817  


------------------------------------------------------------------------------------------------
| Inter Clock Table
| -----------------
------------------------------------------------------------------------------------------------

From Clock    To Clock          WNS(ns)      TNS(ns)  TNS Failing Endpoints  TNS Total Endpoints      WHS(ns)      THS(ns)  THS Failing Endpoints  THS Total Endpoints  
----------    --------          -------      -------  ---------------------  -------------------      -------      -------  ---------------------  -------------------  


------------------------------------------------------------------------------------------------
| Other Path Groups Table
| -----------------------
------------------------------------------------------------------------------------------------

Path Group    From Clock    To Clock          WNS(ns)      TNS(ns)  TNS Failing Endpoints  TNS Total Endpoints      WHS(ns)      THS(ns)  THS Failing Endpoints  THS Total Endpoints  
----------    ----------    --------          -------      -------  ---------------------  -------------------      -------      -------  ---------------------  -------------------  


------------------------------------------------------------------------------------------------
| User Ignored Path Table
| -----------------------
------------------------------------------------------------------------------------------------

Path Group    From Clock    To Clock    
----------    ----------    --------    
(none)        ap_clk        ap_clk        


------------------------------------------------------------------------------------------------
| Unconstrained Path Table
| ------------------------
------------------------------------------------------------------------------------------------

Path Group    From Clock    To Clock    
----------    ----------    --------    


------------------------------------------------------------------------------------------------
| Timing Details
| --------------
------------------------------------------------------------------------------------------------


---------------------------------------------------------------------------------------------------
From Clock:  ap_clk
  To Clock:  ap_clk

Setup :        54809  Failing Endpoints,  Worst Slack       -1.867ns,  Total Violation   -41081.308ns
Hold  :            0  Failing Endpoints,  Worst Slack        0.005ns,  Total Violation        0.000ns
PW    :            0  Failing Endpoints,  Worst Slack        1.300ns,  Total Violation        0.000ns
---------------------------------------------------------------------------------------------------


Max Delay Paths
--------------------------------------------------------------------------------------
Slack (VIOLATED) :        -1.867ns  (required time - arrival time)
  Source:                 grp_gdn_rs2_top_impl_fu_702/gdn_rs2_top_impl_unsigned_char_unsigned_short_unsigned_char_unsigned_char_ap_uin_4_U/ram_reg_uram_10/CLK
                            (rising edge-triggered cell URAM288 clocked by ap_clk  {rise@0.000ns fall@2.000ns period=4.000ns})
  Destination:            grp_gdn_rs2_top_impl_fu_702/grp_p_anonymous_namespace_fold_log_fu_11541/word_7_reg_13555_reg[100]/D
                            (rising edge-triggered cell FDRE clocked by ap_clk  {rise@0.000ns fall@2.000ns period=4.000ns})
  Path Group:             ap_clk
  Path Type:              Setup (Max at Slow Process Corner)
  Requirement:            4.000ns  (ap_clk rise@4.000ns - ap_clk rise@0.000ns)
  Data Path Delay:        5.251ns  (logic 1.485ns (28.280%)  route 3.766ns (71.720%))
  Logic Levels:           4  (LUT5=1 LUT6=3)
  Clock Path Skew:        -0.354ns (DCD - SCD + CPR)
    Destination Clock Delay (DCD):    3.448ns = ( 7.448 - 4.000 ) 
    Source Clock Delay      (SCD):    3.986ns
    Clock Pessimism Removal (CPR):    0.184ns
  Clock Uncertainty:      0.035ns  ((TSJ^2 + TIJ^2)^1/2 + DJ) / 2 + PE
    Total System Jitter     (TSJ):    0.071ns
    Total Input Jitter      (TIJ):    0.000ns
    Discrete Jitter          (DJ):    0.000ns
    Phase Error              (PE):    0.000ns
  Inter-SLR Compensation: 0.252ns  ((DCD - CCD) * PF)
    Destination Clock Delay (DCD):    3.448ns
    Common Clock Delay      (CCD):    1.769ns
    Prorating Factor         (PF):    0.150
  Clock Net Delay (Source):      3.915ns (routing 1.882ns, distribution 2.033ns)
  Clock Net Delay (Destination): 3.388ns (routing 1.709ns, distribution 1.679ns)

    Location             Delay type                Incr(ns)  Path(ns)    Netlist Resource(s)
  -------------------------------------------------------------------    -------------------
                         (clock ap_clk rise edge)     0.000     0.000 r  
                                                      0.000     0.000 r  ap_clk (IN)
                         net (fo=0)                   0.043     0.043    ap_clk
    BUFGCE_X0Y0          BUFGCE (Prop_BUFCE_BUFGCE_I_O)
                                                      0.028     0.071 r  ooc_ap_clk_bufg/O
    X3Y6 (CLOCK_ROOT)    net (fo=78884, routed)       3.915     3.986    grp_gdn_rs2_top_impl_fu_702/gdn_rs2_top_impl_unsigned_char_unsigned_short_unsigned_char_unsigned_char_ap_uin_4_U/ooc_ap_clk_global
    SLR Crossing[0->1]   
    URAM288_X4Y92        URAM288                                      r  grp_gdn_rs2_top_impl_fu_702/gdn_rs2_top_impl_unsigned_char_unsigned_short_unsigned_char_unsigned_char_ap_uin_4_U/ram_reg_uram_10/CLK
  -------------------------------------------------------------------    -------------------
    URAM288_X4Y92        URAM288 (Prop_URAM_288K_INST_URAM288_CLK_DOUT_A[28])
                                                      1.226     5.212 r  grp_gdn_rs2_top_impl_fu_702/gdn_rs2_top_impl_unsigned_char_unsigned_short_unsigned_char_unsigned_char_ap_uin_4_U/ram_reg_uram_10/DOUT_A[28]
                         net (fo=1, routed)           2.387     7.599    grp_gdn_rs2_top_impl_fu_702/gdn_rs2_top_impl_unsigned_char_unsigned_short_unsigned_char_unsigned_char_ap_uin_4_U/ram_reg_uram_10_n_393
    SLICE_X116Y471       LUT6 (Prop_E6LUT_SLICEL_I1_O)
                                                      0.035     7.634 r  grp_gdn_rs2_top_impl_fu_702/gdn_rs2_top_impl_unsigned_char_unsigned_short_unsigned_char_unsigned_char_ap_uin_4_U/word_7_reg_13555[100]_i_24/O
                         net (fo=3, routed)           1.141     8.775    grp_gdn_rs2_top_impl_fu_702/gdn_rs2_top_impl_unsigned_char_unsigned_short_unsigned_char_unsigned_char_ap_uin_3_U/gdn_rs2_top_impl_unsigned_char_unsigned_short_unsigned_char_unsigned_char_ap_uin_4_q0[100]
    SLR Crossing[1->2]   
    SLICE_X110Y532       LUT6 (Prop_F6LUT_SLICEL_I5_O)
                                                      0.049     8.824 r  grp_gdn_rs2_top_impl_fu_702/gdn_rs2_top_impl_unsigned_char_unsigned_short_unsigned_char_unsigned_char_ap_uin_3_U/word_7_reg_13555[100]_i_8/O
                         net (fo=1, routed)           0.046     8.870    grp_gdn_rs2_top_impl_fu_702/gdn_rs2_top_impl_unsigned_char_unsigned_short_unsigned_char_unsigned_char_ap_uin_6_U/word_7_reg_13555_reg[100]
    SLICE_X110Y532       LUT6 (Prop_H6LUT_SLICEL_I2_O)
                                                      0.124     8.994 r  grp_gdn_rs2_top_impl_fu_702/gdn_rs2_top_impl_unsigned_char_unsigned_short_unsigned_char_unsigned_char_ap_uin_6_U/word_7_reg_13555[100]_i_3/O
                         net (fo=1, routed)           0.146     9.140    grp_gdn_rs2_top_impl_fu_702/p_ZZN7gdn_rs216gdn_rs2_top_implEhthhPA16_A128_K7ap_uintILi4EEPA16_A4_KS0_ILi8EES5_14_U/word_7_reg_13555_reg[100]
    SLICE_X108Y530       LUT5 (Prop_E6LUT_SLICEL_I4_O)
                                                      0.051     9.191 r  grp_gdn_rs2_top_impl_fu_702/p_ZZN7gdn_rs216gdn_rs2_top_implEhthhPA16_A128_K7ap_uintILi4EEPA16_A4_KS0_ILi8EES5_14_U/word_7_reg_13555[100]_i_1/O
                         net (fo=1, routed)           0.046     9.237    grp_gdn_rs2_top_impl_fu_702/grp_p_anonymous_namespace_fold_log_fu_11541/word_7_reg_13555_reg[127]_0[100]
    SLICE_X108Y530       FDRE                                         r  grp_gdn_rs2_top_impl_fu_702/grp_p_anonymous_namespace_fold_log_fu_11541/word_7_reg_13555_reg[100]/D
  -------------------------------------------------------------------    -------------------

                         (clock ap_clk rise edge)     4.000     4.000 r  
                                                      0.000     4.000 r  ap_clk (IN)
                         net (fo=0)                   0.036     4.036    ap_clk
    BUFGCE_X0Y0          BUFGCE (Prop_BUFCE_BUFGCE_I_O)
                                                      0.024     4.060 r  ooc_ap_clk_bufg/O
    X3Y6 (CLOCK_ROOT)    net (fo=78884, routed)       3.388     7.448    grp_gdn_rs2_top_impl_fu_702/grp_p_anonymous_namespace_fold_log_fu_11541/ooc_ap_clk_global
    SLR Crossing[0->2]   
    SLICE_X108Y530       FDRE                                         r  grp_gdn_rs2_top_impl_fu_702/grp_p_anonymous_namespace_fold_log_fu_11541/word_7_reg_13555_reg[100]/C
                         clock pessimism              0.184     7.632    
                         inter-SLR compensation      -0.252     7.380    
                         clock uncertainty           -0.035     7.345    
    SLICE_X108Y530       FDRE (Setup_EFF_SLICEL_C_D)
                                                      0.025     7.370    grp_gdn_rs2_top_impl_fu_702/grp_p_anonymous_namespace_fold_log_fu_11541/word_7_reg_13555_reg[100]
  -------------------------------------------------------------------
                         required time                          7.370    
                         arrival time                          -9.237    
  -------------------------------------------------------------------
                         slack                                 -1.867    





Min Delay Paths
--------------------------------------------------------------------------------------
Slack (MET) :             0.005ns  (arrival time - required time)
  Source:                 grp_gdn_rs2_top_impl_fu_702/grp_p_anonymous_namespace_fold_log_fu_11541/ap_CS_fsm_reg[14]_replica_1/C
                            (rising edge-triggered cell FDRE clocked by ap_clk  {rise@0.000ns fall@2.000ns period=4.000ns})
  Destination:            grp_gdn_rs2_top_impl_fu_702/grp_p_anonymous_namespace_fold_log_fu_11541/word_7_reg_13555_reg[75]/CE
                            (rising edge-triggered cell FDRE clocked by ap_clk  {rise@0.000ns fall@2.000ns period=4.000ns})
  Path Group:             ap_clk
  Path Type:              Hold (Min at Slow Process Corner)
  Requirement:            0.000ns  (ap_clk rise@0.000ns - ap_clk rise@0.000ns)
  Data Path Delay:        0.711ns  (logic 0.059ns (8.296%)  route 0.652ns (91.704%))
  Logic Levels:           0  
  Clock Path Skew:        0.392ns (DCD - SCD - CPR)
    Destination Clock Delay (DCD):    3.927ns
    Source Clock Delay      (SCD):    3.343ns
    Clock Pessimism Removal (CPR):    0.192ns
  Inter-SLR Compensation: 0.330ns  ((SCD + DPD - CCD) * PF)
    Source Clock Delay      (SCD):    3.343ns
    Data Path Delay         (DPD):    0.711ns
    Common Clock Delay      (CCD):    1.857ns
    Prorating Factor         (PF):    0.150
  Clock Net Delay (Source):      3.283ns (routing 1.709ns, distribution 1.574ns)
  Clock Net Delay (Destination): 3.856ns (routing 1.882ns, distribution 1.974ns)

    Location             Delay type                Incr(ns)  Path(ns)    Netlist Resource(s)
  -------------------------------------------------------------------    -------------------
                         (clock ap_clk rise edge)     0.000     0.000 r  
                                                      0.000     0.000 r  ap_clk (IN)
                         net (fo=0)                   0.036     0.036    ap_clk
    BUFGCE_X0Y0          BUFGCE (Prop_BUFCE_BUFGCE_I_O)
                                                      0.024     0.060 r  ooc_ap_clk_bufg/O
    X3Y6 (CLOCK_ROOT)    net (fo=78884, routed)       3.283     3.343    grp_gdn_rs2_top_impl_fu_702/grp_p_anonymous_namespace_fold_log_fu_11541/ooc_ap_clk_global
    SLR Crossing[0->1]   
    LAGUNA_X17Y329       FDRE                                         r  grp_gdn_rs2_top_impl_fu_702/grp_p_anonymous_namespace_fold_log_fu_11541/ap_CS_fsm_reg[14]_replica_1/C
  -------------------------------------------------------------------    -------------------
    LAGUNA_X17Y329       FDRE (Prop_TX_REG5_LAGUNA_C_Q)
                                                      0.059     3.402 r  grp_gdn_rs2_top_impl_fu_702/grp_p_anonymous_namespace_fold_log_fu_11541/ap_CS_fsm_reg[14]_replica_1/Q
                         net (fo=128, routed)         0.652     4.054    grp_gdn_rs2_top_impl_fu_702/grp_p_anonymous_namespace_fold_log_fu_11541/ap_CS_fsm_state15_repN_1
    SLR Crossing[1->2]   
    SLICE_X121Y542       FDRE                                         r  grp_gdn_rs2_top_impl_fu_702/grp_p_anonymous_namespace_fold_log_fu_11541/word_7_reg_13555_reg[75]/CE
  -------------------------------------------------------------------    -------------------

                         (clock ap_clk rise edge)     0.000     0.000 r  
                                                      0.000     0.000 r  ap_clk (IN)
                         net (fo=0)                   0.043     0.043    ap_clk
    BUFGCE_X0Y0          BUFGCE (Prop_BUFCE_BUFGCE_I_O)
                                                      0.028     0.071 r  ooc_ap_clk_bufg/O
    X3Y6 (CLOCK_ROOT)    net (fo=78884, routed)       3.856     3.927    grp_gdn_rs2_top_impl_fu_702/grp_p_anonymous_namespace_fold_log_fu_11541/ooc_ap_clk_global
    SLR Crossing[0->2]   
    SLICE_X121Y542       FDRE                                         r  grp_gdn_rs2_top_impl_fu_702/grp_p_anonymous_namespace_fold_log_fu_11541/word_7_reg_13555_reg[75]/C
                         clock pessimism             -0.192     3.735    
                         inter-SLR compensation       0.330     4.065    
    SLICE_X121Y542       FDRE (Hold_HFF_SLICEM_C_CE)
                                                     -0.015     4.050    grp_gdn_rs2_top_impl_fu_702/grp_p_anonymous_namespace_fold_log_fu_11541/word_7_reg_13555_reg[75]
  -------------------------------------------------------------------
                         required time                         -4.050    
                         arrival time                           4.054    
  -------------------------------------------------------------------
                         slack                                  0.005    





Pulse Width Checks
--------------------------------------------------------------------------------------
Clock Name:         ap_clk
Waveform(ns):       { 0.000 2.000 }
Period(ns):         4.000
Sources:            { ap_clk }

Check Type        Corner  Lib Pin      Reference Pin  Required(ns)  Actual(ns)  Slack(ns)  Location       Pin
Min Period        n/a     URAM288/CLK  n/a            2.000         4.000       2.000      URAM288_X3Y68  grp_gdn_rs2_top_impl_fu_702/gdn_rs2_top_impl_unsigned_char_unsigned_short_unsigned_char_unsigned_char_ap_uin_10_U/ram_reg_uram_10/CLK
Low Pulse Width   Slow    URAM288/CLK  n/a            0.700         2.000       1.300      URAM288_X3Y68  grp_gdn_rs2_top_impl_fu_702/gdn_rs2_top_impl_unsigned_char_unsigned_short_unsigned_char_unsigned_char_ap_uin_10_U/ram_reg_uram_10/CLK
High Pulse Width  Slow    URAM288/CLK  n/a            0.700         2.000       1.300      URAM288_X3Y68  grp_gdn_rs2_top_impl_fu_702/gdn_rs2_top_impl_unsigned_char_unsigned_short_unsigned_char_unsigned_char_ap_uin_10_U/ram_reg_uram_10/CLK



--------------------------------------------------------------------------------------
Path Group:  (none)
From Clock:  ap_clk
  To Clock:  ap_clk

Max Delay         21262 Endpoints
Min Delay         36202 Endpoints
--------------------------------------------------------------------------------------


Max Delay Paths
--------------------------------------------------------------------------------------
Slack:                    inf
  Source:                 ap_rst_n
                            (input port clocked by ap_clk  {rise@0.000ns fall@2.000ns period=4.000ns})
  Destination:            gmem15_m_axi_U/bus_write/wreq_burst_conv/burst_sequential/first_sect_reg/R
                            (rising edge-triggered cell FDRE clocked by ap_clk  {rise@0.000ns fall@2.000ns period=4.000ns})
  Path Group:             (none)
  Path Type:              Setup (Max at Slow Process Corner)
  Data Path Delay:        4.101ns  (logic 0.035ns (0.854%)  route 4.066ns (99.146%))
  Logic Levels:           1  (LUT1=1)
  Input Delay:            1.000ns
  Clock Path Skew:        3.273ns (DCD - SCD + CPR)
    Destination Clock Delay (DCD):    3.273ns
    Source Clock Delay      (SCD):    0.000ns
    Clock Pessimism Removal (CPR):    0.000ns
  Clock Uncertainty:      0.035ns  ((TSJ^2 + TIJ^2)^1/2 + DJ) / 2 + PE
    Total System Jitter     (TSJ):    0.071ns
    Total Input Jitter      (TIJ):    0.000ns
    Discrete Jitter          (DJ):    0.000ns
    Phase Error              (PE):    0.000ns
  Clock Net Delay (Destination): 3.213ns (routing 1.709ns, distribution 1.504ns)
  Timing Exception:       False Path

    Location             Delay type                Incr(ns)  Path(ns)    Netlist Resource(s)
  -------------------------------------------------------------------    -------------------
                         (clock ap_clk rise edge)     0.000     0.000 r  
                         input delay                  1.000     1.000    
                                                      0.000     1.000 f  ap_rst_n (IN)
                         net (fo=20129, unset)        0.000     1.000    grp_gdn_rs2_top_impl_fu_702/grp_p_anonymous_namespace_fold_log_fu_11541/grp_p_anonymous_namespace_quantize_fold_block_fu_8168/grp_aligned_sum_guarded_2_1_fu_2625/grp_aligned_sum_guarded_2_1_Pipeline_align_terms_fu_144/flow_control_loop_pipe_sequential_init_U/ap_rst_n
    SLICE_X120Y398       LUT1 (Prop_F6LUT_SLICEL_I0_O)
                                                      0.035     1.035 r  grp_gdn_rs2_top_impl_fu_702/grp_p_anonymous_namespace_fold_log_fu_11541/grp_p_anonymous_namespace_quantize_fold_block_fu_8168/grp_aligned_sum_guarded_2_1_fu_2625/grp_aligned_sum_guarded_2_1_Pipeline_align_terms_fu_144/flow_control_loop_pipe_sequential_init_U/could_multi_bursts.burst_valid_i_1__6/O
                         net (fo=20, routed)          4.066     5.101    gmem15_m_axi_U/bus_write/wreq_burst_conv/burst_sequential/lopt
    SLICE_X82Y471        FDRE                                         r  gmem15_m_axi_U/bus_write/wreq_burst_conv/burst_sequential/first_sect_reg/R
  -------------------------------------------------------------------    -------------------

                         (clock ap_clk rise edge)     0.000     0.000 r  
                                                      0.000     0.000 r  ap_clk (IN)
                         net (fo=0)                   0.036     0.036    ap_clk
    BUFGCE_X0Y0          BUFGCE (Prop_BUFCE_BUFGCE_I_O)
                                                      0.024     0.060 r  ooc_ap_clk_bufg/O
    X3Y6 (CLOCK_ROOT)    net (fo=78884, routed)       3.213     3.273    gmem15_m_axi_U/bus_write/wreq_burst_conv/burst_sequential/ooc_ap_clk_global
    SLR Crossing[0->1]   
    SLICE_X82Y471        FDRE                                         r  gmem15_m_axi_U/bus_write/wreq_burst_conv/burst_sequential/first_sect_reg/C





Min Delay Paths
--------------------------------------------------------------------------------------
Slack:                    inf
  Source:                 s_axi_control_WDATA[0]
                            (input port clocked by ap_clk  {rise@0.000ns fall@2.000ns period=4.000ns})
  Destination:            control_s_axi_U/int_ier_reg[0]/D
                            (rising edge-triggered cell FDRE clocked by ap_clk  {rise@0.000ns fall@2.000ns period=4.000ns})
  Path Group:             (none)
  Path Type:              Hold (Min at Fast Process Corner)
  Data Path Delay:        0.007ns  (logic 0.000ns (0.000%)  route 0.007ns (100.001%))
  Logic Levels:           0  
  Input Delay:            1.000ns
  Clock Path Skew:        2.237ns (DCD - SCD - CPR)
    Destination Clock Delay (DCD):    2.237ns
    Source Clock Delay      (SCD):    0.000ns
    Clock Pessimism Removal (CPR):    -0.000ns
  Clock Uncertainty:      0.035ns  ((TSJ^2 + TIJ^2)^1/2 + DJ) / 2 + PE
    Total System Jitter     (TSJ):    0.071ns
    Total Input Jitter      (TIJ):    0.000ns
    Discrete Jitter          (DJ):    0.000ns
    Phase Error              (PE):    0.000ns
  Clock Net Delay (Destination): 2.188ns (routing 1.154ns, distribution 1.034ns)
  Timing Exception:       False Path

    Location             Delay type                Incr(ns)  Path(ns)    Netlist Resource(s)
  -------------------------------------------------------------------    -------------------
                         (clock ap_clk rise edge)     0.000     0.000 r  
                         input delay                  1.000     1.000    
                                                      0.000     1.000 r  s_axi_control_WDATA[0] (IN)
                         net (fo=7, unset)            0.007     1.007    control_s_axi_U/s_axi_control_WDATA[0]
    SLICE_X66Y407        FDRE                                         r  control_s_axi_U/int_ier_reg[0]/D
  -------------------------------------------------------------------    -------------------

                         (clock ap_clk rise edge)     0.000     0.000 r  
                                                      0.000     0.000 r  ap_clk (IN)
                         net (fo=0)                   0.030     0.030    ap_clk
    BUFGCE_X0Y0          BUFGCE (Prop_BUFCE_BUFGCE_I_O)
                                                      0.019     0.049 r  ooc_ap_clk_bufg/O
    X3Y6 (CLOCK_ROOT)    net (fo=78884, routed)       2.188     2.237    control_s_axi_U/ooc_ap_clk_global
    SLR Crossing[0->1]   
    SLICE_X66Y407        FDRE                                         r  control_s_axi_U/int_ier_reg[0]/C





