Copyright 1986-2022 Xilinx, Inc. All Rights Reserved. Copyright 2022-2025 Advanced Micro Devices, Inc. All Rights Reserved.
---------------------------------------------------------------------------------------------------------------------------------------------------------------------------------------
| Tool Version      : Vivado v.2025.2 (win64) Build 6299465 Fri Nov 14 19:35:11 GMT 2025
| Date              : Mon Aug 10 03:38:55 2026
| Host              : Tyler running 64-bit major release  (build 9200)
| Command           : report_timing -delay_type max -max_paths 100 -nworst 1 -path_type summary -file X:/reports/vivado/experiments/rs2_layer_banks_20260810/worst_100_setup_paths.rpt
| Design            : gdn_rs2_top
| Device            : xcu55c-fsvh2892
| Speed File        : -2L  PRODUCTION 1.30 05-01-2022
| Design State      : Routed
| Temperature Grade : E
---------------------------------------------------------------------------------------------------------------------------------------------------------------------------------------

Timing Report

Startpoint                     Endpoint                       Slack(ns)     
----------------------------------------------------------------------------
grp_gdn_rs2_top_impl_fu_702/gdn_rs2_top_impl_unsigned_char_unsigned_short_unsigned_char_unsigned_char_ap_uin_4_U/ram_reg_uram_10/CLK
                               grp_gdn_rs2_top_impl_fu_702/grp_p_anonymous_namespace_fold_log_fu_11541/word_7_reg_13555_reg[100]/D
                                                              -1.867        
grp_gdn_rs2_top_impl_fu_702/ap_predicate_pred3820_state99_reg/C
                               grp_gdn_rs2_top_impl_fu_702/p_ZZN7gdn_rs216gdn_rs2_top_implEhthhPA16_A128_K7ap_uintILi4EEPA16_A4_KS0_ILi8EES5_3_U/ram_reg_uram_9/EN_A
                                                              -1.867        
grp_gdn_rs2_top_impl_fu_702/gdn_rs2_top_impl_unsigned_char_unsigned_short_unsigned_char_unsigned_char_ap_uin_4_U/ram_reg_uram_10/CLK
                               grp_gdn_rs2_top_impl_fu_702/grp_p_anonymous_namespace_fold_log_fu_11541/word_7_reg_13555_reg[102]/D
                                                              -1.866        
grp_gdn_rs2_top_impl_fu_702/ap_predicate_pred3850_state99_reg/C
                               grp_gdn_rs2_top_impl_fu_702/p_ZZN7gdn_rs216gdn_rs2_top_implEhthhPA16_A128_K7ap_uintILi4EEPA16_A4_KS0_ILi8EES5_8_U/ram_reg_uram_8/BWE_B[7]
                                                              -1.866        
grp_gdn_rs2_top_impl_fu_702/gdn_rs2_top_impl_unsigned_char_unsigned_short_unsigned_char_unsigned_char_ap_uin_4_U/ram_reg_uram_9/CLK
                               grp_gdn_rs2_top_impl_fu_702/grp_p_anonymous_namespace_fold_log_fu_11541/word_7_reg_13555_reg[114]/D
                                                              -1.865        
grp_gdn_rs2_top_impl_fu_702/ap_predicate_pred3850_state99_reg/C
                               grp_gdn_rs2_top_impl_fu_702/p_ZZN7gdn_rs216gdn_rs2_top_implEhthhPA16_A128_K7ap_uintILi4EEPA16_A4_KS0_ILi8EES5_8_U/ram_reg_uram_8/BWE_B[5]
                                                              -1.865        
grp_gdn_rs2_top_impl_fu_702/p_ZZN7gdn_rs216gdn_rs2_top_implEhthhPA16_A128_K7ap_uintILi4EEPA16_A4_KS0_ILi8EES5_50_U/ram_reg_uram_9/CLK
                               grp_gdn_rs2_top_impl_fu_702/grp_p_anonymous_namespace_read_snapshot_fu_11827/primary_load_reg_1288_reg[106]/D
                                                              -1.864        
grp_gdn_rs2_top_impl_fu_702/gdn_rs2_top_impl_unsigned_char_unsigned_short_unsigned_char_unsigned_char_ap_uin_4_U/ram_reg_uram_10/CLK
                               grp_gdn_rs2_top_impl_fu_702/grp_p_anonymous_namespace_dot_base_column_fu_11392/grp_p_anonymous_namespace_dot_base_column_Pipeline_dot_base_vector_terms_dot_base_sta_fu_346/word_34_reg_1989_reg[124]/D
                                                              -1.864        
grp_gdn_rs2_top_impl_fu_702/p_ZZN7gdn_rs216gdn_rs2_top_implEhthhPA16_A128_K7ap_uintILi4EEPA16_A4_KS0_ILi8EES5_50_U/ram_reg_uram_11/CLK
                               grp_gdn_rs2_top_impl_fu_702/grp_p_anonymous_namespace_fold_log_fu_11541/word_reg_13545_reg[100]/D
                                                              -1.863        
grp_gdn_rs2_top_impl_fu_702/p_ZZN7gdn_rs216gdn_rs2_top_implEhthhPA16_A128_K7ap_uintILi4EEPA16_A4_KS0_ILi8EES5_19_U/ram_reg_uram_2/CLK
                               grp_gdn_rs2_top_impl_fu_702/grp_p_anonymous_namespace_read_snapshot_fu_11827/residual_load_reg_1293_reg[60]/D
                                                              -1.863        
grp_gdn_rs2_top_impl_fu_702/p_ZZN7gdn_rs216gdn_rs2_top_implEhthhPA16_A128_K7ap_uintILi4EEPA16_A4_KS0_ILi8EES5_19_U/ram_reg_uram_2/CLK
                               grp_gdn_rs2_top_impl_fu_702/grp_p_anonymous_namespace_dot_base_column_fu_11392/grp_p_anonymous_namespace_dot_base_column_Pipeline_dot_base_vector_terms_dot_base_sta_fu_346/word_34_reg_1989_reg[47]/D
                                                              -1.862        
grp_gdn_rs2_top_impl_fu_702/p_ZZN7gdn_rs216gdn_rs2_top_implEhthhPA16_A128_K7ap_uintILi4EEPA16_A4_KS0_ILi8EES5_51_U/ram_reg_uram_4/CLK
                               grp_gdn_rs2_top_impl_fu_702/grp_p_anonymous_namespace_dot_base_column_fu_11392/grp_p_anonymous_namespace_dot_base_column_Pipeline_dot_base_vector_terms_dot_base_sta_fu_346/word_reg_1999_reg[1]/D
                                                              -1.861        
grp_gdn_rs2_top_impl_fu_702/p_ZZN7gdn_rs216gdn_rs2_top_implEhthhPA16_A128_K7ap_uintILi4EEPA16_A4_KS0_ILi8EES5_19_U/ram_reg_uram_2/CLK
                               grp_gdn_rs2_top_impl_fu_702/grp_p_anonymous_namespace_fold_log_fu_11541/word_7_reg_13555_reg[3]/D
                                                              -1.861        
grp_gdn_rs2_top_impl_fu_702/p_ZZN7gdn_rs216gdn_rs2_top_implEhthhPA16_A128_K7ap_uintILi4EEPA16_A4_KS0_ILi8EES5_50_U/ram_reg_uram_9/CLK
                               grp_gdn_rs2_top_impl_fu_702/grp_p_anonymous_namespace_read_snapshot_fu_11827/primary_load_reg_1288_reg[97]/D
                                                              -1.860        
grp_gdn_rs2_top_impl_fu_702/p_ZZN7gdn_rs216gdn_rs2_top_implEhthhPA16_A128_K7ap_uintILi4EEPA16_A4_KS0_ILi8EES5_39_U/ram_reg_uram_11/CLK
                               grp_gdn_rs2_top_impl_fu_702/grp_p_anonymous_namespace_read_snapshot_fu_11827/primary_load_reg_1288_reg[83]/D
                                                              -1.860        
grp_gdn_rs2_top_impl_fu_702/p_ZZN7gdn_rs216gdn_rs2_top_implEhthhPA16_A128_K7ap_uintILi4EEPA16_A4_KS0_ILi8EES5_51_U/ram_reg_uram_2/CLK
                               grp_gdn_rs2_top_impl_fu_702/grp_p_anonymous_namespace_read_snapshot_fu_11827/primary_load_reg_1288_reg[70]/D
                                                              -1.860        
grp_gdn_rs2_top_impl_fu_702/ap_predicate_pred3850_state99_reg/C
                               grp_gdn_rs2_top_impl_fu_702/p_ZZN7gdn_rs216gdn_rs2_top_implEhthhPA16_A128_K7ap_uintILi4EEPA16_A4_KS0_ILi8EES5_8_U/ram_reg_uram_8/BWE_B[6]
                                                              -1.859        
grp_gdn_rs2_top_impl_fu_702/p_ZZN7gdn_rs216gdn_rs2_top_implEhthhPA16_A128_K7ap_uintILi4EEPA16_A4_KS0_ILi8EES5_50_U/ram_reg_uram_8/CLK
                               grp_gdn_rs2_top_impl_fu_702/grp_p_anonymous_namespace_read_snapshot_fu_11827/primary_load_reg_1288_reg[85]/D
                                                              -1.859        
grp_gdn_rs2_top_impl_fu_702/p_ZZN7gdn_rs216gdn_rs2_top_implEhthhPA16_A128_K7ap_uintILi4EEPA16_A4_KS0_ILi8EES5_19_U/ram_reg_uram_2/CLK
                               grp_gdn_rs2_top_impl_fu_702/grp_p_anonymous_namespace_read_snapshot_fu_11827/residual_load_reg_1293_reg[59]/D
                                                              -1.859        
grp_gdn_rs2_top_impl_fu_702/gdn_rs2_top_impl_unsigned_char_unsigned_short_unsigned_char_unsigned_char_ap_uin_4_U/ram_reg_uram_10/CLK
                               grp_gdn_rs2_top_impl_fu_702/grp_p_anonymous_namespace_fold_log_fu_11541/word_7_reg_13555_reg[97]/D
                                                              -1.859        
grp_gdn_rs2_top_impl_fu_702/p_ZZN7gdn_rs216gdn_rs2_top_implEhthhPA16_A128_K7ap_uintILi4EEPA16_A4_KS0_ILi8EES5_50_U/ram_reg_uram_8/CLK
                               grp_gdn_rs2_top_impl_fu_702/grp_p_anonymous_namespace_dot_base_column_fu_11392/grp_p_anonymous_namespace_dot_base_column_Pipeline_dot_base_vector_terms_dot_base_sta_fu_346/word_reg_1999_reg[85]/D
                                                              -1.858        
grp_gdn_rs2_top_impl_fu_702/p_ZZN7gdn_rs216gdn_rs2_top_implEhthhPA16_A128_K7ap_uintILi4EEPA16_A4_KS0_ILi8EES5_51_U/ram_reg_uram_5/CLK
                               grp_gdn_rs2_top_impl_fu_702/grp_p_anonymous_namespace_read_snapshot_fu_11827/primary_load_reg_1288_reg[30]/D
                                                              -1.857        
grp_gdn_rs2_top_impl_fu_702/ap_predicate_pred3934_state255_reg/C
                               grp_gdn_rs2_top_impl_fu_702/p_ZZN7gdn_rs216gdn_rs2_top_implEhthhPA16_A128_K7ap_uintILi4EEPA16_A4_KS0_ILi8EES5_22_U/ram_reg_uram_9/EN_A
                                                              -1.857        
grp_gdn_rs2_top_impl_fu_702/p_ZZN7gdn_rs216gdn_rs2_top_implEhthhPA16_A128_K7ap_uintILi4EEPA16_A4_KS0_ILi8EES5_19_U/ram_reg_uram_3/CLK
                               grp_gdn_rs2_top_impl_fu_702/grp_p_anonymous_namespace_fold_log_fu_11541/word_7_reg_13555_reg[6]/D
                                                              -1.856        
grp_gdn_rs2_top_impl_fu_702/p_ZZN7gdn_rs216gdn_rs2_top_implEhthhPA16_A128_K7ap_uintILi4EEPA16_A4_KS0_ILi8EES5_39_U/ram_reg_uram_11/CLK
                               grp_gdn_rs2_top_impl_fu_702/grp_p_anonymous_namespace_fold_log_fu_11541/word_reg_13545_reg[99]/D
                                                              -1.856        
grp_gdn_rs2_top_impl_fu_702/p_ZZN7gdn_rs216gdn_rs2_top_implEhthhPA16_A128_K7ap_uintILi4EEPA16_A4_KS0_ILi8EES5_39_U/ram_reg_uram_11/CLK
                               grp_gdn_rs2_top_impl_fu_702/grp_p_anonymous_namespace_read_snapshot_fu_11827/primary_load_reg_1288_reg[98]/D
                                                              -1.855        
grp_gdn_rs2_top_impl_fu_702/p_ZZN7gdn_rs216gdn_rs2_top_implEhthhPA16_A128_K7ap_uintILi4EEPA16_A4_KS0_ILi8EES5_19_U/ram_reg_uram_2/CLK
                               grp_gdn_rs2_top_impl_fu_702/grp_p_anonymous_namespace_read_snapshot_fu_11827/residual_load_reg_1293_reg[53]/D
                                                              -1.855        
grp_gdn_rs2_top_impl_fu_702/gdn_rs2_top_impl_unsigned_char_unsigned_short_unsigned_char_unsigned_char_ap_uin_4_U/ram_reg_uram_9/CLK
                               grp_gdn_rs2_top_impl_fu_702/grp_p_anonymous_namespace_fold_log_fu_11541/word_7_reg_13555_reg[87]/D
                                                              -1.855        
grp_gdn_rs2_top_impl_fu_702/p_ZZN7gdn_rs216gdn_rs2_top_implEhthhPA16_A128_K7ap_uintILi4EEPA16_A4_KS0_ILi8EES5_19_U/ram_reg_uram_10/CLK
                               grp_gdn_rs2_top_impl_fu_702/grp_p_anonymous_namespace_dot_base_column_fu_11392/grp_p_anonymous_namespace_dot_base_column_Pipeline_dot_base_vector_terms_dot_base_sta_fu_346/word_34_reg_1989_reg[120]/D
                                                              -1.854        
grp_gdn_rs2_top_impl_fu_702/grp_p_anonymous_namespace_load_snapshot_fu_10798/grp_p_anonymous_namespace_load_snapshot_Pipeline_load_snapshot_lanes_fu_506/residual_word_fu_92_reg[125]/C
                               grp_gdn_rs2_top_impl_fu_702/p_ZZN7gdn_rs216gdn_rs2_top_implEhthhPA16_A128_K7ap_uintILi4EEPA16_A4_KS0_ILi8EES5_9_U/ram_reg_uram_9/DIN_B[53]
                                                              -1.854        
grp_gdn_rs2_top_impl_fu_702/grp_p_anonymous_namespace_fold_log_fu_11541/ap_CS_fsm_reg[38]_replica_1/C
                               grp_gdn_rs2_top_impl_fu_702/p_ZZN7gdn_rs216gdn_rs2_top_implEhthhPA16_A128_K7ap_uintILi4EEPA16_A4_KS0_ILi8EES5_8_U/ram_reg_uram_11/BWE_B[0]
                                                              -1.853        
grp_gdn_rs2_top_impl_fu_702/p_ZZN7gdn_rs216gdn_rs2_top_implEhthhPA16_A128_K7ap_uintILi4EEPA16_A4_KS0_ILi8EES5_12_U/ram_reg_uram_10/CLK
                               grp_gdn_rs2_top_impl_fu_702/grp_p_anonymous_namespace_fold_log_fu_11541/word_7_reg_13555_reg[103]/D
                                                              -1.852        
grp_gdn_rs2_top_impl_fu_702/gdn_rs2_top_impl_unsigned_char_unsigned_short_unsigned_char_unsigned_char_ap_uin_18_U/ram_reg_uram_5/CLK
                               grp_gdn_rs2_top_impl_fu_702/grp_p_anonymous_namespace_read_snapshot_fu_11827/primary_load_reg_1288_reg[51]/D
                                                              -1.852        
grp_gdn_rs2_top_impl_fu_702/gdn_rs2_top_impl_unsigned_char_unsigned_short_unsigned_char_unsigned_char_ap_uin_4_U/ram_reg_uram_9/CLK
                               grp_gdn_rs2_top_impl_fu_702/grp_p_anonymous_namespace_read_snapshot_fu_11827/residual_load_reg_1293_reg[77]/D
                                                              -1.852        
grp_gdn_rs2_top_impl_fu_702/p_ZZN7gdn_rs216gdn_rs2_top_implEhthhPA16_A128_K7ap_uintILi4EEPA16_A4_KS0_ILi8EES5_19_U/ram_reg_uram_2/CLK
                               grp_gdn_rs2_top_impl_fu_702/grp_p_anonymous_namespace_fold_log_fu_11541/word_7_reg_13555_reg[22]/D
                                                              -1.851        
grp_gdn_rs2_top_impl_fu_702/p_ZZN7gdn_rs216gdn_rs2_top_implEhthhPA16_A128_K7ap_uintILi4EEPA16_A4_KS0_ILi8EES5_50_U/ram_reg_uram_9/CLK
                               grp_gdn_rs2_top_impl_fu_702/grp_p_anonymous_namespace_read_snapshot_fu_11827/primary_load_reg_1288_reg[73]/D
                                                              -1.851        
grp_gdn_rs2_top_impl_fu_702/gdn_rs2_top_impl_unsigned_char_unsigned_short_unsigned_char_unsigned_char_ap_uin_4_U/ram_reg_uram_9/CLK
                               grp_gdn_rs2_top_impl_fu_702/grp_p_anonymous_namespace_fold_log_fu_11541/word_7_reg_13555_reg[110]/D
                                                              -1.851        
grp_gdn_rs2_top_impl_fu_702/gdn_rs2_top_impl_unsigned_char_unsigned_short_unsigned_char_unsigned_char_ap_uin_4_U/ram_reg_uram_9/CLK
                               grp_gdn_rs2_top_impl_fu_702/grp_p_anonymous_namespace_read_snapshot_fu_11827/residual_load_reg_1293_reg[109]/D
                                                              -1.850        
grp_gdn_rs2_top_impl_fu_702/zext_ln1072_reg_15683_reg[2]/C
                               grp_gdn_rs2_top_impl_fu_702/resident_updates_U/ram_reg_uram_21/ADDR_A[7]
                                                              -1.850        
grp_gdn_rs2_top_impl_fu_702/p_ZZN7gdn_rs216gdn_rs2_top_implEhthhPA16_A128_K7ap_uintILi4EEPA16_A4_KS0_ILi8EES5_12_U/ram_reg_uram_8/CLK
                               grp_gdn_rs2_top_impl_fu_702/grp_p_anonymous_namespace_read_snapshot_fu_11827/residual_load_reg_1293_reg[100]/D
                                                              -1.849        
grp_gdn_rs2_top_impl_fu_702/ap_predicate_pred3934_state255_reg/C
                               grp_gdn_rs2_top_impl_fu_702/p_ZZN7gdn_rs216gdn_rs2_top_implEhthhPA16_A128_K7ap_uintILi4EEPA16_A4_KS0_ILi8EES5_22_U/ram_reg_uram_9/EN_B
                                                              -1.849        
grp_gdn_rs2_top_impl_fu_702/ap_predicate_pred3850_state99_reg/C
                               grp_gdn_rs2_top_impl_fu_702/p_ZZN7gdn_rs216gdn_rs2_top_implEhthhPA16_A128_K7ap_uintILi4EEPA16_A4_KS0_ILi8EES5_8_U/ram_reg_uram_8/BWE_B[8]
                                                              -1.849        
grp_gdn_rs2_top_impl_fu_702/grp_p_anonymous_namespace_fold_log_fu_11541/ap_CS_fsm_reg[38]_replica_1/C
                               grp_gdn_rs2_top_impl_fu_702/gdn_rs2_top_impl_unsigned_char_unsigned_short_unsigned_char_unsigned_char_ap_uin_6_U/ram_reg_uram_5/BWE_B[8]
                                                              -1.847        
grp_gdn_rs2_top_impl_fu_702/p_ZZN7gdn_rs216gdn_rs2_top_implEhthhPA16_A128_K7ap_uintILi4EEPA16_A4_KS0_ILi8EES5_50_U/ram_reg_uram_9/CLK
                               grp_gdn_rs2_top_impl_fu_702/grp_p_anonymous_namespace_read_snapshot_fu_11827/primary_load_reg_1288_reg[87]/D
                                                              -1.846        
grp_gdn_rs2_top_impl_fu_702/p_ZZN7gdn_rs216gdn_rs2_top_implEhthhPA16_A128_K7ap_uintILi4EEPA16_A4_KS0_ILi8EES5_50_U/ram_reg_uram_8/CLK
                               grp_gdn_rs2_top_impl_fu_702/grp_p_anonymous_namespace_fold_log_fu_11541/word_reg_13545_reg[82]/D
                                                              -1.846        
grp_gdn_rs2_top_impl_fu_702/gdn_rs2_top_impl_unsigned_char_unsigned_short_unsigned_char_unsigned_char_ap_uin_13_U/ram_reg_uram_10/CLK
                               grp_gdn_rs2_top_impl_fu_702/grp_p_anonymous_namespace_fold_log_fu_11541/word_reg_13545_reg[103]/D
                                                              -1.846        
grp_gdn_rs2_top_impl_fu_702/grp_p_anonymous_namespace_load_snapshot_fu_10798/add_ln805_1_reg_1253_reg[9]/C
                               grp_gdn_rs2_top_impl_fu_702/gdn_rs2_top_impl_unsigned_char_unsigned_short_unsigned_char_unsigned_char_ap_uin_12_U/ram_reg_uram_11/ADDR_A[9]
                                                              -1.846        
grp_gdn_rs2_top_impl_fu_702/ap_CS_fsm_reg[98]_replica_1/C
                               grp_gdn_rs2_top_impl_fu_702/p_ZZN7gdn_rs216gdn_rs2_top_implEhthhPA16_A128_K7ap_uintILi4EEPA16_A4_KS0_ILi8EES5_13_U/ram_reg_uram_3/DIN_B[33]
                                                              -1.844        
grp_gdn_rs2_top_impl_fu_702/grp_p_anonymous_namespace_load_snapshot_fu_10798/grp_p_anonymous_namespace_load_snapshot_Pipeline_load_snapshot_lanes_fu_506/residual_word_fu_92_reg[125]/C
                               grp_gdn_rs2_top_impl_fu_702/p_ZZN7gdn_rs216gdn_rs2_top_implEhthhPA16_A128_K7ap_uintILi4EEPA16_A4_KS0_ILi8EES5_9_U/ram_reg_uram_8/DIN_B[53]
                                                              -1.844        
grp_gdn_rs2_top_impl_fu_702/p_ZZN7gdn_rs216gdn_rs2_top_implEhthhPA16_A128_K7ap_uintILi4EEPA16_A4_KS0_ILi8EES5_12_U/ram_reg_uram_9/CLK
                               grp_gdn_rs2_top_impl_fu_702/grp_p_anonymous_namespace_fold_log_fu_11541/word_7_reg_13555_reg[124]/D
                                                              -1.844        
grp_gdn_rs2_top_impl_fu_702/gdn_rs2_top_impl_unsigned_char_unsigned_short_unsigned_char_unsigned_char_ap_uin_4_U/ram_reg_uram_9/CLK
                               grp_gdn_rs2_top_impl_fu_702/grp_p_anonymous_namespace_fold_log_fu_11541/word_7_reg_13555_reg[109]/D
                                                              -1.843        
grp_gdn_rs2_top_impl_fu_702/p_ZZN7gdn_rs216gdn_rs2_top_implEhthhPA16_A128_K7ap_uintILi4EEPA16_A4_KS0_ILi8EES5_51_U/ram_reg_uram_2/CLK
                               grp_gdn_rs2_top_impl_fu_702/grp_p_anonymous_namespace_fold_log_fu_11541/word_reg_13545_reg[47]/D
                                                              -1.842        
grp_gdn_rs2_top_impl_fu_702/ap_predicate_pred3952_state232_reg/C
                               grp_gdn_rs2_top_impl_fu_702/p_ZZN7gdn_rs216gdn_rs2_top_implEhthhPA16_A128_K7ap_uintILi4EEPA16_A4_KS0_ILi8EES5_51_U/ram_reg_uram_2/ADDR_A[3]
                                                              -1.841        
grp_gdn_rs2_top_impl_fu_702/grp_p_anonymous_namespace_fold_log_fu_11541/ap_CS_fsm_reg[38]_replica_1/C
                               grp_gdn_rs2_top_impl_fu_702/gdn_rs2_top_impl_unsigned_char_unsigned_short_unsigned_char_unsigned_char_ap_uin_6_U/ram_reg_uram_2/EN_A
                                                              -1.841        
grp_gdn_rs2_top_impl_fu_702/grp_p_anonymous_namespace_fold_log_fu_11541/add_ln625_1_reg_13349_reg[5]/C
                               grp_gdn_rs2_top_impl_fu_702/gdn_rs2_top_impl_unsigned_char_unsigned_short_unsigned_char_unsigned_char_ap_uin_12_U/ram_reg_uram_11/ADDR_A[5]
                                                              -1.840        
grp_gdn_rs2_top_impl_fu_702/p_ZZN7gdn_rs216gdn_rs2_top_implEhthhPA16_A128_K7ap_uintILi4EEPA16_A4_KS0_ILi8EES5_12_U/ram_reg_uram_2/CLK
                               grp_gdn_rs2_top_impl_fu_702/grp_p_anonymous_namespace_read_snapshot_fu_11827/residual_load_reg_1293_reg[48]/D
                                                              -1.840        
grp_gdn_rs2_top_impl_fu_702/p_ZZN7gdn_rs216gdn_rs2_top_implEhthhPA16_A128_K7ap_uintILi4EEPA16_A4_KS0_ILi8EES5_51_U/ram_reg_uram_5/CLK
                               grp_gdn_rs2_top_impl_fu_702/grp_p_anonymous_namespace_read_snapshot_fu_11827/primary_load_reg_1288_reg[26]/D
                                                              -1.840        
grp_gdn_rs2_top_impl_fu_702/p_ZZN7gdn_rs216gdn_rs2_top_implEhthhPA16_A128_K7ap_uintILi4EEPA16_A4_KS0_ILi8EES5_50_U/ram_reg_uram_8/CLK
                               grp_gdn_rs2_top_impl_fu_702/grp_p_anonymous_namespace_read_snapshot_fu_11827/primary_load_reg_1288_reg[86]/D
                                                              -1.840        
grp_gdn_rs2_top_impl_fu_702/p_ZZN7gdn_rs216gdn_rs2_top_implEhthhPA16_A128_K7ap_uintILi4EEPA16_A4_KS0_ILi8EES5_12_U/ram_reg_uram_4/CLK
                               grp_gdn_rs2_top_impl_fu_702/grp_p_anonymous_namespace_dot_base_column_fu_11392/grp_p_anonymous_namespace_dot_base_column_Pipeline_dot_base_vector_terms_dot_base_sta_fu_346/word_34_reg_1989_reg[53]/D
                                                              -1.839        
grp_gdn_rs2_top_impl_fu_702/p_ZZN7gdn_rs216gdn_rs2_top_implEhthhPA16_A128_K7ap_uintILi4EEPA16_A4_KS0_ILi8EES5_34_U/ram_reg_uram_3/CLK
                               grp_gdn_rs2_top_impl_fu_702/grp_p_anonymous_namespace_read_snapshot_fu_11827/primary_load_reg_1288_reg[34]/D
                                                              -1.838        
grp_gdn_rs2_top_impl_fu_702/ap_predicate_pred3886_state265_reg/C
                               grp_gdn_rs2_top_impl_fu_702/resident_residual_scales_U/ram_reg_4_2/ENARDEN
                                                              -1.838        
grp_gdn_rs2_top_impl_fu_702/gdn_rs2_top_impl_unsigned_char_unsigned_short_unsigned_char_unsigned_char_ap_uin_4_U/ram_reg_uram_9/CLK
                               grp_gdn_rs2_top_impl_fu_702/grp_p_anonymous_namespace_fold_log_fu_11541/word_7_reg_13555_reg[121]/D
                                                              -1.838        
grp_gdn_rs2_top_impl_fu_702/p_ZZN7gdn_rs216gdn_rs2_top_implEhthhPA16_A128_K7ap_uintILi4EEPA16_A4_KS0_ILi8EES5_21_U/ram_reg_uram_8/CLK
                               grp_gdn_rs2_top_impl_fu_702/grp_p_anonymous_namespace_fold_log_fu_11541/word_7_reg_13555_reg[99]/D
                                                              -1.838        
grp_gdn_rs2_top_impl_fu_702/ap_predicate_pred3844_state255_reg/C
                               grp_gdn_rs2_top_impl_fu_702/grp_p_anonymous_namespace_dot_base_column_fu_11392/grp_p_anonymous_namespace_dot_base_column_Pipeline_dot_base_vector_terms_dot_base_sta_fu_346/word_34_reg_1989_reg[54]/D
                                                              -1.837        
grp_gdn_rs2_top_impl_fu_702/p_ZZN7gdn_rs216gdn_rs2_top_implEhthhPA16_A128_K7ap_uintILi4EEPA16_A4_KS0_ILi8EES5_19_U/ram_reg_uram_2/CLK
                               grp_gdn_rs2_top_impl_fu_702/grp_p_anonymous_namespace_dot_base_column_fu_11392/grp_p_anonymous_namespace_dot_base_column_Pipeline_dot_base_vector_terms_dot_base_sta_fu_346/word_34_reg_1989_reg[13]/D
                                                              -1.837        
grp_gdn_rs2_top_impl_fu_702/p_ZZN7gdn_rs216gdn_rs2_top_implEhthhPA16_A128_K7ap_uintILi4EEPA16_A4_KS0_ILi8EES5_51_U/ram_reg_uram_5/CLK
                               grp_gdn_rs2_top_impl_fu_702/grp_p_anonymous_namespace_fold_log_fu_11541/word_reg_13545_reg[20]/D
                                                              -1.836        
grp_gdn_rs2_top_impl_fu_702/zext_ln1072_reg_15683_reg[0]_replica_1/C
                               grp_gdn_rs2_top_impl_fu_702/p_ZZN7gdn_rs216gdn_rs2_top_implEhthhPA16_A128_K7ap_uintILi4EEPA16_A4_KS0_ILi8EES5_15_U/ram_reg_uram_9/EN_A
                                                              -1.836        
grp_gdn_rs2_top_impl_fu_702/grp_p_anonymous_namespace_fold_log_fu_11541/ap_CS_fsm_reg[38]_replica_1/C
                               grp_gdn_rs2_top_impl_fu_702/p_ZZN7gdn_rs216gdn_rs2_top_implEhthhPA16_A128_K7ap_uintILi4EEPA16_A4_KS0_ILi8EES5_8_U/ram_reg_uram_11/BWE_B[3]
                                                              -1.836        
grp_gdn_rs2_top_impl_fu_702/p_ZZN7gdn_rs216gdn_rs2_top_implEhthhPA16_A128_K7ap_uintILi4EEPA16_A4_KS0_ILi8EES5_51_U/ram_reg_uram_3/CLK
                               grp_gdn_rs2_top_impl_fu_702/grp_p_anonymous_namespace_fold_log_fu_11541/word_reg_13545_reg[44]/D
                                                              -1.835        
grp_gdn_rs2_top_impl_fu_702/p_ZZN7gdn_rs216gdn_rs2_top_implEhthhPA16_A128_K7ap_uintILi4EEPA16_A4_KS0_ILi8EES5_51_U/ram_reg_uram_2/CLK
                               grp_gdn_rs2_top_impl_fu_702/grp_p_anonymous_namespace_fold_log_fu_11541/word_reg_13545_reg[36]/D
                                                              -1.834        
grp_gdn_rs2_top_impl_fu_702/zext_ln1072_reg_15683_reg[2]/C
                               grp_gdn_rs2_top_impl_fu_702/resident_updates_U/ram_reg_uram_19/EN_A
                                                              -1.834        
grp_gdn_rs2_top_impl_fu_702/grp_p_anonymous_namespace_fold_log_fu_11541/ap_CS_fsm_reg[38]_replica_1/C
                               grp_gdn_rs2_top_impl_fu_702/p_ZZN7gdn_rs216gdn_rs2_top_implEhthhPA16_A128_K7ap_uintILi4EEPA16_A4_KS0_ILi8EES5_8_U/ram_reg_uram_11/BWE_B[1]
                                                              -1.834        
grp_gdn_rs2_top_impl_fu_702/p_ZZN7gdn_rs216gdn_rs2_top_implEhthhPA16_A128_K7ap_uintILi4EEPA16_A4_KS0_ILi8EES5_19_U/ram_reg_uram_2/CLK
                               grp_gdn_rs2_top_impl_fu_702/grp_p_anonymous_namespace_read_snapshot_fu_11827/residual_load_reg_1293_reg[13]/D
                                                              -1.833        
grp_gdn_rs2_top_impl_fu_702/p_ZZN7gdn_rs216gdn_rs2_top_implEhthhPA16_A128_K7ap_uintILi4EEPA16_A4_KS0_ILi8EES5_12_U/ram_reg_uram_11/CLK
                               grp_gdn_rs2_top_impl_fu_702/grp_p_anonymous_namespace_read_snapshot_fu_11827/residual_load_reg_1293_reg[84]/D
                                                              -1.833        
grp_gdn_rs2_top_impl_fu_702/grp_p_anonymous_namespace_fold_log_fu_11541/ap_CS_fsm_reg[38]_replica_1/C
                               grp_gdn_rs2_top_impl_fu_702/p_ZZN7gdn_rs216gdn_rs2_top_implEhthhPA16_A128_K7ap_uintILi4EEPA16_A4_KS0_ILi8EES5_8_U/ram_reg_uram_11/BWE_B[2]
                                                              -1.833        
grp_gdn_rs2_top_impl_fu_702/grp_p_anonymous_namespace_fold_log_fu_11541/ap_CS_fsm_reg[38]_replica_1/C
                               grp_gdn_rs2_top_impl_fu_702/p_ZZN7gdn_rs216gdn_rs2_top_implEhthhPA16_A128_K7ap_uintILi4EEPA16_A4_KS0_ILi8EES5_8_U/ram_reg_uram_11/BWE_B[5]
                                                              -1.832        
grp_gdn_rs2_top_impl_fu_702/ap_predicate_pred3850_state99_reg/C
                               grp_gdn_rs2_top_impl_fu_702/p_ZZN7gdn_rs216gdn_rs2_top_implEhthhPA16_A128_K7ap_uintILi4EEPA16_A4_KS0_ILi8EES5_8_U/ram_reg_uram_8/BWE_B[4]
                                                              -1.832        
grp_gdn_rs2_top_impl_fu_702/p_ZZN7gdn_rs216gdn_rs2_top_implEhthhPA16_A128_K7ap_uintILi4EEPA16_A4_KS0_ILi8EES5_50_U/ram_reg_uram_8/CLK
                               grp_gdn_rs2_top_impl_fu_702/grp_p_anonymous_namespace_fold_log_fu_11541/word_reg_13545_reg[85]/D
                                                              -1.832        
grp_gdn_rs2_top_impl_fu_702/ap_predicate_pred3804_state265_reg/C
                               grp_gdn_rs2_top_impl_fu_702/p_ZZN7gdn_rs216gdn_rs2_top_implEhthhPA16_A128_K7ap_uintILi4EEPA16_A4_KS0_ILi8EES5_1_U/ram_reg_uram_3/DIN_B[32]
                                                              -1.831        
grp_gdn_rs2_top_impl_fu_702/ap_CS_fsm_reg[290]_rep__3_replica/C
                               grp_gdn_rs2_top_impl_fu_702/resident_updates_U/ram_reg_uram_9/ADDR_A[4]
                                                              -1.831        
grp_gdn_rs2_top_impl_fu_702/p_ZZN7gdn_rs216gdn_rs2_top_implEhthhPA16_A128_K7ap_uintILi4EEPA16_A4_KS0_ILi8EES5_19_U/ram_reg_uram_2/CLK
                               grp_gdn_rs2_top_impl_fu_702/grp_p_anonymous_namespace_dot_base_column_fu_11392/grp_p_anonymous_namespace_dot_base_column_Pipeline_dot_base_vector_terms_dot_base_sta_fu_346/word_34_reg_1989_reg[3]/D
                                                              -1.831        
grp_gdn_rs2_top_impl_fu_702/p_ZZN7gdn_rs216gdn_rs2_top_implEhthhPA16_A128_K7ap_uintILi4EEPA16_A4_KS0_ILi8EES5_19_U/ram_reg_uram_2/CLK
                               grp_gdn_rs2_top_impl_fu_702/grp_p_anonymous_namespace_read_snapshot_fu_11827/residual_load_reg_1293_reg[27]/D
                                                              -1.830        
grp_gdn_rs2_top_impl_fu_702/gdn_rs2_top_impl_unsigned_char_unsigned_short_unsigned_char_unsigned_char_ap_uin_4_U/ram_reg_uram_11/CLK
                               grp_gdn_rs2_top_impl_fu_702/grp_p_anonymous_namespace_fold_log_fu_11541/word_7_reg_13555_reg[104]/D
                                                              -1.830        
grp_gdn_rs2_top_impl_fu_702/p_ZZN7gdn_rs216gdn_rs2_top_implEhthhPA16_A128_K7ap_uintILi4EEPA16_A4_KS0_ILi8EES5_19_U/ram_reg_uram_2/CLK
                               grp_gdn_rs2_top_impl_fu_702/grp_p_anonymous_namespace_read_snapshot_fu_11827/residual_load_reg_1293_reg[3]/D
                                                              -1.830        
grp_gdn_rs2_top_impl_fu_702/p_ZZN7gdn_rs216gdn_rs2_top_implEhthhPA16_A128_K7ap_uintILi4EEPA16_A4_KS0_ILi8EES5_19_U/ram_reg_uram_10/CLK
                               grp_gdn_rs2_top_impl_fu_702/grp_p_anonymous_namespace_dot_base_column_fu_11392/grp_p_anonymous_namespace_dot_base_column_Pipeline_dot_base_vector_terms_dot_base_sta_fu_346/word_34_reg_1989_reg[104]/D
                                                              -1.829        
grp_gdn_rs2_top_impl_fu_702/p_ZZN7gdn_rs216gdn_rs2_top_implEhthhPA16_A128_K7ap_uintILi4EEPA16_A4_KS0_ILi8EES5_51_U/ram_reg_uram_5/CLK
                               grp_gdn_rs2_top_impl_fu_702/grp_p_anonymous_namespace_read_snapshot_fu_11827/primary_load_reg_1288_reg[64]/D
                                                              -1.829        
grp_gdn_rs2_top_impl_fu_702/gdn_rs2_top_impl_unsigned_char_unsigned_short_unsigned_char_unsigned_char_ap_uin_4_U/ram_reg_uram_10/CLK
                               grp_gdn_rs2_top_impl_fu_702/grp_p_anonymous_namespace_dot_base_column_fu_11392/grp_p_anonymous_namespace_dot_base_column_Pipeline_dot_base_vector_terms_dot_base_sta_fu_346/word_34_reg_1989_reg[100]/D
                                                              -1.829        
grp_gdn_rs2_top_impl_fu_702/grp_p_anonymous_namespace_load_snapshot_fu_10798/trunc_ln792_reg_1258_reg[0]/C
                               grp_gdn_rs2_top_impl_fu_702/gdn_rs2_top_impl_unsigned_char_unsigned_short_unsigned_char_unsigned_char_ap_uin_13_U/ram_reg_uram_10/ADDR_A[0]
                                                              -1.828        
grp_gdn_rs2_top_impl_fu_702/grp_p_anonymous_namespace_fold_log_fu_11541/ap_CS_fsm_reg[38]_replica_1/C
                               grp_gdn_rs2_top_impl_fu_702/p_ZZN7gdn_rs216gdn_rs2_top_implEhthhPA16_A128_K7ap_uintILi4EEPA16_A4_KS0_ILi8EES5_8_U/ram_reg_uram_11/BWE_B[4]
                                                              -1.827        
grp_gdn_rs2_top_impl_fu_702/grp_p_anonymous_namespace_fold_log_fu_11541/ap_CS_fsm_reg[38]_replica_1/C
                               grp_gdn_rs2_top_impl_fu_702/p_ZZN7gdn_rs216gdn_rs2_top_implEhthhPA16_A128_K7ap_uintILi4EEPA16_A4_KS0_ILi8EES5_8_U/ram_reg_uram_11/BWE_B[7]
                                                              -1.827        
grp_gdn_rs2_top_impl_fu_702/p_ZZN7gdn_rs216gdn_rs2_top_implEhthhPA16_A128_K7ap_uintILi4EEPA16_A4_KS0_ILi8EES5_19_U/ram_reg_uram_2/CLK
                               grp_gdn_rs2_top_impl_fu_702/grp_p_anonymous_namespace_read_snapshot_fu_11827/residual_load_reg_1293_reg[30]/D
                                                              -1.827        
grp_gdn_rs2_top_impl_fu_702/ap_predicate_pred3910_state265_reg_rep/C
                               grp_gdn_rs2_top_impl_fu_702/grp_p_anonymous_namespace_fold_log_fu_11541/word_reg_13545_reg[79]/D
                                                              -1.827        
grp_gdn_rs2_top_impl_fu_702/p_ZZN7gdn_rs216gdn_rs2_top_implEhthhPA16_A128_K7ap_uintILi4EEPA16_A4_KS0_ILi8EES5_12_U/ram_reg_uram_11/CLK
                               grp_gdn_rs2_top_impl_fu_702/grp_p_anonymous_namespace_read_snapshot_fu_11827/residual_load_reg_1293_reg[78]/D
                                                              -1.826        
grp_gdn_rs2_top_impl_fu_702/p_ZZN7gdn_rs216gdn_rs2_top_implEhthhPA16_A128_K7ap_uintILi4EEPA16_A4_KS0_ILi8EES5_12_U/ram_reg_uram_11/CLK
                               grp_gdn_rs2_top_impl_fu_702/grp_p_anonymous_namespace_read_snapshot_fu_11827/residual_load_reg_1293_reg[87]/D
                                                              -1.826        
grp_gdn_rs2_top_impl_fu_702/p_ZZN7gdn_rs216gdn_rs2_top_implEhthhPA16_A128_K7ap_uintILi4EEPA16_A4_KS0_ILi8EES5_50_U/ram_reg_uram_10/CLK
                               grp_gdn_rs2_top_impl_fu_702/grp_p_anonymous_namespace_fold_log_fu_11541/word_reg_13545_reg[83]/D
                                                              -1.826        
grp_gdn_rs2_top_impl_fu_702/grp_p_anonymous_namespace_load_snapshot_fu_10798/add_ln805_1_reg_1253_reg[4]/C
                               grp_gdn_rs2_top_impl_fu_702/gdn_rs2_top_impl_unsigned_char_unsigned_short_unsigned_char_unsigned_char_ap_uin_12_U/ram_reg_uram_11/ADDR_A[4]
                                                              -1.826        
grp_gdn_rs2_top_impl_fu_702/p_ZZN7gdn_rs216gdn_rs2_top_implEhthhPA16_A128_K7ap_uintILi4EEPA16_A4_KS0_ILi8EES5_49_U/ram_reg_uram_11/CLK
                               grp_gdn_rs2_top_impl_fu_702/grp_p_anonymous_namespace_dot_base_column_fu_11392/grp_p_anonymous_namespace_dot_base_column_Pipeline_dot_base_vector_terms_dot_base_sta_fu_346/word_reg_1999_reg[121]/D
                                                              -1.825        
grp_gdn_rs2_top_impl_fu_702/p_ZZN7gdn_rs216gdn_rs2_top_implEhthhPA16_A128_K7ap_uintILi4EEPA16_A4_KS0_ILi8EES5_12_U/ram_reg_uram_11/CLK
                               grp_gdn_rs2_top_impl_fu_702/grp_p_anonymous_namespace_read_snapshot_fu_11827/residual_load_reg_1293_reg[81]/D
                                                              -1.825        
grp_gdn_rs2_top_impl_fu_702/p_ZZN7gdn_rs216gdn_rs2_top_implEhthhPA16_A128_K7ap_uintILi4EEPA16_A4_KS0_ILi8EES5_19_U/ram_reg_uram_10/CLK
                               grp_gdn_rs2_top_impl_fu_702/grp_p_anonymous_namespace_read_snapshot_fu_11827/residual_load_reg_1293_reg[122]/D
                                                              -1.825        
grp_gdn_rs2_top_impl_fu_702/zext_ln1072_reg_15683_reg[2]/C
                               grp_gdn_rs2_top_impl_fu_702/resident_updates_U/ram_reg_uram_12/BWE_A[7]
                                                              -1.823        



