

================================================================
== Vitis HLS Report for 'gdn_rs2_top'
================================================================
* Date:           Sun Aug  9 20:20:11 2026

* Version:        2025.2 (Build 6295257 on Nov 14 2025)
* Project:        gdn_rs2_fold_control_hls
* Solution:       u55c_250mhz (Vivado IP Flow Target)
* Product family: virtexuplusHBM
* Target device:  xcu55c-fsvh2892-2L-e


================================================================
== Performance Estimates
================================================================
+ Timing: 
    * Summary: 
    +--------+---------+----------+------------+
    |  Clock |  Target | Estimated| Uncertainty|
    +--------+---------+----------+------------+
    |ap_clk  |  4.00 ns|  3.106 ns|     1.08 ns|
    +--------+---------+----------+------------+

+ Latency: 
    * Summary: 
    +---------+-----------+-----------+-----------+------+-----------+---------+
    |   Latency (cycles)  |   Latency (absolute)  |     Interval     | Pipeline|
    |   min   |    max    |    min    |    max    |  min |    max    |   Type  |
    +---------+-----------+-----------+-----------+------+-----------+---------+
    |     4130|  102328030|  16.520 us|  0.409 sec|  4131|  102328031|       no|
    +---------+-----------+-----------+-----------+------+-----------+---------+

    + Detail: 
        * Instance: 
        +-----------------------------+------------------+---------+-----------+-----------+-----------+------+-----------+---------+
        |                             |                  |   Latency (cycles)  |   Latency (absolute)  |     Interval     | Pipeline|
        |           Instance          |      Module      |   min   |    max    |    min    |    max    |  min |    max    |   Type  |
        +-----------------------------+------------------+---------+-----------+-----------+-----------+------+-----------+---------+
        |grp_gdn_rs2_top_impl_fu_562  |gdn_rs2_top_impl  |     4128|  102328028|  16.512 us|  0.409 sec|  4128|  102328028|       no|
        +-----------------------------+------------------+---------+-----------+-----------+-----------+------+-----------+---------+

        * Loop: 
        N/A



================================================================
== Utilization Estimates
================================================================
* Summary: 
+---------------------+---------+------+---------+---------+-----+
|         Name        | BRAM_18K|  DSP |    FF   |   LUT   | URAM|
+---------------------+---------+------+---------+---------+-----+
|DSP                  |        -|     -|        -|        -|    -|
|Expression           |        -|     -|        -|        -|    -|
|FIFO                 |        -|     -|        -|        -|    -|
|Instance             |       74|    26|    72243|   166767|   88|
|Memory               |        -|     -|        -|        -|    -|
|Multiplexer          |        -|     -|        0|      452|    -|
|Register             |        -|     -|     2288|        -|    -|
+---------------------+---------+------+---------+---------+-----+
|Total                |       74|    26|    74531|   167219|   88|
+---------------------+---------+------+---------+---------+-----+
|Available SLR        |     1344|  3008|   869120|   434560|  320|
+---------------------+---------+------+---------+---------+-----+
|Utilization SLR (%)  |        5|    ~0|        8|       38|   27|
+---------------------+---------+------+---------+---------+-----+
|Available            |     4032|  9024|  2607360|  1303680|  960|
+---------------------+---------+------+---------+---------+-----+
|Utilization (%)      |        1|    ~0|        2|       12|    9|
+---------------------+---------+------+---------+---------+-----+

+ Detail: 
    * Instance: 
    +-----------------------------+------------------+---------+----+-------+--------+-----+
    |           Instance          |      Module      | BRAM_18K| DSP|   FF  |   LUT  | URAM|
    +-----------------------------+------------------+---------+----+-------+--------+-----+
    |control_r_s_axi_U            |control_r_s_axi   |        0|   0|   2480|    4520|    0|
    |control_s_axi_U              |control_s_axi     |        0|   0|    100|     120|    0|
    |grp_gdn_rs2_top_impl_fu_562  |gdn_rs2_top_impl  |       62|  26|  57603|  147159|   88|
    |gmem0_m_axi_U                |gmem0_m_axi       |        1|   0|    640|     770|    0|
    |gmem10_m_axi_U               |gmem10_m_axi      |        0|   0|    555|     724|    0|
    |gmem11_m_axi_U               |gmem11_m_axi      |        0|   0|    555|     724|    0|
    |gmem12_m_axi_U               |gmem12_m_axi      |        0|   0|    555|     724|    0|
    |gmem13_m_axi_U               |gmem13_m_axi      |        0|   0|    555|     724|    0|
    |gmem14_m_axi_U               |gmem14_m_axi      |        0|   0|    544|     699|    0|
    |gmem15_m_axi_U               |gmem15_m_axi      |        0|   0|    574|     850|    0|
    |gmem16_m_axi_U               |gmem16_m_axi      |        1|   0|    640|     770|    0|
    |gmem17_m_axi_U               |gmem17_m_axi      |        1|   0|    640|     770|    0|
    |gmem18_m_axi_U               |gmem18_m_axi      |        1|   0|    640|     770|    0|
    |gmem19_m_axi_U               |gmem19_m_axi      |        0|   0|    544|     699|    0|
    |gmem1_m_axi_U                |gmem1_m_axi       |        1|   0|    640|     770|    0|
    |gmem2_m_axi_U                |gmem2_m_axi       |        1|   0|    640|     770|    0|
    |gmem3_m_axi_U                |gmem3_m_axi       |        1|   0|    629|     747|    0|
    |gmem4_m_axi_U                |gmem4_m_axi       |        1|   0|    640|     770|    0|
    |gmem5_m_axi_U                |gmem5_m_axi       |        1|   0|    640|     770|    0|
    |gmem6_m_axi_U                |gmem6_m_axi       |        1|   0|    640|     770|    0|
    |gmem7_m_axi_U                |gmem7_m_axi       |        1|   0|    640|     770|    0|
    |gmem8_m_axi_U                |gmem8_m_axi       |        1|   0|    629|     747|    0|
    |gmem9_m_axi_U                |gmem9_m_axi       |        0|   0|    520|     630|    0|
    +-----------------------------+------------------+---------+----+-------+--------+-----+
    |Total                        |                  |       74|  26|  72243|  166767|   88|
    +-----------------------------+------------------+---------+----+-------+--------+-----+

    * DSP: 
    N/A

    * Memory: 
    N/A

    * FIFO: 
    N/A

    * Expression: 
    N/A

    * Multiplexer: 
    +------------------+----+-----------+-----+-----------+
    |       Name       | LUT| Input Size| Bits| Total Bits|
    +------------------+----+-----------+-----+-----------+
    |ap_NS_fsm         |  20|          4|    1|          4|
    |gmem0_0_ARVALID   |   9|          2|    1|          2|
    |gmem0_0_RREADY    |   9|          2|    1|          2|
    |gmem10_0_AWVALID  |   9|          2|    1|          2|
    |gmem10_0_BREADY   |   9|          2|    1|          2|
    |gmem10_0_WVALID   |   9|          2|    1|          2|
    |gmem11_0_AWVALID  |   9|          2|    1|          2|
    |gmem11_0_BREADY   |   9|          2|    1|          2|
    |gmem11_0_WVALID   |   9|          2|    1|          2|
    |gmem12_0_AWVALID  |   9|          2|    1|          2|
    |gmem12_0_BREADY   |   9|          2|    1|          2|
    |gmem12_0_WVALID   |   9|          2|    1|          2|
    |gmem13_0_AWVALID  |   9|          2|    1|          2|
    |gmem13_0_BREADY   |   9|          2|    1|          2|
    |gmem13_0_WVALID   |   9|          2|    1|          2|
    |gmem14_0_AWVALID  |   9|          2|    1|          2|
    |gmem14_0_BREADY   |   9|          2|    1|          2|
    |gmem14_0_WVALID   |   9|          2|    1|          2|
    |gmem15_0_AWVALID  |   9|          2|    1|          2|
    |gmem15_0_BREADY   |   9|          2|    1|          2|
    |gmem15_0_WVALID   |   9|          2|    1|          2|
    |gmem16_0_ARVALID  |   9|          2|    1|          2|
    |gmem16_0_RREADY   |   9|          2|    1|          2|
    |gmem17_0_ARVALID  |   9|          2|    1|          2|
    |gmem17_0_RREADY   |   9|          2|    1|          2|
    |gmem18_0_ARVALID  |   9|          2|    1|          2|
    |gmem18_0_RREADY   |   9|          2|    1|          2|
    |gmem19_0_AWVALID  |   9|          2|    1|          2|
    |gmem19_0_BREADY   |   9|          2|    1|          2|
    |gmem19_0_WVALID   |   9|          2|    1|          2|
    |gmem1_0_ARVALID   |   9|          2|    1|          2|
    |gmem1_0_RREADY    |   9|          2|    1|          2|
    |gmem2_0_ARVALID   |   9|          2|    1|          2|
    |gmem2_0_RREADY    |   9|          2|    1|          2|
    |gmem3_0_ARVALID   |   9|          2|    1|          2|
    |gmem3_0_RREADY    |   9|          2|    1|          2|
    |gmem4_0_ARVALID   |   9|          2|    1|          2|
    |gmem4_0_RREADY    |   9|          2|    1|          2|
    |gmem5_0_ARVALID   |   9|          2|    1|          2|
    |gmem5_0_RREADY    |   9|          2|    1|          2|
    |gmem6_0_ARVALID   |   9|          2|    1|          2|
    |gmem6_0_RREADY    |   9|          2|    1|          2|
    |gmem7_0_ARVALID   |   9|          2|    1|          2|
    |gmem7_0_RREADY    |   9|          2|    1|          2|
    |gmem8_0_ARVALID   |   9|          2|    1|          2|
    |gmem8_0_RREADY    |   9|          2|    1|          2|
    |gmem9_0_AWVALID   |   9|          2|    1|          2|
    |gmem9_0_BREADY    |   9|          2|    1|          2|
    |gmem9_0_WVALID    |   9|          2|    1|          2|
    +------------------+----+-----------+-----+-----------+
    |Total             | 452|        100|   49|        100|
    +------------------+----+-----------+-----+-----------+

    * Register: 
    +------------------------------------------+----+----+-----+-----------+
    |                   Name                   | FF | LUT| Bits| Const Bits|
    +------------------------------------------+----+----+-----+-----------+
    |alpha_read_reg_827                        |  64|   0|   64|          0|
    |ap_CS_fsm                                 |   3|   0|    3|          0|
    |beta_read_reg_822                         |  64|   0|   64|          0|
    |command_counters_out_read_reg_692         |  64|   0|   64|          0|
    |command_read_reg_877                      |   8|   0|    8|          0|
    |cumulative_counters_out_read_reg_687      |  64|   0|   64|          0|
    |gamma_in_read_reg_777                     |  64|   0|   64|          0|
    |gamma_out_read_reg_717                    |  64|   0|   64|          0|
    |generation_out_read_reg_697               |  64|   0|   64|          0|
    |grp_gdn_rs2_top_impl_fu_562_ap_start_reg  |   1|   0|    1|          0|
    |k_elements_read_reg_847                   |  64|   0|   64|          0|
    |k_scales_read_reg_842                     |  64|   0|   64|          0|
    |lambda_in_read_reg_772                    |  64|   0|   64|          0|
    |lambda_out_read_reg_712                   |  64|   0|   64|          0|
    |layer_id_read_reg_867                     |   8|   0|    8|          0|
    |live_entries_in_read_reg_882              |   4|   0|    4|          0|
    |live_entries_out_read_reg_707             |  64|   0|   64|          0|
    |log_key_scales_in_read_reg_792            |  64|   0|   64|          0|
    |log_key_scales_out_read_reg_732           |  64|   0|   64|          0|
    |log_keys_in_read_reg_797                  |  64|   0|   64|          0|
    |log_keys_out_read_reg_737                 |  64|   0|   64|          0|
    |log_update_scales_in_read_reg_782         |  64|   0|   64|          0|
    |log_update_scales_out_read_reg_722        |  64|   0|   64|          0|
    |log_updates_in_read_reg_787               |  64|   0|   64|          0|
    |log_updates_out_read_reg_727              |  64|   0|   64|          0|
    |output_exponents_read_reg_762             |  64|   0|   64|          0|
    |output_mantissas_read_reg_767             |  64|   0|   64|          0|
    |payload_flags_read_reg_862                |   8|   0|    8|          0|
    |q_elements_read_reg_857                   |  64|   0|   64|          0|
    |q_scales_read_reg_852                     |  64|   0|   64|          0|
    |sequence_id_read_reg_872                  |  16|   0|   16|          0|
    |state_primary_in_read_reg_817             |  64|   0|   64|          0|
    |state_primary_out_read_reg_757            |  64|   0|   64|          0|
    |state_primary_scales_in_read_reg_812      |  64|   0|   64|          0|
    |state_primary_scales_out_read_reg_752     |  64|   0|   64|          0|
    |state_residual_in_read_reg_807            |  64|   0|   64|          0|
    |state_residual_out_read_reg_747           |  64|   0|   64|          0|
    |state_residual_scales_in_read_reg_802     |  64|   0|   64|          0|
    |state_residual_scales_out_read_reg_742    |  64|   0|   64|          0|
    |status_out_read_reg_702                   |  64|   0|   64|          0|
    |v_elements_read_reg_837                   |  64|   0|   64|          0|
    |v_scales_read_reg_832                     |  64|   0|   64|          0|
    +------------------------------------------+----+----+-----+-----------+
    |Total                                     |2288|   0| 2288|          0|
    +------------------------------------------+----+----+-----+-----------+



================================================================
== Interface
================================================================
* Summary: 
+-------------------------+-----+-----+------------+-----------------+--------------+
|        RTL Ports        | Dir | Bits|  Protocol  |  Source Object  |    C Type    |
+-------------------------+-----+-----+------------+-----------------+--------------+
|s_axi_control_AWVALID    |   in|    1|       s_axi|          control|        scalar|
|s_axi_control_AWREADY    |  out|    1|       s_axi|          control|        scalar|
|s_axi_control_AWADDR     |   in|    6|       s_axi|          control|        scalar|
|s_axi_control_WVALID     |   in|    1|       s_axi|          control|        scalar|
|s_axi_control_WREADY     |  out|    1|       s_axi|          control|        scalar|
|s_axi_control_WDATA      |   in|   32|       s_axi|          control|        scalar|
|s_axi_control_WSTRB      |   in|    4|       s_axi|          control|        scalar|
|s_axi_control_ARVALID    |   in|    1|       s_axi|          control|        scalar|
|s_axi_control_ARREADY    |  out|    1|       s_axi|          control|        scalar|
|s_axi_control_ARADDR     |   in|    6|       s_axi|          control|        scalar|
|s_axi_control_RVALID     |  out|    1|       s_axi|          control|        scalar|
|s_axi_control_RREADY     |   in|    1|       s_axi|          control|        scalar|
|s_axi_control_RDATA      |  out|   32|       s_axi|          control|        scalar|
|s_axi_control_RRESP      |  out|    2|       s_axi|          control|        scalar|
|s_axi_control_BVALID     |  out|    1|       s_axi|          control|        scalar|
|s_axi_control_BREADY     |   in|    1|       s_axi|          control|        scalar|
|s_axi_control_BRESP      |  out|    2|       s_axi|          control|        scalar|
|s_axi_control_r_AWVALID  |   in|    1|       s_axi|        control_r|        scalar|
|s_axi_control_r_AWREADY  |  out|    1|       s_axi|        control_r|        scalar|
|s_axi_control_r_AWADDR   |   in|    9|       s_axi|        control_r|        scalar|
|s_axi_control_r_WVALID   |   in|    1|       s_axi|        control_r|        scalar|
|s_axi_control_r_WREADY   |  out|    1|       s_axi|        control_r|        scalar|
|s_axi_control_r_WDATA    |   in|   32|       s_axi|        control_r|        scalar|
|s_axi_control_r_WSTRB    |   in|    4|       s_axi|        control_r|        scalar|
|s_axi_control_r_ARVALID  |   in|    1|       s_axi|        control_r|        scalar|
|s_axi_control_r_ARREADY  |  out|    1|       s_axi|        control_r|        scalar|
|s_axi_control_r_ARADDR   |   in|    9|       s_axi|        control_r|        scalar|
|s_axi_control_r_RVALID   |  out|    1|       s_axi|        control_r|        scalar|
|s_axi_control_r_RREADY   |   in|    1|       s_axi|        control_r|        scalar|
|s_axi_control_r_RDATA    |  out|   32|       s_axi|        control_r|        scalar|
|s_axi_control_r_RRESP    |  out|    2|       s_axi|        control_r|        scalar|
|s_axi_control_r_BVALID   |  out|    1|       s_axi|        control_r|        scalar|
|s_axi_control_r_BREADY   |   in|    1|       s_axi|        control_r|        scalar|
|s_axi_control_r_BRESP    |  out|    2|       s_axi|        control_r|        scalar|
|ap_clk                   |   in|    1|  ap_ctrl_hs|      gdn_rs2_top|  return value|
|ap_rst_n                 |   in|    1|  ap_ctrl_hs|      gdn_rs2_top|  return value|
|interrupt                |  out|    1|  ap_ctrl_hs|      gdn_rs2_top|  return value|
|m_axi_gmem0_AWVALID      |  out|    1|       m_axi|            gmem0|       pointer|
|m_axi_gmem0_AWREADY      |   in|    1|       m_axi|            gmem0|       pointer|
|m_axi_gmem0_AWADDR       |  out|   64|       m_axi|            gmem0|       pointer|
|m_axi_gmem0_AWID         |  out|    1|       m_axi|            gmem0|       pointer|
|m_axi_gmem0_AWLEN        |  out|    8|       m_axi|            gmem0|       pointer|
|m_axi_gmem0_AWSIZE       |  out|    3|       m_axi|            gmem0|       pointer|
|m_axi_gmem0_AWBURST      |  out|    2|       m_axi|            gmem0|       pointer|
|m_axi_gmem0_AWLOCK       |  out|    2|       m_axi|            gmem0|       pointer|
|m_axi_gmem0_AWCACHE      |  out|    4|       m_axi|            gmem0|       pointer|
|m_axi_gmem0_AWPROT       |  out|    3|       m_axi|            gmem0|       pointer|
|m_axi_gmem0_AWQOS        |  out|    4|       m_axi|            gmem0|       pointer|
|m_axi_gmem0_AWREGION     |  out|    4|       m_axi|            gmem0|       pointer|
|m_axi_gmem0_AWUSER       |  out|    1|       m_axi|            gmem0|       pointer|
|m_axi_gmem0_WVALID       |  out|    1|       m_axi|            gmem0|       pointer|
|m_axi_gmem0_WREADY       |   in|    1|       m_axi|            gmem0|       pointer|
|m_axi_gmem0_WDATA        |  out|   32|       m_axi|            gmem0|       pointer|
|m_axi_gmem0_WSTRB        |  out|    4|       m_axi|            gmem0|       pointer|
|m_axi_gmem0_WLAST        |  out|    1|       m_axi|            gmem0|       pointer|
|m_axi_gmem0_WID          |  out|    1|       m_axi|            gmem0|       pointer|
|m_axi_gmem0_WUSER        |  out|    1|       m_axi|            gmem0|       pointer|
|m_axi_gmem0_ARVALID      |  out|    1|       m_axi|            gmem0|       pointer|
|m_axi_gmem0_ARREADY      |   in|    1|       m_axi|            gmem0|       pointer|
|m_axi_gmem0_ARADDR       |  out|   64|       m_axi|            gmem0|       pointer|
|m_axi_gmem0_ARID         |  out|    1|       m_axi|            gmem0|       pointer|
|m_axi_gmem0_ARLEN        |  out|    8|       m_axi|            gmem0|       pointer|
|m_axi_gmem0_ARSIZE       |  out|    3|       m_axi|            gmem0|       pointer|
|m_axi_gmem0_ARBURST      |  out|    2|       m_axi|            gmem0|       pointer|
|m_axi_gmem0_ARLOCK       |  out|    2|       m_axi|            gmem0|       pointer|
|m_axi_gmem0_ARCACHE      |  out|    4|       m_axi|            gmem0|       pointer|
|m_axi_gmem0_ARPROT       |  out|    3|       m_axi|            gmem0|       pointer|
|m_axi_gmem0_ARQOS        |  out|    4|       m_axi|            gmem0|       pointer|
|m_axi_gmem0_ARREGION     |  out|    4|       m_axi|            gmem0|       pointer|
|m_axi_gmem0_ARUSER       |  out|    1|       m_axi|            gmem0|       pointer|
|m_axi_gmem0_RVALID       |   in|    1|       m_axi|            gmem0|       pointer|
|m_axi_gmem0_RREADY       |  out|    1|       m_axi|            gmem0|       pointer|
|m_axi_gmem0_RDATA        |   in|   32|       m_axi|            gmem0|       pointer|
|m_axi_gmem0_RLAST        |   in|    1|       m_axi|            gmem0|       pointer|
|m_axi_gmem0_RID          |   in|    1|       m_axi|            gmem0|       pointer|
|m_axi_gmem0_RUSER        |   in|    1|       m_axi|            gmem0|       pointer|
|m_axi_gmem0_RRESP        |   in|    2|       m_axi|            gmem0|       pointer|
|m_axi_gmem0_BVALID       |   in|    1|       m_axi|            gmem0|       pointer|
|m_axi_gmem0_BREADY       |  out|    1|       m_axi|            gmem0|       pointer|
|m_axi_gmem0_BRESP        |   in|    2|       m_axi|            gmem0|       pointer|
|m_axi_gmem0_BID          |   in|    1|       m_axi|            gmem0|       pointer|
|m_axi_gmem0_BUSER        |   in|    1|       m_axi|            gmem0|       pointer|
|m_axi_gmem16_AWVALID     |  out|    1|       m_axi|           gmem16|       pointer|
|m_axi_gmem16_AWREADY     |   in|    1|       m_axi|           gmem16|       pointer|
|m_axi_gmem16_AWADDR      |  out|   64|       m_axi|           gmem16|       pointer|
|m_axi_gmem16_AWID        |  out|    1|       m_axi|           gmem16|       pointer|
|m_axi_gmem16_AWLEN       |  out|    8|       m_axi|           gmem16|       pointer|
|m_axi_gmem16_AWSIZE      |  out|    3|       m_axi|           gmem16|       pointer|
|m_axi_gmem16_AWBURST     |  out|    2|       m_axi|           gmem16|       pointer|
|m_axi_gmem16_AWLOCK      |  out|    2|       m_axi|           gmem16|       pointer|
|m_axi_gmem16_AWCACHE     |  out|    4|       m_axi|           gmem16|       pointer|
|m_axi_gmem16_AWPROT      |  out|    3|       m_axi|           gmem16|       pointer|
|m_axi_gmem16_AWQOS       |  out|    4|       m_axi|           gmem16|       pointer|
|m_axi_gmem16_AWREGION    |  out|    4|       m_axi|           gmem16|       pointer|
|m_axi_gmem16_AWUSER      |  out|    1|       m_axi|           gmem16|       pointer|
|m_axi_gmem16_WVALID      |  out|    1|       m_axi|           gmem16|       pointer|
|m_axi_gmem16_WREADY      |   in|    1|       m_axi|           gmem16|       pointer|
|m_axi_gmem16_WDATA       |  out|   32|       m_axi|           gmem16|       pointer|
|m_axi_gmem16_WSTRB       |  out|    4|       m_axi|           gmem16|       pointer|
|m_axi_gmem16_WLAST       |  out|    1|       m_axi|           gmem16|       pointer|
|m_axi_gmem16_WID         |  out|    1|       m_axi|           gmem16|       pointer|
|m_axi_gmem16_WUSER       |  out|    1|       m_axi|           gmem16|       pointer|
|m_axi_gmem16_ARVALID     |  out|    1|       m_axi|           gmem16|       pointer|
|m_axi_gmem16_ARREADY     |   in|    1|       m_axi|           gmem16|       pointer|
|m_axi_gmem16_ARADDR      |  out|   64|       m_axi|           gmem16|       pointer|
|m_axi_gmem16_ARID        |  out|    1|       m_axi|           gmem16|       pointer|
|m_axi_gmem16_ARLEN       |  out|    8|       m_axi|           gmem16|       pointer|
|m_axi_gmem16_ARSIZE      |  out|    3|       m_axi|           gmem16|       pointer|
|m_axi_gmem16_ARBURST     |  out|    2|       m_axi|           gmem16|       pointer|
|m_axi_gmem16_ARLOCK      |  out|    2|       m_axi|           gmem16|       pointer|
|m_axi_gmem16_ARCACHE     |  out|    4|       m_axi|           gmem16|       pointer|
|m_axi_gmem16_ARPROT      |  out|    3|       m_axi|           gmem16|       pointer|
|m_axi_gmem16_ARQOS       |  out|    4|       m_axi|           gmem16|       pointer|
|m_axi_gmem16_ARREGION    |  out|    4|       m_axi|           gmem16|       pointer|
|m_axi_gmem16_ARUSER      |  out|    1|       m_axi|           gmem16|       pointer|
|m_axi_gmem16_RVALID      |   in|    1|       m_axi|           gmem16|       pointer|
|m_axi_gmem16_RREADY      |  out|    1|       m_axi|           gmem16|       pointer|
|m_axi_gmem16_RDATA       |   in|   32|       m_axi|           gmem16|       pointer|
|m_axi_gmem16_RLAST       |   in|    1|       m_axi|           gmem16|       pointer|
|m_axi_gmem16_RID         |   in|    1|       m_axi|           gmem16|       pointer|
|m_axi_gmem16_RUSER       |   in|    1|       m_axi|           gmem16|       pointer|
|m_axi_gmem16_RRESP       |   in|    2|       m_axi|           gmem16|       pointer|
|m_axi_gmem16_BVALID      |   in|    1|       m_axi|           gmem16|       pointer|
|m_axi_gmem16_BREADY      |  out|    1|       m_axi|           gmem16|       pointer|
|m_axi_gmem16_BRESP       |   in|    2|       m_axi|           gmem16|       pointer|
|m_axi_gmem16_BID         |   in|    1|       m_axi|           gmem16|       pointer|
|m_axi_gmem16_BUSER       |   in|    1|       m_axi|           gmem16|       pointer|
|m_axi_gmem1_AWVALID      |  out|    1|       m_axi|            gmem1|       pointer|
|m_axi_gmem1_AWREADY      |   in|    1|       m_axi|            gmem1|       pointer|
|m_axi_gmem1_AWADDR       |  out|   64|       m_axi|            gmem1|       pointer|
|m_axi_gmem1_AWID         |  out|    1|       m_axi|            gmem1|       pointer|
|m_axi_gmem1_AWLEN        |  out|    8|       m_axi|            gmem1|       pointer|
|m_axi_gmem1_AWSIZE       |  out|    3|       m_axi|            gmem1|       pointer|
|m_axi_gmem1_AWBURST      |  out|    2|       m_axi|            gmem1|       pointer|
|m_axi_gmem1_AWLOCK       |  out|    2|       m_axi|            gmem1|       pointer|
|m_axi_gmem1_AWCACHE      |  out|    4|       m_axi|            gmem1|       pointer|
|m_axi_gmem1_AWPROT       |  out|    3|       m_axi|            gmem1|       pointer|
|m_axi_gmem1_AWQOS        |  out|    4|       m_axi|            gmem1|       pointer|
|m_axi_gmem1_AWREGION     |  out|    4|       m_axi|            gmem1|       pointer|
|m_axi_gmem1_AWUSER       |  out|    1|       m_axi|            gmem1|       pointer|
|m_axi_gmem1_WVALID       |  out|    1|       m_axi|            gmem1|       pointer|
|m_axi_gmem1_WREADY       |   in|    1|       m_axi|            gmem1|       pointer|
|m_axi_gmem1_WDATA        |  out|   32|       m_axi|            gmem1|       pointer|
|m_axi_gmem1_WSTRB        |  out|    4|       m_axi|            gmem1|       pointer|
|m_axi_gmem1_WLAST        |  out|    1|       m_axi|            gmem1|       pointer|
|m_axi_gmem1_WID          |  out|    1|       m_axi|            gmem1|       pointer|
|m_axi_gmem1_WUSER        |  out|    1|       m_axi|            gmem1|       pointer|
|m_axi_gmem1_ARVALID      |  out|    1|       m_axi|            gmem1|       pointer|
|m_axi_gmem1_ARREADY      |   in|    1|       m_axi|            gmem1|       pointer|
|m_axi_gmem1_ARADDR       |  out|   64|       m_axi|            gmem1|       pointer|
|m_axi_gmem1_ARID         |  out|    1|       m_axi|            gmem1|       pointer|
|m_axi_gmem1_ARLEN        |  out|    8|       m_axi|            gmem1|       pointer|
|m_axi_gmem1_ARSIZE       |  out|    3|       m_axi|            gmem1|       pointer|
|m_axi_gmem1_ARBURST      |  out|    2|       m_axi|            gmem1|       pointer|
|m_axi_gmem1_ARLOCK       |  out|    2|       m_axi|            gmem1|       pointer|
|m_axi_gmem1_ARCACHE      |  out|    4|       m_axi|            gmem1|       pointer|
|m_axi_gmem1_ARPROT       |  out|    3|       m_axi|            gmem1|       pointer|
|m_axi_gmem1_ARQOS        |  out|    4|       m_axi|            gmem1|       pointer|
|m_axi_gmem1_ARREGION     |  out|    4|       m_axi|            gmem1|       pointer|
|m_axi_gmem1_ARUSER       |  out|    1|       m_axi|            gmem1|       pointer|
|m_axi_gmem1_RVALID       |   in|    1|       m_axi|            gmem1|       pointer|
|m_axi_gmem1_RREADY       |  out|    1|       m_axi|            gmem1|       pointer|
|m_axi_gmem1_RDATA        |   in|   32|       m_axi|            gmem1|       pointer|
|m_axi_gmem1_RLAST        |   in|    1|       m_axi|            gmem1|       pointer|
|m_axi_gmem1_RID          |   in|    1|       m_axi|            gmem1|       pointer|
|m_axi_gmem1_RUSER        |   in|    1|       m_axi|            gmem1|       pointer|
|m_axi_gmem1_RRESP        |   in|    2|       m_axi|            gmem1|       pointer|
|m_axi_gmem1_BVALID       |   in|    1|       m_axi|            gmem1|       pointer|
|m_axi_gmem1_BREADY       |  out|    1|       m_axi|            gmem1|       pointer|
|m_axi_gmem1_BRESP        |   in|    2|       m_axi|            gmem1|       pointer|
|m_axi_gmem1_BID          |   in|    1|       m_axi|            gmem1|       pointer|
|m_axi_gmem1_BUSER        |   in|    1|       m_axi|            gmem1|       pointer|
|m_axi_gmem17_AWVALID     |  out|    1|       m_axi|           gmem17|       pointer|
|m_axi_gmem17_AWREADY     |   in|    1|       m_axi|           gmem17|       pointer|
|m_axi_gmem17_AWADDR      |  out|   64|       m_axi|           gmem17|       pointer|
|m_axi_gmem17_AWID        |  out|    1|       m_axi|           gmem17|       pointer|
|m_axi_gmem17_AWLEN       |  out|    8|       m_axi|           gmem17|       pointer|
|m_axi_gmem17_AWSIZE      |  out|    3|       m_axi|           gmem17|       pointer|
|m_axi_gmem17_AWBURST     |  out|    2|       m_axi|           gmem17|       pointer|
|m_axi_gmem17_AWLOCK      |  out|    2|       m_axi|           gmem17|       pointer|
|m_axi_gmem17_AWCACHE     |  out|    4|       m_axi|           gmem17|       pointer|
|m_axi_gmem17_AWPROT      |  out|    3|       m_axi|           gmem17|       pointer|
|m_axi_gmem17_AWQOS       |  out|    4|       m_axi|           gmem17|       pointer|
|m_axi_gmem17_AWREGION    |  out|    4|       m_axi|           gmem17|       pointer|
|m_axi_gmem17_AWUSER      |  out|    1|       m_axi|           gmem17|       pointer|
|m_axi_gmem17_WVALID      |  out|    1|       m_axi|           gmem17|       pointer|
|m_axi_gmem17_WREADY      |   in|    1|       m_axi|           gmem17|       pointer|
|m_axi_gmem17_WDATA       |  out|   32|       m_axi|           gmem17|       pointer|
|m_axi_gmem17_WSTRB       |  out|    4|       m_axi|           gmem17|       pointer|
|m_axi_gmem17_WLAST       |  out|    1|       m_axi|           gmem17|       pointer|
|m_axi_gmem17_WID         |  out|    1|       m_axi|           gmem17|       pointer|
|m_axi_gmem17_WUSER       |  out|    1|       m_axi|           gmem17|       pointer|
|m_axi_gmem17_ARVALID     |  out|    1|       m_axi|           gmem17|       pointer|
|m_axi_gmem17_ARREADY     |   in|    1|       m_axi|           gmem17|       pointer|
|m_axi_gmem17_ARADDR      |  out|   64|       m_axi|           gmem17|       pointer|
|m_axi_gmem17_ARID        |  out|    1|       m_axi|           gmem17|       pointer|
|m_axi_gmem17_ARLEN       |  out|    8|       m_axi|           gmem17|       pointer|
|m_axi_gmem17_ARSIZE      |  out|    3|       m_axi|           gmem17|       pointer|
|m_axi_gmem17_ARBURST     |  out|    2|       m_axi|           gmem17|       pointer|
|m_axi_gmem17_ARLOCK      |  out|    2|       m_axi|           gmem17|       pointer|
|m_axi_gmem17_ARCACHE     |  out|    4|       m_axi|           gmem17|       pointer|
|m_axi_gmem17_ARPROT      |  out|    3|       m_axi|           gmem17|       pointer|
|m_axi_gmem17_ARQOS       |  out|    4|       m_axi|           gmem17|       pointer|
|m_axi_gmem17_ARREGION    |  out|    4|       m_axi|           gmem17|       pointer|
|m_axi_gmem17_ARUSER      |  out|    1|       m_axi|           gmem17|       pointer|
|m_axi_gmem17_RVALID      |   in|    1|       m_axi|           gmem17|       pointer|
|m_axi_gmem17_RREADY      |  out|    1|       m_axi|           gmem17|       pointer|
|m_axi_gmem17_RDATA       |   in|   32|       m_axi|           gmem17|       pointer|
|m_axi_gmem17_RLAST       |   in|    1|       m_axi|           gmem17|       pointer|
|m_axi_gmem17_RID         |   in|    1|       m_axi|           gmem17|       pointer|
|m_axi_gmem17_RUSER       |   in|    1|       m_axi|           gmem17|       pointer|
|m_axi_gmem17_RRESP       |   in|    2|       m_axi|           gmem17|       pointer|
|m_axi_gmem17_BVALID      |   in|    1|       m_axi|           gmem17|       pointer|
|m_axi_gmem17_BREADY      |  out|    1|       m_axi|           gmem17|       pointer|
|m_axi_gmem17_BRESP       |   in|    2|       m_axi|           gmem17|       pointer|
|m_axi_gmem17_BID         |   in|    1|       m_axi|           gmem17|       pointer|
|m_axi_gmem17_BUSER       |   in|    1|       m_axi|           gmem17|       pointer|
|m_axi_gmem2_AWVALID      |  out|    1|       m_axi|            gmem2|       pointer|
|m_axi_gmem2_AWREADY      |   in|    1|       m_axi|            gmem2|       pointer|
|m_axi_gmem2_AWADDR       |  out|   64|       m_axi|            gmem2|       pointer|
|m_axi_gmem2_AWID         |  out|    1|       m_axi|            gmem2|       pointer|
|m_axi_gmem2_AWLEN        |  out|    8|       m_axi|            gmem2|       pointer|
|m_axi_gmem2_AWSIZE       |  out|    3|       m_axi|            gmem2|       pointer|
|m_axi_gmem2_AWBURST      |  out|    2|       m_axi|            gmem2|       pointer|
|m_axi_gmem2_AWLOCK       |  out|    2|       m_axi|            gmem2|       pointer|
|m_axi_gmem2_AWCACHE      |  out|    4|       m_axi|            gmem2|       pointer|
|m_axi_gmem2_AWPROT       |  out|    3|       m_axi|            gmem2|       pointer|
|m_axi_gmem2_AWQOS        |  out|    4|       m_axi|            gmem2|       pointer|
|m_axi_gmem2_AWREGION     |  out|    4|       m_axi|            gmem2|       pointer|
|m_axi_gmem2_AWUSER       |  out|    1|       m_axi|            gmem2|       pointer|
|m_axi_gmem2_WVALID       |  out|    1|       m_axi|            gmem2|       pointer|
|m_axi_gmem2_WREADY       |   in|    1|       m_axi|            gmem2|       pointer|
|m_axi_gmem2_WDATA        |  out|   32|       m_axi|            gmem2|       pointer|
|m_axi_gmem2_WSTRB        |  out|    4|       m_axi|            gmem2|       pointer|
|m_axi_gmem2_WLAST        |  out|    1|       m_axi|            gmem2|       pointer|
|m_axi_gmem2_WID          |  out|    1|       m_axi|            gmem2|       pointer|
|m_axi_gmem2_WUSER        |  out|    1|       m_axi|            gmem2|       pointer|
|m_axi_gmem2_ARVALID      |  out|    1|       m_axi|            gmem2|       pointer|
|m_axi_gmem2_ARREADY      |   in|    1|       m_axi|            gmem2|       pointer|
|m_axi_gmem2_ARADDR       |  out|   64|       m_axi|            gmem2|       pointer|
|m_axi_gmem2_ARID         |  out|    1|       m_axi|            gmem2|       pointer|
|m_axi_gmem2_ARLEN        |  out|    8|       m_axi|            gmem2|       pointer|
|m_axi_gmem2_ARSIZE       |  out|    3|       m_axi|            gmem2|       pointer|
|m_axi_gmem2_ARBURST      |  out|    2|       m_axi|            gmem2|       pointer|
|m_axi_gmem2_ARLOCK       |  out|    2|       m_axi|            gmem2|       pointer|
|m_axi_gmem2_ARCACHE      |  out|    4|       m_axi|            gmem2|       pointer|
|m_axi_gmem2_ARPROT       |  out|    3|       m_axi|            gmem2|       pointer|
|m_axi_gmem2_ARQOS        |  out|    4|       m_axi|            gmem2|       pointer|
|m_axi_gmem2_ARREGION     |  out|    4|       m_axi|            gmem2|       pointer|
|m_axi_gmem2_ARUSER       |  out|    1|       m_axi|            gmem2|       pointer|
|m_axi_gmem2_RVALID       |   in|    1|       m_axi|            gmem2|       pointer|
|m_axi_gmem2_RREADY       |  out|    1|       m_axi|            gmem2|       pointer|
|m_axi_gmem2_RDATA        |   in|   32|       m_axi|            gmem2|       pointer|
|m_axi_gmem2_RLAST        |   in|    1|       m_axi|            gmem2|       pointer|
|m_axi_gmem2_RID          |   in|    1|       m_axi|            gmem2|       pointer|
|m_axi_gmem2_RUSER        |   in|    1|       m_axi|            gmem2|       pointer|
|m_axi_gmem2_RRESP        |   in|    2|       m_axi|            gmem2|       pointer|
|m_axi_gmem2_BVALID       |   in|    1|       m_axi|            gmem2|       pointer|
|m_axi_gmem2_BREADY       |  out|    1|       m_axi|            gmem2|       pointer|
|m_axi_gmem2_BRESP        |   in|    2|       m_axi|            gmem2|       pointer|
|m_axi_gmem2_BID          |   in|    1|       m_axi|            gmem2|       pointer|
|m_axi_gmem2_BUSER        |   in|    1|       m_axi|            gmem2|       pointer|
|m_axi_gmem18_AWVALID     |  out|    1|       m_axi|           gmem18|       pointer|
|m_axi_gmem18_AWREADY     |   in|    1|       m_axi|           gmem18|       pointer|
|m_axi_gmem18_AWADDR      |  out|   64|       m_axi|           gmem18|       pointer|
|m_axi_gmem18_AWID        |  out|    1|       m_axi|           gmem18|       pointer|
|m_axi_gmem18_AWLEN       |  out|    8|       m_axi|           gmem18|       pointer|
|m_axi_gmem18_AWSIZE      |  out|    3|       m_axi|           gmem18|       pointer|
|m_axi_gmem18_AWBURST     |  out|    2|       m_axi|           gmem18|       pointer|
|m_axi_gmem18_AWLOCK      |  out|    2|       m_axi|           gmem18|       pointer|
|m_axi_gmem18_AWCACHE     |  out|    4|       m_axi|           gmem18|       pointer|
|m_axi_gmem18_AWPROT      |  out|    3|       m_axi|           gmem18|       pointer|
|m_axi_gmem18_AWQOS       |  out|    4|       m_axi|           gmem18|       pointer|
|m_axi_gmem18_AWREGION    |  out|    4|       m_axi|           gmem18|       pointer|
|m_axi_gmem18_AWUSER      |  out|    1|       m_axi|           gmem18|       pointer|
|m_axi_gmem18_WVALID      |  out|    1|       m_axi|           gmem18|       pointer|
|m_axi_gmem18_WREADY      |   in|    1|       m_axi|           gmem18|       pointer|
|m_axi_gmem18_WDATA       |  out|   32|       m_axi|           gmem18|       pointer|
|m_axi_gmem18_WSTRB       |  out|    4|       m_axi|           gmem18|       pointer|
|m_axi_gmem18_WLAST       |  out|    1|       m_axi|           gmem18|       pointer|
|m_axi_gmem18_WID         |  out|    1|       m_axi|           gmem18|       pointer|
|m_axi_gmem18_WUSER       |  out|    1|       m_axi|           gmem18|       pointer|
|m_axi_gmem18_ARVALID     |  out|    1|       m_axi|           gmem18|       pointer|
|m_axi_gmem18_ARREADY     |   in|    1|       m_axi|           gmem18|       pointer|
|m_axi_gmem18_ARADDR      |  out|   64|       m_axi|           gmem18|       pointer|
|m_axi_gmem18_ARID        |  out|    1|       m_axi|           gmem18|       pointer|
|m_axi_gmem18_ARLEN       |  out|    8|       m_axi|           gmem18|       pointer|
|m_axi_gmem18_ARSIZE      |  out|    3|       m_axi|           gmem18|       pointer|
|m_axi_gmem18_ARBURST     |  out|    2|       m_axi|           gmem18|       pointer|
|m_axi_gmem18_ARLOCK      |  out|    2|       m_axi|           gmem18|       pointer|
|m_axi_gmem18_ARCACHE     |  out|    4|       m_axi|           gmem18|       pointer|
|m_axi_gmem18_ARPROT      |  out|    3|       m_axi|           gmem18|       pointer|
|m_axi_gmem18_ARQOS       |  out|    4|       m_axi|           gmem18|       pointer|
|m_axi_gmem18_ARREGION    |  out|    4|       m_axi|           gmem18|       pointer|
|m_axi_gmem18_ARUSER      |  out|    1|       m_axi|           gmem18|       pointer|
|m_axi_gmem18_RVALID      |   in|    1|       m_axi|           gmem18|       pointer|
|m_axi_gmem18_RREADY      |  out|    1|       m_axi|           gmem18|       pointer|
|m_axi_gmem18_RDATA       |   in|   32|       m_axi|           gmem18|       pointer|
|m_axi_gmem18_RLAST       |   in|    1|       m_axi|           gmem18|       pointer|
|m_axi_gmem18_RID         |   in|    1|       m_axi|           gmem18|       pointer|
|m_axi_gmem18_RUSER       |   in|    1|       m_axi|           gmem18|       pointer|
|m_axi_gmem18_RRESP       |   in|    2|       m_axi|           gmem18|       pointer|
|m_axi_gmem18_BVALID      |   in|    1|       m_axi|           gmem18|       pointer|
|m_axi_gmem18_BREADY      |  out|    1|       m_axi|           gmem18|       pointer|
|m_axi_gmem18_BRESP       |   in|    2|       m_axi|           gmem18|       pointer|
|m_axi_gmem18_BID         |   in|    1|       m_axi|           gmem18|       pointer|
|m_axi_gmem18_BUSER       |   in|    1|       m_axi|           gmem18|       pointer|
|m_axi_gmem3_AWVALID      |  out|    1|       m_axi|            gmem3|       pointer|
|m_axi_gmem3_AWREADY      |   in|    1|       m_axi|            gmem3|       pointer|
|m_axi_gmem3_AWADDR       |  out|   64|       m_axi|            gmem3|       pointer|
|m_axi_gmem3_AWID         |  out|    1|       m_axi|            gmem3|       pointer|
|m_axi_gmem3_AWLEN        |  out|    8|       m_axi|            gmem3|       pointer|
|m_axi_gmem3_AWSIZE       |  out|    3|       m_axi|            gmem3|       pointer|
|m_axi_gmem3_AWBURST      |  out|    2|       m_axi|            gmem3|       pointer|
|m_axi_gmem3_AWLOCK       |  out|    2|       m_axi|            gmem3|       pointer|
|m_axi_gmem3_AWCACHE      |  out|    4|       m_axi|            gmem3|       pointer|
|m_axi_gmem3_AWPROT       |  out|    3|       m_axi|            gmem3|       pointer|
|m_axi_gmem3_AWQOS        |  out|    4|       m_axi|            gmem3|       pointer|
|m_axi_gmem3_AWREGION     |  out|    4|       m_axi|            gmem3|       pointer|
|m_axi_gmem3_AWUSER       |  out|    1|       m_axi|            gmem3|       pointer|
|m_axi_gmem3_WVALID       |  out|    1|       m_axi|            gmem3|       pointer|
|m_axi_gmem3_WREADY       |   in|    1|       m_axi|            gmem3|       pointer|
|m_axi_gmem3_WDATA        |  out|   32|       m_axi|            gmem3|       pointer|
|m_axi_gmem3_WSTRB        |  out|    4|       m_axi|            gmem3|       pointer|
|m_axi_gmem3_WLAST        |  out|    1|       m_axi|            gmem3|       pointer|
|m_axi_gmem3_WID          |  out|    1|       m_axi|            gmem3|       pointer|
|m_axi_gmem3_WUSER        |  out|    1|       m_axi|            gmem3|       pointer|
|m_axi_gmem3_ARVALID      |  out|    1|       m_axi|            gmem3|       pointer|
|m_axi_gmem3_ARREADY      |   in|    1|       m_axi|            gmem3|       pointer|
|m_axi_gmem3_ARADDR       |  out|   64|       m_axi|            gmem3|       pointer|
|m_axi_gmem3_ARID         |  out|    1|       m_axi|            gmem3|       pointer|
|m_axi_gmem3_ARLEN        |  out|    8|       m_axi|            gmem3|       pointer|
|m_axi_gmem3_ARSIZE       |  out|    3|       m_axi|            gmem3|       pointer|
|m_axi_gmem3_ARBURST      |  out|    2|       m_axi|            gmem3|       pointer|
|m_axi_gmem3_ARLOCK       |  out|    2|       m_axi|            gmem3|       pointer|
|m_axi_gmem3_ARCACHE      |  out|    4|       m_axi|            gmem3|       pointer|
|m_axi_gmem3_ARPROT       |  out|    3|       m_axi|            gmem3|       pointer|
|m_axi_gmem3_ARQOS        |  out|    4|       m_axi|            gmem3|       pointer|
|m_axi_gmem3_ARREGION     |  out|    4|       m_axi|            gmem3|       pointer|
|m_axi_gmem3_ARUSER       |  out|    1|       m_axi|            gmem3|       pointer|
|m_axi_gmem3_RVALID       |   in|    1|       m_axi|            gmem3|       pointer|
|m_axi_gmem3_RREADY       |  out|    1|       m_axi|            gmem3|       pointer|
|m_axi_gmem3_RDATA        |   in|   32|       m_axi|            gmem3|       pointer|
|m_axi_gmem3_RLAST        |   in|    1|       m_axi|            gmem3|       pointer|
|m_axi_gmem3_RID          |   in|    1|       m_axi|            gmem3|       pointer|
|m_axi_gmem3_RUSER        |   in|    1|       m_axi|            gmem3|       pointer|
|m_axi_gmem3_RRESP        |   in|    2|       m_axi|            gmem3|       pointer|
|m_axi_gmem3_BVALID       |   in|    1|       m_axi|            gmem3|       pointer|
|m_axi_gmem3_BREADY       |  out|    1|       m_axi|            gmem3|       pointer|
|m_axi_gmem3_BRESP        |   in|    2|       m_axi|            gmem3|       pointer|
|m_axi_gmem3_BID          |   in|    1|       m_axi|            gmem3|       pointer|
|m_axi_gmem3_BUSER        |   in|    1|       m_axi|            gmem3|       pointer|
|m_axi_gmem4_AWVALID      |  out|    1|       m_axi|            gmem4|       pointer|
|m_axi_gmem4_AWREADY      |   in|    1|       m_axi|            gmem4|       pointer|
|m_axi_gmem4_AWADDR       |  out|   64|       m_axi|            gmem4|       pointer|
|m_axi_gmem4_AWID         |  out|    1|       m_axi|            gmem4|       pointer|
|m_axi_gmem4_AWLEN        |  out|    8|       m_axi|            gmem4|       pointer|
|m_axi_gmem4_AWSIZE       |  out|    3|       m_axi|            gmem4|       pointer|
|m_axi_gmem4_AWBURST      |  out|    2|       m_axi|            gmem4|       pointer|
|m_axi_gmem4_AWLOCK       |  out|    2|       m_axi|            gmem4|       pointer|
|m_axi_gmem4_AWCACHE      |  out|    4|       m_axi|            gmem4|       pointer|
|m_axi_gmem4_AWPROT       |  out|    3|       m_axi|            gmem4|       pointer|
|m_axi_gmem4_AWQOS        |  out|    4|       m_axi|            gmem4|       pointer|
|m_axi_gmem4_AWREGION     |  out|    4|       m_axi|            gmem4|       pointer|
|m_axi_gmem4_AWUSER       |  out|    1|       m_axi|            gmem4|       pointer|
|m_axi_gmem4_WVALID       |  out|    1|       m_axi|            gmem4|       pointer|
|m_axi_gmem4_WREADY       |   in|    1|       m_axi|            gmem4|       pointer|
|m_axi_gmem4_WDATA        |  out|   32|       m_axi|            gmem4|       pointer|
|m_axi_gmem4_WSTRB        |  out|    4|       m_axi|            gmem4|       pointer|
|m_axi_gmem4_WLAST        |  out|    1|       m_axi|            gmem4|       pointer|
|m_axi_gmem4_WID          |  out|    1|       m_axi|            gmem4|       pointer|
|m_axi_gmem4_WUSER        |  out|    1|       m_axi|            gmem4|       pointer|
|m_axi_gmem4_ARVALID      |  out|    1|       m_axi|            gmem4|       pointer|
|m_axi_gmem4_ARREADY      |   in|    1|       m_axi|            gmem4|       pointer|
|m_axi_gmem4_ARADDR       |  out|   64|       m_axi|            gmem4|       pointer|
|m_axi_gmem4_ARID         |  out|    1|       m_axi|            gmem4|       pointer|
|m_axi_gmem4_ARLEN        |  out|    8|       m_axi|            gmem4|       pointer|
|m_axi_gmem4_ARSIZE       |  out|    3|       m_axi|            gmem4|       pointer|
|m_axi_gmem4_ARBURST      |  out|    2|       m_axi|            gmem4|       pointer|
|m_axi_gmem4_ARLOCK       |  out|    2|       m_axi|            gmem4|       pointer|
|m_axi_gmem4_ARCACHE      |  out|    4|       m_axi|            gmem4|       pointer|
|m_axi_gmem4_ARPROT       |  out|    3|       m_axi|            gmem4|       pointer|
|m_axi_gmem4_ARQOS        |  out|    4|       m_axi|            gmem4|       pointer|
|m_axi_gmem4_ARREGION     |  out|    4|       m_axi|            gmem4|       pointer|
|m_axi_gmem4_ARUSER       |  out|    1|       m_axi|            gmem4|       pointer|
|m_axi_gmem4_RVALID       |   in|    1|       m_axi|            gmem4|       pointer|
|m_axi_gmem4_RREADY       |  out|    1|       m_axi|            gmem4|       pointer|
|m_axi_gmem4_RDATA        |   in|   32|       m_axi|            gmem4|       pointer|
|m_axi_gmem4_RLAST        |   in|    1|       m_axi|            gmem4|       pointer|
|m_axi_gmem4_RID          |   in|    1|       m_axi|            gmem4|       pointer|
|m_axi_gmem4_RUSER        |   in|    1|       m_axi|            gmem4|       pointer|
|m_axi_gmem4_RRESP        |   in|    2|       m_axi|            gmem4|       pointer|
|m_axi_gmem4_BVALID       |   in|    1|       m_axi|            gmem4|       pointer|
|m_axi_gmem4_BREADY       |  out|    1|       m_axi|            gmem4|       pointer|
|m_axi_gmem4_BRESP        |   in|    2|       m_axi|            gmem4|       pointer|
|m_axi_gmem4_BID          |   in|    1|       m_axi|            gmem4|       pointer|
|m_axi_gmem4_BUSER        |   in|    1|       m_axi|            gmem4|       pointer|
|m_axi_gmem5_AWVALID      |  out|    1|       m_axi|            gmem5|       pointer|
|m_axi_gmem5_AWREADY      |   in|    1|       m_axi|            gmem5|       pointer|
|m_axi_gmem5_AWADDR       |  out|   64|       m_axi|            gmem5|       pointer|
|m_axi_gmem5_AWID         |  out|    1|       m_axi|            gmem5|       pointer|
|m_axi_gmem5_AWLEN        |  out|    8|       m_axi|            gmem5|       pointer|
|m_axi_gmem5_AWSIZE       |  out|    3|       m_axi|            gmem5|       pointer|
|m_axi_gmem5_AWBURST      |  out|    2|       m_axi|            gmem5|       pointer|
|m_axi_gmem5_AWLOCK       |  out|    2|       m_axi|            gmem5|       pointer|
|m_axi_gmem5_AWCACHE      |  out|    4|       m_axi|            gmem5|       pointer|
|m_axi_gmem5_AWPROT       |  out|    3|       m_axi|            gmem5|       pointer|
|m_axi_gmem5_AWQOS        |  out|    4|       m_axi|            gmem5|       pointer|
|m_axi_gmem5_AWREGION     |  out|    4|       m_axi|            gmem5|       pointer|
|m_axi_gmem5_AWUSER       |  out|    1|       m_axi|            gmem5|       pointer|
|m_axi_gmem5_WVALID       |  out|    1|       m_axi|            gmem5|       pointer|
|m_axi_gmem5_WREADY       |   in|    1|       m_axi|            gmem5|       pointer|
|m_axi_gmem5_WDATA        |  out|   32|       m_axi|            gmem5|       pointer|
|m_axi_gmem5_WSTRB        |  out|    4|       m_axi|            gmem5|       pointer|
|m_axi_gmem5_WLAST        |  out|    1|       m_axi|            gmem5|       pointer|
|m_axi_gmem5_WID          |  out|    1|       m_axi|            gmem5|       pointer|
|m_axi_gmem5_WUSER        |  out|    1|       m_axi|            gmem5|       pointer|
|m_axi_gmem5_ARVALID      |  out|    1|       m_axi|            gmem5|       pointer|
|m_axi_gmem5_ARREADY      |   in|    1|       m_axi|            gmem5|       pointer|
|m_axi_gmem5_ARADDR       |  out|   64|       m_axi|            gmem5|       pointer|
|m_axi_gmem5_ARID         |  out|    1|       m_axi|            gmem5|       pointer|
|m_axi_gmem5_ARLEN        |  out|    8|       m_axi|            gmem5|       pointer|
|m_axi_gmem5_ARSIZE       |  out|    3|       m_axi|            gmem5|       pointer|
|m_axi_gmem5_ARBURST      |  out|    2|       m_axi|            gmem5|       pointer|
|m_axi_gmem5_ARLOCK       |  out|    2|       m_axi|            gmem5|       pointer|
|m_axi_gmem5_ARCACHE      |  out|    4|       m_axi|            gmem5|       pointer|
|m_axi_gmem5_ARPROT       |  out|    3|       m_axi|            gmem5|       pointer|
|m_axi_gmem5_ARQOS        |  out|    4|       m_axi|            gmem5|       pointer|
|m_axi_gmem5_ARREGION     |  out|    4|       m_axi|            gmem5|       pointer|
|m_axi_gmem5_ARUSER       |  out|    1|       m_axi|            gmem5|       pointer|
|m_axi_gmem5_RVALID       |   in|    1|       m_axi|            gmem5|       pointer|
|m_axi_gmem5_RREADY       |  out|    1|       m_axi|            gmem5|       pointer|
|m_axi_gmem5_RDATA        |   in|   32|       m_axi|            gmem5|       pointer|
|m_axi_gmem5_RLAST        |   in|    1|       m_axi|            gmem5|       pointer|
|m_axi_gmem5_RID          |   in|    1|       m_axi|            gmem5|       pointer|
|m_axi_gmem5_RUSER        |   in|    1|       m_axi|            gmem5|       pointer|
|m_axi_gmem5_RRESP        |   in|    2|       m_axi|            gmem5|       pointer|
|m_axi_gmem5_BVALID       |   in|    1|       m_axi|            gmem5|       pointer|
|m_axi_gmem5_BREADY       |  out|    1|       m_axi|            gmem5|       pointer|
|m_axi_gmem5_BRESP        |   in|    2|       m_axi|            gmem5|       pointer|
|m_axi_gmem5_BID          |   in|    1|       m_axi|            gmem5|       pointer|
|m_axi_gmem5_BUSER        |   in|    1|       m_axi|            gmem5|       pointer|
|m_axi_gmem6_AWVALID      |  out|    1|       m_axi|            gmem6|       pointer|
|m_axi_gmem6_AWREADY      |   in|    1|       m_axi|            gmem6|       pointer|
|m_axi_gmem6_AWADDR       |  out|   64|       m_axi|            gmem6|       pointer|
|m_axi_gmem6_AWID         |  out|    1|       m_axi|            gmem6|       pointer|
|m_axi_gmem6_AWLEN        |  out|    8|       m_axi|            gmem6|       pointer|
|m_axi_gmem6_AWSIZE       |  out|    3|       m_axi|            gmem6|       pointer|
|m_axi_gmem6_AWBURST      |  out|    2|       m_axi|            gmem6|       pointer|
|m_axi_gmem6_AWLOCK       |  out|    2|       m_axi|            gmem6|       pointer|
|m_axi_gmem6_AWCACHE      |  out|    4|       m_axi|            gmem6|       pointer|
|m_axi_gmem6_AWPROT       |  out|    3|       m_axi|            gmem6|       pointer|
|m_axi_gmem6_AWQOS        |  out|    4|       m_axi|            gmem6|       pointer|
|m_axi_gmem6_AWREGION     |  out|    4|       m_axi|            gmem6|       pointer|
|m_axi_gmem6_AWUSER       |  out|    1|       m_axi|            gmem6|       pointer|
|m_axi_gmem6_WVALID       |  out|    1|       m_axi|            gmem6|       pointer|
|m_axi_gmem6_WREADY       |   in|    1|       m_axi|            gmem6|       pointer|
|m_axi_gmem6_WDATA        |  out|   32|       m_axi|            gmem6|       pointer|
|m_axi_gmem6_WSTRB        |  out|    4|       m_axi|            gmem6|       pointer|
|m_axi_gmem6_WLAST        |  out|    1|       m_axi|            gmem6|       pointer|
|m_axi_gmem6_WID          |  out|    1|       m_axi|            gmem6|       pointer|
|m_axi_gmem6_WUSER        |  out|    1|       m_axi|            gmem6|       pointer|
|m_axi_gmem6_ARVALID      |  out|    1|       m_axi|            gmem6|       pointer|
|m_axi_gmem6_ARREADY      |   in|    1|       m_axi|            gmem6|       pointer|
|m_axi_gmem6_ARADDR       |  out|   64|       m_axi|            gmem6|       pointer|
|m_axi_gmem6_ARID         |  out|    1|       m_axi|            gmem6|       pointer|
|m_axi_gmem6_ARLEN        |  out|    8|       m_axi|            gmem6|       pointer|
|m_axi_gmem6_ARSIZE       |  out|    3|       m_axi|            gmem6|       pointer|
|m_axi_gmem6_ARBURST      |  out|    2|       m_axi|            gmem6|       pointer|
|m_axi_gmem6_ARLOCK       |  out|    2|       m_axi|            gmem6|       pointer|
|m_axi_gmem6_ARCACHE      |  out|    4|       m_axi|            gmem6|       pointer|
|m_axi_gmem6_ARPROT       |  out|    3|       m_axi|            gmem6|       pointer|
|m_axi_gmem6_ARQOS        |  out|    4|       m_axi|            gmem6|       pointer|
|m_axi_gmem6_ARREGION     |  out|    4|       m_axi|            gmem6|       pointer|
|m_axi_gmem6_ARUSER       |  out|    1|       m_axi|            gmem6|       pointer|
|m_axi_gmem6_RVALID       |   in|    1|       m_axi|            gmem6|       pointer|
|m_axi_gmem6_RREADY       |  out|    1|       m_axi|            gmem6|       pointer|
|m_axi_gmem6_RDATA        |   in|   32|       m_axi|            gmem6|       pointer|
|m_axi_gmem6_RLAST        |   in|    1|       m_axi|            gmem6|       pointer|
|m_axi_gmem6_RID          |   in|    1|       m_axi|            gmem6|       pointer|
|m_axi_gmem6_RUSER        |   in|    1|       m_axi|            gmem6|       pointer|
|m_axi_gmem6_RRESP        |   in|    2|       m_axi|            gmem6|       pointer|
|m_axi_gmem6_BVALID       |   in|    1|       m_axi|            gmem6|       pointer|
|m_axi_gmem6_BREADY       |  out|    1|       m_axi|            gmem6|       pointer|
|m_axi_gmem6_BRESP        |   in|    2|       m_axi|            gmem6|       pointer|
|m_axi_gmem6_BID          |   in|    1|       m_axi|            gmem6|       pointer|
|m_axi_gmem6_BUSER        |   in|    1|       m_axi|            gmem6|       pointer|
|m_axi_gmem7_AWVALID      |  out|    1|       m_axi|            gmem7|       pointer|
|m_axi_gmem7_AWREADY      |   in|    1|       m_axi|            gmem7|       pointer|
|m_axi_gmem7_AWADDR       |  out|   64|       m_axi|            gmem7|       pointer|
|m_axi_gmem7_AWID         |  out|    1|       m_axi|            gmem7|       pointer|
|m_axi_gmem7_AWLEN        |  out|    8|       m_axi|            gmem7|       pointer|
|m_axi_gmem7_AWSIZE       |  out|    3|       m_axi|            gmem7|       pointer|
|m_axi_gmem7_AWBURST      |  out|    2|       m_axi|            gmem7|       pointer|
|m_axi_gmem7_AWLOCK       |  out|    2|       m_axi|            gmem7|       pointer|
|m_axi_gmem7_AWCACHE      |  out|    4|       m_axi|            gmem7|       pointer|
|m_axi_gmem7_AWPROT       |  out|    3|       m_axi|            gmem7|       pointer|
|m_axi_gmem7_AWQOS        |  out|    4|       m_axi|            gmem7|       pointer|
|m_axi_gmem7_AWREGION     |  out|    4|       m_axi|            gmem7|       pointer|
|m_axi_gmem7_AWUSER       |  out|    1|       m_axi|            gmem7|       pointer|
|m_axi_gmem7_WVALID       |  out|    1|       m_axi|            gmem7|       pointer|
|m_axi_gmem7_WREADY       |   in|    1|       m_axi|            gmem7|       pointer|
|m_axi_gmem7_WDATA        |  out|   32|       m_axi|            gmem7|       pointer|
|m_axi_gmem7_WSTRB        |  out|    4|       m_axi|            gmem7|       pointer|
|m_axi_gmem7_WLAST        |  out|    1|       m_axi|            gmem7|       pointer|
|m_axi_gmem7_WID          |  out|    1|       m_axi|            gmem7|       pointer|
|m_axi_gmem7_WUSER        |  out|    1|       m_axi|            gmem7|       pointer|
|m_axi_gmem7_ARVALID      |  out|    1|       m_axi|            gmem7|       pointer|
|m_axi_gmem7_ARREADY      |   in|    1|       m_axi|            gmem7|       pointer|
|m_axi_gmem7_ARADDR       |  out|   64|       m_axi|            gmem7|       pointer|
|m_axi_gmem7_ARID         |  out|    1|       m_axi|            gmem7|       pointer|
|m_axi_gmem7_ARLEN        |  out|    8|       m_axi|            gmem7|       pointer|
|m_axi_gmem7_ARSIZE       |  out|    3|       m_axi|            gmem7|       pointer|
|m_axi_gmem7_ARBURST      |  out|    2|       m_axi|            gmem7|       pointer|
|m_axi_gmem7_ARLOCK       |  out|    2|       m_axi|            gmem7|       pointer|
|m_axi_gmem7_ARCACHE      |  out|    4|       m_axi|            gmem7|       pointer|
|m_axi_gmem7_ARPROT       |  out|    3|       m_axi|            gmem7|       pointer|
|m_axi_gmem7_ARQOS        |  out|    4|       m_axi|            gmem7|       pointer|
|m_axi_gmem7_ARREGION     |  out|    4|       m_axi|            gmem7|       pointer|
|m_axi_gmem7_ARUSER       |  out|    1|       m_axi|            gmem7|       pointer|
|m_axi_gmem7_RVALID       |   in|    1|       m_axi|            gmem7|       pointer|
|m_axi_gmem7_RREADY       |  out|    1|       m_axi|            gmem7|       pointer|
|m_axi_gmem7_RDATA        |   in|   32|       m_axi|            gmem7|       pointer|
|m_axi_gmem7_RLAST        |   in|    1|       m_axi|            gmem7|       pointer|
|m_axi_gmem7_RID          |   in|    1|       m_axi|            gmem7|       pointer|
|m_axi_gmem7_RUSER        |   in|    1|       m_axi|            gmem7|       pointer|
|m_axi_gmem7_RRESP        |   in|    2|       m_axi|            gmem7|       pointer|
|m_axi_gmem7_BVALID       |   in|    1|       m_axi|            gmem7|       pointer|
|m_axi_gmem7_BREADY       |  out|    1|       m_axi|            gmem7|       pointer|
|m_axi_gmem7_BRESP        |   in|    2|       m_axi|            gmem7|       pointer|
|m_axi_gmem7_BID          |   in|    1|       m_axi|            gmem7|       pointer|
|m_axi_gmem7_BUSER        |   in|    1|       m_axi|            gmem7|       pointer|
|m_axi_gmem8_AWVALID      |  out|    1|       m_axi|            gmem8|       pointer|
|m_axi_gmem8_AWREADY      |   in|    1|       m_axi|            gmem8|       pointer|
|m_axi_gmem8_AWADDR       |  out|   64|       m_axi|            gmem8|       pointer|
|m_axi_gmem8_AWID         |  out|    1|       m_axi|            gmem8|       pointer|
|m_axi_gmem8_AWLEN        |  out|    8|       m_axi|            gmem8|       pointer|
|m_axi_gmem8_AWSIZE       |  out|    3|       m_axi|            gmem8|       pointer|
|m_axi_gmem8_AWBURST      |  out|    2|       m_axi|            gmem8|       pointer|
|m_axi_gmem8_AWLOCK       |  out|    2|       m_axi|            gmem8|       pointer|
|m_axi_gmem8_AWCACHE      |  out|    4|       m_axi|            gmem8|       pointer|
|m_axi_gmem8_AWPROT       |  out|    3|       m_axi|            gmem8|       pointer|
|m_axi_gmem8_AWQOS        |  out|    4|       m_axi|            gmem8|       pointer|
|m_axi_gmem8_AWREGION     |  out|    4|       m_axi|            gmem8|       pointer|
|m_axi_gmem8_AWUSER       |  out|    1|       m_axi|            gmem8|       pointer|
|m_axi_gmem8_WVALID       |  out|    1|       m_axi|            gmem8|       pointer|
|m_axi_gmem8_WREADY       |   in|    1|       m_axi|            gmem8|       pointer|
|m_axi_gmem8_WDATA        |  out|   32|       m_axi|            gmem8|       pointer|
|m_axi_gmem8_WSTRB        |  out|    4|       m_axi|            gmem8|       pointer|
|m_axi_gmem8_WLAST        |  out|    1|       m_axi|            gmem8|       pointer|
|m_axi_gmem8_WID          |  out|    1|       m_axi|            gmem8|       pointer|
|m_axi_gmem8_WUSER        |  out|    1|       m_axi|            gmem8|       pointer|
|m_axi_gmem8_ARVALID      |  out|    1|       m_axi|            gmem8|       pointer|
|m_axi_gmem8_ARREADY      |   in|    1|       m_axi|            gmem8|       pointer|
|m_axi_gmem8_ARADDR       |  out|   64|       m_axi|            gmem8|       pointer|
|m_axi_gmem8_ARID         |  out|    1|       m_axi|            gmem8|       pointer|
|m_axi_gmem8_ARLEN        |  out|    8|       m_axi|            gmem8|       pointer|
|m_axi_gmem8_ARSIZE       |  out|    3|       m_axi|            gmem8|       pointer|
|m_axi_gmem8_ARBURST      |  out|    2|       m_axi|            gmem8|       pointer|
|m_axi_gmem8_ARLOCK       |  out|    2|       m_axi|            gmem8|       pointer|
|m_axi_gmem8_ARCACHE      |  out|    4|       m_axi|            gmem8|       pointer|
|m_axi_gmem8_ARPROT       |  out|    3|       m_axi|            gmem8|       pointer|
|m_axi_gmem8_ARQOS        |  out|    4|       m_axi|            gmem8|       pointer|
|m_axi_gmem8_ARREGION     |  out|    4|       m_axi|            gmem8|       pointer|
|m_axi_gmem8_ARUSER       |  out|    1|       m_axi|            gmem8|       pointer|
|m_axi_gmem8_RVALID       |   in|    1|       m_axi|            gmem8|       pointer|
|m_axi_gmem8_RREADY       |  out|    1|       m_axi|            gmem8|       pointer|
|m_axi_gmem8_RDATA        |   in|   32|       m_axi|            gmem8|       pointer|
|m_axi_gmem8_RLAST        |   in|    1|       m_axi|            gmem8|       pointer|
|m_axi_gmem8_RID          |   in|    1|       m_axi|            gmem8|       pointer|
|m_axi_gmem8_RUSER        |   in|    1|       m_axi|            gmem8|       pointer|
|m_axi_gmem8_RRESP        |   in|    2|       m_axi|            gmem8|       pointer|
|m_axi_gmem8_BVALID       |   in|    1|       m_axi|            gmem8|       pointer|
|m_axi_gmem8_BREADY       |  out|    1|       m_axi|            gmem8|       pointer|
|m_axi_gmem8_BRESP        |   in|    2|       m_axi|            gmem8|       pointer|
|m_axi_gmem8_BID          |   in|    1|       m_axi|            gmem8|       pointer|
|m_axi_gmem8_BUSER        |   in|    1|       m_axi|            gmem8|       pointer|
|m_axi_gmem9_AWVALID      |  out|    1|       m_axi|            gmem9|       pointer|
|m_axi_gmem9_AWREADY      |   in|    1|       m_axi|            gmem9|       pointer|
|m_axi_gmem9_AWADDR       |  out|   64|       m_axi|            gmem9|       pointer|
|m_axi_gmem9_AWID         |  out|    1|       m_axi|            gmem9|       pointer|
|m_axi_gmem9_AWLEN        |  out|    8|       m_axi|            gmem9|       pointer|
|m_axi_gmem9_AWSIZE       |  out|    3|       m_axi|            gmem9|       pointer|
|m_axi_gmem9_AWBURST      |  out|    2|       m_axi|            gmem9|       pointer|
|m_axi_gmem9_AWLOCK       |  out|    2|       m_axi|            gmem9|       pointer|
|m_axi_gmem9_AWCACHE      |  out|    4|       m_axi|            gmem9|       pointer|
|m_axi_gmem9_AWPROT       |  out|    3|       m_axi|            gmem9|       pointer|
|m_axi_gmem9_AWQOS        |  out|    4|       m_axi|            gmem9|       pointer|
|m_axi_gmem9_AWREGION     |  out|    4|       m_axi|            gmem9|       pointer|
|m_axi_gmem9_AWUSER       |  out|    1|       m_axi|            gmem9|       pointer|
|m_axi_gmem9_WVALID       |  out|    1|       m_axi|            gmem9|       pointer|
|m_axi_gmem9_WREADY       |   in|    1|       m_axi|            gmem9|       pointer|
|m_axi_gmem9_WDATA        |  out|   32|       m_axi|            gmem9|       pointer|
|m_axi_gmem9_WSTRB        |  out|    4|       m_axi|            gmem9|       pointer|
|m_axi_gmem9_WLAST        |  out|    1|       m_axi|            gmem9|       pointer|
|m_axi_gmem9_WID          |  out|    1|       m_axi|            gmem9|       pointer|
|m_axi_gmem9_WUSER        |  out|    1|       m_axi|            gmem9|       pointer|
|m_axi_gmem9_ARVALID      |  out|    1|       m_axi|            gmem9|       pointer|
|m_axi_gmem9_ARREADY      |   in|    1|       m_axi|            gmem9|       pointer|
|m_axi_gmem9_ARADDR       |  out|   64|       m_axi|            gmem9|       pointer|
|m_axi_gmem9_ARID         |  out|    1|       m_axi|            gmem9|       pointer|
|m_axi_gmem9_ARLEN        |  out|    8|       m_axi|            gmem9|       pointer|
|m_axi_gmem9_ARSIZE       |  out|    3|       m_axi|            gmem9|       pointer|
|m_axi_gmem9_ARBURST      |  out|    2|       m_axi|            gmem9|       pointer|
|m_axi_gmem9_ARLOCK       |  out|    2|       m_axi|            gmem9|       pointer|
|m_axi_gmem9_ARCACHE      |  out|    4|       m_axi|            gmem9|       pointer|
|m_axi_gmem9_ARPROT       |  out|    3|       m_axi|            gmem9|       pointer|
|m_axi_gmem9_ARQOS        |  out|    4|       m_axi|            gmem9|       pointer|
|m_axi_gmem9_ARREGION     |  out|    4|       m_axi|            gmem9|       pointer|
|m_axi_gmem9_ARUSER       |  out|    1|       m_axi|            gmem9|       pointer|
|m_axi_gmem9_RVALID       |   in|    1|       m_axi|            gmem9|       pointer|
|m_axi_gmem9_RREADY       |  out|    1|       m_axi|            gmem9|       pointer|
|m_axi_gmem9_RDATA        |   in|   32|       m_axi|            gmem9|       pointer|
|m_axi_gmem9_RLAST        |   in|    1|       m_axi|            gmem9|       pointer|
|m_axi_gmem9_RID          |   in|    1|       m_axi|            gmem9|       pointer|
|m_axi_gmem9_RUSER        |   in|    1|       m_axi|            gmem9|       pointer|
|m_axi_gmem9_RRESP        |   in|    2|       m_axi|            gmem9|       pointer|
|m_axi_gmem9_BVALID       |   in|    1|       m_axi|            gmem9|       pointer|
|m_axi_gmem9_BREADY       |  out|    1|       m_axi|            gmem9|       pointer|
|m_axi_gmem9_BRESP        |   in|    2|       m_axi|            gmem9|       pointer|
|m_axi_gmem9_BID          |   in|    1|       m_axi|            gmem9|       pointer|
|m_axi_gmem9_BUSER        |   in|    1|       m_axi|            gmem9|       pointer|
|m_axi_gmem19_AWVALID     |  out|    1|       m_axi|           gmem19|       pointer|
|m_axi_gmem19_AWREADY     |   in|    1|       m_axi|           gmem19|       pointer|
|m_axi_gmem19_AWADDR      |  out|   64|       m_axi|           gmem19|       pointer|
|m_axi_gmem19_AWID        |  out|    1|       m_axi|           gmem19|       pointer|
|m_axi_gmem19_AWLEN       |  out|    8|       m_axi|           gmem19|       pointer|
|m_axi_gmem19_AWSIZE      |  out|    3|       m_axi|           gmem19|       pointer|
|m_axi_gmem19_AWBURST     |  out|    2|       m_axi|           gmem19|       pointer|
|m_axi_gmem19_AWLOCK      |  out|    2|       m_axi|           gmem19|       pointer|
|m_axi_gmem19_AWCACHE     |  out|    4|       m_axi|           gmem19|       pointer|
|m_axi_gmem19_AWPROT      |  out|    3|       m_axi|           gmem19|       pointer|
|m_axi_gmem19_AWQOS       |  out|    4|       m_axi|           gmem19|       pointer|
|m_axi_gmem19_AWREGION    |  out|    4|       m_axi|           gmem19|       pointer|
|m_axi_gmem19_AWUSER      |  out|    1|       m_axi|           gmem19|       pointer|
|m_axi_gmem19_WVALID      |  out|    1|       m_axi|           gmem19|       pointer|
|m_axi_gmem19_WREADY      |   in|    1|       m_axi|           gmem19|       pointer|
|m_axi_gmem19_WDATA       |  out|   32|       m_axi|           gmem19|       pointer|
|m_axi_gmem19_WSTRB       |  out|    4|       m_axi|           gmem19|       pointer|
|m_axi_gmem19_WLAST       |  out|    1|       m_axi|           gmem19|       pointer|
|m_axi_gmem19_WID         |  out|    1|       m_axi|           gmem19|       pointer|
|m_axi_gmem19_WUSER       |  out|    1|       m_axi|           gmem19|       pointer|
|m_axi_gmem19_ARVALID     |  out|    1|       m_axi|           gmem19|       pointer|
|m_axi_gmem19_ARREADY     |   in|    1|       m_axi|           gmem19|       pointer|
|m_axi_gmem19_ARADDR      |  out|   64|       m_axi|           gmem19|       pointer|
|m_axi_gmem19_ARID        |  out|    1|       m_axi|           gmem19|       pointer|
|m_axi_gmem19_ARLEN       |  out|    8|       m_axi|           gmem19|       pointer|
|m_axi_gmem19_ARSIZE      |  out|    3|       m_axi|           gmem19|       pointer|
|m_axi_gmem19_ARBURST     |  out|    2|       m_axi|           gmem19|       pointer|
|m_axi_gmem19_ARLOCK      |  out|    2|       m_axi|           gmem19|       pointer|
|m_axi_gmem19_ARCACHE     |  out|    4|       m_axi|           gmem19|       pointer|
|m_axi_gmem19_ARPROT      |  out|    3|       m_axi|           gmem19|       pointer|
|m_axi_gmem19_ARQOS       |  out|    4|       m_axi|           gmem19|       pointer|
|m_axi_gmem19_ARREGION    |  out|    4|       m_axi|           gmem19|       pointer|
|m_axi_gmem19_ARUSER      |  out|    1|       m_axi|           gmem19|       pointer|
|m_axi_gmem19_RVALID      |   in|    1|       m_axi|           gmem19|       pointer|
|m_axi_gmem19_RREADY      |  out|    1|       m_axi|           gmem19|       pointer|
|m_axi_gmem19_RDATA       |   in|   32|       m_axi|           gmem19|       pointer|
|m_axi_gmem19_RLAST       |   in|    1|       m_axi|           gmem19|       pointer|
|m_axi_gmem19_RID         |   in|    1|       m_axi|           gmem19|       pointer|
|m_axi_gmem19_RUSER       |   in|    1|       m_axi|           gmem19|       pointer|
|m_axi_gmem19_RRESP       |   in|    2|       m_axi|           gmem19|       pointer|
|m_axi_gmem19_BVALID      |   in|    1|       m_axi|           gmem19|       pointer|
|m_axi_gmem19_BREADY      |  out|    1|       m_axi|           gmem19|       pointer|
|m_axi_gmem19_BRESP       |   in|    2|       m_axi|           gmem19|       pointer|
|m_axi_gmem19_BID         |   in|    1|       m_axi|           gmem19|       pointer|
|m_axi_gmem19_BUSER       |   in|    1|       m_axi|           gmem19|       pointer|
|m_axi_gmem10_AWVALID     |  out|    1|       m_axi|           gmem10|       pointer|
|m_axi_gmem10_AWREADY     |   in|    1|       m_axi|           gmem10|       pointer|
|m_axi_gmem10_AWADDR      |  out|   64|       m_axi|           gmem10|       pointer|
|m_axi_gmem10_AWID        |  out|    1|       m_axi|           gmem10|       pointer|
|m_axi_gmem10_AWLEN       |  out|    8|       m_axi|           gmem10|       pointer|
|m_axi_gmem10_AWSIZE      |  out|    3|       m_axi|           gmem10|       pointer|
|m_axi_gmem10_AWBURST     |  out|    2|       m_axi|           gmem10|       pointer|
|m_axi_gmem10_AWLOCK      |  out|    2|       m_axi|           gmem10|       pointer|
|m_axi_gmem10_AWCACHE     |  out|    4|       m_axi|           gmem10|       pointer|
|m_axi_gmem10_AWPROT      |  out|    3|       m_axi|           gmem10|       pointer|
|m_axi_gmem10_AWQOS       |  out|    4|       m_axi|           gmem10|       pointer|
|m_axi_gmem10_AWREGION    |  out|    4|       m_axi|           gmem10|       pointer|
|m_axi_gmem10_AWUSER      |  out|    1|       m_axi|           gmem10|       pointer|
|m_axi_gmem10_WVALID      |  out|    1|       m_axi|           gmem10|       pointer|
|m_axi_gmem10_WREADY      |   in|    1|       m_axi|           gmem10|       pointer|
|m_axi_gmem10_WDATA       |  out|   32|       m_axi|           gmem10|       pointer|
|m_axi_gmem10_WSTRB       |  out|    4|       m_axi|           gmem10|       pointer|
|m_axi_gmem10_WLAST       |  out|    1|       m_axi|           gmem10|       pointer|
|m_axi_gmem10_WID         |  out|    1|       m_axi|           gmem10|       pointer|
|m_axi_gmem10_WUSER       |  out|    1|       m_axi|           gmem10|       pointer|
|m_axi_gmem10_ARVALID     |  out|    1|       m_axi|           gmem10|       pointer|
|m_axi_gmem10_ARREADY     |   in|    1|       m_axi|           gmem10|       pointer|
|m_axi_gmem10_ARADDR      |  out|   64|       m_axi|           gmem10|       pointer|
|m_axi_gmem10_ARID        |  out|    1|       m_axi|           gmem10|       pointer|
|m_axi_gmem10_ARLEN       |  out|    8|       m_axi|           gmem10|       pointer|
|m_axi_gmem10_ARSIZE      |  out|    3|       m_axi|           gmem10|       pointer|
|m_axi_gmem10_ARBURST     |  out|    2|       m_axi|           gmem10|       pointer|
|m_axi_gmem10_ARLOCK      |  out|    2|       m_axi|           gmem10|       pointer|
|m_axi_gmem10_ARCACHE     |  out|    4|       m_axi|           gmem10|       pointer|
|m_axi_gmem10_ARPROT      |  out|    3|       m_axi|           gmem10|       pointer|
|m_axi_gmem10_ARQOS       |  out|    4|       m_axi|           gmem10|       pointer|
|m_axi_gmem10_ARREGION    |  out|    4|       m_axi|           gmem10|       pointer|
|m_axi_gmem10_ARUSER      |  out|    1|       m_axi|           gmem10|       pointer|
|m_axi_gmem10_RVALID      |   in|    1|       m_axi|           gmem10|       pointer|
|m_axi_gmem10_RREADY      |  out|    1|       m_axi|           gmem10|       pointer|
|m_axi_gmem10_RDATA       |   in|   32|       m_axi|           gmem10|       pointer|
|m_axi_gmem10_RLAST       |   in|    1|       m_axi|           gmem10|       pointer|
|m_axi_gmem10_RID         |   in|    1|       m_axi|           gmem10|       pointer|
|m_axi_gmem10_RUSER       |   in|    1|       m_axi|           gmem10|       pointer|
|m_axi_gmem10_RRESP       |   in|    2|       m_axi|           gmem10|       pointer|
|m_axi_gmem10_BVALID      |   in|    1|       m_axi|           gmem10|       pointer|
|m_axi_gmem10_BREADY      |  out|    1|       m_axi|           gmem10|       pointer|
|m_axi_gmem10_BRESP       |   in|    2|       m_axi|           gmem10|       pointer|
|m_axi_gmem10_BID         |   in|    1|       m_axi|           gmem10|       pointer|
|m_axi_gmem10_BUSER       |   in|    1|       m_axi|           gmem10|       pointer|
|m_axi_gmem11_AWVALID     |  out|    1|       m_axi|           gmem11|       pointer|
|m_axi_gmem11_AWREADY     |   in|    1|       m_axi|           gmem11|       pointer|
|m_axi_gmem11_AWADDR      |  out|   64|       m_axi|           gmem11|       pointer|
|m_axi_gmem11_AWID        |  out|    1|       m_axi|           gmem11|       pointer|
|m_axi_gmem11_AWLEN       |  out|    8|       m_axi|           gmem11|       pointer|
|m_axi_gmem11_AWSIZE      |  out|    3|       m_axi|           gmem11|       pointer|
|m_axi_gmem11_AWBURST     |  out|    2|       m_axi|           gmem11|       pointer|
|m_axi_gmem11_AWLOCK      |  out|    2|       m_axi|           gmem11|       pointer|
|m_axi_gmem11_AWCACHE     |  out|    4|       m_axi|           gmem11|       pointer|
|m_axi_gmem11_AWPROT      |  out|    3|       m_axi|           gmem11|       pointer|
|m_axi_gmem11_AWQOS       |  out|    4|       m_axi|           gmem11|       pointer|
|m_axi_gmem11_AWREGION    |  out|    4|       m_axi|           gmem11|       pointer|
|m_axi_gmem11_AWUSER      |  out|    1|       m_axi|           gmem11|       pointer|
|m_axi_gmem11_WVALID      |  out|    1|       m_axi|           gmem11|       pointer|
|m_axi_gmem11_WREADY      |   in|    1|       m_axi|           gmem11|       pointer|
|m_axi_gmem11_WDATA       |  out|   32|       m_axi|           gmem11|       pointer|
|m_axi_gmem11_WSTRB       |  out|    4|       m_axi|           gmem11|       pointer|
|m_axi_gmem11_WLAST       |  out|    1|       m_axi|           gmem11|       pointer|
|m_axi_gmem11_WID         |  out|    1|       m_axi|           gmem11|       pointer|
|m_axi_gmem11_WUSER       |  out|    1|       m_axi|           gmem11|       pointer|
|m_axi_gmem11_ARVALID     |  out|    1|       m_axi|           gmem11|       pointer|
|m_axi_gmem11_ARREADY     |   in|    1|       m_axi|           gmem11|       pointer|
|m_axi_gmem11_ARADDR      |  out|   64|       m_axi|           gmem11|       pointer|
|m_axi_gmem11_ARID        |  out|    1|       m_axi|           gmem11|       pointer|
|m_axi_gmem11_ARLEN       |  out|    8|       m_axi|           gmem11|       pointer|
|m_axi_gmem11_ARSIZE      |  out|    3|       m_axi|           gmem11|       pointer|
|m_axi_gmem11_ARBURST     |  out|    2|       m_axi|           gmem11|       pointer|
|m_axi_gmem11_ARLOCK      |  out|    2|       m_axi|           gmem11|       pointer|
|m_axi_gmem11_ARCACHE     |  out|    4|       m_axi|           gmem11|       pointer|
|m_axi_gmem11_ARPROT      |  out|    3|       m_axi|           gmem11|       pointer|
|m_axi_gmem11_ARQOS       |  out|    4|       m_axi|           gmem11|       pointer|
|m_axi_gmem11_ARREGION    |  out|    4|       m_axi|           gmem11|       pointer|
|m_axi_gmem11_ARUSER      |  out|    1|       m_axi|           gmem11|       pointer|
|m_axi_gmem11_RVALID      |   in|    1|       m_axi|           gmem11|       pointer|
|m_axi_gmem11_RREADY      |  out|    1|       m_axi|           gmem11|       pointer|
|m_axi_gmem11_RDATA       |   in|   32|       m_axi|           gmem11|       pointer|
|m_axi_gmem11_RLAST       |   in|    1|       m_axi|           gmem11|       pointer|
|m_axi_gmem11_RID         |   in|    1|       m_axi|           gmem11|       pointer|
|m_axi_gmem11_RUSER       |   in|    1|       m_axi|           gmem11|       pointer|
|m_axi_gmem11_RRESP       |   in|    2|       m_axi|           gmem11|       pointer|
|m_axi_gmem11_BVALID      |   in|    1|       m_axi|           gmem11|       pointer|
|m_axi_gmem11_BREADY      |  out|    1|       m_axi|           gmem11|       pointer|
|m_axi_gmem11_BRESP       |   in|    2|       m_axi|           gmem11|       pointer|
|m_axi_gmem11_BID         |   in|    1|       m_axi|           gmem11|       pointer|
|m_axi_gmem11_BUSER       |   in|    1|       m_axi|           gmem11|       pointer|
|m_axi_gmem12_AWVALID     |  out|    1|       m_axi|           gmem12|       pointer|
|m_axi_gmem12_AWREADY     |   in|    1|       m_axi|           gmem12|       pointer|
|m_axi_gmem12_AWADDR      |  out|   64|       m_axi|           gmem12|       pointer|
|m_axi_gmem12_AWID        |  out|    1|       m_axi|           gmem12|       pointer|
|m_axi_gmem12_AWLEN       |  out|    8|       m_axi|           gmem12|       pointer|
|m_axi_gmem12_AWSIZE      |  out|    3|       m_axi|           gmem12|       pointer|
|m_axi_gmem12_AWBURST     |  out|    2|       m_axi|           gmem12|       pointer|
|m_axi_gmem12_AWLOCK      |  out|    2|       m_axi|           gmem12|       pointer|
|m_axi_gmem12_AWCACHE     |  out|    4|       m_axi|           gmem12|       pointer|
|m_axi_gmem12_AWPROT      |  out|    3|       m_axi|           gmem12|       pointer|
|m_axi_gmem12_AWQOS       |  out|    4|       m_axi|           gmem12|       pointer|
|m_axi_gmem12_AWREGION    |  out|    4|       m_axi|           gmem12|       pointer|
|m_axi_gmem12_AWUSER      |  out|    1|       m_axi|           gmem12|       pointer|
|m_axi_gmem12_WVALID      |  out|    1|       m_axi|           gmem12|       pointer|
|m_axi_gmem12_WREADY      |   in|    1|       m_axi|           gmem12|       pointer|
|m_axi_gmem12_WDATA       |  out|   32|       m_axi|           gmem12|       pointer|
|m_axi_gmem12_WSTRB       |  out|    4|       m_axi|           gmem12|       pointer|
|m_axi_gmem12_WLAST       |  out|    1|       m_axi|           gmem12|       pointer|
|m_axi_gmem12_WID         |  out|    1|       m_axi|           gmem12|       pointer|
|m_axi_gmem12_WUSER       |  out|    1|       m_axi|           gmem12|       pointer|
|m_axi_gmem12_ARVALID     |  out|    1|       m_axi|           gmem12|       pointer|
|m_axi_gmem12_ARREADY     |   in|    1|       m_axi|           gmem12|       pointer|
|m_axi_gmem12_ARADDR      |  out|   64|       m_axi|           gmem12|       pointer|
|m_axi_gmem12_ARID        |  out|    1|       m_axi|           gmem12|       pointer|
|m_axi_gmem12_ARLEN       |  out|    8|       m_axi|           gmem12|       pointer|
|m_axi_gmem12_ARSIZE      |  out|    3|       m_axi|           gmem12|       pointer|
|m_axi_gmem12_ARBURST     |  out|    2|       m_axi|           gmem12|       pointer|
|m_axi_gmem12_ARLOCK      |  out|    2|       m_axi|           gmem12|       pointer|
|m_axi_gmem12_ARCACHE     |  out|    4|       m_axi|           gmem12|       pointer|
|m_axi_gmem12_ARPROT      |  out|    3|       m_axi|           gmem12|       pointer|
|m_axi_gmem12_ARQOS       |  out|    4|       m_axi|           gmem12|       pointer|
|m_axi_gmem12_ARREGION    |  out|    4|       m_axi|           gmem12|       pointer|
|m_axi_gmem12_ARUSER      |  out|    1|       m_axi|           gmem12|       pointer|
|m_axi_gmem12_RVALID      |   in|    1|       m_axi|           gmem12|       pointer|
|m_axi_gmem12_RREADY      |  out|    1|       m_axi|           gmem12|       pointer|
|m_axi_gmem12_RDATA       |   in|   32|       m_axi|           gmem12|       pointer|
|m_axi_gmem12_RLAST       |   in|    1|       m_axi|           gmem12|       pointer|
|m_axi_gmem12_RID         |   in|    1|       m_axi|           gmem12|       pointer|
|m_axi_gmem12_RUSER       |   in|    1|       m_axi|           gmem12|       pointer|
|m_axi_gmem12_RRESP       |   in|    2|       m_axi|           gmem12|       pointer|
|m_axi_gmem12_BVALID      |   in|    1|       m_axi|           gmem12|       pointer|
|m_axi_gmem12_BREADY      |  out|    1|       m_axi|           gmem12|       pointer|
|m_axi_gmem12_BRESP       |   in|    2|       m_axi|           gmem12|       pointer|
|m_axi_gmem12_BID         |   in|    1|       m_axi|           gmem12|       pointer|
|m_axi_gmem12_BUSER       |   in|    1|       m_axi|           gmem12|       pointer|
|m_axi_gmem13_AWVALID     |  out|    1|       m_axi|           gmem13|       pointer|
|m_axi_gmem13_AWREADY     |   in|    1|       m_axi|           gmem13|       pointer|
|m_axi_gmem13_AWADDR      |  out|   64|       m_axi|           gmem13|       pointer|
|m_axi_gmem13_AWID        |  out|    1|       m_axi|           gmem13|       pointer|
|m_axi_gmem13_AWLEN       |  out|    8|       m_axi|           gmem13|       pointer|
|m_axi_gmem13_AWSIZE      |  out|    3|       m_axi|           gmem13|       pointer|
|m_axi_gmem13_AWBURST     |  out|    2|       m_axi|           gmem13|       pointer|
|m_axi_gmem13_AWLOCK      |  out|    2|       m_axi|           gmem13|       pointer|
|m_axi_gmem13_AWCACHE     |  out|    4|       m_axi|           gmem13|       pointer|
|m_axi_gmem13_AWPROT      |  out|    3|       m_axi|           gmem13|       pointer|
|m_axi_gmem13_AWQOS       |  out|    4|       m_axi|           gmem13|       pointer|
|m_axi_gmem13_AWREGION    |  out|    4|       m_axi|           gmem13|       pointer|
|m_axi_gmem13_AWUSER      |  out|    1|       m_axi|           gmem13|       pointer|
|m_axi_gmem13_WVALID      |  out|    1|       m_axi|           gmem13|       pointer|
|m_axi_gmem13_WREADY      |   in|    1|       m_axi|           gmem13|       pointer|
|m_axi_gmem13_WDATA       |  out|   32|       m_axi|           gmem13|       pointer|
|m_axi_gmem13_WSTRB       |  out|    4|       m_axi|           gmem13|       pointer|
|m_axi_gmem13_WLAST       |  out|    1|       m_axi|           gmem13|       pointer|
|m_axi_gmem13_WID         |  out|    1|       m_axi|           gmem13|       pointer|
|m_axi_gmem13_WUSER       |  out|    1|       m_axi|           gmem13|       pointer|
|m_axi_gmem13_ARVALID     |  out|    1|       m_axi|           gmem13|       pointer|
|m_axi_gmem13_ARREADY     |   in|    1|       m_axi|           gmem13|       pointer|
|m_axi_gmem13_ARADDR      |  out|   64|       m_axi|           gmem13|       pointer|
|m_axi_gmem13_ARID        |  out|    1|       m_axi|           gmem13|       pointer|
|m_axi_gmem13_ARLEN       |  out|    8|       m_axi|           gmem13|       pointer|
|m_axi_gmem13_ARSIZE      |  out|    3|       m_axi|           gmem13|       pointer|
|m_axi_gmem13_ARBURST     |  out|    2|       m_axi|           gmem13|       pointer|
|m_axi_gmem13_ARLOCK      |  out|    2|       m_axi|           gmem13|       pointer|
|m_axi_gmem13_ARCACHE     |  out|    4|       m_axi|           gmem13|       pointer|
|m_axi_gmem13_ARPROT      |  out|    3|       m_axi|           gmem13|       pointer|
|m_axi_gmem13_ARQOS       |  out|    4|       m_axi|           gmem13|       pointer|
|m_axi_gmem13_ARREGION    |  out|    4|       m_axi|           gmem13|       pointer|
|m_axi_gmem13_ARUSER      |  out|    1|       m_axi|           gmem13|       pointer|
|m_axi_gmem13_RVALID      |   in|    1|       m_axi|           gmem13|       pointer|
|m_axi_gmem13_RREADY      |  out|    1|       m_axi|           gmem13|       pointer|
|m_axi_gmem13_RDATA       |   in|   32|       m_axi|           gmem13|       pointer|
|m_axi_gmem13_RLAST       |   in|    1|       m_axi|           gmem13|       pointer|
|m_axi_gmem13_RID         |   in|    1|       m_axi|           gmem13|       pointer|
|m_axi_gmem13_RUSER       |   in|    1|       m_axi|           gmem13|       pointer|
|m_axi_gmem13_RRESP       |   in|    2|       m_axi|           gmem13|       pointer|
|m_axi_gmem13_BVALID      |   in|    1|       m_axi|           gmem13|       pointer|
|m_axi_gmem13_BREADY      |  out|    1|       m_axi|           gmem13|       pointer|
|m_axi_gmem13_BRESP       |   in|    2|       m_axi|           gmem13|       pointer|
|m_axi_gmem13_BID         |   in|    1|       m_axi|           gmem13|       pointer|
|m_axi_gmem13_BUSER       |   in|    1|       m_axi|           gmem13|       pointer|
|m_axi_gmem14_AWVALID     |  out|    1|       m_axi|           gmem14|       pointer|
|m_axi_gmem14_AWREADY     |   in|    1|       m_axi|           gmem14|       pointer|
|m_axi_gmem14_AWADDR      |  out|   64|       m_axi|           gmem14|       pointer|
|m_axi_gmem14_AWID        |  out|    1|       m_axi|           gmem14|       pointer|
|m_axi_gmem14_AWLEN       |  out|    8|       m_axi|           gmem14|       pointer|
|m_axi_gmem14_AWSIZE      |  out|    3|       m_axi|           gmem14|       pointer|
|m_axi_gmem14_AWBURST     |  out|    2|       m_axi|           gmem14|       pointer|
|m_axi_gmem14_AWLOCK      |  out|    2|       m_axi|           gmem14|       pointer|
|m_axi_gmem14_AWCACHE     |  out|    4|       m_axi|           gmem14|       pointer|
|m_axi_gmem14_AWPROT      |  out|    3|       m_axi|           gmem14|       pointer|
|m_axi_gmem14_AWQOS       |  out|    4|       m_axi|           gmem14|       pointer|
|m_axi_gmem14_AWREGION    |  out|    4|       m_axi|           gmem14|       pointer|
|m_axi_gmem14_AWUSER      |  out|    1|       m_axi|           gmem14|       pointer|
|m_axi_gmem14_WVALID      |  out|    1|       m_axi|           gmem14|       pointer|
|m_axi_gmem14_WREADY      |   in|    1|       m_axi|           gmem14|       pointer|
|m_axi_gmem14_WDATA       |  out|   32|       m_axi|           gmem14|       pointer|
|m_axi_gmem14_WSTRB       |  out|    4|       m_axi|           gmem14|       pointer|
|m_axi_gmem14_WLAST       |  out|    1|       m_axi|           gmem14|       pointer|
|m_axi_gmem14_WID         |  out|    1|       m_axi|           gmem14|       pointer|
|m_axi_gmem14_WUSER       |  out|    1|       m_axi|           gmem14|       pointer|
|m_axi_gmem14_ARVALID     |  out|    1|       m_axi|           gmem14|       pointer|
|m_axi_gmem14_ARREADY     |   in|    1|       m_axi|           gmem14|       pointer|
|m_axi_gmem14_ARADDR      |  out|   64|       m_axi|           gmem14|       pointer|
|m_axi_gmem14_ARID        |  out|    1|       m_axi|           gmem14|       pointer|
|m_axi_gmem14_ARLEN       |  out|    8|       m_axi|           gmem14|       pointer|
|m_axi_gmem14_ARSIZE      |  out|    3|       m_axi|           gmem14|       pointer|
|m_axi_gmem14_ARBURST     |  out|    2|       m_axi|           gmem14|       pointer|
|m_axi_gmem14_ARLOCK      |  out|    2|       m_axi|           gmem14|       pointer|
|m_axi_gmem14_ARCACHE     |  out|    4|       m_axi|           gmem14|       pointer|
|m_axi_gmem14_ARPROT      |  out|    3|       m_axi|           gmem14|       pointer|
|m_axi_gmem14_ARQOS       |  out|    4|       m_axi|           gmem14|       pointer|
|m_axi_gmem14_ARREGION    |  out|    4|       m_axi|           gmem14|       pointer|
|m_axi_gmem14_ARUSER      |  out|    1|       m_axi|           gmem14|       pointer|
|m_axi_gmem14_RVALID      |   in|    1|       m_axi|           gmem14|       pointer|
|m_axi_gmem14_RREADY      |  out|    1|       m_axi|           gmem14|       pointer|
|m_axi_gmem14_RDATA       |   in|   32|       m_axi|           gmem14|       pointer|
|m_axi_gmem14_RLAST       |   in|    1|       m_axi|           gmem14|       pointer|
|m_axi_gmem14_RID         |   in|    1|       m_axi|           gmem14|       pointer|
|m_axi_gmem14_RUSER       |   in|    1|       m_axi|           gmem14|       pointer|
|m_axi_gmem14_RRESP       |   in|    2|       m_axi|           gmem14|       pointer|
|m_axi_gmem14_BVALID      |   in|    1|       m_axi|           gmem14|       pointer|
|m_axi_gmem14_BREADY      |  out|    1|       m_axi|           gmem14|       pointer|
|m_axi_gmem14_BRESP       |   in|    2|       m_axi|           gmem14|       pointer|
|m_axi_gmem14_BID         |   in|    1|       m_axi|           gmem14|       pointer|
|m_axi_gmem14_BUSER       |   in|    1|       m_axi|           gmem14|       pointer|
|m_axi_gmem15_AWVALID     |  out|    1|       m_axi|           gmem15|       pointer|
|m_axi_gmem15_AWREADY     |   in|    1|       m_axi|           gmem15|       pointer|
|m_axi_gmem15_AWADDR      |  out|   64|       m_axi|           gmem15|       pointer|
|m_axi_gmem15_AWID        |  out|    1|       m_axi|           gmem15|       pointer|
|m_axi_gmem15_AWLEN       |  out|    8|       m_axi|           gmem15|       pointer|
|m_axi_gmem15_AWSIZE      |  out|    3|       m_axi|           gmem15|       pointer|
|m_axi_gmem15_AWBURST     |  out|    2|       m_axi|           gmem15|       pointer|
|m_axi_gmem15_AWLOCK      |  out|    2|       m_axi|           gmem15|       pointer|
|m_axi_gmem15_AWCACHE     |  out|    4|       m_axi|           gmem15|       pointer|
|m_axi_gmem15_AWPROT      |  out|    3|       m_axi|           gmem15|       pointer|
|m_axi_gmem15_AWQOS       |  out|    4|       m_axi|           gmem15|       pointer|
|m_axi_gmem15_AWREGION    |  out|    4|       m_axi|           gmem15|       pointer|
|m_axi_gmem15_AWUSER      |  out|    1|       m_axi|           gmem15|       pointer|
|m_axi_gmem15_WVALID      |  out|    1|       m_axi|           gmem15|       pointer|
|m_axi_gmem15_WREADY      |   in|    1|       m_axi|           gmem15|       pointer|
|m_axi_gmem15_WDATA       |  out|   64|       m_axi|           gmem15|       pointer|
|m_axi_gmem15_WSTRB       |  out|    8|       m_axi|           gmem15|       pointer|
|m_axi_gmem15_WLAST       |  out|    1|       m_axi|           gmem15|       pointer|
|m_axi_gmem15_WID         |  out|    1|       m_axi|           gmem15|       pointer|
|m_axi_gmem15_WUSER       |  out|    1|       m_axi|           gmem15|       pointer|
|m_axi_gmem15_ARVALID     |  out|    1|       m_axi|           gmem15|       pointer|
|m_axi_gmem15_ARREADY     |   in|    1|       m_axi|           gmem15|       pointer|
|m_axi_gmem15_ARADDR      |  out|   64|       m_axi|           gmem15|       pointer|
|m_axi_gmem15_ARID        |  out|    1|       m_axi|           gmem15|       pointer|
|m_axi_gmem15_ARLEN       |  out|    8|       m_axi|           gmem15|       pointer|
|m_axi_gmem15_ARSIZE      |  out|    3|       m_axi|           gmem15|       pointer|
|m_axi_gmem15_ARBURST     |  out|    2|       m_axi|           gmem15|       pointer|
|m_axi_gmem15_ARLOCK      |  out|    2|       m_axi|           gmem15|       pointer|
|m_axi_gmem15_ARCACHE     |  out|    4|       m_axi|           gmem15|       pointer|
|m_axi_gmem15_ARPROT      |  out|    3|       m_axi|           gmem15|       pointer|
|m_axi_gmem15_ARQOS       |  out|    4|       m_axi|           gmem15|       pointer|
|m_axi_gmem15_ARREGION    |  out|    4|       m_axi|           gmem15|       pointer|
|m_axi_gmem15_ARUSER      |  out|    1|       m_axi|           gmem15|       pointer|
|m_axi_gmem15_RVALID      |   in|    1|       m_axi|           gmem15|       pointer|
|m_axi_gmem15_RREADY      |  out|    1|       m_axi|           gmem15|       pointer|
|m_axi_gmem15_RDATA       |   in|   64|       m_axi|           gmem15|       pointer|
|m_axi_gmem15_RLAST       |   in|    1|       m_axi|           gmem15|       pointer|
|m_axi_gmem15_RID         |   in|    1|       m_axi|           gmem15|       pointer|
|m_axi_gmem15_RUSER       |   in|    1|       m_axi|           gmem15|       pointer|
|m_axi_gmem15_RRESP       |   in|    2|       m_axi|           gmem15|       pointer|
|m_axi_gmem15_BVALID      |   in|    1|       m_axi|           gmem15|       pointer|
|m_axi_gmem15_BREADY      |  out|    1|       m_axi|           gmem15|       pointer|
|m_axi_gmem15_BRESP       |   in|    2|       m_axi|           gmem15|       pointer|
|m_axi_gmem15_BID         |   in|    1|       m_axi|           gmem15|       pointer|
|m_axi_gmem15_BUSER       |   in|    1|       m_axi|           gmem15|       pointer|
|live_entries_in          |   in|    4|     ap_none|  live_entries_in|        scalar|
+-------------------------+-----+-----+------------+-----------------+--------------+

