Copyright 1986-2022 Xilinx, Inc. All Rights Reserved. Copyright 2022-2025 Advanced Micro Devices, Inc. All Rights Reserved.
-------------------------------------------------------------------------------------------------------------------------------------------------
| Tool Version     : Vivado v.2025.2 (win64) Build 6299465 Fri Nov 14 19:35:11 GMT 2025
| Date             : Sun Aug  9 21:46:51 2026
| Host             : Tyler running 64-bit major release  (build 9200)
| Command          : report_power -file X:/reports/vivado/experiments/rs2_fold_control_20260809/impl_power.rpt
| Design           : gdn_rs2_top
| Device           : xcu55c-fsvh2892-2L-e
| Design State     : routed
| Grade            : extended
| Process          : typical
| Characterization : Production
-------------------------------------------------------------------------------------------------------------------------------------------------

Power Report

Table of Contents
-----------------
1. Summary
1.1 On-Chip Components
1.2 Power Supply Summary
1.3 Confidence Level
2. Settings
2.1 Environment
2.2 Clock Constraints
3. Detailed Reports
3.1 By Hierarchy

1. Summary
----------

+--------------------------+--------------+
| Total On-Chip Power (W)  | 6.442        |
|   FPGA Power (W)         | 6.051        |
|   HBM Power (W)          | 0.391        |
| Design Power Budget (W)  | Unspecified* |
| Power Budget Margin (W)  | NA           |
| Dynamic (W)              | 3.047        |
| Device Static (W)        | 3.395        |
| Effective TJA (C/W)      | 0.4          |
| Max Ambient (C)          | 97.2         |
| Junction Temperature (C) | 27.8         |
| Confidence Level         | Medium       |
| Setting File             | ---          |
| Simulation Activity File | ---          |
| Design Nets Matched      | NA           |
+--------------------------+--------------+
* Specify Design Power Budget using, set_operating_conditions -design_power_budget <value in Watts>


1.1 On-Chip Components
----------------------

+--------------------------+-----------+----------+-----------+-----------------+
| On-Chip                  | Power (W) | Used     | Available | Utilization (%) |
+--------------------------+-----------+----------+-----------+-----------------+
| Clocks                   |     0.445 |        3 |       --- |             --- |
| CLB Logic                |     0.509 |   179869 |       --- |             --- |
|   LUT as Logic           |     0.420 |    79910 |   1303680 |            6.13 |
|   LUT as Shift Register  |     0.042 |     1797 |    600960 |            0.30 |
|   Register               |     0.024 |    70597 |   2607360 |            2.71 |
|   CARRY8                 |     0.014 |     2823 |    162960 |            1.73 |
|   LUT as Distributed RAM |     0.010 |     1166 |    600960 |            0.19 |
|   Others                 |     0.000 |     1132 |       --- |             --- |
|   F7/F8 Muxes            |     0.000 |     8815 |   1303680 |            0.68 |
| Signals                  |     0.824 |   166553 |       --- |             --- |
| Block RAM                |     0.229 |      341 |      2016 |           16.91 |
| URAM                     |     1.034 |      598 |       960 |           62.29 |
| DSPs                     |     0.006 |       12 |      9024 |            0.13 |
| Static Power             |     3.395 |          |           |                 |
| Total                    |     6.442 |          |           |                 |
+--------------------------+-----------+----------+-----------+-----------------+


1.2 Power Supply Summary
------------------------

+------------------+-------------+-----------+-------------+------------+-------------+-------------+------------+
| Source           | Voltage (V) | Total (A) | Dynamic (A) | Static (A) | Powerup (A) | Budget (A)  | Margin (A) |
+------------------+-------------+-----------+-------------+------------+-------------+-------------+------------+
| Vccint           |       0.850 |     4.960 |       3.572 |      1.389 |       NA    | Unspecified | NA         |
| Vccint_io        |       0.850 |     0.243 |       0.000 |      0.243 |       NA    | Unspecified | NA         |
| Vccbram          |       0.850 |     0.053 |       0.013 |      0.040 |       NA    | Unspecified | NA         |
| Vccaux           |       1.800 |     0.819 |       0.000 |      0.819 |       NA    | Unspecified | NA         |
| Vccaux_io        |       1.800 |     0.035 |       0.000 |      0.035 |       NA    | Unspecified | NA         |
| Vcco33           |       3.300 |     0.000 |       0.000 |      0.000 |       NA    | Unspecified | NA         |
| Vcco25           |       2.500 |     0.000 |       0.000 |      0.000 |       NA    | Unspecified | NA         |
| Vcco18           |       1.800 |     0.000 |       0.000 |      0.000 |       NA    | Unspecified | NA         |
| Vcco15           |       1.500 |     0.000 |       0.000 |      0.000 |       NA    | Unspecified | NA         |
| Vcco135          |       1.350 |     0.000 |       0.000 |      0.000 |       NA    | Unspecified | NA         |
| Vcco12           |       1.200 |     0.000 |       0.000 |      0.000 |       NA    | Unspecified | NA         |
| Vcco10           |       1.000 |     0.000 |       0.000 |      0.000 |       NA    | Unspecified | NA         |
| Vccadc           |       1.800 |     0.024 |       0.000 |      0.024 |       NA    | Unspecified | NA         |
| VCC_IO_HBM       |       1.200 |     0.082 |       0.000 |      0.082 |       NA    | Unspecified | NA         |
| VCC_HBM          |       1.200 |     0.156 |       0.000 |      0.156 |       NA    | Unspecified | NA         |
| VCCAUX_HBM       |       2.500 |     0.043 |       0.000 |      0.043 |       NA    | Unspecified | NA         |
| VMGTAVCC (GTY)   |       0.900 |     0.000 |       0.000 |      0.000 |       NA    | Unspecified | NA         |
| VMGTAVTT (GTY)   |       1.200 |     0.000 |       0.000 |      0.000 |       NA    | Unspecified | NA         |
| VMGTVCCAUX (GTY) |       1.800 |     0.000 |       0.000 |      0.000 |       NA    | Unspecified | NA         |
+------------------+-------------+-----------+-------------+------------+-------------+-------------+------------+


1.3 Confidence Level
--------------------

+-----------------------------+------------+------------------------------------------------+------------------------------------------------------------------------------------------------------------+
| User Input Data             | Confidence | Details                                        | Action                                                                                                     |
+-----------------------------+------------+------------------------------------------------+------------------------------------------------------------------------------------------------------------+
| Design implementation state | High       | Design is routed                               |                                                                                                            |
| Clock nodes activity        | High       | User specified more than 95% of clocks         |                                                                                                            |
| I/O nodes activity          | High       | User specified more than 95% of inputs         |                                                                                                            |
| Internal nodes activity     | Medium     | User specified less than 25% of internal nodes | Provide missing internal nodes activity with simulation results or by editing the "By Resource Type" views |
| Device models               | High       | Device models are Production                   |                                                                                                            |
|                             |            |                                                |                                                                                                            |
| Overall confidence level    | Medium     |                                                |                                                                                                            |
+-----------------------------+------------+------------------------------------------------+------------------------------------------------------------------------------------------------------------+


2. Settings
-----------

2.1 Environment
---------------

+-----------------------+--------------------------+
| Ambient Temp (C)      | 25.0                     |
| ThetaJA (C/W)         | 0.4                      |
| Airflow (LFM)         | 250                      |
| Heat Sink             | medium (Medium Profile)  |
| ThetaSA (C/W)         | 0.5                      |
| Board Selection       | medium (10"x10")         |
| # of Board Layers     | 12to15 (12 to 15 Layers) |
| Board Temperature (C) | 25.0                     |
+-----------------------+--------------------------+


2.2 Clock Constraints
---------------------

+--------+--------+-----------------+
| Clock  | Domain | Constraint (ns) |
+--------+--------+-----------------+
| ap_clk | ap_clk |             4.0 |
+--------+--------+-----------------+


3. Detailed Reports
-------------------

3.1 By Hierarchy
----------------

+----------------------------------------------------------------------------------------------------+-----------+
| Name                                                                                               | Power (W) |
+----------------------------------------------------------------------------------------------------+-----------+
| gdn_rs2_top                                                                                        |     3.047 |
|   control_r_s_axi_U                                                                                |     0.024 |
|   gmem0_m_axi_U                                                                                    |     0.015 |
|     bus_read                                                                                       |     0.006 |
|       rreq_burst_conv                                                                              |     0.004 |
|     load_unit_0                                                                                    |     0.009 |
|       buff_rdata                                                                                   |     0.006 |
|       fifo_rreq                                                                                    |     0.002 |
|   gmem10_m_axi_U                                                                                   |     0.017 |
|     bus_write                                                                                      |     0.009 |
|       wreq_burst_conv                                                                              |     0.005 |
|       wreq_throttle                                                                                |     0.003 |
|     store_unit_0                                                                                   |     0.008 |
|       buff_wdata                                                                                   |     0.001 |
|       bus_wide_gen.buff_wdata_in                                                                   |     0.001 |
|       bus_wide_gen.wreq_offset                                                                     |     0.001 |
|       fifo_wreq                                                                                    |     0.002 |
|   gmem11_m_axi_U                                                                                   |     0.016 |
|     bus_write                                                                                      |     0.008 |
|       wreq_burst_conv                                                                              |     0.004 |
|       wreq_throttle                                                                                |     0.003 |
|     store_unit_0                                                                                   |     0.008 |
|       buff_wdata                                                                                   |     0.001 |
|       bus_wide_gen.buff_wdata_in                                                                   |     0.001 |
|       bus_wide_gen.wreq_offset                                                                     |     0.001 |
|       fifo_wreq                                                                                    |     0.002 |
|   gmem12_m_axi_U                                                                                   |     0.016 |
|     bus_write                                                                                      |     0.008 |
|       wreq_burst_conv                                                                              |     0.004 |
|       wreq_throttle                                                                                |     0.003 |
|     store_unit_0                                                                                   |     0.008 |
|       buff_wdata                                                                                   |     0.001 |
|       bus_wide_gen.buff_wdata_in                                                                   |     0.001 |
|       bus_wide_gen.wreq_offset                                                                     |     0.001 |
|       fifo_wreq                                                                                    |     0.002 |
|   gmem13_m_axi_U                                                                                   |     0.016 |
|     bus_write                                                                                      |     0.008 |
|       wreq_burst_conv                                                                              |     0.004 |
|       wreq_throttle                                                                                |     0.003 |
|     store_unit_0                                                                                   |     0.008 |
|       buff_wdata                                                                                   |     0.001 |
|       bus_wide_gen.buff_wdata_in                                                                   |     0.001 |
|       bus_wide_gen.wreq_offset                                                                     |     0.001 |
|       fifo_wreq                                                                                    |     0.002 |
|   gmem14_m_axi_U                                                                                   |     0.015 |
|     bus_write                                                                                      |     0.008 |
|       wreq_burst_conv                                                                              |     0.004 |
|       wreq_throttle                                                                                |     0.003 |
|     store_unit_0                                                                                   |     0.007 |
|       buff_wdata                                                                                   |     0.001 |
|       bus_wide_gen.buff_wdata_in                                                                   |     0.001 |
|       fifo_wreq                                                                                    |     0.001 |
|   gmem15_m_axi_U                                                                                   |     0.016 |
|     bus_write                                                                                      |     0.009 |
|       wreq_burst_conv                                                                              |     0.005 |
|       wreq_throttle                                                                                |     0.004 |
|     store_unit_0                                                                                   |     0.007 |
|       buff_wdata                                                                                   |     0.004 |
|       fifo_wreq                                                                                    |     0.002 |
|   gmem16_m_axi_U                                                                                   |     0.016 |
|     bus_read                                                                                       |     0.006 |
|       rreq_burst_conv                                                                              |     0.004 |
|     load_unit_0                                                                                    |     0.011 |
|       buff_rdata                                                                                   |     0.006 |
|       bus_wide_gen.rs_rdata_int                                                                    |     0.002 |
|       fifo_rreq                                                                                    |     0.002 |
|   gmem17_m_axi_U                                                                                   |     0.017 |
|     bus_read                                                                                       |     0.006 |
|       rreq_burst_conv                                                                              |     0.004 |
|     load_unit_0                                                                                    |     0.011 |
|       buff_rdata                                                                                   |     0.006 |
|       bus_wide_gen.rs_rdata_int                                                                    |     0.002 |
|       fifo_rreq                                                                                    |     0.002 |
|   gmem18_m_axi_U                                                                                   |     0.017 |
|     bus_read                                                                                       |     0.006 |
|       rreq_burst_conv                                                                              |     0.004 |
|     load_unit_0                                                                                    |     0.011 |
|       buff_rdata                                                                                   |     0.006 |
|       bus_wide_gen.rs_rdata_int                                                                    |     0.002 |
|       fifo_rreq                                                                                    |     0.002 |
|   gmem19_m_axi_U                                                                                   |     0.015 |
|     bus_write                                                                                      |     0.008 |
|       wreq_burst_conv                                                                              |     0.004 |
|       wreq_throttle                                                                                |     0.003 |
|     store_unit_0                                                                                   |     0.007 |
|       buff_wdata                                                                                   |     0.001 |
|       bus_wide_gen.buff_wdata_in                                                                   |     0.001 |
|       fifo_wreq                                                                                    |     0.002 |
|   gmem1_m_axi_U                                                                                    |     0.015 |
|     bus_read                                                                                       |     0.006 |
|       rreq_burst_conv                                                                              |     0.004 |
|     load_unit_0                                                                                    |     0.010 |
|       buff_rdata                                                                                   |     0.006 |
|       fifo_rreq                                                                                    |     0.002 |
|   gmem2_m_axi_U                                                                                    |     0.015 |
|     bus_read                                                                                       |     0.005 |
|       rreq_burst_conv                                                                              |     0.004 |
|     load_unit_0                                                                                    |     0.009 |
|       buff_rdata                                                                                   |     0.006 |
|       fifo_rreq                                                                                    |     0.002 |
|   gmem3_m_axi_U                                                                                    |     0.018 |
|     bus_read                                                                                       |     0.005 |
|       rreq_burst_conv                                                                              |     0.004 |
|     load_unit_0                                                                                    |     0.013 |
|       buff_rdata                                                                                   |     0.007 |
|       bus_wide_gen.rs_rdata_int                                                                    |     0.002 |
|       fifo_rreq                                                                                    |     0.002 |
|   gmem4_m_axi_U                                                                                    |     0.016 |
|     bus_read                                                                                       |     0.006 |
|       rreq_burst_conv                                                                              |     0.004 |
|     load_unit_0                                                                                    |     0.011 |
|       buff_rdata                                                                                   |     0.006 |
|       bus_wide_gen.rs_rdata_int                                                                    |     0.001 |
|       fifo_rreq                                                                                    |     0.002 |
|   gmem5_m_axi_U                                                                                    |     0.018 |
|     bus_read                                                                                       |     0.006 |
|       rreq_burst_conv                                                                              |     0.004 |
|     load_unit_0                                                                                    |     0.012 |
|       buff_rdata                                                                                   |     0.007 |
|       bus_wide_gen.rs_rdata_int                                                                    |     0.001 |
|       fifo_rreq                                                                                    |     0.002 |
|   gmem6_m_axi_U                                                                                    |     0.016 |
|     bus_read                                                                                       |     0.006 |
|       rreq_burst_conv                                                                              |     0.004 |
|     load_unit_0                                                                                    |     0.011 |
|       buff_rdata                                                                                   |     0.006 |
|       bus_wide_gen.rs_rdata_int                                                                    |     0.001 |
|       fifo_rreq                                                                                    |     0.002 |
|   gmem7_m_axi_U                                                                                    |     0.016 |
|     bus_read                                                                                       |     0.006 |
|       rreq_burst_conv                                                                              |     0.004 |
|     load_unit_0                                                                                    |     0.010 |
|       buff_rdata                                                                                   |     0.006 |
|       bus_wide_gen.rs_rdata_int                                                                    |     0.001 |
|       fifo_rreq                                                                                    |     0.002 |
|   gmem8_m_axi_U                                                                                    |     0.017 |
|     bus_read                                                                                       |     0.005 |
|       rreq_burst_conv                                                                              |     0.004 |
|     load_unit_0                                                                                    |     0.012 |
|       buff_rdata                                                                                   |     0.008 |
|       bus_wide_gen.rs_rdata_int                                                                    |     0.001 |
|       fifo_rreq                                                                                    |     0.002 |
|   gmem9_m_axi_U                                                                                    |     0.014 |
|     bus_write                                                                                      |     0.008 |
|       wreq_burst_conv                                                                              |     0.004 |
|       wreq_throttle                                                                                |     0.003 |
|     store_unit_0                                                                                   |     0.006 |
|       buff_wdata                                                                                   |     0.002 |
|       fifo_wreq                                                                                    |     0.002 |
|   grp_gdn_rs2_top_impl_fu_562                                                                      |     2.683 |
|     gdn_rs2_top_impl_unsigned_char_unsigned_short_unsigned_char_unsigned_char_ap_uin_2_U           |     0.001 |
|     gdn_rs2_top_impl_unsigned_char_unsigned_short_unsigned_char_unsigned_char_ap_uin_3_U           |     0.002 |
|     gdn_rs2_top_impl_unsigned_char_unsigned_short_unsigned_char_unsigned_char_ap_uin_5_U           |     0.001 |
|     gdn_rs2_top_impl_unsigned_char_unsigned_short_unsigned_char_unsigned_char_ap_uin_6_U           |     0.001 |
|     gdn_rs2_top_impl_unsigned_char_unsigned_short_unsigned_char_unsigned_char_ap_uin_7_U           |     0.001 |
|     gdn_rs2_top_impl_unsigned_char_unsigned_short_unsigned_char_unsigned_char_ap_uin_8_U           |     0.001 |
|     gdn_rs2_top_impl_unsigned_char_unsigned_short_unsigned_char_unsigned_char_ap_uin_9_U           |     0.001 |
|     grp_aligned_sum_guarded_2_1_fu_14196                                                           |     0.024 |
|       grp_aligned_sum_guarded_2_1_Pipeline_align_terms_fu_144                                      |     0.019 |
|       grp_aligned_sum_guarded_2_1_Pipeline_find_dominant_fu_130                                    |     0.001 |
|     grp_aligned_sum_guarded_3_s_fu_9611                                                            |     0.019 |
|       grp_aligned_sum_guarded_3_Pipeline_align_terms_fu_166                                        |     0.016 |
|     grp_gdn_rs2_top_impl_Outline_decay_coefficients_heads_fu_9263                                  |     0.006 |
|       mul_16ns_16ns_32_1_1_U236                                                                    |     0.001 |
|       mul_16ns_16ns_32_1_1_U237                                                                    |     0.001 |
|     grp_gdn_rs2_top_impl_Outline_output_log_entries_fu_9342                                        |     0.048 |
|       grp_p_anonymous_namespace_dot_log_entry_fu_225                                               |     0.047 |
|     grp_gdn_rs2_top_impl_Outline_prediction_log_entries_fu_9293                                    |     0.047 |
|       grp_p_anonymous_namespace_dot_log_entry_fu_233                                               |     0.045 |
|     grp_p_anonymous_namespace_combine_action_fu_9584                                               |     0.030 |
|       grp_aligned_sum_guarded_7_s_fu_537                                                           |     0.016 |
|     grp_p_anonymous_namespace_dot_base_column_fu_9403                                              |     0.057 |
|       grp_aligned_sum_guarded_512_s_fu_465                                                         |     0.022 |
|       grp_p_anonymous_namespace_dot_base_column_Pipeline_dot_base_vector_terms_dot_base_sta_fu_366 |     0.024 |
|       mul_32s_16ns_48_2_1_U559                                                                     |     0.002 |
|     grp_p_anonymous_namespace_fold_log_if_full_fu_9368                                             |     0.391 |
|       grp_p_anonymous_namespace_fold_log_fu_207                                                    |     0.384 |
|     grp_p_anonymous_namespace_load_snapshot_fu_9143                                                |     0.062 |
|       grp_p_anonymous_namespace_load_snapshot_Outline_load_snapshot_terms_fu_515                   |     0.014 |
|       grp_p_anonymous_namespace_load_snapshot_Pipeline_load_snapshot_lanes_fu_500                  |     0.013 |
|     grp_p_anonymous_namespace_quantize_update_block_fu_9437                                        |     0.229 |
|       grp_p_anonymous_namespace_quantize_update_block_Pipeline_quantize_update_second_fu_2633      |     0.189 |
|     grp_p_anonymous_namespace_read_snapshot_fu_9623                                                |     0.061 |
|       grp_p_anonymous_namespace_read_snapshot_Outline_read_snapshot_terms_fu_511                   |     0.014 |
|       grp_p_anonymous_namespace_read_snapshot_Pipeline_read_snapshot_lanes_fu_496                  |     0.011 |
|     grp_p_anonymous_namespace_reset_slot_fu_9193                                                   |     0.027 |
|       grp_p_anonymous_namespace_clear_log_fu_272                                                   |     0.002 |
|     grp_p_anonymous_namespace_store_key_fu_9318                                                    |     0.004 |
|       grp_p_anonymous_namespace_store_key_Pipeline_store_key_terms_store_key_heads_store_ke_fu_106 |     0.004 |
|     grp_p_anonymous_namespace_validate_snapshot_fu_9107                                            |     0.013 |
|       grp_p_anonymous_namespace_validate_snapshot_Pipeline_validate_snapshot_key_lanes_fu_636      |     0.002 |
|       grp_p_anonymous_namespace_validate_snapshot_Pipeline_validate_snapshot_lanes_fu_619          |     0.003 |
|       grp_p_anonymous_namespace_validate_snapshot_Pipeline_validate_snapshot_update_lanes_fu_651   |     0.002 |
|     grp_p_anonymous_namespace_validate_token_fu_9223                                               |     0.007 |
|       grp_p_anonymous_namespace_validate_qk_stack_fu_202                                           |     0.003 |
|       grp_p_anonymous_namespace_validate_value_stack_fu_218                                        |     0.002 |
|     grp_select_e2m1_scale_power_fu_14205                                                           |     0.034 |
|       grp_select_e2m1_scale_power_Pipeline_select_e2m1_max_fu_1150                                 |     0.010 |
|       grp_select_e2m1_scale_power_Pipeline_select_e2m1_normalize_fu_1014                           |     0.016 |
|       normalized_magnitudes_U                                                                      |     0.002 |
|     mul_32s_16ns_48_2_1_U1560                                                                      |     0.005 |
|     resident_gamma_U                                                                               |     0.002 |
|     resident_key_scales_U                                                                          |     0.005 |
|     resident_keys_U                                                                                |     0.017 |
|     resident_lambda_U                                                                              |     0.003 |
|     resident_primary_U                                                                             |     0.685 |
|     resident_primary_scales_U                                                                      |     0.083 |
|     resident_residual_U                                                                            |     0.653 |
|     resident_residual_scales_U                                                                     |     0.083 |
|     resident_update_scales_U                                                                       |     0.006 |
|     resident_updates_U                                                                             |     0.023 |
+----------------------------------------------------------------------------------------------------+-----------+


