Copyright 1986-2022 Xilinx, Inc. All Rights Reserved. Copyright 2022-2025 Advanced Micro Devices, Inc. All Rights Reserved.
------------------------------------------------------------------------------------------------------------------------------------------------------------------------------------------
| Tool Version      : Vivado v.2025.2 (win64) Build 6299465 Fri Nov 14 19:35:11 GMT 2025
| Date              : Sun Aug  9 21:45:35 2026
| Host              : Tyler running 64-bit major release  (build 9200)
| Command           : report_timing_summary -delay_type min_max -report_unconstrained -check_timing_verbose -file X:/reports/vivado/experiments/rs2_fold_control_20260809/impl_timing.rpt
| Design            : gdn_rs2_top
| Device            : xcu55c-fsvh2892
| Speed File        : -2L  PRODUCTION 1.30 05-01-2022
| Design State      : Routed
| Temperature Grade : E
------------------------------------------------------------------------------------------------------------------------------------------------------------------------------------------

Timing Summary Report

------------------------------------------------------------------------------------------------
| Timer Settings
| --------------
------------------------------------------------------------------------------------------------

  Enable Multi Corner Analysis               :  Yes
  Enable Pessimism Removal                   :  Yes
  Pessimism Removal Resolution               :  Nearest Common Node
  Enable Input Delay Default Clock           :  No
  Enable Preset / Clear Arcs                 :  No
  Disable Flight Delays                      :  No
  Ignore I/O Paths                           :  No
  Timing Early Launch at Borrowing Latches   :  No
  Borrow Time for Max Delay Exceptions       :  Yes
  Merge Timing Exceptions                    :  Yes
  Inter-SLR Compensation                     :  Conservative

  Corner  Analyze    Analyze    
  Name    Max Paths  Min Paths  
  ------  ---------  ---------  
  Slow    Yes        Yes        
  Fast    Yes        Yes        


------------------------------------------------------------------------------------------------
| Report Methodology
| ------------------
------------------------------------------------------------------------------------------------

No report available as report_methodology has not been run prior. Run report_methodology on the current design for the summary of methodology violations.



check_timing report

Table of Contents
-----------------
1. checking no_clock (0)
2. checking constant_clock (0)
3. checking pulse_width_clock (0)
4. checking unconstrained_internal_endpoints (0)
5. checking no_input_delay (0)
6. checking no_output_delay (0)
7. checking multiple_clock (0)
8. checking generated_clocks (0)
9. checking loops (0)
10. checking partial_input_delay (0)
11. checking partial_output_delay (0)
12. checking latch_loops (0)

1. checking no_clock (0)
------------------------
 There are 0 register/latch pins with no clock.


2. checking constant_clock (0)
------------------------------
 There are 0 register/latch pins with constant_clock.


3. checking pulse_width_clock (0)
---------------------------------
 There are 0 register/latch pins which need pulse_width check


4. checking unconstrained_internal_endpoints (0)
------------------------------------------------
 There are 0 pins that are not constrained for maximum delay.

 There are 0 pins that are not constrained for maximum delay due to constant clock.


5. checking no_input_delay (0)
------------------------------
 There are 0 input ports with no input delay specified.

 There are 0 input ports with no input delay but user has a false path constraint.


6. checking no_output_delay (0)
-------------------------------
 There are 0 ports with no output delay specified.

 There are 0 ports with no output delay but user has a false path constraint

 There are 0 ports with no output delay but with a timing clock defined on it or propagating through it


7. checking multiple_clock (0)
------------------------------
 There are 0 register/latch pins with multiple clocks.


8. checking generated_clocks (0)
--------------------------------
 There are 0 generated clocks that are not connected to a clock source.


9. checking loops (0)
---------------------
 There are 0 combinational loops in the design.


10. checking partial_input_delay (0)
------------------------------------
 There are 0 input ports with partial input delay specified.


11. checking partial_output_delay (0)
-------------------------------------
 There are 0 ports with partial output delay specified.


12. checking latch_loops (0)
----------------------------
 There are 0 combinational latch loops in the design through latch input



------------------------------------------------------------------------------------------------
| Design Timing Summary
| ---------------------
------------------------------------------------------------------------------------------------

    WNS(ns)      TNS(ns)  TNS Failing Endpoints  TNS Total Endpoints      WHS(ns)      THS(ns)  THS Failing Endpoints  THS Total Endpoints     WPWS(ns)     TPWS(ns)  TPWS Failing Endpoints  TPWS Total Endpoints  
    -------      -------  ---------------------  -------------------      -------      -------  ---------------------  -------------------     --------     --------  ----------------------  --------------------  
     -1.371   -15454.734                  31992               222914        0.010        0.000                      0               222501        1.300        0.000                       0                 76361  


Timing constraints are not met.


------------------------------------------------------------------------------------------------
| Clock Summary
| -------------
------------------------------------------------------------------------------------------------

Clock   Waveform(ns)         Period(ns)      Frequency(MHz)
-----   ------------         ----------      --------------
ap_clk  {0.000 2.000}        4.000           250.000         


------------------------------------------------------------------------------------------------
| Intra Clock Table
| -----------------
------------------------------------------------------------------------------------------------

Clock             WNS(ns)      TNS(ns)  TNS Failing Endpoints  TNS Total Endpoints      WHS(ns)      THS(ns)  THS Failing Endpoints  THS Total Endpoints     WPWS(ns)     TPWS(ns)  TPWS Failing Endpoints  TPWS Total Endpoints  
-----             -------      -------  ---------------------  -------------------      -------      -------  ---------------------  -------------------     --------     --------  ----------------------  --------------------  
ap_clk             -1.371   -15454.734                  31992               222914        0.010        0.000                      0               222501        1.300        0.000                       0                 76361  


------------------------------------------------------------------------------------------------
| Inter Clock Table
| -----------------
------------------------------------------------------------------------------------------------

From Clock    To Clock          WNS(ns)      TNS(ns)  TNS Failing Endpoints  TNS Total Endpoints      WHS(ns)      THS(ns)  THS Failing Endpoints  THS Total Endpoints  
----------    --------          -------      -------  ---------------------  -------------------      -------      -------  ---------------------  -------------------  


------------------------------------------------------------------------------------------------
| Other Path Groups Table
| -----------------------
------------------------------------------------------------------------------------------------

Path Group    From Clock    To Clock          WNS(ns)      TNS(ns)  TNS Failing Endpoints  TNS Total Endpoints      WHS(ns)      THS(ns)  THS Failing Endpoints  THS Total Endpoints  
----------    ----------    --------          -------      -------  ---------------------  -------------------      -------      -------  ---------------------  -------------------  


------------------------------------------------------------------------------------------------
| User Ignored Path Table
| -----------------------
------------------------------------------------------------------------------------------------

Path Group    From Clock    To Clock    
----------    ----------    --------    
(none)        ap_clk        ap_clk        


------------------------------------------------------------------------------------------------
| Unconstrained Path Table
| ------------------------
------------------------------------------------------------------------------------------------

Path Group    From Clock    To Clock    
----------    ----------    --------    


------------------------------------------------------------------------------------------------
| Timing Details
| --------------
------------------------------------------------------------------------------------------------


---------------------------------------------------------------------------------------------------
From Clock:  ap_clk
  To Clock:  ap_clk

Setup :        31992  Failing Endpoints,  Worst Slack       -1.371ns,  Total Violation   -15454.734ns
Hold  :            0  Failing Endpoints,  Worst Slack        0.010ns,  Total Violation        0.000ns
PW    :            0  Failing Endpoints,  Worst Slack        1.300ns,  Total Violation        0.000ns
---------------------------------------------------------------------------------------------------


Max Delay Paths
--------------------------------------------------------------------------------------
Slack (VIOLATED) :        -1.371ns  (required time - arrival time)
  Source:                 grp_gdn_rs2_top_impl_fu_562/grp_p_anonymous_namespace_fold_log_if_full_fu_9368/grp_p_anonymous_namespace_fold_log_fu_207/ap_CS_fsm_reg[38]_replica_12/C
                            (rising edge-triggered cell FDRE clocked by ap_clk  {rise@0.000ns fall@2.000ns period=4.000ns})
  Destination:            grp_gdn_rs2_top_impl_fu_562/resident_primary_U/ram_reg_uram_84/BWE_B[3]
                            (rising edge-triggered cell URAM288 clocked by ap_clk  {rise@0.000ns fall@2.000ns period=4.000ns})
  Path Group:             ap_clk
  Path Type:              Setup (Max at Slow Process Corner)
  Requirement:            4.000ns  (ap_clk rise@4.000ns - ap_clk rise@0.000ns)
  Data Path Delay:        4.907ns  (logic 0.483ns (9.843%)  route 4.424ns (90.157%))
  Logic Levels:           5  (LUT2=1 LUT3=1 LUT5=1 LUT6=2)
  Clock Path Skew:        0.261ns (DCD - SCD + CPR)
    Destination Clock Delay (DCD):    3.632ns = ( 7.632 - 4.000 ) 
    Source Clock Delay      (SCD):    3.555ns
    Clock Pessimism Removal (CPR):    0.184ns
  Clock Uncertainty:      0.035ns  ((TSJ^2 + TIJ^2)^1/2 + DJ) / 2 + PE
    Total System Jitter     (TSJ):    0.071ns
    Total Input Jitter      (TIJ):    0.000ns
    Discrete Jitter          (DJ):    0.000ns
    Phase Error              (PE):    0.000ns
  Inter-SLR Compensation: 0.279ns  ((DCD - CCD) * PF)
    Destination Clock Delay (DCD):    3.632ns
    Common Clock Delay      (CCD):    1.769ns
    Prorating Factor         (PF):    0.150
  Clock Net Delay (Source):      3.484ns (routing 1.882ns, distribution 1.602ns)
  Clock Net Delay (Destination): 3.572ns (routing 1.709ns, distribution 1.863ns)

    Location             Delay type                Incr(ns)  Path(ns)    Netlist Resource(s)
  -------------------------------------------------------------------    -------------------
                         (clock ap_clk rise edge)     0.000     0.000 r  
                                                      0.000     0.000 r  ap_clk (IN)
                         net (fo=0)                   0.043     0.043    ap_clk
    BUFGCE_X0Y0          BUFGCE (Prop_BUFCE_BUFGCE_I_O)
                                                      0.028     0.071 r  ooc_ap_clk_bufg/O
    X3Y6 (CLOCK_ROOT)    net (fo=76419, routed)       3.484     3.555    grp_gdn_rs2_top_impl_fu_562/grp_p_anonymous_namespace_fold_log_if_full_fu_9368/grp_p_anonymous_namespace_fold_log_fu_207/ooc_ap_clk_global
    SLR Crossing[0->1]   
    SLICE_X112Y413       FDRE                                         r  grp_gdn_rs2_top_impl_fu_562/grp_p_anonymous_namespace_fold_log_if_full_fu_9368/grp_p_anonymous_namespace_fold_log_fu_207/ap_CS_fsm_reg[38]_replica_12/C
  -------------------------------------------------------------------    -------------------
    SLICE_X112Y413       FDRE (Prop_AFF_SLICEL_C_Q)
                                                      0.079     3.634 r  grp_gdn_rs2_top_impl_fu_562/grp_p_anonymous_namespace_fold_log_if_full_fu_9368/grp_p_anonymous_namespace_fold_log_fu_207/ap_CS_fsm_reg[38]_replica_12/Q
                         net (fo=7, routed)           0.154     3.788    grp_gdn_rs2_top_impl_fu_562/grp_p_anonymous_namespace_fold_log_if_full_fu_9368/grp_p_anonymous_namespace_fold_log_fu_207/grp_p_anonymous_namespace_quantize_fold_block_fu_8160/ap_CS_fsm_state39_repN_12_alias
    SLICE_X112Y412       LUT3 (Prop_B6LUT_SLICEL_I1_O)
                                                      0.051     3.839 r  grp_gdn_rs2_top_impl_fu_562/grp_p_anonymous_namespace_fold_log_if_full_fu_9368/grp_p_anonymous_namespace_fold_log_fu_207/grp_p_anonymous_namespace_quantize_fold_block_fu_8160/ram_reg_mux_sel_158_i_3/O
                         net (fo=1, routed)           0.049     3.888    grp_gdn_rs2_top_impl_fu_562/grp_p_anonymous_namespace_fold_log_if_full_fu_9368/grp_p_anonymous_namespace_fold_log_fu_207/grp_p_anonymous_namespace_quantize_fold_block_fu_8160/grp_p_anonymous_namespace_fold_log_if_full_fu_9368_resident_primary_address0[18]
    SLICE_X112Y412       LUT5 (Prop_F6LUT_SLICEL_I0_O)
                                                      0.123     4.011 r  grp_gdn_rs2_top_impl_fu_562/grp_p_anonymous_namespace_fold_log_if_full_fu_9368/grp_p_anonymous_namespace_fold_log_fu_207/grp_p_anonymous_namespace_quantize_fold_block_fu_8160/ram_reg_mux_sel_158_i_2__0/O
                         net (fo=1, routed)           0.040     4.051    grp_gdn_rs2_top_impl_fu_562/grp_p_anonymous_namespace_read_snapshot_fu_9623/ram_reg_mux_sel_reg_158_0
    SLICE_X112Y412       LUT6 (Prop_E6LUT_SLICEL_I5_O)
                                                      0.090     4.141 r  grp_gdn_rs2_top_impl_fu_562/grp_p_anonymous_namespace_read_snapshot_fu_9623/ram_reg_mux_sel_158_i_1/O
                         net (fo=87, routed)          1.273     5.414    grp_gdn_rs2_top_impl_fu_562/grp_p_anonymous_namespace_read_snapshot_fu_9623/tmp_11_reg_1203_reg[18]_0
    SLR Crossing[1->2]   
    SLICE_X112Y495       LUT2 (Prop_C6LUT_SLICEL_I1_O)
                                                      0.050     5.464 f  grp_gdn_rs2_top_impl_fu_562/grp_p_anonymous_namespace_read_snapshot_fu_9623/ram_reg_uram_84_i_3/O
                         net (fo=11, routed)          0.368     5.832    grp_gdn_rs2_top_impl_fu_562/grp_p_anonymous_namespace_read_snapshot_fu_9623/ram_reg_uram_84_i_3_n_0
    SLICE_X112Y521       LUT6 (Prop_A6LUT_SLICEL_I5_O)
                                                      0.090     5.922 r  grp_gdn_rs2_top_impl_fu_562/grp_p_anonymous_namespace_read_snapshot_fu_9623/ram_reg_uram_84_i_2/O
                         net (fo=18, routed)          2.540     8.462    grp_gdn_rs2_top_impl_fu_562/resident_primary_U/word_reg_13370[72]_i_49_0[0]
    URAM288_X3Y183       URAM288                                      r  grp_gdn_rs2_top_impl_fu_562/resident_primary_U/ram_reg_uram_84/BWE_B[3]
  -------------------------------------------------------------------    -------------------

                         (clock ap_clk rise edge)     4.000     4.000 r  
                                                      0.000     4.000 r  ap_clk (IN)
                         net (fo=0)                   0.036     4.036    ap_clk
    BUFGCE_X0Y0          BUFGCE (Prop_BUFCE_BUFGCE_I_O)
                                                      0.024     4.060 r  ooc_ap_clk_bufg/O
    X3Y6 (CLOCK_ROOT)    net (fo=76419, routed)       3.572     7.632    grp_gdn_rs2_top_impl_fu_562/resident_primary_U/ooc_ap_clk_global
    SLR Crossing[0->2]   
    URAM288_X3Y183       URAM288                                      r  grp_gdn_rs2_top_impl_fu_562/resident_primary_U/ram_reg_uram_84/CLK
                         clock pessimism              0.184     7.816    
                         inter-SLR compensation      -0.279     7.537    
                         clock uncertainty           -0.035     7.501    
    URAM288_X3Y183       URAM288 (Setup_URAM_288K_INST_URAM288_CLK_BWE_B[3])
                                                     -0.410     7.091    grp_gdn_rs2_top_impl_fu_562/resident_primary_U/ram_reg_uram_84
  -------------------------------------------------------------------
                         required time                          7.091    
                         arrival time                          -8.462    
  -------------------------------------------------------------------
                         slack                                 -1.371    





Min Delay Paths
--------------------------------------------------------------------------------------
Slack (MET) :             0.010ns  (arrival time - required time)
  Source:                 gmem5_m_axi_U/load_unit_0/tmp_addr_reg[39]/C
                            (rising edge-triggered cell FDRE clocked by ap_clk  {rise@0.000ns fall@2.000ns period=4.000ns})
  Destination:            gmem5_m_axi_U/bus_read/rreq_burst_conv/burst_sequential/rs_req/data_p2_reg[39]/D
                            (rising edge-triggered cell FDRE clocked by ap_clk  {rise@0.000ns fall@2.000ns period=4.000ns})
  Path Group:             ap_clk
  Path Type:              Hold (Min at Slow Process Corner)
  Requirement:            0.000ns  (ap_clk rise@0.000ns - ap_clk rise@0.000ns)
  Data Path Delay:        0.174ns  (logic 0.057ns (32.759%)  route 0.117ns (67.241%))
  Logic Levels:           0  
  Clock Path Skew:        0.102ns (DCD - SCD - CPR)
    Destination Clock Delay (DCD):    3.776ns
    Source Clock Delay      (SCD):    3.378ns
    Clock Pessimism Removal (CPR):    0.296ns
  Clock Net Delay (Source):      3.318ns (routing 1.709ns, distribution 1.609ns)
  Clock Net Delay (Destination): 3.705ns (routing 1.882ns, distribution 1.823ns)

    Location             Delay type                Incr(ns)  Path(ns)    Netlist Resource(s)
  -------------------------------------------------------------------    -------------------
                         (clock ap_clk rise edge)     0.000     0.000 r  
                                                      0.000     0.000 r  ap_clk (IN)
                         net (fo=0)                   0.036     0.036    ap_clk
    BUFGCE_X0Y0          BUFGCE (Prop_BUFCE_BUFGCE_I_O)
                                                      0.024     0.060 r  ooc_ap_clk_bufg/O
    X3Y6 (CLOCK_ROOT)    net (fo=76419, routed)       3.318     3.378    gmem5_m_axi_U/load_unit_0/ooc_ap_clk_global
    SLR Crossing[0->1]   
    SLICE_X46Y441        FDRE                                         r  gmem5_m_axi_U/load_unit_0/tmp_addr_reg[39]/C
  -------------------------------------------------------------------    -------------------
    SLICE_X46Y441        FDRE (Prop_FFF_SLICEM_C_Q)
                                                      0.057     3.435 r  gmem5_m_axi_U/load_unit_0/tmp_addr_reg[39]/Q
                         net (fo=2, routed)           0.117     3.552    gmem5_m_axi_U/bus_read/rreq_burst_conv/burst_sequential/rs_req/data_p2_reg[95]_0[39]
    SLICE_X45Y443        FDRE                                         r  gmem5_m_axi_U/bus_read/rreq_burst_conv/burst_sequential/rs_req/data_p2_reg[39]/D
  -------------------------------------------------------------------    -------------------

                         (clock ap_clk rise edge)     0.000     0.000 r  
                                                      0.000     0.000 r  ap_clk (IN)
                         net (fo=0)                   0.043     0.043    ap_clk
    BUFGCE_X0Y0          BUFGCE (Prop_BUFCE_BUFGCE_I_O)
                                                      0.028     0.071 r  ooc_ap_clk_bufg/O
    X3Y6 (CLOCK_ROOT)    net (fo=76419, routed)       3.705     3.776    gmem5_m_axi_U/bus_read/rreq_burst_conv/burst_sequential/rs_req/ooc_ap_clk_global
    SLR Crossing[0->1]   
    SLICE_X45Y443        FDRE                                         r  gmem5_m_axi_U/bus_read/rreq_burst_conv/burst_sequential/rs_req/data_p2_reg[39]/C
                         clock pessimism             -0.296     3.480    
    SLICE_X45Y443        FDRE (Hold_EFF2_SLICEL_C_D)
                                                      0.062     3.542    gmem5_m_axi_U/bus_read/rreq_burst_conv/burst_sequential/rs_req/data_p2_reg[39]
  -------------------------------------------------------------------
                         required time                         -3.542    
                         arrival time                           3.552    
  -------------------------------------------------------------------
                         slack                                  0.010    





Pulse Width Checks
--------------------------------------------------------------------------------------
Clock Name:         ap_clk
Waveform(ns):       { 0.000 2.000 }
Period(ns):         4.000
Sources:            { ap_clk }

Check Type        Corner  Lib Pin      Reference Pin  Required(ns)  Actual(ns)  Slack(ns)  Location        Pin
Min Period        n/a     URAM288/CLK  n/a            2.000         4.000       2.000      URAM288_X2Y124  grp_gdn_rs2_top_impl_fu_562/resident_keys_U/ram_reg_uram_12/CLK
Low Pulse Width   Slow    URAM288/CLK  n/a            0.700         2.000       1.300      URAM288_X2Y124  grp_gdn_rs2_top_impl_fu_562/resident_keys_U/ram_reg_uram_12/CLK
High Pulse Width  Slow    URAM288/CLK  n/a            0.700         2.000       1.300      URAM288_X2Y124  grp_gdn_rs2_top_impl_fu_562/resident_keys_U/ram_reg_uram_12/CLK



--------------------------------------------------------------------------------------
Path Group:  (none)
From Clock:  ap_clk
  To Clock:  ap_clk

Max Delay         21294 Endpoints
Min Delay         36234 Endpoints
--------------------------------------------------------------------------------------


Max Delay Paths
--------------------------------------------------------------------------------------
Slack:                    inf
  Source:                 ap_rst_n
                            (input port clocked by ap_clk  {rise@0.000ns fall@2.000ns period=4.000ns})
  Destination:            gmem1_m_axi_U/bus_read/rreq_burst_conv/burst_sequential/first_sect_reg/R
                            (rising edge-triggered cell FDRE clocked by ap_clk  {rise@0.000ns fall@2.000ns period=4.000ns})
  Path Group:             (none)
  Path Type:              Setup (Max at Slow Process Corner)
  Data Path Delay:        3.070ns  (logic 0.053ns (1.726%)  route 3.017ns (98.274%))
  Logic Levels:           1  (LUT1=1)
  Input Delay:            1.000ns
  Clock Path Skew:        3.362ns (DCD - SCD + CPR)
    Destination Clock Delay (DCD):    3.362ns
    Source Clock Delay      (SCD):    0.000ns
    Clock Pessimism Removal (CPR):    0.000ns
  Clock Uncertainty:      0.035ns  ((TSJ^2 + TIJ^2)^1/2 + DJ) / 2 + PE
    Total System Jitter     (TSJ):    0.071ns
    Total Input Jitter      (TIJ):    0.000ns
    Discrete Jitter          (DJ):    0.000ns
    Phase Error              (PE):    0.000ns
  Clock Net Delay (Destination): 3.302ns (routing 1.709ns, distribution 1.593ns)
  Timing Exception:       False Path

    Location             Delay type                Incr(ns)  Path(ns)    Netlist Resource(s)
  -------------------------------------------------------------------    -------------------
                         (clock ap_clk rise edge)     0.000     0.000 r  
                         input delay                  1.000     1.000    
                                                      0.000     1.000 f  ap_rst_n (IN)
                         net (fo=20157, unset)        0.000     1.000    grp_gdn_rs2_top_impl_fu_562/grp_p_anonymous_namespace_fold_log_if_full_fu_9368/grp_p_anonymous_namespace_fold_log_fu_207/grp_aligned_sum_guarded_4_s_fu_8326/grp_aligned_sum_guarded_4_Pipeline_align_terms_fu_182/flow_control_loop_pipe_sequential_init_U/ap_rst_n
    SLICE_X41Y440        LUT1 (Prop_H6LUT_SLICEM_I0_O)
                                                      0.053     1.053 r  grp_gdn_rs2_top_impl_fu_562/grp_p_anonymous_namespace_fold_log_if_full_fu_9368/grp_p_anonymous_namespace_fold_log_fu_207/grp_aligned_sum_guarded_4_s_fu_8326/grp_aligned_sum_guarded_4_Pipeline_align_terms_fu_182/flow_control_loop_pipe_sequential_init_U/could_multi_bursts.burst_valid_i_1/O
                         net (fo=20, routed)          3.017     4.070    gmem1_m_axi_U/bus_read/rreq_burst_conv/burst_sequential/lopt
    SLICE_X136Y445       FDRE                                         r  gmem1_m_axi_U/bus_read/rreq_burst_conv/burst_sequential/first_sect_reg/R
  -------------------------------------------------------------------    -------------------

                         (clock ap_clk rise edge)     0.000     0.000 r  
                                                      0.000     0.000 r  ap_clk (IN)
                         net (fo=0)                   0.036     0.036    ap_clk
    BUFGCE_X0Y0          BUFGCE (Prop_BUFCE_BUFGCE_I_O)
                                                      0.024     0.060 r  ooc_ap_clk_bufg/O
    X3Y6 (CLOCK_ROOT)    net (fo=76419, routed)       3.302     3.362    gmem1_m_axi_U/bus_read/rreq_burst_conv/burst_sequential/ooc_ap_clk_global
    SLR Crossing[0->1]   
    SLICE_X136Y445       FDRE                                         r  gmem1_m_axi_U/bus_read/rreq_burst_conv/burst_sequential/first_sect_reg/C





Min Delay Paths
--------------------------------------------------------------------------------------
Slack:                    inf
  Source:                 s_axi_control_WDATA[0]
                            (input port clocked by ap_clk  {rise@0.000ns fall@2.000ns period=4.000ns})
  Destination:            control_s_axi_U/int_ier_reg[0]/D
                            (rising edge-triggered cell FDRE clocked by ap_clk  {rise@0.000ns fall@2.000ns period=4.000ns})
  Path Group:             (none)
  Path Type:              Hold (Min at Fast Process Corner)
  Data Path Delay:        0.007ns  (logic 0.000ns (0.000%)  route 0.007ns (100.001%))
  Logic Levels:           0  
  Input Delay:            1.000ns
  Clock Path Skew:        2.265ns (DCD - SCD - CPR)
    Destination Clock Delay (DCD):    2.265ns
    Source Clock Delay      (SCD):    0.000ns
    Clock Pessimism Removal (CPR):    -0.000ns
  Clock Uncertainty:      0.035ns  ((TSJ^2 + TIJ^2)^1/2 + DJ) / 2 + PE
    Total System Jitter     (TSJ):    0.071ns
    Total Input Jitter      (TIJ):    0.000ns
    Discrete Jitter          (DJ):    0.000ns
    Phase Error              (PE):    0.000ns
  Clock Net Delay (Destination): 2.216ns (routing 1.154ns, distribution 1.062ns)
  Timing Exception:       False Path

    Location             Delay type                Incr(ns)  Path(ns)    Netlist Resource(s)
  -------------------------------------------------------------------    -------------------
                         (clock ap_clk rise edge)     0.000     0.000 r  
                         input delay                  1.000     1.000    
                                                      0.000     1.000 r  s_axi_control_WDATA[0] (IN)
                         net (fo=7, unset)            0.007     1.007    control_s_axi_U/s_axi_control_WDATA[0]
    SLICE_X66Y421        FDRE                                         r  control_s_axi_U/int_ier_reg[0]/D
  -------------------------------------------------------------------    -------------------

                         (clock ap_clk rise edge)     0.000     0.000 r  
                                                      0.000     0.000 r  ap_clk (IN)
                         net (fo=0)                   0.030     0.030    ap_clk
    BUFGCE_X0Y0          BUFGCE (Prop_BUFCE_BUFGCE_I_O)
                                                      0.019     0.049 r  ooc_ap_clk_bufg/O
    X3Y6 (CLOCK_ROOT)    net (fo=76419, routed)       2.216     2.265    control_s_axi_U/ooc_ap_clk_global
    SLR Crossing[0->1]   
    SLICE_X66Y421        FDRE                                         r  control_s_axi_U/int_ier_reg[0]/C





