Copyright 1986-2022 Xilinx, Inc. All Rights Reserved. Copyright 2022-2025 Advanced Micro Devices, Inc. All Rights Reserved.
-------------------------------------------------------------------------------------------------------------------------------------------------
| Tool Version     : Vivado v.2025.2 (win64) Build 6299465 Fri Nov 14 19:35:11 GMT 2025
| Date             : Thu May 21 15:16:32 2026
| Host             : Tyler running 64-bit major release  (build 9200)
| Command          : report_power -file reports/vivado/impl_power.rpt
| Design           : gdn_top
| Device           : xcu55c-fsvh2892-2L-e
| Design State     : routed
| Grade            : extended
| Process          : typical
| Characterization : Production
-------------------------------------------------------------------------------------------------------------------------------------------------

Power Report

Table of Contents
-----------------
1. Summary
1.1 On-Chip Components
1.2 Power Supply Summary
1.3 Confidence Level
2. Settings
2.1 Environment
2.2 Clock Constraints
3. Detailed Reports
3.1 By Hierarchy

1. Summary
----------

+--------------------------+--------------+
| Total On-Chip Power (W)  | 8.976        |
|   FPGA Power (W)         | 8.581        |
|   HBM Power (W)          | 0.396        |
| Design Power Budget (W)  | Unspecified* |
| Power Budget Margin (W)  | NA           |
| Dynamic (W)              | 5.582        |
| Device Static (W)        | 3.394        |
| Effective TJA (C/W)      | 0.4          |
| Max Ambient (C)          | 96.1         |
| Junction Temperature (C) | 28.9         |
| Confidence Level         | Medium       |
| Setting File             | ---          |
| Simulation Activity File | ---          |
| Design Nets Matched      | NA           |
+--------------------------+--------------+
* Specify Design Power Budget using, set_operating_conditions -design_power_budget <value in Watts>


1.1 On-Chip Components
----------------------

+--------------------------+-----------+----------+-----------+-----------------+
| On-Chip                  | Power (W) | Used     | Available | Utilization (%) |
+--------------------------+-----------+----------+-----------+-----------------+
| Clocks                   |     0.511 |        3 |       --- |             --- |
| CLB Logic                |     2.222 |   156137 |       --- |             --- |
|   LUT as Logic           |     2.015 |    84367 |   1303680 |            6.47 |
|   Register               |     0.108 |    46745 |   2607360 |            1.79 |
|   CARRY8                 |     0.061 |     4368 |    162960 |            2.68 |
|   LUT as Shift Register  |     0.031 |     1230 |    600960 |            0.20 |
|   LUT as Distributed RAM |     0.006 |     1024 |    600960 |            0.17 |
|   Others                 |     0.000 |     1242 |       --- |             --- |
|   F7/F8 Muxes            |     0.000 |      864 |   1303680 |            0.07 |
| Signals                  |     1.934 |   141750 |       --- |             --- |
| Block RAM                |     0.171 |       74 |      2016 |            3.67 |
| DSPs                     |     0.744 |      656 |      9024 |            7.27 |
| Static Power             |     3.394 |          |           |                 |
| Total                    |     8.976 |          |           |                 |
+--------------------------+-----------+----------+-----------+-----------------+


1.2 Power Supply Summary
------------------------

+------------------+-------------+-----------+-------------+------------+-------------+-------------+------------+
| Source           | Voltage (V) | Total (A) | Dynamic (A) | Static (A) | Powerup (A) | Budget (A)  | Margin (A) |
+------------------+-------------+-----------+-------------+------------+-------------+-------------+------------+
| Vccint           |       0.850 |     7.935 |       6.546 |      1.389 |       NA    | Unspecified | NA         |
| Vccint_io        |       0.850 |     0.248 |       0.000 |      0.248 |       NA    | Unspecified | NA         |
| Vccbram          |       0.850 |     0.055 |       0.022 |      0.033 |       NA    | Unspecified | NA         |
| Vccaux           |       1.800 |     0.816 |       0.000 |      0.816 |       NA    | Unspecified | NA         |
| Vccaux_io        |       1.800 |     0.035 |       0.000 |      0.035 |       NA    | Unspecified | NA         |
| Vcco33           |       3.300 |     0.000 |       0.000 |      0.000 |       NA    | Unspecified | NA         |
| Vcco25           |       2.500 |     0.000 |       0.000 |      0.000 |       NA    | Unspecified | NA         |
| Vcco18           |       1.800 |     0.000 |       0.000 |      0.000 |       NA    | Unspecified | NA         |
| Vcco15           |       1.500 |     0.000 |       0.000 |      0.000 |       NA    | Unspecified | NA         |
| Vcco135          |       1.350 |     0.000 |       0.000 |      0.000 |       NA    | Unspecified | NA         |
| Vcco12           |       1.200 |     0.000 |       0.000 |      0.000 |       NA    | Unspecified | NA         |
| Vcco10           |       1.000 |     0.000 |       0.000 |      0.000 |       NA    | Unspecified | NA         |
| Vccadc           |       1.800 |     0.024 |       0.000 |      0.024 |       NA    | Unspecified | NA         |
| VCC_IO_HBM       |       1.200 |     0.083 |       0.000 |      0.083 |       NA    | Unspecified | NA         |
| VCC_HBM          |       1.200 |     0.159 |       0.000 |      0.159 |       NA    | Unspecified | NA         |
| VCCAUX_HBM       |       2.500 |     0.043 |       0.000 |      0.043 |       NA    | Unspecified | NA         |
| VMGTAVCC (GTY)   |       0.900 |     0.000 |       0.000 |      0.000 |       NA    | Unspecified | NA         |
| VMGTAVTT (GTY)   |       1.200 |     0.000 |       0.000 |      0.000 |       NA    | Unspecified | NA         |
| VMGTVCCAUX (GTY) |       1.800 |     0.000 |       0.000 |      0.000 |       NA    | Unspecified | NA         |
+------------------+-------------+-----------+-------------+------------+-------------+-------------+------------+


1.3 Confidence Level
--------------------

+-----------------------------+------------+------------------------------------------------+------------------------------------------------------------------------------------------------------------+
| User Input Data             | Confidence | Details                                        | Action                                                                                                     |
+-----------------------------+------------+------------------------------------------------+------------------------------------------------------------------------------------------------------------+
| Design implementation state | High       | Design is routed                               |                                                                                                            |
| Clock nodes activity        | High       | User specified more than 95% of clocks         |                                                                                                            |
| I/O nodes activity          | High       | User specified more than 95% of inputs         |                                                                                                            |
| Internal nodes activity     | Medium     | User specified less than 25% of internal nodes | Provide missing internal nodes activity with simulation results or by editing the "By Resource Type" views |
| Device models               | High       | Device models are Production                   |                                                                                                            |
|                             |            |                                                |                                                                                                            |
| Overall confidence level    | Medium     |                                                |                                                                                                            |
+-----------------------------+------------+------------------------------------------------+------------------------------------------------------------------------------------------------------------+


2. Settings
-----------

2.1 Environment
---------------

+-----------------------+--------------------------+
| Ambient Temp (C)      | 25.0                     |
| ThetaJA (C/W)         | 0.4                      |
| Airflow (LFM)         | 250                      |
| Heat Sink             | medium (Medium Profile)  |
| ThetaSA (C/W)         | 0.5                      |
| Board Selection       | medium (10"x10")         |
| # of Board Layers     | 12to15 (12 to 15 Layers) |
| Board Temperature (C) | 25.0                     |
+-----------------------+--------------------------+


2.2 Clock Constraints
---------------------

+--------+--------+-----------------+
| Clock  | Domain | Constraint (ns) |
+--------+--------+-----------------+
| ap_clk | ap_clk |             4.0 |
+--------+--------+-----------------+


3. Detailed Reports
-------------------

3.1 By Hierarchy
----------------

+---------------------------------------------------------------------------------------------+-----------+
| Name                                                                                        | Power (W) |
+---------------------------------------------------------------------------------------------+-----------+
| gdn_top                                                                                     |     5.582 |
|   control_r_s_axi_U                                                                         |     0.011 |
|   gmem0_m_axi_U                                                                             |     0.019 |
|     bus_read                                                                                |     0.008 |
|       rreq_burst_conv                                                                       |     0.006 |
|     load_unit_0                                                                             |     0.011 |
|       buff_rdata                                                                            |     0.006 |
|       bus_wide_gen.rs_rdata_int                                                             |     0.001 |
|       fifo_rreq                                                                             |     0.002 |
|   gmem1_m_axi_U                                                                             |     0.019 |
|     bus_read                                                                                |     0.008 |
|       rreq_burst_conv                                                                       |     0.006 |
|     load_unit_0                                                                             |     0.011 |
|       buff_rdata                                                                            |     0.006 |
|       bus_wide_gen.rs_rdata_int                                                             |     0.001 |
|       fifo_rreq                                                                             |     0.003 |
|   gmem2_m_axi_U                                                                             |     0.019 |
|     bus_read                                                                                |     0.008 |
|       rreq_burst_conv                                                                       |     0.006 |
|       rs_rdata                                                                              |     0.001 |
|     load_unit_0                                                                             |     0.011 |
|       buff_rdata                                                                            |     0.006 |
|       bus_wide_gen.rs_rdata_int                                                             |     0.001 |
|       fifo_rreq                                                                             |     0.002 |
|   gmem3_m_axi_U                                                                             |     0.019 |
|     bus_read                                                                                |     0.008 |
|       rreq_burst_conv                                                                       |     0.006 |
|     load_unit_0                                                                             |     0.010 |
|       buff_rdata                                                                            |     0.006 |
|       fifo_rreq                                                                             |     0.002 |
|   gmem5_m_axi_U                                                                             |     0.025 |
|     bus_write                                                                               |     0.013 |
|       wreq_burst_conv                                                                       |     0.006 |
|       wreq_throttle                                                                         |     0.006 |
|     store_unit_0                                                                            |     0.012 |
|       buff_wdata                                                                            |     0.008 |
|       fifo_wreq                                                                             |     0.002 |
|   grp_gdn_top_impl_fu_514                                                                   |     5.462 |
|     gdn_mulmulmultop_impl_ap_uint_const_128_ap_uint_const_4_ap_uint_const_128_U             |     0.002 |
|     gdn_top_impl_ap_uint_const_128_ap_uint_const_4_ap_uint_const_128_19_U                   |     0.001 |
|     gdn_top_impl_ap_uint_const_128_ap_uint_const_4_ap_uint_const_128_1_U                    |     0.002 |
|     gdn_top_impl_ap_uint_const_128_ap_uint_const_4_ap_uint_const_128_20_U                   |     0.001 |
|     gdn_top_impl_ap_uint_const_128_ap_uint_const_4_ap_uint_const_128_21_U                   |     0.001 |
|     gdn_top_impl_ap_uint_const_128_ap_uint_const_4_ap_uint_const_128_22_U                   |     0.001 |
|     gdn_top_impl_ap_uint_const_128_ap_uint_const_4_ap_uint_const_128_23_U                   |     0.001 |
|     gdn_top_impl_ap_uint_const_128_ap_uint_const_4_ap_uint_const_128_24_U                   |     0.001 |
|     gdn_top_impl_ap_uint_const_128_ap_uint_const_4_ap_uint_const_128_25_U                   |     0.001 |
|     gdn_top_impl_ap_uint_const_128_ap_uint_const_4_ap_uint_const_128_2_U                    |     0.002 |
|     gdn_top_impl_ap_uint_const_128_ap_uint_const_4_ap_uint_const_128_3_U                    |     0.002 |
|     gdn_top_impl_ap_uint_const_128_ap_uint_const_4_ap_uint_const_128_4_U                    |     0.002 |
|     gdn_top_impl_ap_uint_const_128_ap_uint_const_4_ap_uint_const_128_5_U                    |     0.002 |
|     gdn_top_impl_ap_uint_const_128_ap_uint_const_4_ap_uint_const_128_6_U                    |     0.002 |
|     gdn_top_impl_ap_uint_const_128_ap_uint_const_4_ap_uint_const_128_7_U                    |     0.003 |
|     grp_gdn_top_impl_Pipeline_load_heads_load_head_vecs_fu_558                              |     0.001 |
|     grp_gdn_top_impl_Pipeline_predict_heads_predict_row_tiles_predict_col_tiles_fu_670      |     0.075 |
|     grp_gdn_top_impl_Pipeline_store_output_heads_store_output_row_tiles_fu_1336             |     0.054 |
|       flow_control_loop_pipe_sequential_init_U                                              |     0.002 |
|       mul_7s_16s_23_1_1_U1349                                                               |     0.001 |
|       mul_7s_16s_23_1_1_U1350                                                               |     0.001 |
|       mul_7s_16s_23_1_1_U1351                                                               |     0.001 |
|       mul_7s_16s_23_1_1_U1352                                                               |     0.001 |
|       mul_7s_16s_23_1_1_U1353                                                               |     0.001 |
|       mul_7s_16s_23_1_1_U1354                                                               |     0.001 |
|       mul_7s_16s_23_1_1_U1355                                                               |     0.001 |
|       mul_7s_16s_23_1_1_U1356                                                               |     0.001 |
|     grp_gdn_top_impl_Pipeline_update_heads_update_row_tiles_update_col_tiles_fu_970         |     5.118 |
|       mul_15s_17s_31_1_1_U642                                                               |     0.003 |
|       mul_15s_17s_31_1_1_U643                                                               |     0.002 |
|       mul_15s_17s_31_1_1_U644                                                               |     0.003 |
|       mul_15s_17s_31_1_1_U645                                                               |     0.002 |
|       mul_15s_17s_31_1_1_U646                                                               |     0.003 |
|       mul_15s_17s_31_1_1_U647                                                               |     0.002 |
|       mul_15s_17s_31_1_1_U648                                                               |     0.002 |
|       mul_15s_17s_31_1_1_U649                                                               |     0.002 |
|       mul_15s_17s_31_1_1_U650                                                               |     0.003 |
|       mul_15s_17s_31_1_1_U651                                                               |     0.003 |
|       mul_15s_17s_31_1_1_U652                                                               |     0.003 |
|       mul_15s_17s_31_1_1_U653                                                               |     0.002 |
|       mul_15s_17s_31_1_1_U654                                                               |     0.002 |
|       mul_15s_17s_31_1_1_U655                                                               |     0.003 |
|       mul_15s_17s_31_1_1_U656                                                               |     0.002 |
|       mul_15s_17s_31_1_1_U657                                                               |     0.003 |
|       mul_15s_17s_31_1_1_U658                                                               |     0.002 |
|       mul_15s_17s_31_1_1_U659                                                               |     0.002 |
|       mul_15s_17s_31_1_1_U660                                                               |     0.003 |
|       mul_15s_17s_31_1_1_U661                                                               |     0.002 |
|       mul_15s_17s_31_1_1_U662                                                               |     0.003 |
|       mul_15s_17s_31_1_1_U663                                                               |     0.003 |
|       mul_15s_17s_31_1_1_U664                                                               |     0.002 |
|       mul_15s_17s_31_1_1_U665                                                               |     0.002 |
|       mul_15s_17s_31_1_1_U666                                                               |     0.002 |
|       mul_15s_17s_31_1_1_U667                                                               |     0.002 |
|       mul_15s_17s_31_1_1_U668                                                               |     0.002 |
|       mul_15s_17s_31_1_1_U669                                                               |     0.002 |
|       mul_15s_17s_31_1_1_U670                                                               |     0.002 |
|       mul_15s_17s_31_1_1_U671                                                               |     0.002 |
|       mul_15s_17s_31_1_1_U672                                                               |     0.002 |
|       mul_15s_17s_31_1_1_U673                                                               |     0.002 |
|       mul_15s_17s_31_1_1_U674                                                               |     0.002 |
|       mul_15s_17s_31_1_1_U675                                                               |     0.002 |
|       mul_15s_17s_31_1_1_U676                                                               |     0.002 |
|       mul_15s_17s_31_1_1_U677                                                               |     0.002 |
|       mul_15s_17s_31_1_1_U678                                                               |     0.002 |
|       mul_15s_17s_31_1_1_U679                                                               |     0.003 |
|       mul_15s_17s_31_1_1_U680                                                               |     0.002 |
|       mul_15s_17s_31_1_1_U681                                                               |     0.002 |
|       mul_15s_17s_31_1_1_U682                                                               |     0.003 |
|       mul_15s_17s_31_1_1_U683                                                               |     0.003 |
|       mul_15s_17s_31_1_1_U684                                                               |     0.003 |
|       mul_15s_17s_31_1_1_U685                                                               |     0.004 |
|       mul_15s_17s_31_1_1_U686                                                               |     0.003 |
|       mul_15s_17s_31_1_1_U687                                                               |     0.003 |
|       mul_15s_17s_31_1_1_U688                                                               |     0.002 |
|       mul_15s_17s_31_1_1_U689                                                               |     0.003 |
|       mul_15s_17s_31_1_1_U690                                                               |     0.002 |
|       mul_15s_17s_31_1_1_U691                                                               |     0.002 |
|       mul_15s_17s_31_1_1_U692                                                               |     0.003 |
|       mul_15s_17s_31_1_1_U693                                                               |     0.002 |
|       mul_15s_17s_31_1_1_U694                                                               |     0.003 |
|       mul_15s_17s_31_1_1_U695                                                               |     0.003 |
|       mul_15s_17s_31_1_1_U696                                                               |     0.002 |
|       mul_15s_17s_31_1_1_U697                                                               |     0.003 |
|       mul_15s_17s_31_1_1_U698                                                               |     0.003 |
|       mul_15s_17s_31_1_1_U699                                                               |     0.002 |
|       mul_15s_17s_31_1_1_U700                                                               |     0.002 |
|       mul_15s_17s_31_1_1_U701                                                               |     0.002 |
|       mul_15s_17s_31_1_1_U702                                                               |     0.002 |
|       mul_15s_17s_31_1_1_U703                                                               |     0.002 |
|       mul_15s_17s_31_1_1_U704                                                               |     0.003 |
|       mul_15s_17s_31_1_1_U705                                                               |     0.003 |
|       mul_15s_17s_31_1_1_U706                                                               |     0.003 |
|       mul_15s_17s_31_1_1_U707                                                               |     0.002 |
|       mul_15s_17s_31_1_1_U708                                                               |     0.003 |
|       mul_15s_17s_31_1_1_U709                                                               |     0.002 |
|       mul_15s_17s_31_1_1_U710                                                               |     0.003 |
|       mul_15s_17s_31_1_1_U711                                                               |     0.003 |
|       mul_15s_17s_31_1_1_U712                                                               |     0.002 |
|       mul_15s_17s_31_1_1_U713                                                               |     0.002 |
|       mul_15s_17s_31_1_1_U714                                                               |     0.003 |
|       mul_15s_17s_31_1_1_U715                                                               |     0.003 |
|       mul_15s_17s_31_1_1_U716                                                               |     0.003 |
|       mul_15s_17s_31_1_1_U717                                                               |     0.002 |
|       mul_15s_17s_31_1_1_U718                                                               |     0.003 |
|       mul_15s_17s_31_1_1_U719                                                               |     0.002 |
|       mul_15s_17s_31_1_1_U720                                                               |     0.002 |
|       mul_15s_17s_31_1_1_U721                                                               |     0.002 |
|       mul_15s_17s_31_1_1_U722                                                               |     0.003 |
|       mul_15s_17s_31_1_1_U723                                                               |     0.002 |
|       mul_15s_17s_31_1_1_U724                                                               |     0.003 |
|       mul_15s_17s_31_1_1_U725                                                               |     0.002 |
|       mul_15s_17s_31_1_1_U726                                                               |     0.003 |
|       mul_15s_17s_31_1_1_U727                                                               |     0.002 |
|       mul_15s_17s_31_1_1_U728                                                               |     0.002 |
|       mul_15s_17s_31_1_1_U729                                                               |     0.002 |
|       mul_15s_17s_31_1_1_U730                                                               |     0.002 |
|       mul_15s_17s_31_1_1_U731                                                               |     0.002 |
|       mul_15s_17s_31_1_1_U732                                                               |     0.002 |
|       mul_15s_17s_31_1_1_U733                                                               |     0.002 |
|       mul_15s_17s_31_1_1_U734                                                               |     0.002 |
|       mul_15s_17s_31_1_1_U735                                                               |     0.002 |
|       mul_15s_17s_31_1_1_U736                                                               |     0.002 |
|       mul_15s_17s_31_1_1_U737                                                               |     0.003 |
|       mul_15s_17s_31_1_1_U738                                                               |     0.003 |
|       mul_15s_17s_31_1_1_U739                                                               |     0.003 |
|       mul_15s_17s_31_1_1_U740                                                               |     0.002 |
|       mul_15s_17s_31_1_1_U741                                                               |     0.002 |
|       mul_15s_17s_31_1_1_U742                                                               |     0.003 |
|       mul_15s_17s_31_1_1_U743                                                               |     0.003 |
|       mul_15s_17s_31_1_1_U744                                                               |     0.003 |
|       mul_15s_17s_31_1_1_U745                                                               |     0.003 |
|       mul_15s_17s_31_1_1_U746                                                               |     0.002 |
|       mul_15s_17s_31_1_1_U747                                                               |     0.002 |
|       mul_15s_17s_31_1_1_U748                                                               |     0.003 |
|       mul_15s_17s_31_1_1_U749                                                               |     0.003 |
|       mul_15s_17s_31_1_1_U750                                                               |     0.002 |
|       mul_15s_17s_31_1_1_U751                                                               |     0.003 |
|       mul_15s_17s_31_1_1_U752                                                               |     0.003 |
|       mul_15s_17s_31_1_1_U753                                                               |     0.003 |
|       mul_15s_17s_31_1_1_U754                                                               |     0.002 |
|       mul_15s_17s_31_1_1_U755                                                               |     0.002 |
|       mul_15s_17s_31_1_1_U756                                                               |     0.003 |
|       mul_15s_17s_31_1_1_U757                                                               |     0.003 |
|       mul_15s_17s_31_1_1_U758                                                               |     0.003 |
|       mul_15s_17s_31_1_1_U759                                                               |     0.003 |
|       mul_15s_17s_31_1_1_U760                                                               |     0.003 |
|       mul_15s_17s_31_1_1_U761                                                               |     0.003 |
|       mul_15s_17s_31_1_1_U762                                                               |     0.003 |
|       mul_15s_17s_31_1_1_U763                                                               |     0.002 |
|       mul_15s_17s_31_1_1_U764                                                               |     0.003 |
|       mul_15s_17s_31_1_1_U765                                                               |     0.002 |
|       mul_15s_17s_31_1_1_U766                                                               |     0.002 |
|       mul_15s_17s_31_1_1_U767                                                               |     0.002 |
|       mul_15s_17s_31_1_1_U768                                                               |     0.002 |
|       mul_15s_17s_31_1_1_U769                                                               |     0.002 |
|       mul_31s_33ns_61_2_1_U474                                                              |     0.007 |
|       mul_31s_33ns_61_2_1_U475                                                              |     0.007 |
|       mul_31s_33ns_61_2_1_U476                                                              |     0.007 |
|       mul_31s_33ns_61_2_1_U477                                                              |     0.008 |
|       mul_31s_33ns_61_2_1_U478                                                              |     0.007 |
|       mul_31s_33ns_61_2_1_U479                                                              |     0.007 |
|       mul_31s_33ns_61_2_1_U480                                                              |     0.007 |
|       mul_31s_33ns_61_2_1_U481                                                              |     0.007 |
|       mul_31s_33ns_61_2_1_U482                                                              |     0.007 |
|       mul_31s_33ns_61_2_1_U483                                                              |     0.007 |
|       mul_31s_33ns_61_2_1_U484                                                              |     0.007 |
|       mul_31s_33ns_61_2_1_U485                                                              |     0.008 |
|       mul_31s_33ns_61_2_1_U486                                                              |     0.007 |
|       mul_31s_33ns_61_2_1_U487                                                              |     0.007 |
|       mul_31s_33ns_61_2_1_U488                                                              |     0.007 |
|       mul_31s_33ns_61_2_1_U489                                                              |     0.007 |
|       mul_31s_33ns_61_2_1_U490                                                              |     0.007 |
|       mul_31s_33ns_61_2_1_U491                                                              |     0.007 |
|       mul_31s_33ns_61_2_1_U492                                                              |     0.007 |
|       mul_31s_33ns_61_2_1_U493                                                              |     0.007 |
|       mul_31s_33ns_61_2_1_U494                                                              |     0.007 |
|       mul_31s_33ns_61_2_1_U495                                                              |     0.007 |
|       mul_31s_33ns_61_2_1_U496                                                              |     0.007 |
|       mul_31s_33ns_61_2_1_U497                                                              |     0.007 |
|       mul_31s_33ns_61_2_1_U498                                                              |     0.007 |
|       mul_31s_33ns_61_2_1_U499                                                              |     0.007 |
|       mul_31s_33ns_61_2_1_U500                                                              |     0.007 |
|       mul_31s_33ns_61_2_1_U501                                                              |     0.007 |
|       mul_31s_33ns_61_2_1_U502                                                              |     0.007 |
|       mul_31s_33ns_61_2_1_U503                                                              |     0.007 |
|       mul_31s_33ns_61_2_1_U504                                                              |     0.007 |
|       mul_31s_33ns_61_2_1_U505                                                              |     0.007 |
|       mul_31s_33ns_61_2_1_U506                                                              |     0.007 |
|       mul_31s_33ns_61_2_1_U507                                                              |     0.008 |
|       mul_31s_33ns_61_2_1_U508                                                              |     0.007 |
|       mul_31s_33ns_61_2_1_U509                                                              |     0.007 |
|       mul_31s_33ns_61_2_1_U510                                                              |     0.007 |
|       mul_31s_33ns_61_2_1_U511                                                              |     0.007 |
|       mul_31s_33ns_61_2_1_U512                                                              |     0.007 |
|       mul_31s_33ns_61_2_1_U513                                                              |     0.007 |
|       mul_31s_33ns_61_2_1_U514                                                              |     0.007 |
|       mul_31s_33ns_61_2_1_U515                                                              |     0.007 |
|       mul_31s_33ns_61_2_1_U516                                                              |     0.007 |
|       mul_31s_33ns_61_2_1_U517                                                              |     0.007 |
|       mul_31s_33ns_61_2_1_U518                                                              |     0.007 |
|       mul_31s_33ns_61_2_1_U519                                                              |     0.007 |
|       mul_31s_33ns_61_2_1_U520                                                              |     0.007 |
|       mul_31s_33ns_61_2_1_U521                                                              |     0.007 |
|       mul_31s_33ns_61_2_1_U522                                                              |     0.007 |
|       mul_31s_33ns_61_2_1_U523                                                              |     0.007 |
|       mul_31s_33ns_61_2_1_U524                                                              |     0.007 |
|       mul_31s_33ns_61_2_1_U525                                                              |     0.007 |
|       mul_31s_33ns_61_2_1_U526                                                              |     0.007 |
|       mul_31s_33ns_61_2_1_U527                                                              |     0.007 |
|       mul_31s_33ns_61_2_1_U528                                                              |     0.007 |
|       mul_31s_33ns_61_2_1_U529                                                              |     0.008 |
|       mul_31s_33ns_61_2_1_U530                                                              |     0.007 |
|       mul_31s_33ns_61_2_1_U531                                                              |     0.007 |
|       mul_31s_33ns_61_2_1_U532                                                              |     0.007 |
|       mul_31s_33ns_61_2_1_U533                                                              |     0.008 |
|       mul_31s_33ns_61_2_1_U534                                                              |     0.007 |
|       mul_31s_33ns_61_2_1_U535                                                              |     0.007 |
|       mul_31s_33ns_61_2_1_U536                                                              |     0.007 |
|       mul_31s_33ns_61_2_1_U537                                                              |     0.007 |
|       mul_31s_33ns_61_2_1_U538                                                              |     0.007 |
|       mul_31s_33ns_61_2_1_U539                                                              |     0.007 |
|       mul_31s_33ns_61_2_1_U540                                                              |     0.007 |
|       mul_31s_33ns_61_2_1_U541                                                              |     0.007 |
|       mul_31s_33ns_61_2_1_U542                                                              |     0.007 |
|       mul_31s_33ns_61_2_1_U543                                                              |     0.007 |
|       mul_31s_33ns_61_2_1_U544                                                              |     0.007 |
|       mul_31s_33ns_61_2_1_U545                                                              |     0.007 |
|       mul_31s_33ns_61_2_1_U546                                                              |     0.007 |
|       mul_31s_33ns_61_2_1_U547                                                              |     0.008 |
|       mul_31s_33ns_61_2_1_U548                                                              |     0.007 |
|       mul_31s_33ns_61_2_1_U549                                                              |     0.007 |
|       mul_31s_33ns_61_2_1_U550                                                              |     0.007 |
|       mul_31s_33ns_61_2_1_U551                                                              |     0.007 |
|       mul_31s_33ns_61_2_1_U552                                                              |     0.007 |
|       mul_31s_33ns_61_2_1_U553                                                              |     0.007 |
|       mul_31s_33ns_61_2_1_U554                                                              |     0.007 |
|       mul_31s_33ns_61_2_1_U555                                                              |     0.008 |
|       mul_31s_33ns_61_2_1_U556                                                              |     0.007 |
|       mul_31s_33ns_61_2_1_U557                                                              |     0.008 |
|       mul_31s_33ns_61_2_1_U558                                                              |     0.007 |
|       mul_31s_33ns_61_2_1_U559                                                              |     0.007 |
|       mul_31s_33ns_61_2_1_U560                                                              |     0.008 |
|       mul_31s_33ns_61_2_1_U561                                                              |     0.008 |
|       mul_31s_33ns_61_2_1_U562                                                              |     0.007 |
|       mul_31s_33ns_61_2_1_U563                                                              |     0.007 |
|       mul_31s_33ns_61_2_1_U564                                                              |     0.008 |
|       mul_31s_33ns_61_2_1_U565                                                              |     0.007 |
|       mul_31s_33ns_61_2_1_U566                                                              |     0.008 |
|       mul_31s_33ns_61_2_1_U567                                                              |     0.007 |
|       mul_31s_33ns_61_2_1_U568                                                              |     0.007 |
|       mul_31s_33ns_61_2_1_U569                                                              |     0.007 |
|       mul_31s_33ns_61_2_1_U570                                                              |     0.007 |
|       mul_31s_33ns_61_2_1_U571                                                              |     0.007 |
|       mul_31s_33ns_61_2_1_U572                                                              |     0.007 |
|       mul_31s_33ns_61_2_1_U573                                                              |     0.007 |
|       mul_31s_33ns_61_2_1_U574                                                              |     0.007 |
|       mul_31s_33ns_61_2_1_U575                                                              |     0.007 |
|       mul_31s_33ns_61_2_1_U576                                                              |     0.007 |
|       mul_31s_33ns_61_2_1_U577                                                              |     0.007 |
|       mul_31s_33ns_61_2_1_U578                                                              |     0.007 |
|       mul_31s_33ns_61_2_1_U579                                                              |     0.007 |
|       mul_31s_33ns_61_2_1_U580                                                              |     0.007 |
|       mul_31s_33ns_61_2_1_U581                                                              |     0.007 |
|       mul_31s_33ns_61_2_1_U582                                                              |     0.007 |
|       mul_31s_33ns_61_2_1_U583                                                              |     0.007 |
|       mul_31s_33ns_61_2_1_U584                                                              |     0.007 |
|       mul_31s_33ns_61_2_1_U585                                                              |     0.007 |
|       mul_31s_33ns_61_2_1_U586                                                              |     0.008 |
|       mul_31s_33ns_61_2_1_U587                                                              |     0.007 |
|       mul_31s_33ns_61_2_1_U588                                                              |     0.007 |
|       mul_31s_33ns_61_2_1_U589                                                              |     0.007 |
|       mul_31s_33ns_61_2_1_U590                                                              |     0.007 |
|       mul_31s_33ns_61_2_1_U591                                                              |     0.007 |
|       mul_31s_33ns_61_2_1_U592                                                              |     0.008 |
|       mul_31s_33ns_61_2_1_U593                                                              |     0.008 |
|       mul_31s_33ns_61_2_1_U594                                                              |     0.007 |
|       mul_31s_33ns_61_2_1_U595                                                              |     0.007 |
|       mul_31s_33ns_61_2_1_U596                                                              |     0.007 |
|       mul_31s_33ns_61_2_1_U597                                                              |     0.007 |
|       mul_31s_33ns_61_2_1_U598                                                              |     0.007 |
|       mul_31s_33ns_61_2_1_U599                                                              |     0.008 |
|       mul_31s_33ns_61_2_1_U600                                                              |     0.007 |
|       mul_31s_33ns_61_2_1_U601                                                              |     0.008 |
|       mul_7s_8ns_15_1_1_U619                                                                |     0.002 |
|       mul_7s_8ns_15_1_1_U620                                                                |     0.002 |
|       mul_7s_8ns_15_1_1_U621                                                                |     0.002 |
|       mul_7s_8ns_15_1_1_U622                                                                |     0.003 |
|       mul_7s_8ns_15_1_1_U623                                                                |     0.002 |
|       mul_7s_8ns_15_1_1_U624                                                                |     0.002 |
|       mul_7s_8ns_15_1_1_U625                                                                |     0.003 |
|       mul_7s_8ns_15_1_1_U626                                                                |     0.002 |
|       mul_7s_8ns_15_1_1_U627                                                                |     0.002 |
|       mul_7s_8ns_15_1_1_U628                                                                |     0.002 |
|       mul_7s_8ns_15_1_1_U629                                                                |     0.003 |
|       mul_7s_8ns_15_1_1_U630                                                                |     0.003 |
|       mul_7s_8ns_15_1_1_U631                                                                |     0.002 |
|       mul_7s_8ns_15_1_1_U632                                                                |     0.002 |
|       mul_7s_8ns_15_1_1_U633                                                                |     0.003 |
|       mul_7s_8ns_15_1_1_U634                                                                |     0.002 |
|     p_ZZN3gdn12gdn_top_implEPA128_K7ap_uintILi4EEPA4_KS0_ILi8EES4_S8_S4_S8_PKhS4_S8_P_12_U  |     0.001 |
|     p_ZZN3gdn12gdn_top_implEPA128_K7ap_uintILi4EEPA4_KS0_ILi8EES4_S8_S4_S8_PKhS4_S8_P_139_U |     0.001 |
|     p_ZZN3gdn12gdn_top_implEPA128_K7ap_uintILi4EEPA4_KS0_ILi8EES4_S8_S4_S8_PKhS4_S8_P_13_U  |     0.001 |
|     p_ZZN3gdn12gdn_top_implEPA128_K7ap_uintILi4EEPA4_KS0_ILi8EES4_S8_S4_S8_PKhS4_S8_P_140_U |     0.001 |
|     p_ZZN3gdn12gdn_top_implEPA128_K7ap_uintILi4EEPA4_KS0_ILi8EES4_S8_S4_S8_PKhS4_S8_P_141_U |     0.001 |
|     p_ZZN3gdn12gdn_top_implEPA128_K7ap_uintILi4EEPA4_KS0_ILi8EES4_S8_S4_S8_PKhS4_S8_P_142_U |     0.001 |
|     p_ZZN3gdn12gdn_top_implEPA128_K7ap_uintILi4EEPA4_KS0_ILi8EES4_S8_S4_S8_PKhS4_S8_P_143_U |     0.001 |
|     p_ZZN3gdn12gdn_top_implEPA128_K7ap_uintILi4EEPA4_KS0_ILi8EES4_S8_S4_S8_PKhS4_S8_P_144_U |     0.001 |
|     p_ZZN3gdn12gdn_top_implEPA128_K7ap_uintILi4EEPA4_KS0_ILi8EES4_S8_S4_S8_PKhS4_S8_P_145_U |     0.001 |
|     p_ZZN3gdn12gdn_top_implEPA128_K7ap_uintILi4EEPA4_KS0_ILi8EES4_S8_S4_S8_PKhS4_S8_P_146_U |     0.001 |
|     p_ZZN3gdn12gdn_top_implEPA128_K7ap_uintILi4EEPA4_KS0_ILi8EES4_S8_S4_S8_PKhS4_S8_P_147_U |     0.001 |
|     p_ZZN3gdn12gdn_top_implEPA128_K7ap_uintILi4EEPA4_KS0_ILi8EES4_S8_S4_S8_PKhS4_S8_P_148_U |     0.001 |
|     p_ZZN3gdn12gdn_top_implEPA128_K7ap_uintILi4EEPA4_KS0_ILi8EES4_S8_S4_S8_PKhS4_S8_P_149_U |     0.001 |
|     p_ZZN3gdn12gdn_top_implEPA128_K7ap_uintILi4EEPA4_KS0_ILi8EES4_S8_S4_S8_PKhS4_S8_P_14_U  |     0.001 |
|     p_ZZN3gdn12gdn_top_implEPA128_K7ap_uintILi4EEPA4_KS0_ILi8EES4_S8_S4_S8_PKhS4_S8_P_150_U |     0.001 |
|     p_ZZN3gdn12gdn_top_implEPA128_K7ap_uintILi4EEPA4_KS0_ILi8EES4_S8_S4_S8_PKhS4_S8_P_151_U |     0.001 |
|     p_ZZN3gdn12gdn_top_implEPA128_K7ap_uintILi4EEPA4_KS0_ILi8EES4_S8_S4_S8_PKhS4_S8_P_152_U |     0.001 |
|     p_ZZN3gdn12gdn_top_implEPA128_K7ap_uintILi4EEPA4_KS0_ILi8EES4_S8_S4_S8_PKhS4_S8_P_153_U |     0.001 |
|     p_ZZN3gdn12gdn_top_implEPA128_K7ap_uintILi4EEPA4_KS0_ILi8EES4_S8_S4_S8_PKhS4_S8_P_154_U |     0.001 |
|     p_ZZN3gdn12gdn_top_implEPA128_K7ap_uintILi4EEPA4_KS0_ILi8EES4_S8_S4_S8_PKhS4_S8_P_155_U |     0.001 |
|     p_ZZN3gdn12gdn_top_implEPA128_K7ap_uintILi4EEPA4_KS0_ILi8EES4_S8_S4_S8_PKhS4_S8_P_156_U |     0.001 |
|     p_ZZN3gdn12gdn_top_implEPA128_K7ap_uintILi4EEPA4_KS0_ILi8EES4_S8_S4_S8_PKhS4_S8_P_157_U |     0.001 |
|     p_ZZN3gdn12gdn_top_implEPA128_K7ap_uintILi4EEPA4_KS0_ILi8EES4_S8_S4_S8_PKhS4_S8_P_158_U |     0.001 |
|     p_ZZN3gdn12gdn_top_implEPA128_K7ap_uintILi4EEPA4_KS0_ILi8EES4_S8_S4_S8_PKhS4_S8_P_159_U |     0.001 |
|     p_ZZN3gdn12gdn_top_implEPA128_K7ap_uintILi4EEPA4_KS0_ILi8EES4_S8_S4_S8_PKhS4_S8_P_15_U  |     0.001 |
|     p_ZZN3gdn12gdn_top_implEPA128_K7ap_uintILi4EEPA4_KS0_ILi8EES4_S8_S4_S8_PKhS4_S8_P_160_U |     0.001 |
|     p_ZZN3gdn12gdn_top_implEPA128_K7ap_uintILi4EEPA4_KS0_ILi8EES4_S8_S4_S8_PKhS4_S8_P_161_U |     0.001 |
|     p_ZZN3gdn12gdn_top_implEPA128_K7ap_uintILi4EEPA4_KS0_ILi8EES4_S8_S4_S8_PKhS4_S8_P_162_U |     0.001 |
|     p_ZZN3gdn12gdn_top_implEPA128_K7ap_uintILi4EEPA4_KS0_ILi8EES4_S8_S4_S8_PKhS4_S8_P_163_U |     0.001 |
|     p_ZZN3gdn12gdn_top_implEPA128_K7ap_uintILi4EEPA4_KS0_ILi8EES4_S8_S4_S8_PKhS4_S8_P_164_U |     0.001 |
|     p_ZZN3gdn12gdn_top_implEPA128_K7ap_uintILi4EEPA4_KS0_ILi8EES4_S8_S4_S8_PKhS4_S8_P_165_U |     0.001 |
|     p_ZZN3gdn12gdn_top_implEPA128_K7ap_uintILi4EEPA4_KS0_ILi8EES4_S8_S4_S8_PKhS4_S8_P_166_U |     0.001 |
|     p_ZZN3gdn12gdn_top_implEPA128_K7ap_uintILi4EEPA4_KS0_ILi8EES4_S8_S4_S8_PKhS4_S8_P_167_U |     0.001 |
|     p_ZZN3gdn12gdn_top_implEPA128_K7ap_uintILi4EEPA4_KS0_ILi8EES4_S8_S4_S8_PKhS4_S8_P_168_U |     0.001 |
|     p_ZZN3gdn12gdn_top_implEPA128_K7ap_uintILi4EEPA4_KS0_ILi8EES4_S8_S4_S8_PKhS4_S8_P_169_U |     0.001 |
|     p_ZZN3gdn12gdn_top_implEPA128_K7ap_uintILi4EEPA4_KS0_ILi8EES4_S8_S4_S8_PKhS4_S8_P_16_U  |     0.001 |
|     p_ZZN3gdn12gdn_top_implEPA128_K7ap_uintILi4EEPA4_KS0_ILi8EES4_S8_S4_S8_PKhS4_S8_P_170_U |     0.001 |
|     p_ZZN3gdn12gdn_top_implEPA128_K7ap_uintILi4EEPA4_KS0_ILi8EES4_S8_S4_S8_PKhS4_S8_P_171_U |     0.001 |
|     p_ZZN3gdn12gdn_top_implEPA128_K7ap_uintILi4EEPA4_KS0_ILi8EES4_S8_S4_S8_PKhS4_S8_P_172_U |     0.001 |
|     p_ZZN3gdn12gdn_top_implEPA128_K7ap_uintILi4EEPA4_KS0_ILi8EES4_S8_S4_S8_PKhS4_S8_P_173_U |     0.001 |
|     p_ZZN3gdn12gdn_top_implEPA128_K7ap_uintILi4EEPA4_KS0_ILi8EES4_S8_S4_S8_PKhS4_S8_P_174_U |     0.001 |
|     p_ZZN3gdn12gdn_top_implEPA128_K7ap_uintILi4EEPA4_KS0_ILi8EES4_S8_S4_S8_PKhS4_S8_P_175_U |     0.001 |
|     p_ZZN3gdn12gdn_top_implEPA128_K7ap_uintILi4EEPA4_KS0_ILi8EES4_S8_S4_S8_PKhS4_S8_P_176_U |     0.001 |
|     p_ZZN3gdn12gdn_top_implEPA128_K7ap_uintILi4EEPA4_KS0_ILi8EES4_S8_S4_S8_PKhS4_S8_P_177_U |     0.001 |
|     p_ZZN3gdn12gdn_top_implEPA128_K7ap_uintILi4EEPA4_KS0_ILi8EES4_S8_S4_S8_PKhS4_S8_P_178_U |     0.001 |
|     p_ZZN3gdn12gdn_top_implEPA128_K7ap_uintILi4EEPA4_KS0_ILi8EES4_S8_S4_S8_PKhS4_S8_P_17_U  |     0.001 |
|     p_ZZN3gdn12gdn_top_implEPA128_K7ap_uintILi4EEPA4_KS0_ILi8EES4_S8_S4_S8_PKhS4_S8_P_18_U  |     0.001 |
|     p_ZZN3gdn12gdn_top_implEPA128_K7ap_uintILi4EEPA4_KS0_ILi8EES4_S8_S4_S8_PKhS4_S8_P_19_U  |     0.001 |
|     p_ZZN3gdn12gdn_top_implEPA128_K7ap_uintILi4EEPA4_KS0_ILi8EES4_S8_S4_S8_PKhS4_S8_P_20_U  |     0.001 |
|     p_ZZN3gdn12gdn_top_implEPA128_K7ap_uintILi4EEPA4_KS0_ILi8EES4_S8_S4_S8_PKhS4_S8_P_21_U  |     0.001 |
|     p_ZZN3gdn12gdn_top_implEPA128_K7ap_uintILi4EEPA4_KS0_ILi8EES4_S8_S4_S8_PKhS4_S8_P_22_U  |     0.001 |
|     p_ZZN3gdn12gdn_top_implEPA128_K7ap_uintILi4EEPA4_KS0_ILi8EES4_S8_S4_S8_PKhS4_S8_P_23_U  |     0.001 |
|     p_ZZN3gdn12gdn_top_implEPA128_K7ap_uintILi4EEPA4_KS0_ILi8EES4_S8_S4_S8_PKhS4_S8_P_24_U  |     0.001 |
|     p_ZZN3gdn12gdn_top_implEPA128_K7ap_uintILi4EEPA4_KS0_ILi8EES4_S8_S4_S8_PKhS4_S8_P_25_U  |     0.001 |
|     p_ZZN3gdn12gdn_top_implEPA128_K7ap_uintILi4EEPA4_KS0_ILi8EES4_S8_S4_S8_PKhS4_S8_P_26_U  |     0.001 |
|     p_ZZN3gdn12gdn_top_implEPA128_K7ap_uintILi4EEPA4_KS0_ILi8EES4_S8_S4_S8_PKhS4_S8_P_27_U  |     0.001 |
|     p_ZZN3gdn12gdn_top_implEPA128_K7ap_uintILi4EEPA4_KS0_ILi8EES4_S8_S4_S8_PKhS4_S8_P_28_U  |     0.001 |
|     p_ZZN3gdn12gdn_top_implEPA128_K7ap_uintILi4EEPA4_KS0_ILi8EES4_S8_S4_S8_PKhS4_S8_P_29_U  |     0.001 |
|     p_ZZN3gdn12gdn_top_implEPA128_K7ap_uintILi4EEPA4_KS0_ILi8EES4_S8_S4_S8_PKhS4_S8_P_30_U  |     0.001 |
|     p_ZZN3gdn12gdn_top_implEPA128_K7ap_uintILi4EEPA4_KS0_ILi8EES4_S8_S4_S8_PKhS4_S8_P_31_U  |     0.001 |
|     p_ZZN3gdn12gdn_top_implEPA128_K7ap_uintILi4EEPA4_KS0_ILi8EES4_S8_S4_S8_PKhS4_S8_P_32_U  |     0.001 |
|     p_ZZN3gdn12gdn_top_implEPA128_K7ap_uintILi4EEPA4_KS0_ILi8EES4_S8_S4_S8_PKhS4_S8_P_33_U  |     0.001 |
|     p_ZZN3gdn12gdn_top_implEPA128_K7ap_uintILi4EEPA4_KS0_ILi8EES4_S8_S4_S8_PKhS4_S8_P_34_U  |     0.001 |
|     p_ZZN3gdn12gdn_top_implEPA128_K7ap_uintILi4EEPA4_KS0_ILi8EES4_S8_S4_S8_PKhS4_S8_P_35_U  |     0.001 |
|     p_ZZN3gdn12gdn_top_implEPA128_K7ap_uintILi4EEPA4_KS0_ILi8EES4_S8_S4_S8_PKhS4_S8_P_36_U  |     0.001 |
|     p_ZZN3gdn12gdn_top_implEPA128_K7ap_uintILi4EEPA4_KS0_ILi8EES4_S8_S4_S8_PKhS4_S8_P_37_U  |     0.001 |
|     p_ZZN3gdn12gdn_top_implEPA128_K7ap_uintILi4EEPA4_KS0_ILi8EES4_S8_S4_S8_PKhS4_S8_P_38_U  |     0.001 |
|     p_ZZN3gdn12gdn_top_implEPA128_K7ap_uintILi4EEPA4_KS0_ILi8EES4_S8_S4_S8_PKhS4_S8_P_39_U  |     0.001 |
|     p_ZZN3gdn12gdn_top_implEPA128_K7ap_uintILi4EEPA4_KS0_ILi8EES4_S8_S4_S8_PKhS4_S8_P_40_U  |     0.001 |
|     p_ZZN3gdn12gdn_top_implEPA128_K7ap_uintILi4EEPA4_KS0_ILi8EES4_S8_S4_S8_PKhS4_S8_P_41_U  |     0.001 |
|     p_ZZN3gdn12gdn_top_implEPA128_K7ap_uintILi4EEPA4_KS0_ILi8EES4_S8_S4_S8_PKhS4_S8_P_42_U  |     0.001 |
|     p_ZZN3gdn12gdn_top_implEPA128_K7ap_uintILi4EEPA4_KS0_ILi8EES4_S8_S4_S8_PKhS4_S8_P_43_U  |     0.001 |
|     p_ZZN3gdn12gdn_top_implEPA128_K7ap_uintILi4EEPA4_KS0_ILi8EES4_S8_S4_S8_PKhS4_S8_P_44_U  |     0.001 |
|     p_ZZN3gdn12gdn_top_implEPA128_K7ap_uintILi4EEPA4_KS0_ILi8EES4_S8_S4_S8_PKhS4_S8_P_45_U  |     0.001 |
|     p_ZZN3gdn12gdn_top_implEPA128_K7ap_uintILi4EEPA4_KS0_ILi8EES4_S8_S4_S8_PKhS4_S8_P_46_U  |     0.001 |
|     p_ZZN3gdn12gdn_top_implEPA128_K7ap_uintILi4EEPA4_KS0_ILi8EES4_S8_S4_S8_PKhS4_S8_P_47_U  |     0.001 |
|     p_ZZN3gdn12gdn_top_implEPA128_K7ap_uintILi4EEPA4_KS0_ILi8EES4_S8_S4_S8_PKhS4_S8_P_48_U  |     0.001 |
|     p_ZZN3gdn12gdn_top_implEPA128_K7ap_uintILi4EEPA4_KS0_ILi8EES4_S8_S4_S8_PKhS4_S8_P_49_U  |     0.001 |
|     p_ZZN3gdn12gdn_top_implEPA128_K7ap_uintILi4EEPA4_KS0_ILi8EES4_S8_S4_S8_PKhS4_S8_P_50_U  |     0.001 |
|     p_ZZN3gdn12gdn_top_implEPA128_K7ap_uintILi4EEPA4_KS0_ILi8EES4_S8_S4_S8_PKhS4_S8_P_51_U  |     0.001 |
|     p_ZZN3gdn12gdn_top_implEPA128_K7ap_uintILi4EEPA4_KS0_ILi8EES4_S8_S4_S8_PKhS4_S8_P_52_U  |     0.001 |
|     p_ZZN3gdn12gdn_top_implEPA128_K7ap_uintILi4EEPA4_KS0_ILi8EES4_S8_S4_S8_PKhS4_S8_P_53_U  |     0.001 |
|     p_ZZN3gdn12gdn_top_implEPA128_K7ap_uintILi4EEPA4_KS0_ILi8EES4_S8_S4_S8_PKhS4_S8_P_54_U  |     0.001 |
|     p_ZZN3gdn12gdn_top_implEPA128_K7ap_uintILi4EEPA4_KS0_ILi8EES4_S8_S4_S8_PKhS4_S8_P_55_U  |     0.001 |
|     p_ZZN3gdn12gdn_top_implEPA128_K7ap_uintILi4EEPA4_KS0_ILi8EES4_S8_S4_S8_PKhS4_S8_P_56_U  |     0.001 |
|     p_ZZN3gdn12gdn_top_implEPA128_K7ap_uintILi4EEPA4_KS0_ILi8EES4_S8_S4_S8_PKhS4_S8_P_57_U  |     0.001 |
|     p_ZZN3gdn12gdn_top_implEPA128_K7ap_uintILi4EEPA4_KS0_ILi8EES4_S8_S4_S8_PKhS4_S8_P_58_U  |     0.001 |
|     p_ZZN3gdn12gdn_top_implEPA128_K7ap_uintILi4EEPA4_KS0_ILi8EES4_S8_S4_S8_PKhS4_S8_P_59_U  |     0.001 |
|     p_ZZN3gdn12gdn_top_implEPA128_K7ap_uintILi4EEPA4_KS0_ILi8EES4_S8_S4_S8_PKhS4_S8_P_60_U  |     0.001 |
|     p_ZZN3gdn12gdn_top_implEPA128_K7ap_uintILi4EEPA4_KS0_ILi8EES4_S8_S4_S8_PKhS4_S8_P_61_U  |     0.001 |
|     p_ZZN3gdn12gdn_top_implEPA128_K7ap_uintILi4EEPA4_KS0_ILi8EES4_S8_S4_S8_PKhS4_S8_P_62_U  |     0.001 |
|     p_ZZN3gdn12gdn_top_implEPA128_K7ap_uintILi4EEPA4_KS0_ILi8EES4_S8_S4_S8_PKhS4_S8_P_63_U  |     0.001 |
|     p_ZZN3gdn12gdn_top_implEPA128_K7ap_uintILi4EEPA4_KS0_ILi8EES4_S8_S4_S8_PKhS4_S8_P_64_U  |     0.001 |
|     p_ZZN3gdn12gdn_top_implEPA128_K7ap_uintILi4EEPA4_KS0_ILi8EES4_S8_S4_S8_PKhS4_S8_P_65_U  |     0.001 |
|     p_ZZN3gdn12gdn_top_implEPA128_K7ap_uintILi4EEPA4_KS0_ILi8EES4_S8_S4_S8_PKhS4_S8_P_66_U  |     0.001 |
|     p_ZZN3gdn12gdn_top_implEPA128_K7ap_uintILi4EEPA4_KS0_ILi8EES4_S8_S4_S8_PKhS4_S8_P_67_U  |     0.001 |
|     p_ZZN3gdn12gdn_top_implEPA128_K7ap_uintILi4EEPA4_KS0_ILi8EES4_S8_S4_S8_PKhS4_S8_P_68_U  |     0.001 |
|     p_ZZN3gdn12gdn_top_implEPA128_K7ap_uintILi4EEPA4_KS0_ILi8EES4_S8_S4_S8_PKhS4_S8_P_69_U  |     0.001 |
|     p_ZZN3gdn12gdn_top_implEPA128_K7ap_uintILi4EEPA4_KS0_ILi8EES4_S8_S4_S8_PKhS4_S8_P_70_U  |     0.001 |
|     p_ZZN3gdn12gdn_top_implEPA128_K7ap_uintILi4EEPA4_KS0_ILi8EES4_S8_S4_S8_PKhS4_S8_P_71_U  |     0.001 |
|     p_ZZN3gdn12gdn_top_implEPA128_K7ap_uintILi4EEPA4_KS0_ILi8EES4_S8_S4_S8_PKhS4_S8_P_72_U  |     0.001 |
|     p_ZZN3gdn12gdn_top_implEPA128_K7ap_uintILi4EEPA4_KS0_ILi8EES4_S8_S4_S8_PKhS4_S8_P_73_U  |     0.001 |
|     p_ZZN3gdn12gdn_top_implEPA128_K7ap_uintILi4EEPA4_KS0_ILi8EES4_S8_S4_S8_PKhS4_S8_P_74_U  |     0.001 |
|     p_ZZN3gdn12gdn_top_implEPA128_K7ap_uintILi4EEPA4_KS0_ILi8EES4_S8_S4_S8_PKhS4_S8_P_75_U  |     0.001 |
|     p_ZZN3gdn12gdn_top_implEPA128_K7ap_uintILi4EEPA4_KS0_ILi8EES4_S8_S4_S8_PKhS4_S8_P_76_U  |     0.001 |
|     p_ZZN3gdn12gdn_top_implEPA128_K7ap_uintILi4EEPA4_KS0_ILi8EES4_S8_S4_S8_PKhS4_S8_P_77_U  |     0.001 |
|     p_ZZN3gdn12gdn_top_implEPA128_K7ap_uintILi4EEPA4_KS0_ILi8EES4_S8_S4_S8_PKhS4_S8_P_78_U  |     0.001 |
|     p_ZZN3gdn12gdn_top_implEPA128_K7ap_uintILi4EEPA4_KS0_ILi8EES4_S8_S4_S8_PKhS4_S8_P_79_U  |     0.001 |
|     p_ZZN3gdn12gdn_top_implEPA128_K7ap_uintILi4EEPA4_KS0_ILi8EES4_S8_S4_S8_PKhS4_S8_P_80_U  |     0.001 |
|     p_ZZN3gdn12gdn_top_implEPA128_K7ap_uintILi4EEPA4_KS0_ILi8EES4_S8_S4_S8_PKhS4_S8_P_81_U  |     0.001 |
|     p_ZZN3gdn12gdn_top_implEPA128_K7ap_uintILi4EEPA4_KS0_ILi8EES4_S8_S4_S8_PKhS4_S8_P_82_U  |     0.001 |
|     p_ZZN3gdn12gdn_top_implEPA128_K7ap_uintILi4EEPA4_KS0_ILi8EES4_S8_S4_S8_PKhS4_S8_P_83_U  |     0.001 |
|     p_ZZN3gdn12gdn_top_implEPA128_K7ap_uintILi4EEPA4_KS0_ILi8EES4_S8_S4_S8_PKhS4_S8_P_84_U  |     0.001 |
|     p_ZZN3gdn12gdn_top_implEPA128_K7ap_uintILi4EEPA4_KS0_ILi8EES4_S8_S4_S8_PKhS4_S8_P_85_U  |     0.001 |
|     p_ZZN3gdn12gdn_top_implEPA128_K7ap_uintILi4EEPA4_KS0_ILi8EES4_S8_S4_S8_PKhS4_S8_P_86_U  |     0.001 |
|     p_ZZN3gdn12gdn_top_implEPA128_K7ap_uintILi4EEPA4_KS0_ILi8EES4_S8_S4_S8_PKhS4_S8_P_87_U  |     0.001 |
|     p_ZZN3gdn12gdn_top_implEPA128_K7ap_uintILi4EEPA4_KS0_ILi8EES4_S8_S4_S8_PKhS4_S8_P_88_U  |     0.001 |
|     p_ZZN3gdn12gdn_top_implEPA128_K7ap_uintILi4EEPA4_KS0_ILi8EES4_S8_S4_S8_PKhS4_S8_P_89_U  |     0.001 |
|     p_ZZN3gdn12gdn_top_implEPA128_K7ap_uintILi4EEPA4_KS0_ILi8EES4_S8_S4_S8_PKhS4_S8_P_90_U  |     0.001 |
|     p_ZZN3gdn12gdn_top_implEPA128_K7ap_uintILi4EEPA4_KS0_ILi8EES4_S8_S4_S8_PKhS4_S8_P_91_U  |     0.001 |
|     p_ZZN3gdn12gdn_top_implEPA128_K7ap_uintILi4EEPA4_KS0_ILi8EES4_S8_S4_S8_PKhS4_S8_P_92_U  |     0.001 |
|     p_ZZN3gdn12gdn_top_implEPA128_K7ap_uintILi4EEPA4_KS0_ILi8EES4_S8_S4_S8_PKhS4_S8_P_93_U  |     0.001 |
|     p_ZZN3gdn12gdn_top_implEPA128_K7ap_uintILi4EEPA4_KS0_ILi8EES4_S8_S4_S8_PKhS4_S8_P_94_U  |     0.001 |
|     p_ZZN3gdn12gdn_top_implEPA128_K7ap_uintILi4EEPA4_KS0_ILi8EES4_S8_S4_S8_PKhS4_S8_P_95_U  |     0.001 |
|     p_ZZN3gdn12gdn_top_implEPA128_K7ap_uintILi4EEPA4_KS0_ILi8EES4_S8_S4_S8_PKhS4_S8_P_96_U  |     0.001 |
|     p_ZZN3gdn12gdn_top_implEPA128_K7ap_uintILi4EEPA4_KS0_ILi8EES4_S8_S4_S8_PKhS4_S8_P_97_U  |     0.001 |
|     p_ZZN3gdn12gdn_top_implEPA128_K7ap_uintILi4EEPA4_KS0_ILi8EES4_S8_S4_S8_PKhS4_S8_P_98_U  |     0.001 |
|     p_ZZN3gdn12gdn_top_implEPA128_K7ap_uintILi4EEPA4_KS0_ILi8EES4_S8_S4_S8_PKhS4_S8_P_99_U  |     0.001 |
|     predicted_1_U                                                                           |     0.001 |
|     predicted_2_U                                                                           |     0.001 |
|     predicted_3_U                                                                           |     0.002 |
|     predicted_4_U                                                                           |     0.002 |
|     predicted_5_U                                                                           |     0.001 |
|     predicted_6_U                                                                           |     0.001 |
|     predicted_7_U                                                                           |     0.002 |
|     predicted_U                                                                             |     0.002 |
+---------------------------------------------------------------------------------------------+-----------+


