Copyright 1986-2022 Xilinx, Inc. All Rights Reserved. Copyright 2022-2025 Advanced Micro Devices, Inc. All Rights Reserved.
--------------------------------------------------------------------------------------------------------------------------------------------------
| Tool Version      : Vivado v.2025.2 (win64) Build 6299465 Fri Nov 14 19:35:11 GMT 2025
| Date              : Thu May 21 14:54:18 2026
| Host              : Tyler running 64-bit major release  (build 9200)
| Command           : report_timing_summary -file reports/vivado/synth_timing.rpt
| Design            : gdn_top
| Device            : xcu55c-fsvh2892
| Speed File        : -2L  PRODUCTION 1.30 05-01-2022
| Design State      : Synthesized
| Temperature Grade : E
--------------------------------------------------------------------------------------------------------------------------------------------------

Timing Summary Report

------------------------------------------------------------------------------------------------
| Timer Settings
| --------------
------------------------------------------------------------------------------------------------

  Enable Multi Corner Analysis               :  Yes
  Enable Pessimism Removal                   :  Yes
  Pessimism Removal Resolution               :  Nearest Common Node
  Enable Input Delay Default Clock           :  No
  Enable Preset / Clear Arcs                 :  No
  Disable Flight Delays                      :  No
  Ignore I/O Paths                           :  No
  Timing Early Launch at Borrowing Latches   :  No
  Borrow Time for Max Delay Exceptions       :  Yes
  Merge Timing Exceptions                    :  Yes
  Inter-SLR Compensation                     :  Conservative

  Corner  Analyze    Analyze    
  Name    Max Paths  Min Paths  
  ------  ---------  ---------  
  Slow    Yes        Yes        
  Fast    Yes        Yes        


------------------------------------------------------------------------------------------------
| Report Methodology
| ------------------
------------------------------------------------------------------------------------------------

No report available as report_methodology has not been run prior. Run report_methodology on the current design for the summary of methodology violations.



check_timing report

Table of Contents
-----------------
1. checking no_clock (0)
2. checking constant_clock (0)
3. checking pulse_width_clock (0)
4. checking unconstrained_internal_endpoints (0)
5. checking no_input_delay (0)
6. checking no_output_delay (0)
7. checking multiple_clock (0)
8. checking generated_clocks (0)
9. checking loops (0)
10. checking partial_input_delay (0)
11. checking partial_output_delay (0)
12. checking latch_loops (0)

1. checking no_clock (0)
------------------------
 There are 0 register/latch pins with no clock.


2. checking constant_clock (0)
------------------------------
 There are 0 register/latch pins with constant_clock.


3. checking pulse_width_clock (0)
---------------------------------
 There are 0 register/latch pins which need pulse_width check


4. checking unconstrained_internal_endpoints (0)
------------------------------------------------
 There are 0 pins that are not constrained for maximum delay.

 There are 0 pins that are not constrained for maximum delay due to constant clock.


5. checking no_input_delay (0)
------------------------------
 There are 0 input ports with no input delay specified.

 There are 0 input ports with no input delay but user has a false path constraint.


6. checking no_output_delay (0)
-------------------------------
 There are 0 ports with no output delay specified.

 There are 0 ports with no output delay but user has a false path constraint

 There are 0 ports with no output delay but with a timing clock defined on it or propagating through it


7. checking multiple_clock (0)
------------------------------
 There are 0 register/latch pins with multiple clocks.


8. checking generated_clocks (0)
--------------------------------
 There are 0 generated clocks that are not connected to a clock source.


9. checking loops (0)
---------------------
 There are 0 combinational loops in the design.


10. checking partial_input_delay (0)
------------------------------------
 There are 0 input ports with partial input delay specified.


11. checking partial_output_delay (0)
-------------------------------------
 There are 0 ports with partial output delay specified.


12. checking latch_loops (0)
----------------------------
 There are 0 combinational latch loops in the design through latch input



------------------------------------------------------------------------------------------------
| Design Timing Summary
| ---------------------
------------------------------------------------------------------------------------------------

    WNS(ns)      TNS(ns)  TNS Failing Endpoints  TNS Total Endpoints      WHS(ns)      THS(ns)  THS Failing Endpoints  THS Total Endpoints     WPWS(ns)     TPWS(ns)  TPWS Failing Endpoints  TPWS Total Endpoints  
    -------      -------  ---------------------  -------------------      -------      -------  ---------------------  -------------------     --------     --------  ----------------------  --------------------  
      1.118        0.000                      0               105615        0.041        0.000                      0               105615        1.458        0.000                       0                 49984  


All user specified timing constraints are met.


------------------------------------------------------------------------------------------------
| Clock Summary
| -------------
------------------------------------------------------------------------------------------------

Clock   Waveform(ns)         Period(ns)      Frequency(MHz)
-----   ------------         ----------      --------------
ap_clk  {0.000 2.000}        4.000           250.000         


------------------------------------------------------------------------------------------------
| Intra Clock Table
| -----------------
------------------------------------------------------------------------------------------------

Clock             WNS(ns)      TNS(ns)  TNS Failing Endpoints  TNS Total Endpoints      WHS(ns)      THS(ns)  THS Failing Endpoints  THS Total Endpoints     WPWS(ns)     TPWS(ns)  TPWS Failing Endpoints  TPWS Total Endpoints  
-----             -------      -------  ---------------------  -------------------      -------      -------  ---------------------  -------------------     --------     --------  ----------------------  --------------------  
ap_clk              1.118        0.000                      0               105615        0.041        0.000                      0               105615        1.458        0.000                       0                 49984  


------------------------------------------------------------------------------------------------
| Inter Clock Table
| -----------------
------------------------------------------------------------------------------------------------

From Clock    To Clock          WNS(ns)      TNS(ns)  TNS Failing Endpoints  TNS Total Endpoints      WHS(ns)      THS(ns)  THS Failing Endpoints  THS Total Endpoints  
----------    --------          -------      -------  ---------------------  -------------------      -------      -------  ---------------------  -------------------  


------------------------------------------------------------------------------------------------
| Other Path Groups Table
| -----------------------
------------------------------------------------------------------------------------------------

Path Group    From Clock    To Clock          WNS(ns)      TNS(ns)  TNS Failing Endpoints  TNS Total Endpoints      WHS(ns)      THS(ns)  THS Failing Endpoints  THS Total Endpoints  
----------    ----------    --------          -------      -------  ---------------------  -------------------      -------      -------  ---------------------  -------------------  


------------------------------------------------------------------------------------------------
| Timing Details
| --------------
------------------------------------------------------------------------------------------------


---------------------------------------------------------------------------------------------------
From Clock:  ap_clk
  To Clock:  ap_clk

Setup :            0  Failing Endpoints,  Worst Slack        1.118ns,  Total Violation        0.000ns
Hold  :            0  Failing Endpoints,  Worst Slack        0.041ns,  Total Violation        0.000ns
PW    :            0  Failing Endpoints,  Worst Slack        1.458ns,  Total Violation        0.000ns
---------------------------------------------------------------------------------------------------


Max Delay Paths
--------------------------------------------------------------------------------------
Slack (MET) :             1.118ns  (required time - arrival time)
  Source:                 grp_gdn_top_impl_fu_514/grp_gdn_top_impl_Pipeline_update_heads_update_row_tiles_update_col_tiles_fu_970/abs_q3_272_reg_117169_reg[8]/C
                            (rising edge-triggered cell FDRE clocked by ap_clk  {rise@0.000ns fall@2.000ns period=4.000ns})
  Destination:            grp_gdn_top_impl_fu_514/grp_gdn_top_impl_Pipeline_update_heads_update_row_tiles_update_col_tiles_fu_970/closer_113_reg_121052_reg[0]/D
                            (rising edge-triggered cell FDRE clocked by ap_clk  {rise@0.000ns fall@2.000ns period=4.000ns})
  Path Group:             ap_clk
  Path Type:              Setup (Max at Slow Process Corner)
  Requirement:            4.000ns  (ap_clk rise@4.000ns - ap_clk rise@0.000ns)
  Data Path Delay:        2.865ns  (logic 0.863ns (30.122%)  route 2.002ns (69.878%))
  Logic Levels:           11  (CARRY8=2 LUT3=1 LUT4=1 LUT6=7)
  Clock Path Skew:        -0.007ns (DCD - SCD + CPR)
    Destination Clock Delay (DCD):    0.021ns = ( 4.021 - 4.000 ) 
    Source Clock Delay      (SCD):    0.028ns
    Clock Pessimism Removal (CPR):    0.000ns
  Clock Uncertainty:      0.035ns  ((TSJ^2 + TIJ^2)^1/2 + DJ) / 2 + PE
    Total System Jitter     (TSJ):    0.071ns
    Total Input Jitter      (TIJ):    0.000ns
    Discrete Jitter          (DJ):    0.000ns
    Phase Error              (PE):    0.000ns

    Location             Delay type                Incr(ns)  Path(ns)    Netlist Resource(s)
  -------------------------------------------------------------------    -------------------
                         (clock ap_clk rise edge)     0.000     0.000 r  
                                                      0.000     0.000 r  ap_clk (IN)
                         net (fo=53647, unset)        0.028     0.028    grp_gdn_top_impl_fu_514/grp_gdn_top_impl_Pipeline_update_heads_update_row_tiles_update_col_tiles_fu_970/ap_clk
                         FDRE                                         r  grp_gdn_top_impl_fu_514/grp_gdn_top_impl_Pipeline_update_heads_update_row_tiles_update_col_tiles_fu_970/abs_q3_272_reg_117169_reg[8]/C
  -------------------------------------------------------------------    -------------------
                         FDRE (Prop_FDRE_C_Q)         0.077     0.105 r  grp_gdn_top_impl_fu_514/grp_gdn_top_impl_Pipeline_update_heads_update_row_tiles_update_col_tiles_fu_970/abs_q3_272_reg_117169_reg[8]/Q
                         net (fo=19, unplaced)        0.202     0.307    grp_gdn_top_impl_fu_514/grp_gdn_top_impl_Pipeline_update_heads_update_row_tiles_update_col_tiles_fu_970/abs_q3_272_reg_117169[8]
                         LUT6 (Prop_LUT6_I0_O)        0.150     0.457 r  grp_gdn_top_impl_fu_514/grp_gdn_top_impl_Pipeline_update_heads_update_row_tiles_update_col_tiles_fu_970/dist_2306_reg_121047[11]_i_2/O
                         net (fo=11, unplaced)        0.220     0.677    grp_gdn_top_impl_fu_514/grp_gdn_top_impl_Pipeline_update_heads_update_row_tiles_update_col_tiles_fu_970/dist_2306_reg_121047[11]_i_2_n_0
                         LUT4 (Prop_LUT4_I2_O)        0.038     0.715 r  grp_gdn_top_impl_fu_514/grp_gdn_top_impl_Pipeline_update_heads_update_row_tiles_update_col_tiles_fu_970/best_dist_226_reg_121042[12]_i_3/O
                         net (fo=13, unplaced)        0.224     0.939    grp_gdn_top_impl_fu_514/grp_gdn_top_impl_Pipeline_update_heads_update_row_tiles_update_col_tiles_fu_970/best_dist_226_reg_121042[12]_i_3_n_0
                         LUT6 (Prop_LUT6_I4_O)        0.038     0.977 r  grp_gdn_top_impl_fu_514/grp_gdn_top_impl_Pipeline_update_heads_update_row_tiles_update_col_tiles_fu_970/best_dist_226_reg_121042[3]_i_3/O
                         net (fo=19, unplaced)        0.233     1.210    grp_gdn_top_impl_fu_514/grp_gdn_top_impl_Pipeline_update_heads_update_row_tiles_update_col_tiles_fu_970/best_dist_226_reg_121042[3]_i_3_n_0
                         LUT6 (Prop_LUT6_I1_O)        0.038     1.248 r  grp_gdn_top_impl_fu_514/grp_gdn_top_impl_Pipeline_update_heads_update_row_tiles_update_col_tiles_fu_970/best_dist_226_reg_121042[11]_i_2/O
                         net (fo=3, unplaced)         0.191     1.439    grp_gdn_top_impl_fu_514/grp_gdn_top_impl_Pipeline_update_heads_update_row_tiles_update_col_tiles_fu_970/best_dist_226_reg_121042[11]_i_2_n_0
                         LUT6 (Prop_LUT6_I0_O)        0.038     1.477 r  grp_gdn_top_impl_fu_514/grp_gdn_top_impl_Pipeline_update_heads_update_row_tiles_update_col_tiles_fu_970/closer_912_reg_121036[0]_i_29/O
                         net (fo=1, unplaced)         0.185     1.662    grp_gdn_top_impl_fu_514/grp_gdn_top_impl_Pipeline_update_heads_update_row_tiles_update_col_tiles_fu_970/closer_912_reg_121036[0]_i_29_n_0
                         LUT6 (Prop_LUT6_I0_O)        0.037     1.699 r  grp_gdn_top_impl_fu_514/grp_gdn_top_impl_Pipeline_update_heads_update_row_tiles_update_col_tiles_fu_970/closer_912_reg_121036[0]_i_12/O
                         net (fo=1, unplaced)         0.029     1.728    grp_gdn_top_impl_fu_514/grp_gdn_top_impl_Pipeline_update_heads_update_row_tiles_update_col_tiles_fu_970/closer_912_reg_121036[0]_i_12_n_0
                         CARRY8 (Prop_CARRY8_S[5]_CO[7])
                                                      0.166     1.894 r  grp_gdn_top_impl_fu_514/grp_gdn_top_impl_Pipeline_update_heads_update_row_tiles_update_col_tiles_fu_970/closer_912_reg_121036_reg[0]_i_1/CO[7]
                         net (fo=28, unplaced)        0.270     2.164    grp_gdn_top_impl_fu_514/grp_gdn_top_impl_Pipeline_update_heads_update_row_tiles_update_col_tiles_fu_970/closer_912_reg_121036_reg[0]_i_1_n_0
                         LUT3 (Prop_LUT3_I1_O)        0.038     2.202 r  grp_gdn_top_impl_fu_514/grp_gdn_top_impl_Pipeline_update_heads_update_row_tiles_update_col_tiles_fu_970/best_dist_226_reg_121042[5]_i_1/O
                         net (fo=3, unplaced)         0.191     2.393    grp_gdn_top_impl_fu_514/grp_gdn_top_impl_Pipeline_update_heads_update_row_tiles_update_col_tiles_fu_970/best_dist_226_fu_36602_p3[5]
                         LUT6 (Prop_LUT6_I0_O)        0.038     2.431 r  grp_gdn_top_impl_fu_514/grp_gdn_top_impl_Pipeline_update_heads_update_row_tiles_update_col_tiles_fu_970/closer_113_reg_121052[0]_i_20/O
                         net (fo=1, unplaced)         0.185     2.616    grp_gdn_top_impl_fu_514/grp_gdn_top_impl_Pipeline_update_heads_update_row_tiles_update_col_tiles_fu_970/closer_113_reg_121052[0]_i_20_n_0
                         LUT6 (Prop_LUT6_I0_O)        0.037     2.653 r  grp_gdn_top_impl_fu_514/grp_gdn_top_impl_Pipeline_update_heads_update_row_tiles_update_col_tiles_fu_970/closer_113_reg_121052[0]_i_15/O
                         net (fo=1, unplaced)         0.028     2.681    grp_gdn_top_impl_fu_514/grp_gdn_top_impl_Pipeline_update_heads_update_row_tiles_update_col_tiles_fu_970/closer_113_reg_121052[0]_i_15_n_0
                         CARRY8 (Prop_CARRY8_S[2]_CO[7])
                                                      0.168     2.849 r  grp_gdn_top_impl_fu_514/grp_gdn_top_impl_Pipeline_update_heads_update_row_tiles_update_col_tiles_fu_970/closer_113_reg_121052_reg[0]_i_1/CO[7]
                         net (fo=1, unplaced)         0.044     2.893    grp_gdn_top_impl_fu_514/grp_gdn_top_impl_Pipeline_update_heads_update_row_tiles_update_col_tiles_fu_970/closer_113_fu_36636_p2[0]
                         FDRE                                         r  grp_gdn_top_impl_fu_514/grp_gdn_top_impl_Pipeline_update_heads_update_row_tiles_update_col_tiles_fu_970/closer_113_reg_121052_reg[0]/D
  -------------------------------------------------------------------    -------------------

                         (clock ap_clk rise edge)     4.000     4.000 r  
                                                      0.000     4.000 r  ap_clk (IN)
                         net (fo=53647, unset)        0.021     4.021    grp_gdn_top_impl_fu_514/grp_gdn_top_impl_Pipeline_update_heads_update_row_tiles_update_col_tiles_fu_970/ap_clk
                         FDRE                                         r  grp_gdn_top_impl_fu_514/grp_gdn_top_impl_Pipeline_update_heads_update_row_tiles_update_col_tiles_fu_970/closer_113_reg_121052_reg[0]/C
                         clock pessimism              0.000     4.021    
                         clock uncertainty           -0.035     3.986    
                         FDRE (Setup_FDRE_C_D)        0.025     4.011    grp_gdn_top_impl_fu_514/grp_gdn_top_impl_Pipeline_update_heads_update_row_tiles_update_col_tiles_fu_970/closer_113_reg_121052_reg[0]
  -------------------------------------------------------------------
                         required time                          4.011    
                         arrival time                          -2.893    
  -------------------------------------------------------------------
                         slack                                  1.118    





Min Delay Paths
--------------------------------------------------------------------------------------
Slack (MET) :             0.041ns  (arrival time - required time)
  Source:                 grp_gdn_top_impl_fu_514/grp_gdn_top_impl_Pipeline_store_output_heads_store_output_row_tiles_fu_1336/gated_reg_2602_reg[0]/C
                            (rising edge-triggered cell FDSE clocked by ap_clk  {rise@0.000ns fall@2.000ns period=4.000ns})
  Destination:            gmem5_m_axi_U/store_unit_0/buff_wdata/U_fifo_srl/mem_reg[30][0]_srl31/D
                            (rising edge-triggered cell SRLC32E clocked by ap_clk  {rise@0.000ns fall@2.000ns period=4.000ns})
  Path Group:             ap_clk
  Path Type:              Hold (Min at Fast Process Corner)
  Requirement:            0.000ns  (ap_clk rise@0.000ns - ap_clk rise@0.000ns)
  Data Path Delay:        0.114ns  (logic 0.038ns (33.333%)  route 0.076ns (66.667%))
  Logic Levels:           0  
  Clock Path Skew:        0.027ns (DCD - SCD - CPR)
    Destination Clock Delay (DCD):    0.039ns
    Source Clock Delay      (SCD):    0.012ns
    Clock Pessimism Removal (CPR):    -0.000ns

    Location             Delay type                Incr(ns)  Path(ns)    Netlist Resource(s)
  -------------------------------------------------------------------    -------------------
                         (clock ap_clk rise edge)     0.000     0.000 r  
                                                      0.000     0.000 r  ap_clk (IN)
                         net (fo=53647, unset)        0.012     0.012    grp_gdn_top_impl_fu_514/grp_gdn_top_impl_Pipeline_store_output_heads_store_output_row_tiles_fu_1336/ap_clk
                         FDSE                                         r  grp_gdn_top_impl_fu_514/grp_gdn_top_impl_Pipeline_store_output_heads_store_output_row_tiles_fu_1336/gated_reg_2602_reg[0]/C
  -------------------------------------------------------------------    -------------------
                         FDSE (Prop_FDSE_C_Q)         0.038     0.050 r  grp_gdn_top_impl_fu_514/grp_gdn_top_impl_Pipeline_store_output_heads_store_output_row_tiles_fu_1336/gated_reg_2602_reg[0]/Q
                         net (fo=1, unplaced)         0.076     0.126    gmem5_m_axi_U/store_unit_0/buff_wdata/U_fifo_srl/dout_reg[127]_0[0]
                         SRLC32E                                      r  gmem5_m_axi_U/store_unit_0/buff_wdata/U_fifo_srl/mem_reg[30][0]_srl31/D
  -------------------------------------------------------------------    -------------------

                         (clock ap_clk rise edge)     0.000     0.000 r  
                                                      0.000     0.000 r  ap_clk (IN)
                         net (fo=53647, unset)        0.039     0.039    gmem5_m_axi_U/store_unit_0/buff_wdata/U_fifo_srl/ap_clk
                         SRLC32E                                      r  gmem5_m_axi_U/store_unit_0/buff_wdata/U_fifo_srl/mem_reg[30][0]_srl31/CLK
                         clock pessimism              0.000     0.039    
                         SRLC32E (Hold_SRLC32E_CLK_D)
                                                      0.046     0.085    gmem5_m_axi_U/store_unit_0/buff_wdata/U_fifo_srl/mem_reg[30][0]_srl31
  -------------------------------------------------------------------
                         required time                         -0.085    
                         arrival time                           0.126    
  -------------------------------------------------------------------
                         slack                                  0.041    





Pulse Width Checks
--------------------------------------------------------------------------------------
Clock Name:         ap_clk
Waveform(ns):       { 0.000 2.000 }
Period(ns):         4.000
Sources:            { ap_clk }

Check Type        Corner  Lib Pin             Reference Pin  Required(ns)  Actual(ns)  Slack(ns)  Location  Pin
Min Period        n/a     RAMB18E2/CLKARDCLK  n/a            1.569         4.000       2.431                gmem0_m_axi_U/load_unit_0/buff_rdata/U_fifo_mem/mem_reg/CLKARDCLK
Low Pulse Width   Slow    RAMB18E2/CLKARDCLK  n/a            0.542         2.000       1.458                gmem0_m_axi_U/load_unit_0/buff_rdata/U_fifo_mem/mem_reg/CLKARDCLK
High Pulse Width  Slow    RAMB18E2/CLKARDCLK  n/a            0.542         2.000       1.458                gmem0_m_axi_U/load_unit_0/buff_rdata/U_fifo_mem/mem_reg/CLKARDCLK



