Copyright 1986-2022 Xilinx, Inc. All Rights Reserved. Copyright 2022-2025 Advanced Micro Devices, Inc. All Rights Reserved.
-------------------------------------------------------------------------------------------------------------------------------------------------
| Tool Version     : Vivado v.2025.2 (win64) Build 6299465 Fri Nov 14 19:35:11 GMT 2025
| Date             : Thu Aug  6 00:02:08 2026
| Host             : Tyler running 64-bit major release  (build 9200)
| Command          : report_power -file X:/reports/vivado/baselines/bf16/impl_power.rpt
| Design           : gdn_bf16_top
| Device           : xcu55c-fsvh2892-2L-e
| Design State     : routed
| Grade            : extended
| Process          : typical
| Characterization : Production
-------------------------------------------------------------------------------------------------------------------------------------------------

Power Report

Table of Contents
-----------------
1. Summary
1.1 On-Chip Components
1.2 Power Supply Summary
1.3 Confidence Level
2. Settings
2.1 Environment
2.2 Clock Constraints
3. Detailed Reports
3.1 By Hierarchy

1. Summary
----------

+--------------------------+--------------+
| Total On-Chip Power (W)  | 7.432        |
|   FPGA Power (W)         | 7.039        |
|   HBM Power (W)          | 0.393        |
| Design Power Budget (W)  | Unspecified* |
| Power Budget Margin (W)  | NA           |
| Dynamic (W)              | 3.975        |
| Device Static (W)        | 3.457        |
| Effective TJA (C/W)      | 0.4          |
| Max Ambient (C)          | 96.8         |
| Junction Temperature (C) | 28.2         |
| Confidence Level         | Medium       |
| Setting File             | ---          |
| Simulation Activity File | ---          |
| Design Nets Matched      | NA           |
+--------------------------+--------------+
* Specify Design Power Budget using, set_operating_conditions -design_power_budget <value in Watts>


1.1 On-Chip Components
----------------------

+--------------------------+-----------+----------+-----------+-----------------+
| On-Chip                  | Power (W) | Used     | Available | Utilization (%) |
+--------------------------+-----------+----------+-----------+-----------------+
| Clocks                   |     0.544 |        3 |       --- |             --- |
| CLB Logic                |     0.410 |   120441 |       --- |             --- |
|   LUT as Logic           |     0.273 |    45477 |   1303680 |            3.49 |
|   LUT as Distributed RAM |     0.086 |    11586 |    600960 |            1.93 |
|   Register               |     0.031 |    38876 |   2607360 |            1.49 |
|   LUT as Shift Register  |     0.017 |      879 |    600960 |            0.15 |
|   CARRY8                 |     0.003 |      595 |    162960 |            0.37 |
|   BUFG                   |    <0.001 |        4 |        96 |            4.17 |
|   Others                 |     0.000 |     2643 |       --- |             --- |
|   F7/F8 Muxes            |     0.000 |    12970 |   1303680 |            0.99 |
| Signals                  |     0.867 |   182440 |       --- |             --- |
| Block RAM                |     0.649 |   1602.5 |      2016 |           79.49 |
| URAM                     |     1.489 |      928 |       960 |           96.67 |
| DSPs                     |     0.016 |       15 |      9024 |            0.17 |
| Static Power             |     3.457 |          |           |                 |
| Total                    |     7.432 |          |           |                 |
+--------------------------+-----------+----------+-----------+-----------------+


1.2 Power Supply Summary
------------------------

+------------------+-------------+-----------+-------------+------------+-------------+-------------+------------+
| Source           | Voltage (V) | Total (A) | Dynamic (A) | Static (A) | Powerup (A) | Budget (A)  | Margin (A) |
+------------------+-------------+-----------+-------------+------------+-------------+-------------+------------+
| Vccint           |       0.850 |     6.123 |       4.669 |      1.454 |       NA    | Unspecified | NA         |
| Vccint_io        |       0.850 |     0.245 |       0.000 |      0.245 |       NA    | Unspecified | NA         |
| Vccbram          |       0.850 |     0.053 |       0.007 |      0.046 |       NA    | Unspecified | NA         |
| Vccaux           |       1.800 |     0.818 |       0.000 |      0.818 |       NA    | Unspecified | NA         |
| Vccaux_io        |       1.800 |     0.035 |       0.000 |      0.035 |       NA    | Unspecified | NA         |
| Vcco33           |       3.300 |     0.000 |       0.000 |      0.000 |       NA    | Unspecified | NA         |
| Vcco25           |       2.500 |     0.000 |       0.000 |      0.000 |       NA    | Unspecified | NA         |
| Vcco18           |       1.800 |     0.000 |       0.000 |      0.000 |       NA    | Unspecified | NA         |
| Vcco15           |       1.500 |     0.000 |       0.000 |      0.000 |       NA    | Unspecified | NA         |
| Vcco135          |       1.350 |     0.000 |       0.000 |      0.000 |       NA    | Unspecified | NA         |
| Vcco12           |       1.200 |     0.000 |       0.000 |      0.000 |       NA    | Unspecified | NA         |
| Vcco10           |       1.000 |     0.000 |       0.000 |      0.000 |       NA    | Unspecified | NA         |
| Vccadc           |       1.800 |     0.024 |       0.000 |      0.024 |       NA    | Unspecified | NA         |
| VCC_IO_HBM       |       1.200 |     0.082 |       0.000 |      0.082 |       NA    | Unspecified | NA         |
| VCC_HBM          |       1.200 |     0.157 |       0.000 |      0.157 |       NA    | Unspecified | NA         |
| VCCAUX_HBM       |       2.500 |     0.043 |       0.000 |      0.043 |       NA    | Unspecified | NA         |
| VMGTAVCC (GTY)   |       0.900 |     0.000 |       0.000 |      0.000 |       NA    | Unspecified | NA         |
| VMGTAVTT (GTY)   |       1.200 |     0.000 |       0.000 |      0.000 |       NA    | Unspecified | NA         |
| VMGTVCCAUX (GTY) |       1.800 |     0.000 |       0.000 |      0.000 |       NA    | Unspecified | NA         |
+------------------+-------------+-----------+-------------+------------+-------------+-------------+------------+


1.3 Confidence Level
--------------------

+-----------------------------+------------+------------------------------------------------+------------------------------------------------------------------------------------------------------------+
| User Input Data             | Confidence | Details                                        | Action                                                                                                     |
+-----------------------------+------------+------------------------------------------------+------------------------------------------------------------------------------------------------------------+
| Design implementation state | High       | Design is routed                               |                                                                                                            |
| Clock nodes activity        | High       | User specified more than 95% of clocks         |                                                                                                            |
| I/O nodes activity          | High       | User specified more than 95% of inputs         |                                                                                                            |
| Internal nodes activity     | Medium     | User specified less than 25% of internal nodes | Provide missing internal nodes activity with simulation results or by editing the "By Resource Type" views |
| Device models               | High       | Device models are Production                   |                                                                                                            |
|                             |            |                                                |                                                                                                            |
| Overall confidence level    | Medium     |                                                |                                                                                                            |
+-----------------------------+------------+------------------------------------------------+------------------------------------------------------------------------------------------------------------+


2. Settings
-----------

2.1 Environment
---------------

+-----------------------+--------------------------+
| Ambient Temp (C)      | 25.0                     |
| ThetaJA (C/W)         | 0.4                      |
| Airflow (LFM)         | 250                      |
| Heat Sink             | medium (Medium Profile)  |
| ThetaSA (C/W)         | 0.5                      |
| Board Selection       | medium (10"x10")         |
| # of Board Layers     | 12to15 (12 to 15 Layers) |
| Board Temperature (C) | 25.0                     |
+-----------------------+--------------------------+


2.2 Clock Constraints
---------------------

+--------+--------+-----------------+
| Clock  | Domain | Constraint (ns) |
+--------+--------+-----------------+
| ap_clk | ap_clk |             4.0 |
+--------+--------+-----------------+


3. Detailed Reports
-------------------

3.1 By Hierarchy
----------------

+-----------------------------------------------------------------------------------------------------+-----------+
| Name                                                                                                | Power (W) |
+-----------------------------------------------------------------------------------------------------+-----------+
| gdn_bf16_top                                                                                        |     3.975 |
|   control_r_s_axi_U                                                                                 |     0.011 |
|   control_s_axi_U                                                                                   |     0.001 |
|   gmem0_m_axi_U                                                                                     |     0.020 |
|     bus_read                                                                                        |     0.008 |
|       rreq_burst_conv                                                                               |     0.006 |
|       rs_rdata                                                                                      |     0.001 |
|     load_unit_0                                                                                     |     0.013 |
|       buff_rdata                                                                                    |     0.006 |
|       bus_wide_gen.rs_rdata_int                                                                     |     0.002 |
|       fifo_rreq                                                                                     |     0.002 |
|   gmem1_m_axi_U                                                                                     |     0.019 |
|     bus_read                                                                                        |     0.008 |
|       rreq_burst_conv                                                                               |     0.006 |
|       rs_rdata                                                                                      |     0.001 |
|     load_unit_0                                                                                     |     0.012 |
|       buff_rdata                                                                                    |     0.006 |
|       bus_wide_gen.rs_rdata_int                                                                     |     0.002 |
|       fifo_rreq                                                                                     |     0.002 |
|   gmem2_m_axi_U                                                                                     |     0.020 |
|     bus_read                                                                                        |     0.008 |
|       rreq_burst_conv                                                                               |     0.006 |
|       rs_rdata                                                                                      |     0.001 |
|     load_unit_0                                                                                     |     0.012 |
|       buff_rdata                                                                                    |     0.006 |
|       bus_wide_gen.rs_rdata_int                                                                     |     0.002 |
|       fifo_rreq                                                                                     |     0.002 |
|   gmem3_m_axi_U                                                                                     |     0.025 |
|     bus_read                                                                                        |     0.009 |
|       rreq_burst_conv                                                                               |     0.006 |
|       rs_rdata                                                                                      |     0.002 |
|     load_unit_0                                                                                     |     0.017 |
|       buff_rdata                                                                                    |     0.010 |
|       bus_wide_gen.rs_rdata_int                                                                     |     0.002 |
|       fifo_rreq                                                                                     |     0.002 |
|   gmem4_m_axi_U                                                                                     |     0.021 |
|     bus_read                                                                                        |     0.008 |
|       rreq_burst_conv                                                                               |     0.006 |
|       rs_rdata                                                                                      |     0.001 |
|     load_unit_0                                                                                     |     0.014 |
|       buff_rdata                                                                                    |     0.006 |
|       bus_wide_gen.rs_rdata_int                                                                     |     0.002 |
|       fifo_rreq                                                                                     |     0.002 |
|   gmem5_m_axi_U                                                                                     |     0.021 |
|     bus_write                                                                                       |     0.011 |
|       wreq_burst_conv                                                                               |     0.006 |
|       wreq_throttle                                                                                 |     0.005 |
|     store_unit_0                                                                                    |     0.010 |
|       buff_wdata                                                                                    |     0.002 |
|       bus_wide_gen.buff_wdata_in                                                                    |     0.001 |
|       bus_wide_gen.wreq_offset                                                                      |     0.001 |
|       fifo_wreq                                                                                     |     0.002 |
|   gmem6_m_axi_U                                                                                     |     0.021 |
|     bus_write                                                                                       |     0.011 |
|       wreq_burst_conv                                                                               |     0.006 |
|       wreq_throttle                                                                                 |     0.005 |
|     store_unit_0                                                                                    |     0.010 |
|       buff_wdata                                                                                    |     0.002 |
|       bus_wide_gen.buff_wdata_in                                                                    |     0.001 |
|       fifo_wreq                                                                                     |     0.002 |
|   gmem7_m_axi_U                                                                                     |     0.021 |
|     bus_write                                                                                       |     0.012 |
|       wreq_burst_conv                                                                               |     0.006 |
|       wreq_throttle                                                                                 |     0.005 |
|     store_unit_0                                                                                    |     0.009 |
|       buff_wdata                                                                                    |     0.004 |
|       fifo_wreq                                                                                     |     0.002 |
|   grp_gdn_bf16_top_impl_fu_1036                                                                     |     3.785 |
|     gdn_bf16_top_impl_unsigned_char_unsigned_short_unsigned_char_unsigned_char_ap_ui_17_U           |     0.002 |
|     gdn_bf16_top_impl_unsigned_char_unsigned_short_unsigned_char_unsigned_char_ap_ui_18_U           |     0.001 |
|     gdn_bf16_top_impl_unsigned_char_unsigned_short_unsigned_char_unsigned_char_ap_ui_19_U           |     0.001 |
|     gdn_bf16_top_impl_unsigned_char_unsigned_short_unsigned_char_unsigned_char_ap_ui_1_U            |     0.001 |
|     gdn_bf16_top_impl_unsigned_char_unsigned_short_unsigned_char_unsigned_char_ap_ui_20_U           |     0.001 |
|     gdn_bf16_top_impl_unsigned_char_unsigned_short_unsigned_char_unsigned_char_ap_ui_21_U           |     0.001 |
|     gdn_bf16_top_impl_unsigned_char_unsigned_short_unsigned_char_unsigned_char_ap_ui_22_U           |     0.001 |
|     gdn_bf16_top_impl_unsigned_char_unsigned_short_unsigned_char_unsigned_char_ap_ui_23_U           |     0.001 |
|     gdn_bf16_top_impl_unsigned_char_unsigned_short_unsigned_char_unsigned_char_ap_ui_24_U           |     0.001 |
|     gdn_bf16_top_impl_unsigned_char_unsigned_short_unsigned_char_unsigned_char_ap_ui_25_U           |     0.001 |
|     gdn_bf16_top_impl_unsigned_char_unsigned_short_unsigned_char_unsigned_char_ap_ui_26_U           |     0.002 |
|     gdn_bf16_top_impl_unsigned_char_unsigned_short_unsigned_char_unsigned_char_ap_ui_27_U           |     0.002 |
|     gdn_bf16_top_impl_unsigned_char_unsigned_short_unsigned_char_unsigned_char_ap_ui_28_U           |     0.002 |
|     gdn_bf16_top_impl_unsigned_char_unsigned_short_unsigned_char_unsigned_char_ap_ui_2_U            |     0.001 |
|     gdn_bf16_top_impl_unsigned_char_unsigned_short_unsigned_char_unsigned_char_ap_ui_3_U            |     0.001 |
|     gdn_bf16_top_impl_unsigned_char_unsigned_short_unsigned_char_unsigned_char_ap_ui_4_U            |     0.001 |
|     gdn_bf16_top_impl_unsigned_char_unsigned_short_unsigned_char_unsigned_char_ap_ui_5_U            |     0.001 |
|     gdn_bf16_top_impl_unsigned_char_unsigned_short_unsigned_char_unsigned_char_ap_ui_6_U            |     0.001 |
|     gdn_bf16_top_impl_unsigned_char_unsigned_short_unsigned_char_unsigned_char_ap_ui_7_U            |     0.001 |
|     gdn_bf16_top_impl_unsigned_char_unsigned_short_unsigned_char_unsigned_char_ap_ui_U              |     0.001 |
|     grp_gdn_bf16_top_impl_Outline_store_bf16_resident_rows_fu_3788                                  |     0.098 |
|       grp_gdn_bf16_top_impl_Pipeline_pack_bf16_resident_lanes_fu_414                                |     0.097 |
|     grp_gdn_bf16_top_impl_Pipeline_load_bf16_lanes_fu_1861                                          |     0.031 |
|     grp_gdn_bf16_top_impl_Pipeline_load_bf16_resident_rows_unpack_bf16_resident_lanes_fu_1911       |     0.029 |
|       partselect_16ns_512ns_9ns_16_1_1_U46                                                          |     0.005 |
|     grp_gdn_bf16_top_impl_Pipeline_readback_bf16_heads_readback_bf16_rows_readback_bf16_s_fu_4060   |     0.141 |
|       partselect_16ns_512ns_9ns_16_1_1_U2107                                                        |     0.008 |
|     grp_gdn_bf16_top_impl_Pipeline_reset_bf16_heads_reset_bf16_rows_reset_bf16_blocks_fu_1869       |     0.002 |
|     grp_p_anonymous_namespace_phase1_validate_state_fu_1854                                         |     0.001 |
|     grp_p_anonymous_namespace_phase1_validate_token_fu_1884                                         |     0.007 |
|       grp_p_anonymous_namespace_phase1_validate_token_Pipeline_phase1_bf16_qk_heads_phase1_s_fu_231 |     0.002 |
|       grp_p_anonymous_namespace_phase1_validate_token_Pipeline_phase1_bf16_value_lanes_fu_246       |     0.002 |
|     grp_p_anonymous_namespace_phase2_decay_predict_tile_fu_2183                                     |     0.266 |
|       grp_p_anonymous_namespace_phase2_decay_predict_tile_Pipeline_phase2_bf16_decay_rows_p_fu_776  |     0.053 |
|       grp_p_anonymous_namespace_phase2_decay_predict_tile_Pipeline_phase2_bf16_prediction_t_fu_1293 |     0.033 |
|       grp_p_anonymous_namespace_reduce_128_fu_1574                                                  |     0.164 |
|     grp_p_anonymous_namespace_phase3_delta_tile_fu_2712                                             |     0.024 |
|       floatingpoint_mul_32ns_32ns_32ns_32ns_32_3_1_U1078                                            |     0.006 |
|       floatingpoint_sub_32ns_32ns_32ns_32ns_32_5_1_U1077                                            |     0.012 |
|     grp_p_anonymous_namespace_phase4_update_state_tile_fu_2738                                      |     0.116 |
|       floatingpoint_add_32ns_32ns_32ns_32ns_32_5_1_U1103                                            |     0.017 |
|       floatingpoint_floattofloat_16ns_32ns_32ns_32ns_16_1_1_U1106                                   |     0.020 |
|       floatingpoint_mul_32ns_32ns_32ns_32ns_32_3_1_U1104                                            |     0.007 |
|     grp_p_anonymous_namespace_phase5_output_tile_fu_3521                                            |     0.232 |
|       grp_p_anonymous_namespace_phase5_output_tile_Pipeline_phase5_bf16_output_terms_fu_446         |     0.042 |
|       grp_p_anonymous_namespace_reduce_128_fu_727                                                   |     0.167 |
|       terms_10_U                                                                                    |     0.001 |
|       terms_11_U                                                                                    |     0.001 |
|       terms_12_U                                                                                    |     0.001 |
|       terms_13_U                                                                                    |     0.001 |
|       terms_14_U                                                                                    |     0.001 |
|       terms_15_U                                                                                    |     0.001 |
|       terms_3_U                                                                                     |     0.001 |
|       terms_4_U                                                                                     |     0.001 |
|       terms_5_U                                                                                     |     0.001 |
|       terms_7_U                                                                                     |     0.001 |
|       terms_8_U                                                                                     |     0.001 |
|       terms_U                                                                                       |     0.001 |
|     k_local_U                                                                                       |     0.002 |
|     p_ZZN8gdn_bf1617gdn_bf16_top_implEhthhPA128_K7ap_uintILi16EES4_S4_PS2_S5_PA128_S3_10_U          |     0.001 |
|     p_ZZN8gdn_bf1617gdn_bf16_top_implEhthhPA128_K7ap_uintILi16EES4_S4_PS2_S5_PA128_S3_11_U          |     0.001 |
|     p_ZZN8gdn_bf1617gdn_bf16_top_implEhthhPA128_K7ap_uintILi16EES4_S4_PS2_S5_PA128_S3_12_U          |     0.001 |
|     p_ZZN8gdn_bf1617gdn_bf16_top_implEhthhPA128_K7ap_uintILi16EES4_S4_PS2_S5_PA128_S3_13_U          |     0.001 |
|     p_ZZN8gdn_bf1617gdn_bf16_top_implEhthhPA128_K7ap_uintILi16EES4_S4_PS2_S5_PA128_S3_14_U          |     0.001 |
|     p_ZZN8gdn_bf1617gdn_bf16_top_implEhthhPA128_K7ap_uintILi16EES4_S4_PS2_S5_PA128_S3_15_U          |     0.001 |
|     p_ZZN8gdn_bf1617gdn_bf16_top_implEhthhPA128_K7ap_uintILi16EES4_S4_PS2_S5_PA128_S3_16_U          |     0.001 |
|     p_ZZN8gdn_bf1617gdn_bf16_top_implEhthhPA128_K7ap_uintILi16EES4_S4_PS2_S5_PA128_S3_17_U          |     0.001 |
|     p_ZZN8gdn_bf1617gdn_bf16_top_implEhthhPA128_K7ap_uintILi16EES4_S4_PS2_S5_PA128_S3_18_U          |     0.001 |
|     p_ZZN8gdn_bf1617gdn_bf16_top_implEhthhPA128_K7ap_uintILi16EES4_S4_PS2_S5_PA128_S3_19_U          |     0.001 |
|     p_ZZN8gdn_bf1617gdn_bf16_top_implEhthhPA128_K7ap_uintILi16EES4_S4_PS2_S5_PA128_S3_1_U           |     0.001 |
|     p_ZZN8gdn_bf1617gdn_bf16_top_implEhthhPA128_K7ap_uintILi16EES4_S4_PS2_S5_PA128_S3_20_U          |     0.001 |
|     p_ZZN8gdn_bf1617gdn_bf16_top_implEhthhPA128_K7ap_uintILi16EES4_S4_PS2_S5_PA128_S3_21_U          |     0.001 |
|     p_ZZN8gdn_bf1617gdn_bf16_top_implEhthhPA128_K7ap_uintILi16EES4_S4_PS2_S5_PA128_S3_22_U          |     0.001 |
|     p_ZZN8gdn_bf1617gdn_bf16_top_implEhthhPA128_K7ap_uintILi16EES4_S4_PS2_S5_PA128_S3_23_U          |     0.001 |
|     p_ZZN8gdn_bf1617gdn_bf16_top_implEhthhPA128_K7ap_uintILi16EES4_S4_PS2_S5_PA128_S3_24_U          |     0.001 |
|     p_ZZN8gdn_bf1617gdn_bf16_top_implEhthhPA128_K7ap_uintILi16EES4_S4_PS2_S5_PA128_S3_25_U          |     0.001 |
|     p_ZZN8gdn_bf1617gdn_bf16_top_implEhthhPA128_K7ap_uintILi16EES4_S4_PS2_S5_PA128_S3_26_U          |     0.001 |
|     p_ZZN8gdn_bf1617gdn_bf16_top_implEhthhPA128_K7ap_uintILi16EES4_S4_PS2_S5_PA128_S3_27_U          |     0.001 |
|     p_ZZN8gdn_bf1617gdn_bf16_top_implEhthhPA128_K7ap_uintILi16EES4_S4_PS2_S5_PA128_S3_28_U          |     0.001 |
|     p_ZZN8gdn_bf1617gdn_bf16_top_implEhthhPA128_K7ap_uintILi16EES4_S4_PS2_S5_PA128_S3_29_U          |     0.001 |
|     p_ZZN8gdn_bf1617gdn_bf16_top_implEhthhPA128_K7ap_uintILi16EES4_S4_PS2_S5_PA128_S3_2_U           |     0.001 |
|     p_ZZN8gdn_bf1617gdn_bf16_top_implEhthhPA128_K7ap_uintILi16EES4_S4_PS2_S5_PA128_S3_30_U          |     0.001 |
|     p_ZZN8gdn_bf1617gdn_bf16_top_implEhthhPA128_K7ap_uintILi16EES4_S4_PS2_S5_PA128_S3_31_U          |     0.001 |
|     p_ZZN8gdn_bf1617gdn_bf16_top_implEhthhPA128_K7ap_uintILi16EES4_S4_PS2_S5_PA128_S3_32_U          |     0.001 |
|     p_ZZN8gdn_bf1617gdn_bf16_top_implEhthhPA128_K7ap_uintILi16EES4_S4_PS2_S5_PA128_S3_33_U          |     0.001 |
|     p_ZZN8gdn_bf1617gdn_bf16_top_implEhthhPA128_K7ap_uintILi16EES4_S4_PS2_S5_PA128_S3_34_U          |     0.001 |
|     p_ZZN8gdn_bf1617gdn_bf16_top_implEhthhPA128_K7ap_uintILi16EES4_S4_PS2_S5_PA128_S3_35_U          |     0.001 |
|     p_ZZN8gdn_bf1617gdn_bf16_top_implEhthhPA128_K7ap_uintILi16EES4_S4_PS2_S5_PA128_S3_36_U          |     0.001 |
|     p_ZZN8gdn_bf1617gdn_bf16_top_implEhthhPA128_K7ap_uintILi16EES4_S4_PS2_S5_PA128_S3_37_U          |     0.001 |
|     p_ZZN8gdn_bf1617gdn_bf16_top_implEhthhPA128_K7ap_uintILi16EES4_S4_PS2_S5_PA128_S3_38_U          |     0.001 |
|     p_ZZN8gdn_bf1617gdn_bf16_top_implEhthhPA128_K7ap_uintILi16EES4_S4_PS2_S5_PA128_S3_39_U          |     0.001 |
|     p_ZZN8gdn_bf1617gdn_bf16_top_implEhthhPA128_K7ap_uintILi16EES4_S4_PS2_S5_PA128_S3_3_U           |     0.001 |
|     p_ZZN8gdn_bf1617gdn_bf16_top_implEhthhPA128_K7ap_uintILi16EES4_S4_PS2_S5_PA128_S3_40_U          |     0.001 |
|     p_ZZN8gdn_bf1617gdn_bf16_top_implEhthhPA128_K7ap_uintILi16EES4_S4_PS2_S5_PA128_S3_41_U          |     0.001 |
|     p_ZZN8gdn_bf1617gdn_bf16_top_implEhthhPA128_K7ap_uintILi16EES4_S4_PS2_S5_PA128_S3_42_U          |     0.001 |
|     p_ZZN8gdn_bf1617gdn_bf16_top_implEhthhPA128_K7ap_uintILi16EES4_S4_PS2_S5_PA128_S3_43_U          |     0.001 |
|     p_ZZN8gdn_bf1617gdn_bf16_top_implEhthhPA128_K7ap_uintILi16EES4_S4_PS2_S5_PA128_S3_44_U          |     0.001 |
|     p_ZZN8gdn_bf1617gdn_bf16_top_implEhthhPA128_K7ap_uintILi16EES4_S4_PS2_S5_PA128_S3_45_U          |     0.001 |
|     p_ZZN8gdn_bf1617gdn_bf16_top_implEhthhPA128_K7ap_uintILi16EES4_S4_PS2_S5_PA128_S3_46_U          |     0.001 |
|     p_ZZN8gdn_bf1617gdn_bf16_top_implEhthhPA128_K7ap_uintILi16EES4_S4_PS2_S5_PA128_S3_479_U         |     0.001 |
|     p_ZZN8gdn_bf1617gdn_bf16_top_implEhthhPA128_K7ap_uintILi16EES4_S4_PS2_S5_PA128_S3_47_U          |     0.001 |
|     p_ZZN8gdn_bf1617gdn_bf16_top_implEhthhPA128_K7ap_uintILi16EES4_S4_PS2_S5_PA128_S3_480_U         |     0.001 |
|     p_ZZN8gdn_bf1617gdn_bf16_top_implEhthhPA128_K7ap_uintILi16EES4_S4_PS2_S5_PA128_S3_481_U         |     0.001 |
|     p_ZZN8gdn_bf1617gdn_bf16_top_implEhthhPA128_K7ap_uintILi16EES4_S4_PS2_S5_PA128_S3_482_U         |     0.001 |
|     p_ZZN8gdn_bf1617gdn_bf16_top_implEhthhPA128_K7ap_uintILi16EES4_S4_PS2_S5_PA128_S3_483_U         |     0.001 |
|     p_ZZN8gdn_bf1617gdn_bf16_top_implEhthhPA128_K7ap_uintILi16EES4_S4_PS2_S5_PA128_S3_484_U         |     0.001 |
|     p_ZZN8gdn_bf1617gdn_bf16_top_implEhthhPA128_K7ap_uintILi16EES4_S4_PS2_S5_PA128_S3_485_U         |     0.001 |
|     p_ZZN8gdn_bf1617gdn_bf16_top_implEhthhPA128_K7ap_uintILi16EES4_S4_PS2_S5_PA128_S3_486_U         |     0.001 |
|     p_ZZN8gdn_bf1617gdn_bf16_top_implEhthhPA128_K7ap_uintILi16EES4_S4_PS2_S5_PA128_S3_487_U         |     0.001 |
|     p_ZZN8gdn_bf1617gdn_bf16_top_implEhthhPA128_K7ap_uintILi16EES4_S4_PS2_S5_PA128_S3_488_U         |     0.001 |
|     p_ZZN8gdn_bf1617gdn_bf16_top_implEhthhPA128_K7ap_uintILi16EES4_S4_PS2_S5_PA128_S3_489_U         |     0.001 |
|     p_ZZN8gdn_bf1617gdn_bf16_top_implEhthhPA128_K7ap_uintILi16EES4_S4_PS2_S5_PA128_S3_48_U          |     0.001 |
|     p_ZZN8gdn_bf1617gdn_bf16_top_implEhthhPA128_K7ap_uintILi16EES4_S4_PS2_S5_PA128_S3_490_U         |     0.001 |
|     p_ZZN8gdn_bf1617gdn_bf16_top_implEhthhPA128_K7ap_uintILi16EES4_S4_PS2_S5_PA128_S3_491_U         |     0.001 |
|     p_ZZN8gdn_bf1617gdn_bf16_top_implEhthhPA128_K7ap_uintILi16EES4_S4_PS2_S5_PA128_S3_492_U         |     0.001 |
|     p_ZZN8gdn_bf1617gdn_bf16_top_implEhthhPA128_K7ap_uintILi16EES4_S4_PS2_S5_PA128_S3_493_U         |     0.001 |
|     p_ZZN8gdn_bf1617gdn_bf16_top_implEhthhPA128_K7ap_uintILi16EES4_S4_PS2_S5_PA128_S3_494_U         |     0.001 |
|     p_ZZN8gdn_bf1617gdn_bf16_top_implEhthhPA128_K7ap_uintILi16EES4_S4_PS2_S5_PA128_S3_495_U         |     0.001 |
|     p_ZZN8gdn_bf1617gdn_bf16_top_implEhthhPA128_K7ap_uintILi16EES4_S4_PS2_S5_PA128_S3_496_U         |     0.001 |
|     p_ZZN8gdn_bf1617gdn_bf16_top_implEhthhPA128_K7ap_uintILi16EES4_S4_PS2_S5_PA128_S3_497_U         |     0.001 |
|     p_ZZN8gdn_bf1617gdn_bf16_top_implEhthhPA128_K7ap_uintILi16EES4_S4_PS2_S5_PA128_S3_498_U         |     0.001 |
|     p_ZZN8gdn_bf1617gdn_bf16_top_implEhthhPA128_K7ap_uintILi16EES4_S4_PS2_S5_PA128_S3_499_U         |     0.001 |
|     p_ZZN8gdn_bf1617gdn_bf16_top_implEhthhPA128_K7ap_uintILi16EES4_S4_PS2_S5_PA128_S3_49_U          |     0.001 |
|     p_ZZN8gdn_bf1617gdn_bf16_top_implEhthhPA128_K7ap_uintILi16EES4_S4_PS2_S5_PA128_S3_4_U           |     0.001 |
|     p_ZZN8gdn_bf1617gdn_bf16_top_implEhthhPA128_K7ap_uintILi16EES4_S4_PS2_S5_PA128_S3_500_U         |     0.001 |
|     p_ZZN8gdn_bf1617gdn_bf16_top_implEhthhPA128_K7ap_uintILi16EES4_S4_PS2_S5_PA128_S3_501_U         |     0.001 |
|     p_ZZN8gdn_bf1617gdn_bf16_top_implEhthhPA128_K7ap_uintILi16EES4_S4_PS2_S5_PA128_S3_502_U         |     0.001 |
|     p_ZZN8gdn_bf1617gdn_bf16_top_implEhthhPA128_K7ap_uintILi16EES4_S4_PS2_S5_PA128_S3_503_U         |     0.001 |
|     p_ZZN8gdn_bf1617gdn_bf16_top_implEhthhPA128_K7ap_uintILi16EES4_S4_PS2_S5_PA128_S3_504_U         |     0.001 |
|     p_ZZN8gdn_bf1617gdn_bf16_top_implEhthhPA128_K7ap_uintILi16EES4_S4_PS2_S5_PA128_S3_505_U         |     0.001 |
|     p_ZZN8gdn_bf1617gdn_bf16_top_implEhthhPA128_K7ap_uintILi16EES4_S4_PS2_S5_PA128_S3_506_U         |     0.001 |
|     p_ZZN8gdn_bf1617gdn_bf16_top_implEhthhPA128_K7ap_uintILi16EES4_S4_PS2_S5_PA128_S3_507_U         |     0.001 |
|     p_ZZN8gdn_bf1617gdn_bf16_top_implEhthhPA128_K7ap_uintILi16EES4_S4_PS2_S5_PA128_S3_508_U         |     0.001 |
|     p_ZZN8gdn_bf1617gdn_bf16_top_implEhthhPA128_K7ap_uintILi16EES4_S4_PS2_S5_PA128_S3_509_U         |     0.001 |
|     p_ZZN8gdn_bf1617gdn_bf16_top_implEhthhPA128_K7ap_uintILi16EES4_S4_PS2_S5_PA128_S3_50_U          |     0.001 |
|     p_ZZN8gdn_bf1617gdn_bf16_top_implEhthhPA128_K7ap_uintILi16EES4_S4_PS2_S5_PA128_S3_510_U         |     0.001 |
|     p_ZZN8gdn_bf1617gdn_bf16_top_implEhthhPA128_K7ap_uintILi16EES4_S4_PS2_S5_PA128_S3_511_U         |     0.001 |
|     p_ZZN8gdn_bf1617gdn_bf16_top_implEhthhPA128_K7ap_uintILi16EES4_S4_PS2_S5_PA128_S3_512_U         |     0.001 |
|     p_ZZN8gdn_bf1617gdn_bf16_top_implEhthhPA128_K7ap_uintILi16EES4_S4_PS2_S5_PA128_S3_513_U         |     0.001 |
|     p_ZZN8gdn_bf1617gdn_bf16_top_implEhthhPA128_K7ap_uintILi16EES4_S4_PS2_S5_PA128_S3_514_U         |     0.001 |
|     p_ZZN8gdn_bf1617gdn_bf16_top_implEhthhPA128_K7ap_uintILi16EES4_S4_PS2_S5_PA128_S3_515_U         |     0.001 |
|     p_ZZN8gdn_bf1617gdn_bf16_top_implEhthhPA128_K7ap_uintILi16EES4_S4_PS2_S5_PA128_S3_516_U         |     0.001 |
|     p_ZZN8gdn_bf1617gdn_bf16_top_implEhthhPA128_K7ap_uintILi16EES4_S4_PS2_S5_PA128_S3_517_U         |     0.001 |
|     p_ZZN8gdn_bf1617gdn_bf16_top_implEhthhPA128_K7ap_uintILi16EES4_S4_PS2_S5_PA128_S3_518_U         |     0.001 |
|     p_ZZN8gdn_bf1617gdn_bf16_top_implEhthhPA128_K7ap_uintILi16EES4_S4_PS2_S5_PA128_S3_519_U         |     0.001 |
|     p_ZZN8gdn_bf1617gdn_bf16_top_implEhthhPA128_K7ap_uintILi16EES4_S4_PS2_S5_PA128_S3_51_U          |     0.001 |
|     p_ZZN8gdn_bf1617gdn_bf16_top_implEhthhPA128_K7ap_uintILi16EES4_S4_PS2_S5_PA128_S3_520_U         |     0.001 |
|     p_ZZN8gdn_bf1617gdn_bf16_top_implEhthhPA128_K7ap_uintILi16EES4_S4_PS2_S5_PA128_S3_521_U         |     0.001 |
|     p_ZZN8gdn_bf1617gdn_bf16_top_implEhthhPA128_K7ap_uintILi16EES4_S4_PS2_S5_PA128_S3_522_U         |     0.001 |
|     p_ZZN8gdn_bf1617gdn_bf16_top_implEhthhPA128_K7ap_uintILi16EES4_S4_PS2_S5_PA128_S3_523_U         |     0.001 |
|     p_ZZN8gdn_bf1617gdn_bf16_top_implEhthhPA128_K7ap_uintILi16EES4_S4_PS2_S5_PA128_S3_524_U         |     0.001 |
|     p_ZZN8gdn_bf1617gdn_bf16_top_implEhthhPA128_K7ap_uintILi16EES4_S4_PS2_S5_PA128_S3_525_U         |     0.001 |
|     p_ZZN8gdn_bf1617gdn_bf16_top_implEhthhPA128_K7ap_uintILi16EES4_S4_PS2_S5_PA128_S3_526_U         |     0.001 |
|     p_ZZN8gdn_bf1617gdn_bf16_top_implEhthhPA128_K7ap_uintILi16EES4_S4_PS2_S5_PA128_S3_527_U         |     0.001 |
|     p_ZZN8gdn_bf1617gdn_bf16_top_implEhthhPA128_K7ap_uintILi16EES4_S4_PS2_S5_PA128_S3_528_U         |     0.001 |
|     p_ZZN8gdn_bf1617gdn_bf16_top_implEhthhPA128_K7ap_uintILi16EES4_S4_PS2_S5_PA128_S3_529_U         |     0.001 |
|     p_ZZN8gdn_bf1617gdn_bf16_top_implEhthhPA128_K7ap_uintILi16EES4_S4_PS2_S5_PA128_S3_52_U          |     0.001 |
|     p_ZZN8gdn_bf1617gdn_bf16_top_implEhthhPA128_K7ap_uintILi16EES4_S4_PS2_S5_PA128_S3_530_U         |     0.001 |
|     p_ZZN8gdn_bf1617gdn_bf16_top_implEhthhPA128_K7ap_uintILi16EES4_S4_PS2_S5_PA128_S3_531_U         |     0.001 |
|     p_ZZN8gdn_bf1617gdn_bf16_top_implEhthhPA128_K7ap_uintILi16EES4_S4_PS2_S5_PA128_S3_532_U         |     0.001 |
|     p_ZZN8gdn_bf1617gdn_bf16_top_implEhthhPA128_K7ap_uintILi16EES4_S4_PS2_S5_PA128_S3_533_U         |     0.001 |
|     p_ZZN8gdn_bf1617gdn_bf16_top_implEhthhPA128_K7ap_uintILi16EES4_S4_PS2_S5_PA128_S3_534_U         |     0.001 |
|     p_ZZN8gdn_bf1617gdn_bf16_top_implEhthhPA128_K7ap_uintILi16EES4_S4_PS2_S5_PA128_S3_535_U         |     0.001 |
|     p_ZZN8gdn_bf1617gdn_bf16_top_implEhthhPA128_K7ap_uintILi16EES4_S4_PS2_S5_PA128_S3_536_U         |     0.001 |
|     p_ZZN8gdn_bf1617gdn_bf16_top_implEhthhPA128_K7ap_uintILi16EES4_S4_PS2_S5_PA128_S3_537_U         |     0.001 |
|     p_ZZN8gdn_bf1617gdn_bf16_top_implEhthhPA128_K7ap_uintILi16EES4_S4_PS2_S5_PA128_S3_538_U         |     0.001 |
|     p_ZZN8gdn_bf1617gdn_bf16_top_implEhthhPA128_K7ap_uintILi16EES4_S4_PS2_S5_PA128_S3_539_U         |     0.001 |
|     p_ZZN8gdn_bf1617gdn_bf16_top_implEhthhPA128_K7ap_uintILi16EES4_S4_PS2_S5_PA128_S3_53_U          |     0.001 |
|     p_ZZN8gdn_bf1617gdn_bf16_top_implEhthhPA128_K7ap_uintILi16EES4_S4_PS2_S5_PA128_S3_540_U         |     0.001 |
|     p_ZZN8gdn_bf1617gdn_bf16_top_implEhthhPA128_K7ap_uintILi16EES4_S4_PS2_S5_PA128_S3_541_U         |     0.001 |
|     p_ZZN8gdn_bf1617gdn_bf16_top_implEhthhPA128_K7ap_uintILi16EES4_S4_PS2_S5_PA128_S3_542_U         |     0.001 |
|     p_ZZN8gdn_bf1617gdn_bf16_top_implEhthhPA128_K7ap_uintILi16EES4_S4_PS2_S5_PA128_S3_543_U         |     0.001 |
|     p_ZZN8gdn_bf1617gdn_bf16_top_implEhthhPA128_K7ap_uintILi16EES4_S4_PS2_S5_PA128_S3_544_U         |     0.001 |
|     p_ZZN8gdn_bf1617gdn_bf16_top_implEhthhPA128_K7ap_uintILi16EES4_S4_PS2_S5_PA128_S3_545_U         |     0.001 |
|     p_ZZN8gdn_bf1617gdn_bf16_top_implEhthhPA128_K7ap_uintILi16EES4_S4_PS2_S5_PA128_S3_546_U         |     0.001 |
|     p_ZZN8gdn_bf1617gdn_bf16_top_implEhthhPA128_K7ap_uintILi16EES4_S4_PS2_S5_PA128_S3_547_U         |     0.001 |
|     p_ZZN8gdn_bf1617gdn_bf16_top_implEhthhPA128_K7ap_uintILi16EES4_S4_PS2_S5_PA128_S3_548_U         |     0.001 |
|     p_ZZN8gdn_bf1617gdn_bf16_top_implEhthhPA128_K7ap_uintILi16EES4_S4_PS2_S5_PA128_S3_549_U         |     0.001 |
|     p_ZZN8gdn_bf1617gdn_bf16_top_implEhthhPA128_K7ap_uintILi16EES4_S4_PS2_S5_PA128_S3_54_U          |     0.001 |
|     p_ZZN8gdn_bf1617gdn_bf16_top_implEhthhPA128_K7ap_uintILi16EES4_S4_PS2_S5_PA128_S3_550_U         |     0.001 |
|     p_ZZN8gdn_bf1617gdn_bf16_top_implEhthhPA128_K7ap_uintILi16EES4_S4_PS2_S5_PA128_S3_551_U         |     0.001 |
|     p_ZZN8gdn_bf1617gdn_bf16_top_implEhthhPA128_K7ap_uintILi16EES4_S4_PS2_S5_PA128_S3_552_U         |     0.001 |
|     p_ZZN8gdn_bf1617gdn_bf16_top_implEhthhPA128_K7ap_uintILi16EES4_S4_PS2_S5_PA128_S3_553_U         |     0.001 |
|     p_ZZN8gdn_bf1617gdn_bf16_top_implEhthhPA128_K7ap_uintILi16EES4_S4_PS2_S5_PA128_S3_554_U         |     0.001 |
|     p_ZZN8gdn_bf1617gdn_bf16_top_implEhthhPA128_K7ap_uintILi16EES4_S4_PS2_S5_PA128_S3_555_U         |     0.001 |
|     p_ZZN8gdn_bf1617gdn_bf16_top_implEhthhPA128_K7ap_uintILi16EES4_S4_PS2_S5_PA128_S3_556_U         |     0.001 |
|     p_ZZN8gdn_bf1617gdn_bf16_top_implEhthhPA128_K7ap_uintILi16EES4_S4_PS2_S5_PA128_S3_557_U         |     0.001 |
|     p_ZZN8gdn_bf1617gdn_bf16_top_implEhthhPA128_K7ap_uintILi16EES4_S4_PS2_S5_PA128_S3_558_U         |     0.001 |
|     p_ZZN8gdn_bf1617gdn_bf16_top_implEhthhPA128_K7ap_uintILi16EES4_S4_PS2_S5_PA128_S3_559_U         |     0.001 |
|     p_ZZN8gdn_bf1617gdn_bf16_top_implEhthhPA128_K7ap_uintILi16EES4_S4_PS2_S5_PA128_S3_55_U          |     0.001 |
|     p_ZZN8gdn_bf1617gdn_bf16_top_implEhthhPA128_K7ap_uintILi16EES4_S4_PS2_S5_PA128_S3_560_U         |     0.001 |
|     p_ZZN8gdn_bf1617gdn_bf16_top_implEhthhPA128_K7ap_uintILi16EES4_S4_PS2_S5_PA128_S3_561_U         |     0.001 |
|     p_ZZN8gdn_bf1617gdn_bf16_top_implEhthhPA128_K7ap_uintILi16EES4_S4_PS2_S5_PA128_S3_562_U         |     0.001 |
|     p_ZZN8gdn_bf1617gdn_bf16_top_implEhthhPA128_K7ap_uintILi16EES4_S4_PS2_S5_PA128_S3_563_U         |     0.001 |
|     p_ZZN8gdn_bf1617gdn_bf16_top_implEhthhPA128_K7ap_uintILi16EES4_S4_PS2_S5_PA128_S3_564_U         |     0.001 |
|     p_ZZN8gdn_bf1617gdn_bf16_top_implEhthhPA128_K7ap_uintILi16EES4_S4_PS2_S5_PA128_S3_565_U         |     0.001 |
|     p_ZZN8gdn_bf1617gdn_bf16_top_implEhthhPA128_K7ap_uintILi16EES4_S4_PS2_S5_PA128_S3_566_U         |     0.001 |
|     p_ZZN8gdn_bf1617gdn_bf16_top_implEhthhPA128_K7ap_uintILi16EES4_S4_PS2_S5_PA128_S3_567_U         |     0.001 |
|     p_ZZN8gdn_bf1617gdn_bf16_top_implEhthhPA128_K7ap_uintILi16EES4_S4_PS2_S5_PA128_S3_568_U         |     0.001 |
|     p_ZZN8gdn_bf1617gdn_bf16_top_implEhthhPA128_K7ap_uintILi16EES4_S4_PS2_S5_PA128_S3_569_U         |     0.001 |
|     p_ZZN8gdn_bf1617gdn_bf16_top_implEhthhPA128_K7ap_uintILi16EES4_S4_PS2_S5_PA128_S3_56_U          |     0.001 |
|     p_ZZN8gdn_bf1617gdn_bf16_top_implEhthhPA128_K7ap_uintILi16EES4_S4_PS2_S5_PA128_S3_570_U         |     0.001 |
|     p_ZZN8gdn_bf1617gdn_bf16_top_implEhthhPA128_K7ap_uintILi16EES4_S4_PS2_S5_PA128_S3_571_U         |     0.001 |
|     p_ZZN8gdn_bf1617gdn_bf16_top_implEhthhPA128_K7ap_uintILi16EES4_S4_PS2_S5_PA128_S3_572_U         |     0.001 |
|     p_ZZN8gdn_bf1617gdn_bf16_top_implEhthhPA128_K7ap_uintILi16EES4_S4_PS2_S5_PA128_S3_573_U         |     0.001 |
|     p_ZZN8gdn_bf1617gdn_bf16_top_implEhthhPA128_K7ap_uintILi16EES4_S4_PS2_S5_PA128_S3_574_U         |     0.001 |
|     p_ZZN8gdn_bf1617gdn_bf16_top_implEhthhPA128_K7ap_uintILi16EES4_S4_PS2_S5_PA128_S3_575_U         |     0.001 |
|     p_ZZN8gdn_bf1617gdn_bf16_top_implEhthhPA128_K7ap_uintILi16EES4_S4_PS2_S5_PA128_S3_576_U         |     0.001 |
|     p_ZZN8gdn_bf1617gdn_bf16_top_implEhthhPA128_K7ap_uintILi16EES4_S4_PS2_S5_PA128_S3_577_U         |     0.001 |
|     p_ZZN8gdn_bf1617gdn_bf16_top_implEhthhPA128_K7ap_uintILi16EES4_S4_PS2_S5_PA128_S3_578_U         |     0.001 |
|     p_ZZN8gdn_bf1617gdn_bf16_top_implEhthhPA128_K7ap_uintILi16EES4_S4_PS2_S5_PA128_S3_579_U         |     0.001 |
|     p_ZZN8gdn_bf1617gdn_bf16_top_implEhthhPA128_K7ap_uintILi16EES4_S4_PS2_S5_PA128_S3_57_U          |     0.001 |
|     p_ZZN8gdn_bf1617gdn_bf16_top_implEhthhPA128_K7ap_uintILi16EES4_S4_PS2_S5_PA128_S3_580_U         |     0.001 |
|     p_ZZN8gdn_bf1617gdn_bf16_top_implEhthhPA128_K7ap_uintILi16EES4_S4_PS2_S5_PA128_S3_581_U         |     0.001 |
|     p_ZZN8gdn_bf1617gdn_bf16_top_implEhthhPA128_K7ap_uintILi16EES4_S4_PS2_S5_PA128_S3_582_U         |     0.001 |
|     p_ZZN8gdn_bf1617gdn_bf16_top_implEhthhPA128_K7ap_uintILi16EES4_S4_PS2_S5_PA128_S3_583_U         |     0.001 |
|     p_ZZN8gdn_bf1617gdn_bf16_top_implEhthhPA128_K7ap_uintILi16EES4_S4_PS2_S5_PA128_S3_584_U         |     0.001 |
|     p_ZZN8gdn_bf1617gdn_bf16_top_implEhthhPA128_K7ap_uintILi16EES4_S4_PS2_S5_PA128_S3_585_U         |     0.001 |
|     p_ZZN8gdn_bf1617gdn_bf16_top_implEhthhPA128_K7ap_uintILi16EES4_S4_PS2_S5_PA128_S3_586_U         |     0.001 |
|     p_ZZN8gdn_bf1617gdn_bf16_top_implEhthhPA128_K7ap_uintILi16EES4_S4_PS2_S5_PA128_S3_587_U         |     0.001 |
|     p_ZZN8gdn_bf1617gdn_bf16_top_implEhthhPA128_K7ap_uintILi16EES4_S4_PS2_S5_PA128_S3_588_U         |     0.001 |
|     p_ZZN8gdn_bf1617gdn_bf16_top_implEhthhPA128_K7ap_uintILi16EES4_S4_PS2_S5_PA128_S3_589_U         |     0.001 |
|     p_ZZN8gdn_bf1617gdn_bf16_top_implEhthhPA128_K7ap_uintILi16EES4_S4_PS2_S5_PA128_S3_58_U          |     0.001 |
|     p_ZZN8gdn_bf1617gdn_bf16_top_implEhthhPA128_K7ap_uintILi16EES4_S4_PS2_S5_PA128_S3_590_U         |     0.001 |
|     p_ZZN8gdn_bf1617gdn_bf16_top_implEhthhPA128_K7ap_uintILi16EES4_S4_PS2_S5_PA128_S3_591_U         |     0.001 |
|     p_ZZN8gdn_bf1617gdn_bf16_top_implEhthhPA128_K7ap_uintILi16EES4_S4_PS2_S5_PA128_S3_592_U         |     0.001 |
|     p_ZZN8gdn_bf1617gdn_bf16_top_implEhthhPA128_K7ap_uintILi16EES4_S4_PS2_S5_PA128_S3_593_U         |     0.001 |
|     p_ZZN8gdn_bf1617gdn_bf16_top_implEhthhPA128_K7ap_uintILi16EES4_S4_PS2_S5_PA128_S3_594_U         |     0.001 |
|     p_ZZN8gdn_bf1617gdn_bf16_top_implEhthhPA128_K7ap_uintILi16EES4_S4_PS2_S5_PA128_S3_595_U         |     0.001 |
|     p_ZZN8gdn_bf1617gdn_bf16_top_implEhthhPA128_K7ap_uintILi16EES4_S4_PS2_S5_PA128_S3_596_U         |     0.001 |
|     p_ZZN8gdn_bf1617gdn_bf16_top_implEhthhPA128_K7ap_uintILi16EES4_S4_PS2_S5_PA128_S3_597_U         |     0.001 |
|     p_ZZN8gdn_bf1617gdn_bf16_top_implEhthhPA128_K7ap_uintILi16EES4_S4_PS2_S5_PA128_S3_598_U         |     0.001 |
|     p_ZZN8gdn_bf1617gdn_bf16_top_implEhthhPA128_K7ap_uintILi16EES4_S4_PS2_S5_PA128_S3_599_U         |     0.001 |
|     p_ZZN8gdn_bf1617gdn_bf16_top_implEhthhPA128_K7ap_uintILi16EES4_S4_PS2_S5_PA128_S3_59_U          |     0.001 |
|     p_ZZN8gdn_bf1617gdn_bf16_top_implEhthhPA128_K7ap_uintILi16EES4_S4_PS2_S5_PA128_S3_5_U           |     0.001 |
|     p_ZZN8gdn_bf1617gdn_bf16_top_implEhthhPA128_K7ap_uintILi16EES4_S4_PS2_S5_PA128_S3_600_U         |     0.001 |
|     p_ZZN8gdn_bf1617gdn_bf16_top_implEhthhPA128_K7ap_uintILi16EES4_S4_PS2_S5_PA128_S3_601_U         |     0.001 |
|     p_ZZN8gdn_bf1617gdn_bf16_top_implEhthhPA128_K7ap_uintILi16EES4_S4_PS2_S5_PA128_S3_602_U         |     0.001 |
|     p_ZZN8gdn_bf1617gdn_bf16_top_implEhthhPA128_K7ap_uintILi16EES4_S4_PS2_S5_PA128_S3_603_U         |     0.001 |
|     p_ZZN8gdn_bf1617gdn_bf16_top_implEhthhPA128_K7ap_uintILi16EES4_S4_PS2_S5_PA128_S3_604_U         |     0.001 |
|     p_ZZN8gdn_bf1617gdn_bf16_top_implEhthhPA128_K7ap_uintILi16EES4_S4_PS2_S5_PA128_S3_605_U         |     0.001 |
|     p_ZZN8gdn_bf1617gdn_bf16_top_implEhthhPA128_K7ap_uintILi16EES4_S4_PS2_S5_PA128_S3_606_U         |     0.001 |
|     p_ZZN8gdn_bf1617gdn_bf16_top_implEhthhPA128_K7ap_uintILi16EES4_S4_PS2_S5_PA128_S3_607_U         |     0.001 |
|     p_ZZN8gdn_bf1617gdn_bf16_top_implEhthhPA128_K7ap_uintILi16EES4_S4_PS2_S5_PA128_S3_608_U         |     0.001 |
|     p_ZZN8gdn_bf1617gdn_bf16_top_implEhthhPA128_K7ap_uintILi16EES4_S4_PS2_S5_PA128_S3_609_U         |     0.001 |
|     p_ZZN8gdn_bf1617gdn_bf16_top_implEhthhPA128_K7ap_uintILi16EES4_S4_PS2_S5_PA128_S3_60_U          |     0.001 |
|     p_ZZN8gdn_bf1617gdn_bf16_top_implEhthhPA128_K7ap_uintILi16EES4_S4_PS2_S5_PA128_S3_610_U         |     0.001 |
|     p_ZZN8gdn_bf1617gdn_bf16_top_implEhthhPA128_K7ap_uintILi16EES4_S4_PS2_S5_PA128_S3_611_U         |     0.001 |
|     p_ZZN8gdn_bf1617gdn_bf16_top_implEhthhPA128_K7ap_uintILi16EES4_S4_PS2_S5_PA128_S3_612_U         |     0.001 |
|     p_ZZN8gdn_bf1617gdn_bf16_top_implEhthhPA128_K7ap_uintILi16EES4_S4_PS2_S5_PA128_S3_613_U         |     0.001 |
|     p_ZZN8gdn_bf1617gdn_bf16_top_implEhthhPA128_K7ap_uintILi16EES4_S4_PS2_S5_PA128_S3_614_U         |     0.001 |
|     p_ZZN8gdn_bf1617gdn_bf16_top_implEhthhPA128_K7ap_uintILi16EES4_S4_PS2_S5_PA128_S3_615_U         |     0.001 |
|     p_ZZN8gdn_bf1617gdn_bf16_top_implEhthhPA128_K7ap_uintILi16EES4_S4_PS2_S5_PA128_S3_616_U         |     0.001 |
|     p_ZZN8gdn_bf1617gdn_bf16_top_implEhthhPA128_K7ap_uintILi16EES4_S4_PS2_S5_PA128_S3_617_U         |     0.001 |
|     p_ZZN8gdn_bf1617gdn_bf16_top_implEhthhPA128_K7ap_uintILi16EES4_S4_PS2_S5_PA128_S3_618_U         |     0.001 |
|     p_ZZN8gdn_bf1617gdn_bf16_top_implEhthhPA128_K7ap_uintILi16EES4_S4_PS2_S5_PA128_S3_61_U          |     0.001 |
|     p_ZZN8gdn_bf1617gdn_bf16_top_implEhthhPA128_K7ap_uintILi16EES4_S4_PS2_S5_PA128_S3_62_U          |     0.001 |
|     p_ZZN8gdn_bf1617gdn_bf16_top_implEhthhPA128_K7ap_uintILi16EES4_S4_PS2_S5_PA128_S3_63_U          |     0.001 |
|     p_ZZN8gdn_bf1617gdn_bf16_top_implEhthhPA128_K7ap_uintILi16EES4_S4_PS2_S5_PA128_S3_64_U          |     0.001 |
|     p_ZZN8gdn_bf1617gdn_bf16_top_implEhthhPA128_K7ap_uintILi16EES4_S4_PS2_S5_PA128_S3_65_U          |     0.001 |
|     p_ZZN8gdn_bf1617gdn_bf16_top_implEhthhPA128_K7ap_uintILi16EES4_S4_PS2_S5_PA128_S3_66_U          |     0.001 |
|     p_ZZN8gdn_bf1617gdn_bf16_top_implEhthhPA128_K7ap_uintILi16EES4_S4_PS2_S5_PA128_S3_67_U          |     0.001 |
|     p_ZZN8gdn_bf1617gdn_bf16_top_implEhthhPA128_K7ap_uintILi16EES4_S4_PS2_S5_PA128_S3_68_U          |     0.001 |
|     p_ZZN8gdn_bf1617gdn_bf16_top_implEhthhPA128_K7ap_uintILi16EES4_S4_PS2_S5_PA128_S3_69_U          |     0.001 |
|     p_ZZN8gdn_bf1617gdn_bf16_top_implEhthhPA128_K7ap_uintILi16EES4_S4_PS2_S5_PA128_S3_6_U           |     0.001 |
|     p_ZZN8gdn_bf1617gdn_bf16_top_implEhthhPA128_K7ap_uintILi16EES4_S4_PS2_S5_PA128_S3_70_U          |     0.001 |
|     p_ZZN8gdn_bf1617gdn_bf16_top_implEhthhPA128_K7ap_uintILi16EES4_S4_PS2_S5_PA128_S3_71_U          |     0.001 |
|     p_ZZN8gdn_bf1617gdn_bf16_top_implEhthhPA128_K7ap_uintILi16EES4_S4_PS2_S5_PA128_S3_72_U          |     0.001 |
|     p_ZZN8gdn_bf1617gdn_bf16_top_implEhthhPA128_K7ap_uintILi16EES4_S4_PS2_S5_PA128_S3_73_U          |     0.001 |
|     p_ZZN8gdn_bf1617gdn_bf16_top_implEhthhPA128_K7ap_uintILi16EES4_S4_PS2_S5_PA128_S3_74_U          |     0.001 |
|     p_ZZN8gdn_bf1617gdn_bf16_top_implEhthhPA128_K7ap_uintILi16EES4_S4_PS2_S5_PA128_S3_75_U          |     0.001 |
|     p_ZZN8gdn_bf1617gdn_bf16_top_implEhthhPA128_K7ap_uintILi16EES4_S4_PS2_S5_PA128_S3_76_U          |     0.001 |
|     p_ZZN8gdn_bf1617gdn_bf16_top_implEhthhPA128_K7ap_uintILi16EES4_S4_PS2_S5_PA128_S3_77_U          |     0.001 |
|     p_ZZN8gdn_bf1617gdn_bf16_top_implEhthhPA128_K7ap_uintILi16EES4_S4_PS2_S5_PA128_S3_78_U          |     0.001 |
|     p_ZZN8gdn_bf1617gdn_bf16_top_implEhthhPA128_K7ap_uintILi16EES4_S4_PS2_S5_PA128_S3_79_U          |     0.001 |
|     p_ZZN8gdn_bf1617gdn_bf16_top_implEhthhPA128_K7ap_uintILi16EES4_S4_PS2_S5_PA128_S3_7_U           |     0.001 |
|     p_ZZN8gdn_bf1617gdn_bf16_top_implEhthhPA128_K7ap_uintILi16EES4_S4_PS2_S5_PA128_S3_80_U          |     0.001 |
|     p_ZZN8gdn_bf1617gdn_bf16_top_implEhthhPA128_K7ap_uintILi16EES4_S4_PS2_S5_PA128_S3_81_U          |     0.001 |
|     p_ZZN8gdn_bf1617gdn_bf16_top_implEhthhPA128_K7ap_uintILi16EES4_S4_PS2_S5_PA128_S3_82_U          |     0.001 |
|     p_ZZN8gdn_bf1617gdn_bf16_top_implEhthhPA128_K7ap_uintILi16EES4_S4_PS2_S5_PA128_S3_83_U          |     0.001 |
|     p_ZZN8gdn_bf1617gdn_bf16_top_implEhthhPA128_K7ap_uintILi16EES4_S4_PS2_S5_PA128_S3_84_U          |     0.001 |
|     p_ZZN8gdn_bf1617gdn_bf16_top_implEhthhPA128_K7ap_uintILi16EES4_S4_PS2_S5_PA128_S3_85_U          |     0.001 |
|     p_ZZN8gdn_bf1617gdn_bf16_top_implEhthhPA128_K7ap_uintILi16EES4_S4_PS2_S5_PA128_S3_86_U          |     0.001 |
|     p_ZZN8gdn_bf1617gdn_bf16_top_implEhthhPA128_K7ap_uintILi16EES4_S4_PS2_S5_PA128_S3_87_U          |     0.001 |
|     p_ZZN8gdn_bf1617gdn_bf16_top_implEhthhPA128_K7ap_uintILi16EES4_S4_PS2_S5_PA128_S3_88_U          |     0.001 |
|     p_ZZN8gdn_bf1617gdn_bf16_top_implEhthhPA128_K7ap_uintILi16EES4_S4_PS2_S5_PA128_S3_89_U          |     0.001 |
|     p_ZZN8gdn_bf1617gdn_bf16_top_implEhthhPA128_K7ap_uintILi16EES4_S4_PS2_S5_PA128_S3_8_U           |     0.001 |
|     p_ZZN8gdn_bf1617gdn_bf16_top_implEhthhPA128_K7ap_uintILi16EES4_S4_PS2_S5_PA128_S3_90_U          |     0.001 |
|     p_ZZN8gdn_bf1617gdn_bf16_top_implEhthhPA128_K7ap_uintILi16EES4_S4_PS2_S5_PA128_S3_91_U          |     0.001 |
|     p_ZZN8gdn_bf1617gdn_bf16_top_implEhthhPA128_K7ap_uintILi16EES4_S4_PS2_S5_PA128_S3_92_U          |     0.001 |
|     p_ZZN8gdn_bf1617gdn_bf16_top_implEhthhPA128_K7ap_uintILi16EES4_S4_PS2_S5_PA128_S3_93_U          |     0.001 |
|     p_ZZN8gdn_bf1617gdn_bf16_top_implEhthhPA128_K7ap_uintILi16EES4_S4_PS2_S5_PA128_S3_94_U          |     0.001 |
|     p_ZZN8gdn_bf1617gdn_bf16_top_implEhthhPA128_K7ap_uintILi16EES4_S4_PS2_S5_PA128_S3_95_U          |     0.001 |
|     p_ZZN8gdn_bf1617gdn_bf16_top_implEhthhPA128_K7ap_uintILi16EES4_S4_PS2_S5_PA128_S3_96_U          |     0.001 |
|     p_ZZN8gdn_bf1617gdn_bf16_top_implEhthhPA128_K7ap_uintILi16EES4_S4_PS2_S5_PA128_S3_97_U          |     0.001 |
|     p_ZZN8gdn_bf1617gdn_bf16_top_implEhthhPA128_K7ap_uintILi16EES4_S4_PS2_S5_PA128_S3_98_U          |     0.001 |
|     p_ZZN8gdn_bf1617gdn_bf16_top_implEhthhPA128_K7ap_uintILi16EES4_S4_PS2_S5_PA128_S3_99_U          |     0.001 |
|     p_ZZN8gdn_bf1617gdn_bf16_top_implEhthhPA128_K7ap_uintILi16EES4_S4_PS2_S5_PA128_S3_9_U           |     0.001 |
|     p_ZZN8gdn_bf1617gdn_bf16_top_implEhthhPA128_K7ap_uintILi16EES4_S4_PS2_S5_PA128_S3_U             |     0.001 |
|     q_local_U                                                                                       |     0.002 |
|     resident_state_bram_lower_U                                                                     |     0.322 |
|     resident_state_bram_upper_U                                                                     |     0.332 |
|     resident_state_uram_lower_U                                                                     |     0.852 |
|     resident_state_uram_upper_U                                                                     |     0.886 |
|     v_local_U                                                                                       |     0.003 |
+-----------------------------------------------------------------------------------------------------+-----------+


