Copyright 1986-2022 Xilinx, Inc. All Rights Reserved. Copyright 2022-2025 Advanced Micro Devices, Inc. All Rights Reserved.
---------------------------------------------------------------------------------------------------------------------------------------------
| Tool Version : Vivado v.2025.2 (win64) Build 6299465 Fri Nov 14 19:35:11 GMT 2025
| Date         : Thu Aug  6 00:01:05 2026
| Host         : Tyler running 64-bit major release  (build 9200)
| Command      : report_drc -file X:/reports/vivado/baselines/bf16/impl_drc.rpt
| Design       : gdn_bf16_top
| Device       : xcu55c-fsvh2892-2L-e
| Speed File   : -2L
| Design State : Fully Routed
---------------------------------------------------------------------------------------------------------------------------------------------

Report DRC

Table of Contents
-----------------
1. REPORT SUMMARY
2. REPORT DETAILS

1. REPORT SUMMARY
-----------------
            Netlist: netlist
          Floorplan: checkpoint_bf16_post_synth
      Design limits: <entire design considered>
           Ruledeck: default
             Max checks: <unlimited>
             Checks found: 66
+-----------+----------+---------------------------------------------------------------------+--------+
| Rule      | Severity | Description                                                         | Checks |
+-----------+----------+---------------------------------------------------------------------+--------+
| DPIP-2    | Warning  | Input pipelining                                                    | 20     |
| DPOP-3    | Warning  | PREG Output pipelining                                              | 20     |
| DPOP-4    | Warning  | MREG Output pipelining                                              | 5      |
| RTSTAT-10 | Warning  | No routable loads                                                   | 1      |
| AVAL-155  | Advisory | enum_AMULTSEL_BMULTSEL_enum_DREG_ADREG_0_connects_CED_CEAD_RSTD_GND | 15     |
| AVAL-156  | Advisory | enum_USE_MULT_NONE__enum_DREG_ADREG_0_connects_CED_CEAD_RSTD_GND    | 5      |
+-----------+----------+---------------------------------------------------------------------+--------+

2. REPORT DETAILS
-----------------
DPIP-2#1 Warning
Input pipelining  
DSP grp_gdn_bf16_top_impl_fu_1036/grp_p_anonymous_namespace_phase2_decay_predict_tile_fu_2183/grp_p_anonymous_namespace_phase2_decay_predict_tile_Pipeline_phase2_bf16_decay_rows_p_fu_776/floatingpoint_mul_32ns_32ns_32ns_32ns_32_3_1_U184/gdn_bf16_top_floatingpoint_mul_32ns_32ns_32ns_32ns_32_3_1_ip_u/U0/i_synth/MULT.OP/i_non_prim.MULT/DSP48E1_SPD_SGL_VARIANT.FIX_MULT/DSP1/i_no_versal_es1_workaround.DSP input grp_gdn_bf16_top_impl_fu_1036/grp_p_anonymous_namespace_phase2_decay_predict_tile_fu_2183/grp_p_anonymous_namespace_phase2_decay_predict_tile_Pipeline_phase2_bf16_decay_rows_p_fu_776/floatingpoint_mul_32ns_32ns_32ns_32ns_32_3_1_U184/gdn_bf16_top_floatingpoint_mul_32ns_32ns_32ns_32ns_32_3_1_ip_u/U0/i_synth/MULT.OP/i_non_prim.MULT/DSP48E1_SPD_SGL_VARIANT.FIX_MULT/DSP1/i_no_versal_es1_workaround.DSP/A[29:0] is not pipelined. Pipelining DSP48 input will improve performance.
Related violations: <none>

DPIP-2#2 Warning
Input pipelining  
DSP grp_gdn_bf16_top_impl_fu_1036/grp_p_anonymous_namespace_phase2_decay_predict_tile_fu_2183/grp_p_anonymous_namespace_phase2_decay_predict_tile_Pipeline_phase2_bf16_decay_rows_p_fu_776/floatingpoint_mul_32ns_32ns_32ns_32ns_32_3_1_U184/gdn_bf16_top_floatingpoint_mul_32ns_32ns_32ns_32ns_32_3_1_ip_u/U0/i_synth/MULT.OP/i_non_prim.MULT/DSP48E1_SPD_SGL_VARIANT.FIX_MULT/DSP1/i_no_versal_es1_workaround.DSP input grp_gdn_bf16_top_impl_fu_1036/grp_p_anonymous_namespace_phase2_decay_predict_tile_fu_2183/grp_p_anonymous_namespace_phase2_decay_predict_tile_Pipeline_phase2_bf16_decay_rows_p_fu_776/floatingpoint_mul_32ns_32ns_32ns_32ns_32_3_1_U184/gdn_bf16_top_floatingpoint_mul_32ns_32ns_32ns_32ns_32_3_1_ip_u/U0/i_synth/MULT.OP/i_non_prim.MULT/DSP48E1_SPD_SGL_VARIANT.FIX_MULT/DSP1/i_no_versal_es1_workaround.DSP/B[17:0] is not pipelined. Pipelining DSP48 input will improve performance.
Related violations: <none>

DPIP-2#3 Warning
Input pipelining  
DSP grp_gdn_bf16_top_impl_fu_1036/grp_p_anonymous_namespace_phase2_decay_predict_tile_fu_2183/grp_p_anonymous_namespace_phase2_decay_predict_tile_Pipeline_phase2_bf16_decay_rows_p_fu_776/floatingpoint_mul_32ns_32ns_32ns_32ns_32_3_1_U184/gdn_bf16_top_floatingpoint_mul_32ns_32ns_32ns_32ns_32_3_1_ip_u/U0/i_synth/MULT.OP/i_non_prim.MULT/DSP48E1_SPD_SGL_VARIANT.FIX_MULT/DSP2/i_no_versal_es1_workaround.DSP input grp_gdn_bf16_top_impl_fu_1036/grp_p_anonymous_namespace_phase2_decay_predict_tile_fu_2183/grp_p_anonymous_namespace_phase2_decay_predict_tile_Pipeline_phase2_bf16_decay_rows_p_fu_776/floatingpoint_mul_32ns_32ns_32ns_32ns_32_3_1_U184/gdn_bf16_top_floatingpoint_mul_32ns_32ns_32ns_32ns_32_3_1_ip_u/U0/i_synth/MULT.OP/i_non_prim.MULT/DSP48E1_SPD_SGL_VARIANT.FIX_MULT/DSP2/i_no_versal_es1_workaround.DSP/B[17:0] is not pipelined. Pipelining DSP48 input will improve performance.
Related violations: <none>

DPIP-2#4 Warning
Input pipelining  
DSP grp_gdn_bf16_top_impl_fu_1036/grp_p_anonymous_namespace_phase2_decay_predict_tile_fu_2183/grp_p_anonymous_namespace_phase2_decay_predict_tile_Pipeline_phase2_bf16_decay_rows_p_fu_776/floatingpoint_mul_32ns_32ns_32ns_32ns_32_3_1_U184/gdn_bf16_top_floatingpoint_mul_32ns_32ns_32ns_32ns_32_3_1_ip_u/U0/i_synth/MULT.OP/i_non_prim.R_AND_R/LAT_OPT.FULL.R_AND_R/DSP48E1_SGL_EXP_IP.OLD_ADD.ADD/i_no_versal_es1_workaround.DSP input grp_gdn_bf16_top_impl_fu_1036/grp_p_anonymous_namespace_phase2_decay_predict_tile_fu_2183/grp_p_anonymous_namespace_phase2_decay_predict_tile_Pipeline_phase2_bf16_decay_rows_p_fu_776/floatingpoint_mul_32ns_32ns_32ns_32ns_32_3_1_U184/gdn_bf16_top_floatingpoint_mul_32ns_32ns_32ns_32ns_32_3_1_ip_u/U0/i_synth/MULT.OP/i_non_prim.R_AND_R/LAT_OPT.FULL.R_AND_R/DSP48E1_SGL_EXP_IP.OLD_ADD.ADD/i_no_versal_es1_workaround.DSP/C[47:0] is not pipelined. Pipelining DSP48 input will improve performance.
Related violations: <none>

DPIP-2#5 Warning
Input pipelining  
DSP grp_gdn_bf16_top_impl_fu_1036/grp_p_anonymous_namespace_phase2_decay_predict_tile_fu_2183/grp_p_anonymous_namespace_phase2_decay_predict_tile_Pipeline_phase2_bf16_prediction_t_fu_1293/floatingpoint_mul_32ns_32ns_32ns_32ns_32_3_1_U464/gdn_bf16_top_floatingpoint_mul_32ns_32ns_32ns_32ns_32_3_1_ip_u/U0/i_synth/MULT.OP/i_non_prim.MULT/DSP48E1_SPD_SGL_VARIANT.FIX_MULT/DSP1/i_no_versal_es1_workaround.DSP input grp_gdn_bf16_top_impl_fu_1036/grp_p_anonymous_namespace_phase2_decay_predict_tile_fu_2183/grp_p_anonymous_namespace_phase2_decay_predict_tile_Pipeline_phase2_bf16_prediction_t_fu_1293/floatingpoint_mul_32ns_32ns_32ns_32ns_32_3_1_U464/gdn_bf16_top_floatingpoint_mul_32ns_32ns_32ns_32ns_32_3_1_ip_u/U0/i_synth/MULT.OP/i_non_prim.MULT/DSP48E1_SPD_SGL_VARIANT.FIX_MULT/DSP1/i_no_versal_es1_workaround.DSP/A[29:0] is not pipelined. Pipelining DSP48 input will improve performance.
Related violations: <none>

DPIP-2#6 Warning
Input pipelining  
DSP grp_gdn_bf16_top_impl_fu_1036/grp_p_anonymous_namespace_phase2_decay_predict_tile_fu_2183/grp_p_anonymous_namespace_phase2_decay_predict_tile_Pipeline_phase2_bf16_prediction_t_fu_1293/floatingpoint_mul_32ns_32ns_32ns_32ns_32_3_1_U464/gdn_bf16_top_floatingpoint_mul_32ns_32ns_32ns_32ns_32_3_1_ip_u/U0/i_synth/MULT.OP/i_non_prim.MULT/DSP48E1_SPD_SGL_VARIANT.FIX_MULT/DSP1/i_no_versal_es1_workaround.DSP input grp_gdn_bf16_top_impl_fu_1036/grp_p_anonymous_namespace_phase2_decay_predict_tile_fu_2183/grp_p_anonymous_namespace_phase2_decay_predict_tile_Pipeline_phase2_bf16_prediction_t_fu_1293/floatingpoint_mul_32ns_32ns_32ns_32ns_32_3_1_U464/gdn_bf16_top_floatingpoint_mul_32ns_32ns_32ns_32ns_32_3_1_ip_u/U0/i_synth/MULT.OP/i_non_prim.MULT/DSP48E1_SPD_SGL_VARIANT.FIX_MULT/DSP1/i_no_versal_es1_workaround.DSP/B[17:0] is not pipelined. Pipelining DSP48 input will improve performance.
Related violations: <none>

DPIP-2#7 Warning
Input pipelining  
DSP grp_gdn_bf16_top_impl_fu_1036/grp_p_anonymous_namespace_phase2_decay_predict_tile_fu_2183/grp_p_anonymous_namespace_phase2_decay_predict_tile_Pipeline_phase2_bf16_prediction_t_fu_1293/floatingpoint_mul_32ns_32ns_32ns_32ns_32_3_1_U464/gdn_bf16_top_floatingpoint_mul_32ns_32ns_32ns_32ns_32_3_1_ip_u/U0/i_synth/MULT.OP/i_non_prim.MULT/DSP48E1_SPD_SGL_VARIANT.FIX_MULT/DSP2/i_no_versal_es1_workaround.DSP input grp_gdn_bf16_top_impl_fu_1036/grp_p_anonymous_namespace_phase2_decay_predict_tile_fu_2183/grp_p_anonymous_namespace_phase2_decay_predict_tile_Pipeline_phase2_bf16_prediction_t_fu_1293/floatingpoint_mul_32ns_32ns_32ns_32ns_32_3_1_U464/gdn_bf16_top_floatingpoint_mul_32ns_32ns_32ns_32ns_32_3_1_ip_u/U0/i_synth/MULT.OP/i_non_prim.MULT/DSP48E1_SPD_SGL_VARIANT.FIX_MULT/DSP2/i_no_versal_es1_workaround.DSP/B[17:0] is not pipelined. Pipelining DSP48 input will improve performance.
Related violations: <none>

DPIP-2#8 Warning
Input pipelining  
DSP grp_gdn_bf16_top_impl_fu_1036/grp_p_anonymous_namespace_phase2_decay_predict_tile_fu_2183/grp_p_anonymous_namespace_phase2_decay_predict_tile_Pipeline_phase2_bf16_prediction_t_fu_1293/floatingpoint_mul_32ns_32ns_32ns_32ns_32_3_1_U464/gdn_bf16_top_floatingpoint_mul_32ns_32ns_32ns_32ns_32_3_1_ip_u/U0/i_synth/MULT.OP/i_non_prim.R_AND_R/LAT_OPT.FULL.R_AND_R/DSP48E1_SGL_EXP_IP.OLD_ADD.ADD/i_no_versal_es1_workaround.DSP input grp_gdn_bf16_top_impl_fu_1036/grp_p_anonymous_namespace_phase2_decay_predict_tile_fu_2183/grp_p_anonymous_namespace_phase2_decay_predict_tile_Pipeline_phase2_bf16_prediction_t_fu_1293/floatingpoint_mul_32ns_32ns_32ns_32ns_32_3_1_U464/gdn_bf16_top_floatingpoint_mul_32ns_32ns_32ns_32ns_32_3_1_ip_u/U0/i_synth/MULT.OP/i_non_prim.R_AND_R/LAT_OPT.FULL.R_AND_R/DSP48E1_SGL_EXP_IP.OLD_ADD.ADD/i_no_versal_es1_workaround.DSP/C[47:0] is not pipelined. Pipelining DSP48 input will improve performance.
Related violations: <none>

DPIP-2#9 Warning
Input pipelining  
DSP grp_gdn_bf16_top_impl_fu_1036/grp_p_anonymous_namespace_phase3_delta_tile_fu_2712/floatingpoint_mul_32ns_32ns_32ns_32ns_32_3_1_U1078/gdn_bf16_top_floatingpoint_mul_32ns_32ns_32ns_32ns_32_3_1_ip_u/U0/i_synth/MULT.OP/i_non_prim.MULT/DSP48E1_SPD_SGL_VARIANT.FIX_MULT/DSP1/i_no_versal_es1_workaround.DSP input grp_gdn_bf16_top_impl_fu_1036/grp_p_anonymous_namespace_phase3_delta_tile_fu_2712/floatingpoint_mul_32ns_32ns_32ns_32ns_32_3_1_U1078/gdn_bf16_top_floatingpoint_mul_32ns_32ns_32ns_32ns_32_3_1_ip_u/U0/i_synth/MULT.OP/i_non_prim.MULT/DSP48E1_SPD_SGL_VARIANT.FIX_MULT/DSP1/i_no_versal_es1_workaround.DSP/A[29:0] is not pipelined. Pipelining DSP48 input will improve performance.
Related violations: <none>

DPIP-2#10 Warning
Input pipelining  
DSP grp_gdn_bf16_top_impl_fu_1036/grp_p_anonymous_namespace_phase3_delta_tile_fu_2712/floatingpoint_mul_32ns_32ns_32ns_32ns_32_3_1_U1078/gdn_bf16_top_floatingpoint_mul_32ns_32ns_32ns_32ns_32_3_1_ip_u/U0/i_synth/MULT.OP/i_non_prim.MULT/DSP48E1_SPD_SGL_VARIANT.FIX_MULT/DSP1/i_no_versal_es1_workaround.DSP input grp_gdn_bf16_top_impl_fu_1036/grp_p_anonymous_namespace_phase3_delta_tile_fu_2712/floatingpoint_mul_32ns_32ns_32ns_32ns_32_3_1_U1078/gdn_bf16_top_floatingpoint_mul_32ns_32ns_32ns_32ns_32_3_1_ip_u/U0/i_synth/MULT.OP/i_non_prim.MULT/DSP48E1_SPD_SGL_VARIANT.FIX_MULT/DSP1/i_no_versal_es1_workaround.DSP/B[17:0] is not pipelined. Pipelining DSP48 input will improve performance.
Related violations: <none>

DPIP-2#11 Warning
Input pipelining  
DSP grp_gdn_bf16_top_impl_fu_1036/grp_p_anonymous_namespace_phase3_delta_tile_fu_2712/floatingpoint_mul_32ns_32ns_32ns_32ns_32_3_1_U1078/gdn_bf16_top_floatingpoint_mul_32ns_32ns_32ns_32ns_32_3_1_ip_u/U0/i_synth/MULT.OP/i_non_prim.MULT/DSP48E1_SPD_SGL_VARIANT.FIX_MULT/DSP2/i_no_versal_es1_workaround.DSP input grp_gdn_bf16_top_impl_fu_1036/grp_p_anonymous_namespace_phase3_delta_tile_fu_2712/floatingpoint_mul_32ns_32ns_32ns_32ns_32_3_1_U1078/gdn_bf16_top_floatingpoint_mul_32ns_32ns_32ns_32ns_32_3_1_ip_u/U0/i_synth/MULT.OP/i_non_prim.MULT/DSP48E1_SPD_SGL_VARIANT.FIX_MULT/DSP2/i_no_versal_es1_workaround.DSP/B[17:0] is not pipelined. Pipelining DSP48 input will improve performance.
Related violations: <none>

DPIP-2#12 Warning
Input pipelining  
DSP grp_gdn_bf16_top_impl_fu_1036/grp_p_anonymous_namespace_phase3_delta_tile_fu_2712/floatingpoint_mul_32ns_32ns_32ns_32ns_32_3_1_U1078/gdn_bf16_top_floatingpoint_mul_32ns_32ns_32ns_32ns_32_3_1_ip_u/U0/i_synth/MULT.OP/i_non_prim.R_AND_R/LAT_OPT.FULL.R_AND_R/DSP48E1_SGL_EXP_IP.OLD_ADD.ADD/i_no_versal_es1_workaround.DSP input grp_gdn_bf16_top_impl_fu_1036/grp_p_anonymous_namespace_phase3_delta_tile_fu_2712/floatingpoint_mul_32ns_32ns_32ns_32ns_32_3_1_U1078/gdn_bf16_top_floatingpoint_mul_32ns_32ns_32ns_32ns_32_3_1_ip_u/U0/i_synth/MULT.OP/i_non_prim.R_AND_R/LAT_OPT.FULL.R_AND_R/DSP48E1_SGL_EXP_IP.OLD_ADD.ADD/i_no_versal_es1_workaround.DSP/C[47:0] is not pipelined. Pipelining DSP48 input will improve performance.
Related violations: <none>

DPIP-2#13 Warning
Input pipelining  
DSP grp_gdn_bf16_top_impl_fu_1036/grp_p_anonymous_namespace_phase4_update_state_tile_fu_2738/floatingpoint_mul_32ns_32ns_32ns_32ns_32_3_1_U1104/gdn_bf16_top_floatingpoint_mul_32ns_32ns_32ns_32ns_32_3_1_ip_u/U0/i_synth/MULT.OP/i_non_prim.MULT/DSP48E1_SPD_SGL_VARIANT.FIX_MULT/DSP1/i_no_versal_es1_workaround.DSP input grp_gdn_bf16_top_impl_fu_1036/grp_p_anonymous_namespace_phase4_update_state_tile_fu_2738/floatingpoint_mul_32ns_32ns_32ns_32ns_32_3_1_U1104/gdn_bf16_top_floatingpoint_mul_32ns_32ns_32ns_32ns_32_3_1_ip_u/U0/i_synth/MULT.OP/i_non_prim.MULT/DSP48E1_SPD_SGL_VARIANT.FIX_MULT/DSP1/i_no_versal_es1_workaround.DSP/A[29:0] is not pipelined. Pipelining DSP48 input will improve performance.
Related violations: <none>

DPIP-2#14 Warning
Input pipelining  
DSP grp_gdn_bf16_top_impl_fu_1036/grp_p_anonymous_namespace_phase4_update_state_tile_fu_2738/floatingpoint_mul_32ns_32ns_32ns_32ns_32_3_1_U1104/gdn_bf16_top_floatingpoint_mul_32ns_32ns_32ns_32ns_32_3_1_ip_u/U0/i_synth/MULT.OP/i_non_prim.MULT/DSP48E1_SPD_SGL_VARIANT.FIX_MULT/DSP1/i_no_versal_es1_workaround.DSP input grp_gdn_bf16_top_impl_fu_1036/grp_p_anonymous_namespace_phase4_update_state_tile_fu_2738/floatingpoint_mul_32ns_32ns_32ns_32ns_32_3_1_U1104/gdn_bf16_top_floatingpoint_mul_32ns_32ns_32ns_32ns_32_3_1_ip_u/U0/i_synth/MULT.OP/i_non_prim.MULT/DSP48E1_SPD_SGL_VARIANT.FIX_MULT/DSP1/i_no_versal_es1_workaround.DSP/B[17:0] is not pipelined. Pipelining DSP48 input will improve performance.
Related violations: <none>

DPIP-2#15 Warning
Input pipelining  
DSP grp_gdn_bf16_top_impl_fu_1036/grp_p_anonymous_namespace_phase4_update_state_tile_fu_2738/floatingpoint_mul_32ns_32ns_32ns_32ns_32_3_1_U1104/gdn_bf16_top_floatingpoint_mul_32ns_32ns_32ns_32ns_32_3_1_ip_u/U0/i_synth/MULT.OP/i_non_prim.MULT/DSP48E1_SPD_SGL_VARIANT.FIX_MULT/DSP2/i_no_versal_es1_workaround.DSP input grp_gdn_bf16_top_impl_fu_1036/grp_p_anonymous_namespace_phase4_update_state_tile_fu_2738/floatingpoint_mul_32ns_32ns_32ns_32ns_32_3_1_U1104/gdn_bf16_top_floatingpoint_mul_32ns_32ns_32ns_32ns_32_3_1_ip_u/U0/i_synth/MULT.OP/i_non_prim.MULT/DSP48E1_SPD_SGL_VARIANT.FIX_MULT/DSP2/i_no_versal_es1_workaround.DSP/B[17:0] is not pipelined. Pipelining DSP48 input will improve performance.
Related violations: <none>

DPIP-2#16 Warning
Input pipelining  
DSP grp_gdn_bf16_top_impl_fu_1036/grp_p_anonymous_namespace_phase4_update_state_tile_fu_2738/floatingpoint_mul_32ns_32ns_32ns_32ns_32_3_1_U1104/gdn_bf16_top_floatingpoint_mul_32ns_32ns_32ns_32ns_32_3_1_ip_u/U0/i_synth/MULT.OP/i_non_prim.R_AND_R/LAT_OPT.FULL.R_AND_R/DSP48E1_SGL_EXP_IP.OLD_ADD.ADD/i_no_versal_es1_workaround.DSP input grp_gdn_bf16_top_impl_fu_1036/grp_p_anonymous_namespace_phase4_update_state_tile_fu_2738/floatingpoint_mul_32ns_32ns_32ns_32ns_32_3_1_U1104/gdn_bf16_top_floatingpoint_mul_32ns_32ns_32ns_32ns_32_3_1_ip_u/U0/i_synth/MULT.OP/i_non_prim.R_AND_R/LAT_OPT.FULL.R_AND_R/DSP48E1_SGL_EXP_IP.OLD_ADD.ADD/i_no_versal_es1_workaround.DSP/C[47:0] is not pipelined. Pipelining DSP48 input will improve performance.
Related violations: <none>

DPIP-2#17 Warning
Input pipelining  
DSP grp_gdn_bf16_top_impl_fu_1036/grp_p_anonymous_namespace_phase5_output_tile_fu_3521/grp_p_anonymous_namespace_phase5_output_tile_Pipeline_phase5_bf16_output_terms_fu_446/floatingpoint_mul_32ns_32ns_32ns_32ns_32_3_1_U1520/gdn_bf16_top_floatingpoint_mul_32ns_32ns_32ns_32ns_32_3_1_ip_u/U0/i_synth/MULT.OP/i_non_prim.MULT/DSP48E1_SPD_SGL_VARIANT.FIX_MULT/DSP1/i_no_versal_es1_workaround.DSP input grp_gdn_bf16_top_impl_fu_1036/grp_p_anonymous_namespace_phase5_output_tile_fu_3521/grp_p_anonymous_namespace_phase5_output_tile_Pipeline_phase5_bf16_output_terms_fu_446/floatingpoint_mul_32ns_32ns_32ns_32ns_32_3_1_U1520/gdn_bf16_top_floatingpoint_mul_32ns_32ns_32ns_32ns_32_3_1_ip_u/U0/i_synth/MULT.OP/i_non_prim.MULT/DSP48E1_SPD_SGL_VARIANT.FIX_MULT/DSP1/i_no_versal_es1_workaround.DSP/A[29:0] is not pipelined. Pipelining DSP48 input will improve performance.
Related violations: <none>

DPIP-2#18 Warning
Input pipelining  
DSP grp_gdn_bf16_top_impl_fu_1036/grp_p_anonymous_namespace_phase5_output_tile_fu_3521/grp_p_anonymous_namespace_phase5_output_tile_Pipeline_phase5_bf16_output_terms_fu_446/floatingpoint_mul_32ns_32ns_32ns_32ns_32_3_1_U1520/gdn_bf16_top_floatingpoint_mul_32ns_32ns_32ns_32ns_32_3_1_ip_u/U0/i_synth/MULT.OP/i_non_prim.MULT/DSP48E1_SPD_SGL_VARIANT.FIX_MULT/DSP1/i_no_versal_es1_workaround.DSP input grp_gdn_bf16_top_impl_fu_1036/grp_p_anonymous_namespace_phase5_output_tile_fu_3521/grp_p_anonymous_namespace_phase5_output_tile_Pipeline_phase5_bf16_output_terms_fu_446/floatingpoint_mul_32ns_32ns_32ns_32ns_32_3_1_U1520/gdn_bf16_top_floatingpoint_mul_32ns_32ns_32ns_32ns_32_3_1_ip_u/U0/i_synth/MULT.OP/i_non_prim.MULT/DSP48E1_SPD_SGL_VARIANT.FIX_MULT/DSP1/i_no_versal_es1_workaround.DSP/B[17:0] is not pipelined. Pipelining DSP48 input will improve performance.
Related violations: <none>

DPIP-2#19 Warning
Input pipelining  
DSP grp_gdn_bf16_top_impl_fu_1036/grp_p_anonymous_namespace_phase5_output_tile_fu_3521/grp_p_anonymous_namespace_phase5_output_tile_Pipeline_phase5_bf16_output_terms_fu_446/floatingpoint_mul_32ns_32ns_32ns_32ns_32_3_1_U1520/gdn_bf16_top_floatingpoint_mul_32ns_32ns_32ns_32ns_32_3_1_ip_u/U0/i_synth/MULT.OP/i_non_prim.MULT/DSP48E1_SPD_SGL_VARIANT.FIX_MULT/DSP2/i_no_versal_es1_workaround.DSP input grp_gdn_bf16_top_impl_fu_1036/grp_p_anonymous_namespace_phase5_output_tile_fu_3521/grp_p_anonymous_namespace_phase5_output_tile_Pipeline_phase5_bf16_output_terms_fu_446/floatingpoint_mul_32ns_32ns_32ns_32ns_32_3_1_U1520/gdn_bf16_top_floatingpoint_mul_32ns_32ns_32ns_32ns_32_3_1_ip_u/U0/i_synth/MULT.OP/i_non_prim.MULT/DSP48E1_SPD_SGL_VARIANT.FIX_MULT/DSP2/i_no_versal_es1_workaround.DSP/B[17:0] is not pipelined. Pipelining DSP48 input will improve performance.
Related violations: <none>

DPIP-2#20 Warning
Input pipelining  
DSP grp_gdn_bf16_top_impl_fu_1036/grp_p_anonymous_namespace_phase5_output_tile_fu_3521/grp_p_anonymous_namespace_phase5_output_tile_Pipeline_phase5_bf16_output_terms_fu_446/floatingpoint_mul_32ns_32ns_32ns_32ns_32_3_1_U1520/gdn_bf16_top_floatingpoint_mul_32ns_32ns_32ns_32ns_32_3_1_ip_u/U0/i_synth/MULT.OP/i_non_prim.R_AND_R/LAT_OPT.FULL.R_AND_R/DSP48E1_SGL_EXP_IP.OLD_ADD.ADD/i_no_versal_es1_workaround.DSP input grp_gdn_bf16_top_impl_fu_1036/grp_p_anonymous_namespace_phase5_output_tile_fu_3521/grp_p_anonymous_namespace_phase5_output_tile_Pipeline_phase5_bf16_output_terms_fu_446/floatingpoint_mul_32ns_32ns_32ns_32ns_32_3_1_U1520/gdn_bf16_top_floatingpoint_mul_32ns_32ns_32ns_32ns_32_3_1_ip_u/U0/i_synth/MULT.OP/i_non_prim.R_AND_R/LAT_OPT.FULL.R_AND_R/DSP48E1_SGL_EXP_IP.OLD_ADD.ADD/i_no_versal_es1_workaround.DSP/C[47:0] is not pipelined. Pipelining DSP48 input will improve performance.
Related violations: <none>

DPOP-3#1 Warning
PREG Output pipelining  
DSP grp_gdn_bf16_top_impl_fu_1036/grp_p_anonymous_namespace_phase2_decay_predict_tile_fu_2183/grp_p_anonymous_namespace_phase2_decay_predict_tile_Pipeline_phase2_bf16_decay_rows_p_fu_776/floatingpoint_mul_32ns_32ns_32ns_32ns_32_3_1_U184/gdn_bf16_top_floatingpoint_mul_32ns_32ns_32ns_32ns_32_3_1_ip_u/U0/i_synth/MULT.OP/i_non_prim.MULT/DSP48E1_SPD_SGL_VARIANT.FIX_MULT/DSP2/i_no_versal_es1_workaround.DSP output grp_gdn_bf16_top_impl_fu_1036/grp_p_anonymous_namespace_phase2_decay_predict_tile_fu_2183/grp_p_anonymous_namespace_phase2_decay_predict_tile_Pipeline_phase2_bf16_decay_rows_p_fu_776/floatingpoint_mul_32ns_32ns_32ns_32ns_32_3_1_U184/gdn_bf16_top_floatingpoint_mul_32ns_32ns_32ns_32ns_32_3_1_ip_u/U0/i_synth/MULT.OP/i_non_prim.MULT/DSP48E1_SPD_SGL_VARIANT.FIX_MULT/DSP2/i_no_versal_es1_workaround.DSP/PATTERNDETECT is not pipelined (PREG=0). Pipelining the DSP48 output will improve performance and often saves power so it is suggested whenever possible to fully pipeline this function.  If this DSP48 function was inferred, it is suggested to describe an additional register stage after this function.  If the DSP48 was instantiated in the design, it is suggested to set the PREG attribute to 1.
Related violations: <none>

DPOP-3#2 Warning
PREG Output pipelining  
DSP grp_gdn_bf16_top_impl_fu_1036/grp_p_anonymous_namespace_phase2_decay_predict_tile_fu_2183/grp_p_anonymous_namespace_phase2_decay_predict_tile_Pipeline_phase2_bf16_decay_rows_p_fu_776/floatingpoint_mul_32ns_32ns_32ns_32ns_32_3_1_U184/gdn_bf16_top_floatingpoint_mul_32ns_32ns_32ns_32ns_32_3_1_ip_u/U0/i_synth/MULT.OP/i_non_prim.MULT/DSP48E1_SPD_SGL_VARIANT.FIX_MULT/DSP2/i_no_versal_es1_workaround.DSP output grp_gdn_bf16_top_impl_fu_1036/grp_p_anonymous_namespace_phase2_decay_predict_tile_fu_2183/grp_p_anonymous_namespace_phase2_decay_predict_tile_Pipeline_phase2_bf16_decay_rows_p_fu_776/floatingpoint_mul_32ns_32ns_32ns_32ns_32_3_1_U184/gdn_bf16_top_floatingpoint_mul_32ns_32ns_32ns_32ns_32_3_1_ip_u/U0/i_synth/MULT.OP/i_non_prim.MULT/DSP48E1_SPD_SGL_VARIANT.FIX_MULT/DSP2/i_no_versal_es1_workaround.DSP/P[47:0] is not pipelined (PREG=0). Pipelining the DSP48 output will improve performance and often saves power so it is suggested whenever possible to fully pipeline this function.  If this DSP48 function was inferred, it is suggested to describe an additional register stage after this function.  If the DSP48 was instantiated in the design, it is suggested to set the PREG attribute to 1.
Related violations: <none>

DPOP-3#3 Warning
PREG Output pipelining  
DSP grp_gdn_bf16_top_impl_fu_1036/grp_p_anonymous_namespace_phase2_decay_predict_tile_fu_2183/grp_p_anonymous_namespace_phase2_decay_predict_tile_Pipeline_phase2_bf16_decay_rows_p_fu_776/floatingpoint_mul_32ns_32ns_32ns_32ns_32_3_1_U184/gdn_bf16_top_floatingpoint_mul_32ns_32ns_32ns_32ns_32_3_1_ip_u/U0/i_synth/MULT.OP/i_non_prim.R_AND_R/LAT_OPT.FULL.R_AND_R/DSP48E1_SGL_EXP_IP.OLD_ADD.ADD/i_no_versal_es1_workaround.DSP output grp_gdn_bf16_top_impl_fu_1036/grp_p_anonymous_namespace_phase2_decay_predict_tile_fu_2183/grp_p_anonymous_namespace_phase2_decay_predict_tile_Pipeline_phase2_bf16_decay_rows_p_fu_776/floatingpoint_mul_32ns_32ns_32ns_32ns_32_3_1_U184/gdn_bf16_top_floatingpoint_mul_32ns_32ns_32ns_32ns_32_3_1_ip_u/U0/i_synth/MULT.OP/i_non_prim.R_AND_R/LAT_OPT.FULL.R_AND_R/DSP48E1_SGL_EXP_IP.OLD_ADD.ADD/i_no_versal_es1_workaround.DSP/CARRYOUT[3:0] is not pipelined (PREG=0). Pipelining the DSP48 output will improve performance and often saves power so it is suggested whenever possible to fully pipeline this function.  If this DSP48 function was inferred, it is suggested to describe an additional register stage after this function.  If the DSP48 was instantiated in the design, it is suggested to set the PREG attribute to 1.
Related violations: <none>

DPOP-3#4 Warning
PREG Output pipelining  
DSP grp_gdn_bf16_top_impl_fu_1036/grp_p_anonymous_namespace_phase2_decay_predict_tile_fu_2183/grp_p_anonymous_namespace_phase2_decay_predict_tile_Pipeline_phase2_bf16_decay_rows_p_fu_776/floatingpoint_mul_32ns_32ns_32ns_32ns_32_3_1_U184/gdn_bf16_top_floatingpoint_mul_32ns_32ns_32ns_32ns_32_3_1_ip_u/U0/i_synth/MULT.OP/i_non_prim.R_AND_R/LAT_OPT.FULL.R_AND_R/DSP48E1_SGL_EXP_IP.OLD_ADD.ADD/i_no_versal_es1_workaround.DSP output grp_gdn_bf16_top_impl_fu_1036/grp_p_anonymous_namespace_phase2_decay_predict_tile_fu_2183/grp_p_anonymous_namespace_phase2_decay_predict_tile_Pipeline_phase2_bf16_decay_rows_p_fu_776/floatingpoint_mul_32ns_32ns_32ns_32ns_32_3_1_U184/gdn_bf16_top_floatingpoint_mul_32ns_32ns_32ns_32ns_32_3_1_ip_u/U0/i_synth/MULT.OP/i_non_prim.R_AND_R/LAT_OPT.FULL.R_AND_R/DSP48E1_SGL_EXP_IP.OLD_ADD.ADD/i_no_versal_es1_workaround.DSP/P[47:0] is not pipelined (PREG=0). Pipelining the DSP48 output will improve performance and often saves power so it is suggested whenever possible to fully pipeline this function.  If this DSP48 function was inferred, it is suggested to describe an additional register stage after this function.  If the DSP48 was instantiated in the design, it is suggested to set the PREG attribute to 1.
Related violations: <none>

DPOP-3#5 Warning
PREG Output pipelining  
DSP grp_gdn_bf16_top_impl_fu_1036/grp_p_anonymous_namespace_phase2_decay_predict_tile_fu_2183/grp_p_anonymous_namespace_phase2_decay_predict_tile_Pipeline_phase2_bf16_prediction_t_fu_1293/floatingpoint_mul_32ns_32ns_32ns_32ns_32_3_1_U464/gdn_bf16_top_floatingpoint_mul_32ns_32ns_32ns_32ns_32_3_1_ip_u/U0/i_synth/MULT.OP/i_non_prim.MULT/DSP48E1_SPD_SGL_VARIANT.FIX_MULT/DSP2/i_no_versal_es1_workaround.DSP output grp_gdn_bf16_top_impl_fu_1036/grp_p_anonymous_namespace_phase2_decay_predict_tile_fu_2183/grp_p_anonymous_namespace_phase2_decay_predict_tile_Pipeline_phase2_bf16_prediction_t_fu_1293/floatingpoint_mul_32ns_32ns_32ns_32ns_32_3_1_U464/gdn_bf16_top_floatingpoint_mul_32ns_32ns_32ns_32ns_32_3_1_ip_u/U0/i_synth/MULT.OP/i_non_prim.MULT/DSP48E1_SPD_SGL_VARIANT.FIX_MULT/DSP2/i_no_versal_es1_workaround.DSP/PATTERNDETECT is not pipelined (PREG=0). Pipelining the DSP48 output will improve performance and often saves power so it is suggested whenever possible to fully pipeline this function.  If this DSP48 function was inferred, it is suggested to describe an additional register stage after this function.  If the DSP48 was instantiated in the design, it is suggested to set the PREG attribute to 1.
Related violations: <none>

DPOP-3#6 Warning
PREG Output pipelining  
DSP grp_gdn_bf16_top_impl_fu_1036/grp_p_anonymous_namespace_phase2_decay_predict_tile_fu_2183/grp_p_anonymous_namespace_phase2_decay_predict_tile_Pipeline_phase2_bf16_prediction_t_fu_1293/floatingpoint_mul_32ns_32ns_32ns_32ns_32_3_1_U464/gdn_bf16_top_floatingpoint_mul_32ns_32ns_32ns_32ns_32_3_1_ip_u/U0/i_synth/MULT.OP/i_non_prim.MULT/DSP48E1_SPD_SGL_VARIANT.FIX_MULT/DSP2/i_no_versal_es1_workaround.DSP output grp_gdn_bf16_top_impl_fu_1036/grp_p_anonymous_namespace_phase2_decay_predict_tile_fu_2183/grp_p_anonymous_namespace_phase2_decay_predict_tile_Pipeline_phase2_bf16_prediction_t_fu_1293/floatingpoint_mul_32ns_32ns_32ns_32ns_32_3_1_U464/gdn_bf16_top_floatingpoint_mul_32ns_32ns_32ns_32ns_32_3_1_ip_u/U0/i_synth/MULT.OP/i_non_prim.MULT/DSP48E1_SPD_SGL_VARIANT.FIX_MULT/DSP2/i_no_versal_es1_workaround.DSP/P[47:0] is not pipelined (PREG=0). Pipelining the DSP48 output will improve performance and often saves power so it is suggested whenever possible to fully pipeline this function.  If this DSP48 function was inferred, it is suggested to describe an additional register stage after this function.  If the DSP48 was instantiated in the design, it is suggested to set the PREG attribute to 1.
Related violations: <none>

DPOP-3#7 Warning
PREG Output pipelining  
DSP grp_gdn_bf16_top_impl_fu_1036/grp_p_anonymous_namespace_phase2_decay_predict_tile_fu_2183/grp_p_anonymous_namespace_phase2_decay_predict_tile_Pipeline_phase2_bf16_prediction_t_fu_1293/floatingpoint_mul_32ns_32ns_32ns_32ns_32_3_1_U464/gdn_bf16_top_floatingpoint_mul_32ns_32ns_32ns_32ns_32_3_1_ip_u/U0/i_synth/MULT.OP/i_non_prim.R_AND_R/LAT_OPT.FULL.R_AND_R/DSP48E1_SGL_EXP_IP.OLD_ADD.ADD/i_no_versal_es1_workaround.DSP output grp_gdn_bf16_top_impl_fu_1036/grp_p_anonymous_namespace_phase2_decay_predict_tile_fu_2183/grp_p_anonymous_namespace_phase2_decay_predict_tile_Pipeline_phase2_bf16_prediction_t_fu_1293/floatingpoint_mul_32ns_32ns_32ns_32ns_32_3_1_U464/gdn_bf16_top_floatingpoint_mul_32ns_32ns_32ns_32ns_32_3_1_ip_u/U0/i_synth/MULT.OP/i_non_prim.R_AND_R/LAT_OPT.FULL.R_AND_R/DSP48E1_SGL_EXP_IP.OLD_ADD.ADD/i_no_versal_es1_workaround.DSP/CARRYOUT[3:0] is not pipelined (PREG=0). Pipelining the DSP48 output will improve performance and often saves power so it is suggested whenever possible to fully pipeline this function.  If this DSP48 function was inferred, it is suggested to describe an additional register stage after this function.  If the DSP48 was instantiated in the design, it is suggested to set the PREG attribute to 1.
Related violations: <none>

DPOP-3#8 Warning
PREG Output pipelining  
DSP grp_gdn_bf16_top_impl_fu_1036/grp_p_anonymous_namespace_phase2_decay_predict_tile_fu_2183/grp_p_anonymous_namespace_phase2_decay_predict_tile_Pipeline_phase2_bf16_prediction_t_fu_1293/floatingpoint_mul_32ns_32ns_32ns_32ns_32_3_1_U464/gdn_bf16_top_floatingpoint_mul_32ns_32ns_32ns_32ns_32_3_1_ip_u/U0/i_synth/MULT.OP/i_non_prim.R_AND_R/LAT_OPT.FULL.R_AND_R/DSP48E1_SGL_EXP_IP.OLD_ADD.ADD/i_no_versal_es1_workaround.DSP output grp_gdn_bf16_top_impl_fu_1036/grp_p_anonymous_namespace_phase2_decay_predict_tile_fu_2183/grp_p_anonymous_namespace_phase2_decay_predict_tile_Pipeline_phase2_bf16_prediction_t_fu_1293/floatingpoint_mul_32ns_32ns_32ns_32ns_32_3_1_U464/gdn_bf16_top_floatingpoint_mul_32ns_32ns_32ns_32ns_32_3_1_ip_u/U0/i_synth/MULT.OP/i_non_prim.R_AND_R/LAT_OPT.FULL.R_AND_R/DSP48E1_SGL_EXP_IP.OLD_ADD.ADD/i_no_versal_es1_workaround.DSP/P[47:0] is not pipelined (PREG=0). Pipelining the DSP48 output will improve performance and often saves power so it is suggested whenever possible to fully pipeline this function.  If this DSP48 function was inferred, it is suggested to describe an additional register stage after this function.  If the DSP48 was instantiated in the design, it is suggested to set the PREG attribute to 1.
Related violations: <none>

DPOP-3#9 Warning
PREG Output pipelining  
DSP grp_gdn_bf16_top_impl_fu_1036/grp_p_anonymous_namespace_phase3_delta_tile_fu_2712/floatingpoint_mul_32ns_32ns_32ns_32ns_32_3_1_U1078/gdn_bf16_top_floatingpoint_mul_32ns_32ns_32ns_32ns_32_3_1_ip_u/U0/i_synth/MULT.OP/i_non_prim.MULT/DSP48E1_SPD_SGL_VARIANT.FIX_MULT/DSP2/i_no_versal_es1_workaround.DSP output grp_gdn_bf16_top_impl_fu_1036/grp_p_anonymous_namespace_phase3_delta_tile_fu_2712/floatingpoint_mul_32ns_32ns_32ns_32ns_32_3_1_U1078/gdn_bf16_top_floatingpoint_mul_32ns_32ns_32ns_32ns_32_3_1_ip_u/U0/i_synth/MULT.OP/i_non_prim.MULT/DSP48E1_SPD_SGL_VARIANT.FIX_MULT/DSP2/i_no_versal_es1_workaround.DSP/PATTERNDETECT is not pipelined (PREG=0). Pipelining the DSP48 output will improve performance and often saves power so it is suggested whenever possible to fully pipeline this function.  If this DSP48 function was inferred, it is suggested to describe an additional register stage after this function.  If the DSP48 was instantiated in the design, it is suggested to set the PREG attribute to 1.
Related violations: <none>

DPOP-3#10 Warning
PREG Output pipelining  
DSP grp_gdn_bf16_top_impl_fu_1036/grp_p_anonymous_namespace_phase3_delta_tile_fu_2712/floatingpoint_mul_32ns_32ns_32ns_32ns_32_3_1_U1078/gdn_bf16_top_floatingpoint_mul_32ns_32ns_32ns_32ns_32_3_1_ip_u/U0/i_synth/MULT.OP/i_non_prim.MULT/DSP48E1_SPD_SGL_VARIANT.FIX_MULT/DSP2/i_no_versal_es1_workaround.DSP output grp_gdn_bf16_top_impl_fu_1036/grp_p_anonymous_namespace_phase3_delta_tile_fu_2712/floatingpoint_mul_32ns_32ns_32ns_32ns_32_3_1_U1078/gdn_bf16_top_floatingpoint_mul_32ns_32ns_32ns_32ns_32_3_1_ip_u/U0/i_synth/MULT.OP/i_non_prim.MULT/DSP48E1_SPD_SGL_VARIANT.FIX_MULT/DSP2/i_no_versal_es1_workaround.DSP/P[47:0] is not pipelined (PREG=0). Pipelining the DSP48 output will improve performance and often saves power so it is suggested whenever possible to fully pipeline this function.  If this DSP48 function was inferred, it is suggested to describe an additional register stage after this function.  If the DSP48 was instantiated in the design, it is suggested to set the PREG attribute to 1.
Related violations: <none>

DPOP-3#11 Warning
PREG Output pipelining  
DSP grp_gdn_bf16_top_impl_fu_1036/grp_p_anonymous_namespace_phase3_delta_tile_fu_2712/floatingpoint_mul_32ns_32ns_32ns_32ns_32_3_1_U1078/gdn_bf16_top_floatingpoint_mul_32ns_32ns_32ns_32ns_32_3_1_ip_u/U0/i_synth/MULT.OP/i_non_prim.R_AND_R/LAT_OPT.FULL.R_AND_R/DSP48E1_SGL_EXP_IP.OLD_ADD.ADD/i_no_versal_es1_workaround.DSP output grp_gdn_bf16_top_impl_fu_1036/grp_p_anonymous_namespace_phase3_delta_tile_fu_2712/floatingpoint_mul_32ns_32ns_32ns_32ns_32_3_1_U1078/gdn_bf16_top_floatingpoint_mul_32ns_32ns_32ns_32ns_32_3_1_ip_u/U0/i_synth/MULT.OP/i_non_prim.R_AND_R/LAT_OPT.FULL.R_AND_R/DSP48E1_SGL_EXP_IP.OLD_ADD.ADD/i_no_versal_es1_workaround.DSP/CARRYOUT[3:0] is not pipelined (PREG=0). Pipelining the DSP48 output will improve performance and often saves power so it is suggested whenever possible to fully pipeline this function.  If this DSP48 function was inferred, it is suggested to describe an additional register stage after this function.  If the DSP48 was instantiated in the design, it is suggested to set the PREG attribute to 1.
Related violations: <none>

DPOP-3#12 Warning
PREG Output pipelining  
DSP grp_gdn_bf16_top_impl_fu_1036/grp_p_anonymous_namespace_phase3_delta_tile_fu_2712/floatingpoint_mul_32ns_32ns_32ns_32ns_32_3_1_U1078/gdn_bf16_top_floatingpoint_mul_32ns_32ns_32ns_32ns_32_3_1_ip_u/U0/i_synth/MULT.OP/i_non_prim.R_AND_R/LAT_OPT.FULL.R_AND_R/DSP48E1_SGL_EXP_IP.OLD_ADD.ADD/i_no_versal_es1_workaround.DSP output grp_gdn_bf16_top_impl_fu_1036/grp_p_anonymous_namespace_phase3_delta_tile_fu_2712/floatingpoint_mul_32ns_32ns_32ns_32ns_32_3_1_U1078/gdn_bf16_top_floatingpoint_mul_32ns_32ns_32ns_32ns_32_3_1_ip_u/U0/i_synth/MULT.OP/i_non_prim.R_AND_R/LAT_OPT.FULL.R_AND_R/DSP48E1_SGL_EXP_IP.OLD_ADD.ADD/i_no_versal_es1_workaround.DSP/P[47:0] is not pipelined (PREG=0). Pipelining the DSP48 output will improve performance and often saves power so it is suggested whenever possible to fully pipeline this function.  If this DSP48 function was inferred, it is suggested to describe an additional register stage after this function.  If the DSP48 was instantiated in the design, it is suggested to set the PREG attribute to 1.
Related violations: <none>

DPOP-3#13 Warning
PREG Output pipelining  
DSP grp_gdn_bf16_top_impl_fu_1036/grp_p_anonymous_namespace_phase4_update_state_tile_fu_2738/floatingpoint_mul_32ns_32ns_32ns_32ns_32_3_1_U1104/gdn_bf16_top_floatingpoint_mul_32ns_32ns_32ns_32ns_32_3_1_ip_u/U0/i_synth/MULT.OP/i_non_prim.MULT/DSP48E1_SPD_SGL_VARIANT.FIX_MULT/DSP2/i_no_versal_es1_workaround.DSP output grp_gdn_bf16_top_impl_fu_1036/grp_p_anonymous_namespace_phase4_update_state_tile_fu_2738/floatingpoint_mul_32ns_32ns_32ns_32ns_32_3_1_U1104/gdn_bf16_top_floatingpoint_mul_32ns_32ns_32ns_32ns_32_3_1_ip_u/U0/i_synth/MULT.OP/i_non_prim.MULT/DSP48E1_SPD_SGL_VARIANT.FIX_MULT/DSP2/i_no_versal_es1_workaround.DSP/PATTERNDETECT is not pipelined (PREG=0). Pipelining the DSP48 output will improve performance and often saves power so it is suggested whenever possible to fully pipeline this function.  If this DSP48 function was inferred, it is suggested to describe an additional register stage after this function.  If the DSP48 was instantiated in the design, it is suggested to set the PREG attribute to 1.
Related violations: <none>

DPOP-3#14 Warning
PREG Output pipelining  
DSP grp_gdn_bf16_top_impl_fu_1036/grp_p_anonymous_namespace_phase4_update_state_tile_fu_2738/floatingpoint_mul_32ns_32ns_32ns_32ns_32_3_1_U1104/gdn_bf16_top_floatingpoint_mul_32ns_32ns_32ns_32ns_32_3_1_ip_u/U0/i_synth/MULT.OP/i_non_prim.MULT/DSP48E1_SPD_SGL_VARIANT.FIX_MULT/DSP2/i_no_versal_es1_workaround.DSP output grp_gdn_bf16_top_impl_fu_1036/grp_p_anonymous_namespace_phase4_update_state_tile_fu_2738/floatingpoint_mul_32ns_32ns_32ns_32ns_32_3_1_U1104/gdn_bf16_top_floatingpoint_mul_32ns_32ns_32ns_32ns_32_3_1_ip_u/U0/i_synth/MULT.OP/i_non_prim.MULT/DSP48E1_SPD_SGL_VARIANT.FIX_MULT/DSP2/i_no_versal_es1_workaround.DSP/P[47:0] is not pipelined (PREG=0). Pipelining the DSP48 output will improve performance and often saves power so it is suggested whenever possible to fully pipeline this function.  If this DSP48 function was inferred, it is suggested to describe an additional register stage after this function.  If the DSP48 was instantiated in the design, it is suggested to set the PREG attribute to 1.
Related violations: <none>

DPOP-3#15 Warning
PREG Output pipelining  
DSP grp_gdn_bf16_top_impl_fu_1036/grp_p_anonymous_namespace_phase4_update_state_tile_fu_2738/floatingpoint_mul_32ns_32ns_32ns_32ns_32_3_1_U1104/gdn_bf16_top_floatingpoint_mul_32ns_32ns_32ns_32ns_32_3_1_ip_u/U0/i_synth/MULT.OP/i_non_prim.R_AND_R/LAT_OPT.FULL.R_AND_R/DSP48E1_SGL_EXP_IP.OLD_ADD.ADD/i_no_versal_es1_workaround.DSP output grp_gdn_bf16_top_impl_fu_1036/grp_p_anonymous_namespace_phase4_update_state_tile_fu_2738/floatingpoint_mul_32ns_32ns_32ns_32ns_32_3_1_U1104/gdn_bf16_top_floatingpoint_mul_32ns_32ns_32ns_32ns_32_3_1_ip_u/U0/i_synth/MULT.OP/i_non_prim.R_AND_R/LAT_OPT.FULL.R_AND_R/DSP48E1_SGL_EXP_IP.OLD_ADD.ADD/i_no_versal_es1_workaround.DSP/CARRYOUT[3:0] is not pipelined (PREG=0). Pipelining the DSP48 output will improve performance and often saves power so it is suggested whenever possible to fully pipeline this function.  If this DSP48 function was inferred, it is suggested to describe an additional register stage after this function.  If the DSP48 was instantiated in the design, it is suggested to set the PREG attribute to 1.
Related violations: <none>

DPOP-3#16 Warning
PREG Output pipelining  
DSP grp_gdn_bf16_top_impl_fu_1036/grp_p_anonymous_namespace_phase4_update_state_tile_fu_2738/floatingpoint_mul_32ns_32ns_32ns_32ns_32_3_1_U1104/gdn_bf16_top_floatingpoint_mul_32ns_32ns_32ns_32ns_32_3_1_ip_u/U0/i_synth/MULT.OP/i_non_prim.R_AND_R/LAT_OPT.FULL.R_AND_R/DSP48E1_SGL_EXP_IP.OLD_ADD.ADD/i_no_versal_es1_workaround.DSP output grp_gdn_bf16_top_impl_fu_1036/grp_p_anonymous_namespace_phase4_update_state_tile_fu_2738/floatingpoint_mul_32ns_32ns_32ns_32ns_32_3_1_U1104/gdn_bf16_top_floatingpoint_mul_32ns_32ns_32ns_32ns_32_3_1_ip_u/U0/i_synth/MULT.OP/i_non_prim.R_AND_R/LAT_OPT.FULL.R_AND_R/DSP48E1_SGL_EXP_IP.OLD_ADD.ADD/i_no_versal_es1_workaround.DSP/P[47:0] is not pipelined (PREG=0). Pipelining the DSP48 output will improve performance and often saves power so it is suggested whenever possible to fully pipeline this function.  If this DSP48 function was inferred, it is suggested to describe an additional register stage after this function.  If the DSP48 was instantiated in the design, it is suggested to set the PREG attribute to 1.
Related violations: <none>

DPOP-3#17 Warning
PREG Output pipelining  
DSP grp_gdn_bf16_top_impl_fu_1036/grp_p_anonymous_namespace_phase5_output_tile_fu_3521/grp_p_anonymous_namespace_phase5_output_tile_Pipeline_phase5_bf16_output_terms_fu_446/floatingpoint_mul_32ns_32ns_32ns_32ns_32_3_1_U1520/gdn_bf16_top_floatingpoint_mul_32ns_32ns_32ns_32ns_32_3_1_ip_u/U0/i_synth/MULT.OP/i_non_prim.MULT/DSP48E1_SPD_SGL_VARIANT.FIX_MULT/DSP2/i_no_versal_es1_workaround.DSP output grp_gdn_bf16_top_impl_fu_1036/grp_p_anonymous_namespace_phase5_output_tile_fu_3521/grp_p_anonymous_namespace_phase5_output_tile_Pipeline_phase5_bf16_output_terms_fu_446/floatingpoint_mul_32ns_32ns_32ns_32ns_32_3_1_U1520/gdn_bf16_top_floatingpoint_mul_32ns_32ns_32ns_32ns_32_3_1_ip_u/U0/i_synth/MULT.OP/i_non_prim.MULT/DSP48E1_SPD_SGL_VARIANT.FIX_MULT/DSP2/i_no_versal_es1_workaround.DSP/PATTERNDETECT is not pipelined (PREG=0). Pipelining the DSP48 output will improve performance and often saves power so it is suggested whenever possible to fully pipeline this function.  If this DSP48 function was inferred, it is suggested to describe an additional register stage after this function.  If the DSP48 was instantiated in the design, it is suggested to set the PREG attribute to 1.
Related violations: <none>

DPOP-3#18 Warning
PREG Output pipelining  
DSP grp_gdn_bf16_top_impl_fu_1036/grp_p_anonymous_namespace_phase5_output_tile_fu_3521/grp_p_anonymous_namespace_phase5_output_tile_Pipeline_phase5_bf16_output_terms_fu_446/floatingpoint_mul_32ns_32ns_32ns_32ns_32_3_1_U1520/gdn_bf16_top_floatingpoint_mul_32ns_32ns_32ns_32ns_32_3_1_ip_u/U0/i_synth/MULT.OP/i_non_prim.MULT/DSP48E1_SPD_SGL_VARIANT.FIX_MULT/DSP2/i_no_versal_es1_workaround.DSP output grp_gdn_bf16_top_impl_fu_1036/grp_p_anonymous_namespace_phase5_output_tile_fu_3521/grp_p_anonymous_namespace_phase5_output_tile_Pipeline_phase5_bf16_output_terms_fu_446/floatingpoint_mul_32ns_32ns_32ns_32ns_32_3_1_U1520/gdn_bf16_top_floatingpoint_mul_32ns_32ns_32ns_32ns_32_3_1_ip_u/U0/i_synth/MULT.OP/i_non_prim.MULT/DSP48E1_SPD_SGL_VARIANT.FIX_MULT/DSP2/i_no_versal_es1_workaround.DSP/P[47:0] is not pipelined (PREG=0). Pipelining the DSP48 output will improve performance and often saves power so it is suggested whenever possible to fully pipeline this function.  If this DSP48 function was inferred, it is suggested to describe an additional register stage after this function.  If the DSP48 was instantiated in the design, it is suggested to set the PREG attribute to 1.
Related violations: <none>

DPOP-3#19 Warning
PREG Output pipelining  
DSP grp_gdn_bf16_top_impl_fu_1036/grp_p_anonymous_namespace_phase5_output_tile_fu_3521/grp_p_anonymous_namespace_phase5_output_tile_Pipeline_phase5_bf16_output_terms_fu_446/floatingpoint_mul_32ns_32ns_32ns_32ns_32_3_1_U1520/gdn_bf16_top_floatingpoint_mul_32ns_32ns_32ns_32ns_32_3_1_ip_u/U0/i_synth/MULT.OP/i_non_prim.R_AND_R/LAT_OPT.FULL.R_AND_R/DSP48E1_SGL_EXP_IP.OLD_ADD.ADD/i_no_versal_es1_workaround.DSP output grp_gdn_bf16_top_impl_fu_1036/grp_p_anonymous_namespace_phase5_output_tile_fu_3521/grp_p_anonymous_namespace_phase5_output_tile_Pipeline_phase5_bf16_output_terms_fu_446/floatingpoint_mul_32ns_32ns_32ns_32ns_32_3_1_U1520/gdn_bf16_top_floatingpoint_mul_32ns_32ns_32ns_32ns_32_3_1_ip_u/U0/i_synth/MULT.OP/i_non_prim.R_AND_R/LAT_OPT.FULL.R_AND_R/DSP48E1_SGL_EXP_IP.OLD_ADD.ADD/i_no_versal_es1_workaround.DSP/CARRYOUT[3:0] is not pipelined (PREG=0). Pipelining the DSP48 output will improve performance and often saves power so it is suggested whenever possible to fully pipeline this function.  If this DSP48 function was inferred, it is suggested to describe an additional register stage after this function.  If the DSP48 was instantiated in the design, it is suggested to set the PREG attribute to 1.
Related violations: <none>

DPOP-3#20 Warning
PREG Output pipelining  
DSP grp_gdn_bf16_top_impl_fu_1036/grp_p_anonymous_namespace_phase5_output_tile_fu_3521/grp_p_anonymous_namespace_phase5_output_tile_Pipeline_phase5_bf16_output_terms_fu_446/floatingpoint_mul_32ns_32ns_32ns_32ns_32_3_1_U1520/gdn_bf16_top_floatingpoint_mul_32ns_32ns_32ns_32ns_32_3_1_ip_u/U0/i_synth/MULT.OP/i_non_prim.R_AND_R/LAT_OPT.FULL.R_AND_R/DSP48E1_SGL_EXP_IP.OLD_ADD.ADD/i_no_versal_es1_workaround.DSP output grp_gdn_bf16_top_impl_fu_1036/grp_p_anonymous_namespace_phase5_output_tile_fu_3521/grp_p_anonymous_namespace_phase5_output_tile_Pipeline_phase5_bf16_output_terms_fu_446/floatingpoint_mul_32ns_32ns_32ns_32ns_32_3_1_U1520/gdn_bf16_top_floatingpoint_mul_32ns_32ns_32ns_32ns_32_3_1_ip_u/U0/i_synth/MULT.OP/i_non_prim.R_AND_R/LAT_OPT.FULL.R_AND_R/DSP48E1_SGL_EXP_IP.OLD_ADD.ADD/i_no_versal_es1_workaround.DSP/P[47:0] is not pipelined (PREG=0). Pipelining the DSP48 output will improve performance and often saves power so it is suggested whenever possible to fully pipeline this function.  If this DSP48 function was inferred, it is suggested to describe an additional register stage after this function.  If the DSP48 was instantiated in the design, it is suggested to set the PREG attribute to 1.
Related violations: <none>

DPOP-4#1 Warning
MREG Output pipelining  
DSP grp_gdn_bf16_top_impl_fu_1036/grp_p_anonymous_namespace_phase2_decay_predict_tile_fu_2183/grp_p_anonymous_namespace_phase2_decay_predict_tile_Pipeline_phase2_bf16_decay_rows_p_fu_776/floatingpoint_mul_32ns_32ns_32ns_32ns_32_3_1_U184/gdn_bf16_top_floatingpoint_mul_32ns_32ns_32ns_32ns_32_3_1_ip_u/U0/i_synth/MULT.OP/i_non_prim.MULT/DSP48E1_SPD_SGL_VARIANT.FIX_MULT/DSP1/i_no_versal_es1_workaround.DSP multiplier stage grp_gdn_bf16_top_impl_fu_1036/grp_p_anonymous_namespace_phase2_decay_predict_tile_fu_2183/grp_p_anonymous_namespace_phase2_decay_predict_tile_Pipeline_phase2_bf16_decay_rows_p_fu_776/floatingpoint_mul_32ns_32ns_32ns_32ns_32_3_1_U184/gdn_bf16_top_floatingpoint_mul_32ns_32ns_32ns_32ns_32_3_1_ip_u/U0/i_synth/MULT.OP/i_non_prim.MULT/DSP48E1_SPD_SGL_VARIANT.FIX_MULT/DSP1/i_no_versal_es1_workaround.DSP/PATTERNDETECT is not pipelined (MREG=0). Pipelining the multiplier function will improve performance and will save significant power so it is suggested whenever possible to fully pipeline this function.  If this multiplier was inferred, it is suggested to describe an additional register stage after this function.  If there is no registered adder/accumulator following the multiply function, two pipeline stages are suggested to allow both the MREG and PREG registers to be used.  If the DSP48 was instantiated in the design, it is suggested to set both the MREG and PREG attributes to 1 when performing multiply functions.
Related violations: <none>

DPOP-4#2 Warning
MREG Output pipelining  
DSP grp_gdn_bf16_top_impl_fu_1036/grp_p_anonymous_namespace_phase2_decay_predict_tile_fu_2183/grp_p_anonymous_namespace_phase2_decay_predict_tile_Pipeline_phase2_bf16_prediction_t_fu_1293/floatingpoint_mul_32ns_32ns_32ns_32ns_32_3_1_U464/gdn_bf16_top_floatingpoint_mul_32ns_32ns_32ns_32ns_32_3_1_ip_u/U0/i_synth/MULT.OP/i_non_prim.MULT/DSP48E1_SPD_SGL_VARIANT.FIX_MULT/DSP1/i_no_versal_es1_workaround.DSP multiplier stage grp_gdn_bf16_top_impl_fu_1036/grp_p_anonymous_namespace_phase2_decay_predict_tile_fu_2183/grp_p_anonymous_namespace_phase2_decay_predict_tile_Pipeline_phase2_bf16_prediction_t_fu_1293/floatingpoint_mul_32ns_32ns_32ns_32ns_32_3_1_U464/gdn_bf16_top_floatingpoint_mul_32ns_32ns_32ns_32ns_32_3_1_ip_u/U0/i_synth/MULT.OP/i_non_prim.MULT/DSP48E1_SPD_SGL_VARIANT.FIX_MULT/DSP1/i_no_versal_es1_workaround.DSP/PATTERNDETECT is not pipelined (MREG=0). Pipelining the multiplier function will improve performance and will save significant power so it is suggested whenever possible to fully pipeline this function.  If this multiplier was inferred, it is suggested to describe an additional register stage after this function.  If there is no registered adder/accumulator following the multiply function, two pipeline stages are suggested to allow both the MREG and PREG registers to be used.  If the DSP48 was instantiated in the design, it is suggested to set both the MREG and PREG attributes to 1 when performing multiply functions.
Related violations: <none>

DPOP-4#3 Warning
MREG Output pipelining  
DSP grp_gdn_bf16_top_impl_fu_1036/grp_p_anonymous_namespace_phase3_delta_tile_fu_2712/floatingpoint_mul_32ns_32ns_32ns_32ns_32_3_1_U1078/gdn_bf16_top_floatingpoint_mul_32ns_32ns_32ns_32ns_32_3_1_ip_u/U0/i_synth/MULT.OP/i_non_prim.MULT/DSP48E1_SPD_SGL_VARIANT.FIX_MULT/DSP1/i_no_versal_es1_workaround.DSP multiplier stage grp_gdn_bf16_top_impl_fu_1036/grp_p_anonymous_namespace_phase3_delta_tile_fu_2712/floatingpoint_mul_32ns_32ns_32ns_32ns_32_3_1_U1078/gdn_bf16_top_floatingpoint_mul_32ns_32ns_32ns_32ns_32_3_1_ip_u/U0/i_synth/MULT.OP/i_non_prim.MULT/DSP48E1_SPD_SGL_VARIANT.FIX_MULT/DSP1/i_no_versal_es1_workaround.DSP/PATTERNDETECT is not pipelined (MREG=0). Pipelining the multiplier function will improve performance and will save significant power so it is suggested whenever possible to fully pipeline this function.  If this multiplier was inferred, it is suggested to describe an additional register stage after this function.  If there is no registered adder/accumulator following the multiply function, two pipeline stages are suggested to allow both the MREG and PREG registers to be used.  If the DSP48 was instantiated in the design, it is suggested to set both the MREG and PREG attributes to 1 when performing multiply functions.
Related violations: <none>

DPOP-4#4 Warning
MREG Output pipelining  
DSP grp_gdn_bf16_top_impl_fu_1036/grp_p_anonymous_namespace_phase4_update_state_tile_fu_2738/floatingpoint_mul_32ns_32ns_32ns_32ns_32_3_1_U1104/gdn_bf16_top_floatingpoint_mul_32ns_32ns_32ns_32ns_32_3_1_ip_u/U0/i_synth/MULT.OP/i_non_prim.MULT/DSP48E1_SPD_SGL_VARIANT.FIX_MULT/DSP1/i_no_versal_es1_workaround.DSP multiplier stage grp_gdn_bf16_top_impl_fu_1036/grp_p_anonymous_namespace_phase4_update_state_tile_fu_2738/floatingpoint_mul_32ns_32ns_32ns_32ns_32_3_1_U1104/gdn_bf16_top_floatingpoint_mul_32ns_32ns_32ns_32ns_32_3_1_ip_u/U0/i_synth/MULT.OP/i_non_prim.MULT/DSP48E1_SPD_SGL_VARIANT.FIX_MULT/DSP1/i_no_versal_es1_workaround.DSP/PATTERNDETECT is not pipelined (MREG=0). Pipelining the multiplier function will improve performance and will save significant power so it is suggested whenever possible to fully pipeline this function.  If this multiplier was inferred, it is suggested to describe an additional register stage after this function.  If there is no registered adder/accumulator following the multiply function, two pipeline stages are suggested to allow both the MREG and PREG registers to be used.  If the DSP48 was instantiated in the design, it is suggested to set both the MREG and PREG attributes to 1 when performing multiply functions.
Related violations: <none>

DPOP-4#5 Warning
MREG Output pipelining  
DSP grp_gdn_bf16_top_impl_fu_1036/grp_p_anonymous_namespace_phase5_output_tile_fu_3521/grp_p_anonymous_namespace_phase5_output_tile_Pipeline_phase5_bf16_output_terms_fu_446/floatingpoint_mul_32ns_32ns_32ns_32ns_32_3_1_U1520/gdn_bf16_top_floatingpoint_mul_32ns_32ns_32ns_32ns_32_3_1_ip_u/U0/i_synth/MULT.OP/i_non_prim.MULT/DSP48E1_SPD_SGL_VARIANT.FIX_MULT/DSP1/i_no_versal_es1_workaround.DSP multiplier stage grp_gdn_bf16_top_impl_fu_1036/grp_p_anonymous_namespace_phase5_output_tile_fu_3521/grp_p_anonymous_namespace_phase5_output_tile_Pipeline_phase5_bf16_output_terms_fu_446/floatingpoint_mul_32ns_32ns_32ns_32ns_32_3_1_U1520/gdn_bf16_top_floatingpoint_mul_32ns_32ns_32ns_32ns_32_3_1_ip_u/U0/i_synth/MULT.OP/i_non_prim.MULT/DSP48E1_SPD_SGL_VARIANT.FIX_MULT/DSP1/i_no_versal_es1_workaround.DSP/PATTERNDETECT is not pipelined (MREG=0). Pipelining the multiplier function will improve performance and will save significant power so it is suggested whenever possible to fully pipeline this function.  If this multiplier was inferred, it is suggested to describe an additional register stage after this function.  If there is no registered adder/accumulator following the multiply function, two pipeline stages are suggested to allow both the MREG and PREG registers to be used.  If the DSP48 was instantiated in the design, it is suggested to set both the MREG and PREG attributes to 1 when performing multiply functions.
Related violations: <none>

RTSTAT-10#1 Warning
No routable loads  
689 net(s) have no routable loads. The problem bus(es) and/or net(s) are gmem0_m_axi_U/bus_read/rreq_burst_conv/burst_sequential/Q[0],
gmem0_m_axi_U/bus_read/rreq_burst_conv/burst_sequential/Q[1],
gmem0_m_axi_U/bus_read/rreq_burst_conv/burst_sequential/Q[2],
gmem1_m_axi_U/bus_read/rreq_burst_conv/burst_sequential/Q[0],
gmem1_m_axi_U/bus_read/rreq_burst_conv/burst_sequential/Q[1],
gmem1_m_axi_U/bus_read/rreq_burst_conv/burst_sequential/Q[2],
gmem2_m_axi_U/bus_read/rreq_burst_conv/burst_sequential/Q[0],
gmem2_m_axi_U/bus_read/rreq_burst_conv/burst_sequential/Q[1],
gmem2_m_axi_U/bus_read/rreq_burst_conv/burst_sequential/Q[2],
gmem3_m_axi_U/bus_read/rreq_burst_conv/burst_sequential/Q[0],
gmem3_m_axi_U/bus_read/rreq_burst_conv/burst_sequential/Q[1],
gmem3_m_axi_U/bus_read/rreq_burst_conv/burst_sequential/Q[2],
gmem4_m_axi_U/bus_read/rreq_burst_conv/burst_sequential/Q[0],
gmem4_m_axi_U/bus_read/rreq_burst_conv/burst_sequential/Q[1],
gmem4_m_axi_U/bus_read/rreq_burst_conv/burst_sequential/Q[2]
 (the first 15 of 41 listed nets/buses).
Related violations: <none>

AVAL-155#1 Advisory
enum_AMULTSEL_BMULTSEL_enum_DREG_ADREG_0_connects_CED_CEAD_RSTD_GND  
grp_gdn_bf16_top_impl_fu_1036/grp_p_anonymous_namespace_phase2_decay_predict_tile_fu_2183/grp_p_anonymous_namespace_phase2_decay_predict_tile_Pipeline_phase2_bf16_decay_rows_p_fu_776/floatingpoint_mul_32ns_32ns_32ns_32ns_32_3_1_U184/gdn_bf16_top_floatingpoint_mul_32ns_32ns_32ns_32ns_32_3_1_ip_u/U0/i_synth/MULT.OP/i_non_prim.MULT/DSP48E1_SPD_SGL_VARIANT.FIX_MULT/DSP1/i_no_versal_es1_workaround.DSP: DSP48E2 is not using the D port (AMULTSEL = A and BMULTSEL = B). For improved power characteristics, set DREG and ADREG to '1', tie CED, CEAD, and RSTD to logic '0'.
Related violations: <none>

AVAL-155#2 Advisory
enum_AMULTSEL_BMULTSEL_enum_DREG_ADREG_0_connects_CED_CEAD_RSTD_GND  
grp_gdn_bf16_top_impl_fu_1036/grp_p_anonymous_namespace_phase2_decay_predict_tile_fu_2183/grp_p_anonymous_namespace_phase2_decay_predict_tile_Pipeline_phase2_bf16_decay_rows_p_fu_776/floatingpoint_mul_32ns_32ns_32ns_32ns_32_3_1_U184/gdn_bf16_top_floatingpoint_mul_32ns_32ns_32ns_32ns_32_3_1_ip_u/U0/i_synth/MULT.OP/i_non_prim.MULT/DSP48E1_SPD_SGL_VARIANT.FIX_MULT/DSP2/i_no_versal_es1_workaround.DSP: DSP48E2 is not using the D port (AMULTSEL = A and BMULTSEL = B). For improved power characteristics, set DREG and ADREG to '1', tie CED, CEAD, and RSTD to logic '0'.
Related violations: <none>

AVAL-155#3 Advisory
enum_AMULTSEL_BMULTSEL_enum_DREG_ADREG_0_connects_CED_CEAD_RSTD_GND  
grp_gdn_bf16_top_impl_fu_1036/grp_p_anonymous_namespace_phase2_decay_predict_tile_fu_2183/grp_p_anonymous_namespace_phase2_decay_predict_tile_Pipeline_phase2_bf16_decay_rows_p_fu_776/floatingpoint_mul_32ns_32ns_32ns_32ns_32_3_1_U184/gdn_bf16_top_floatingpoint_mul_32ns_32ns_32ns_32ns_32_3_1_ip_u/U0/i_synth/MULT.OP/i_non_prim.R_AND_R/LAT_OPT.FULL.R_AND_R/DSP48E1_SGL_EXP_IP.OLD_ADD.ADD/i_no_versal_es1_workaround.DSP: DSP48E2 is not using the D port (AMULTSEL = A and BMULTSEL = B). For improved power characteristics, set DREG and ADREG to '1', tie CED, CEAD, and RSTD to logic '0'.
Related violations: <none>

AVAL-155#4 Advisory
enum_AMULTSEL_BMULTSEL_enum_DREG_ADREG_0_connects_CED_CEAD_RSTD_GND  
grp_gdn_bf16_top_impl_fu_1036/grp_p_anonymous_namespace_phase2_decay_predict_tile_fu_2183/grp_p_anonymous_namespace_phase2_decay_predict_tile_Pipeline_phase2_bf16_prediction_t_fu_1293/floatingpoint_mul_32ns_32ns_32ns_32ns_32_3_1_U464/gdn_bf16_top_floatingpoint_mul_32ns_32ns_32ns_32ns_32_3_1_ip_u/U0/i_synth/MULT.OP/i_non_prim.MULT/DSP48E1_SPD_SGL_VARIANT.FIX_MULT/DSP1/i_no_versal_es1_workaround.DSP: DSP48E2 is not using the D port (AMULTSEL = A and BMULTSEL = B). For improved power characteristics, set DREG and ADREG to '1', tie CED, CEAD, and RSTD to logic '0'.
Related violations: <none>

AVAL-155#5 Advisory
enum_AMULTSEL_BMULTSEL_enum_DREG_ADREG_0_connects_CED_CEAD_RSTD_GND  
grp_gdn_bf16_top_impl_fu_1036/grp_p_anonymous_namespace_phase2_decay_predict_tile_fu_2183/grp_p_anonymous_namespace_phase2_decay_predict_tile_Pipeline_phase2_bf16_prediction_t_fu_1293/floatingpoint_mul_32ns_32ns_32ns_32ns_32_3_1_U464/gdn_bf16_top_floatingpoint_mul_32ns_32ns_32ns_32ns_32_3_1_ip_u/U0/i_synth/MULT.OP/i_non_prim.MULT/DSP48E1_SPD_SGL_VARIANT.FIX_MULT/DSP2/i_no_versal_es1_workaround.DSP: DSP48E2 is not using the D port (AMULTSEL = A and BMULTSEL = B). For improved power characteristics, set DREG and ADREG to '1', tie CED, CEAD, and RSTD to logic '0'.
Related violations: <none>

AVAL-155#6 Advisory
enum_AMULTSEL_BMULTSEL_enum_DREG_ADREG_0_connects_CED_CEAD_RSTD_GND  
grp_gdn_bf16_top_impl_fu_1036/grp_p_anonymous_namespace_phase2_decay_predict_tile_fu_2183/grp_p_anonymous_namespace_phase2_decay_predict_tile_Pipeline_phase2_bf16_prediction_t_fu_1293/floatingpoint_mul_32ns_32ns_32ns_32ns_32_3_1_U464/gdn_bf16_top_floatingpoint_mul_32ns_32ns_32ns_32ns_32_3_1_ip_u/U0/i_synth/MULT.OP/i_non_prim.R_AND_R/LAT_OPT.FULL.R_AND_R/DSP48E1_SGL_EXP_IP.OLD_ADD.ADD/i_no_versal_es1_workaround.DSP: DSP48E2 is not using the D port (AMULTSEL = A and BMULTSEL = B). For improved power characteristics, set DREG and ADREG to '1', tie CED, CEAD, and RSTD to logic '0'.
Related violations: <none>

AVAL-155#7 Advisory
enum_AMULTSEL_BMULTSEL_enum_DREG_ADREG_0_connects_CED_CEAD_RSTD_GND  
grp_gdn_bf16_top_impl_fu_1036/grp_p_anonymous_namespace_phase3_delta_tile_fu_2712/floatingpoint_mul_32ns_32ns_32ns_32ns_32_3_1_U1078/gdn_bf16_top_floatingpoint_mul_32ns_32ns_32ns_32ns_32_3_1_ip_u/U0/i_synth/MULT.OP/i_non_prim.MULT/DSP48E1_SPD_SGL_VARIANT.FIX_MULT/DSP1/i_no_versal_es1_workaround.DSP: DSP48E2 is not using the D port (AMULTSEL = A and BMULTSEL = B). For improved power characteristics, set DREG and ADREG to '1', tie CED, CEAD, and RSTD to logic '0'.
Related violations: <none>

AVAL-155#8 Advisory
enum_AMULTSEL_BMULTSEL_enum_DREG_ADREG_0_connects_CED_CEAD_RSTD_GND  
grp_gdn_bf16_top_impl_fu_1036/grp_p_anonymous_namespace_phase3_delta_tile_fu_2712/floatingpoint_mul_32ns_32ns_32ns_32ns_32_3_1_U1078/gdn_bf16_top_floatingpoint_mul_32ns_32ns_32ns_32ns_32_3_1_ip_u/U0/i_synth/MULT.OP/i_non_prim.MULT/DSP48E1_SPD_SGL_VARIANT.FIX_MULT/DSP2/i_no_versal_es1_workaround.DSP: DSP48E2 is not using the D port (AMULTSEL = A and BMULTSEL = B). For improved power characteristics, set DREG and ADREG to '1', tie CED, CEAD, and RSTD to logic '0'.
Related violations: <none>

AVAL-155#9 Advisory
enum_AMULTSEL_BMULTSEL_enum_DREG_ADREG_0_connects_CED_CEAD_RSTD_GND  
grp_gdn_bf16_top_impl_fu_1036/grp_p_anonymous_namespace_phase3_delta_tile_fu_2712/floatingpoint_mul_32ns_32ns_32ns_32ns_32_3_1_U1078/gdn_bf16_top_floatingpoint_mul_32ns_32ns_32ns_32ns_32_3_1_ip_u/U0/i_synth/MULT.OP/i_non_prim.R_AND_R/LAT_OPT.FULL.R_AND_R/DSP48E1_SGL_EXP_IP.OLD_ADD.ADD/i_no_versal_es1_workaround.DSP: DSP48E2 is not using the D port (AMULTSEL = A and BMULTSEL = B). For improved power characteristics, set DREG and ADREG to '1', tie CED, CEAD, and RSTD to logic '0'.
Related violations: <none>

AVAL-155#10 Advisory
enum_AMULTSEL_BMULTSEL_enum_DREG_ADREG_0_connects_CED_CEAD_RSTD_GND  
grp_gdn_bf16_top_impl_fu_1036/grp_p_anonymous_namespace_phase4_update_state_tile_fu_2738/floatingpoint_mul_32ns_32ns_32ns_32ns_32_3_1_U1104/gdn_bf16_top_floatingpoint_mul_32ns_32ns_32ns_32ns_32_3_1_ip_u/U0/i_synth/MULT.OP/i_non_prim.MULT/DSP48E1_SPD_SGL_VARIANT.FIX_MULT/DSP1/i_no_versal_es1_workaround.DSP: DSP48E2 is not using the D port (AMULTSEL = A and BMULTSEL = B). For improved power characteristics, set DREG and ADREG to '1', tie CED, CEAD, and RSTD to logic '0'.
Related violations: <none>

AVAL-155#11 Advisory
enum_AMULTSEL_BMULTSEL_enum_DREG_ADREG_0_connects_CED_CEAD_RSTD_GND  
grp_gdn_bf16_top_impl_fu_1036/grp_p_anonymous_namespace_phase4_update_state_tile_fu_2738/floatingpoint_mul_32ns_32ns_32ns_32ns_32_3_1_U1104/gdn_bf16_top_floatingpoint_mul_32ns_32ns_32ns_32ns_32_3_1_ip_u/U0/i_synth/MULT.OP/i_non_prim.MULT/DSP48E1_SPD_SGL_VARIANT.FIX_MULT/DSP2/i_no_versal_es1_workaround.DSP: DSP48E2 is not using the D port (AMULTSEL = A and BMULTSEL = B). For improved power characteristics, set DREG and ADREG to '1', tie CED, CEAD, and RSTD to logic '0'.
Related violations: <none>

AVAL-155#12 Advisory
enum_AMULTSEL_BMULTSEL_enum_DREG_ADREG_0_connects_CED_CEAD_RSTD_GND  
grp_gdn_bf16_top_impl_fu_1036/grp_p_anonymous_namespace_phase4_update_state_tile_fu_2738/floatingpoint_mul_32ns_32ns_32ns_32ns_32_3_1_U1104/gdn_bf16_top_floatingpoint_mul_32ns_32ns_32ns_32ns_32_3_1_ip_u/U0/i_synth/MULT.OP/i_non_prim.R_AND_R/LAT_OPT.FULL.R_AND_R/DSP48E1_SGL_EXP_IP.OLD_ADD.ADD/i_no_versal_es1_workaround.DSP: DSP48E2 is not using the D port (AMULTSEL = A and BMULTSEL = B). For improved power characteristics, set DREG and ADREG to '1', tie CED, CEAD, and RSTD to logic '0'.
Related violations: <none>

AVAL-155#13 Advisory
enum_AMULTSEL_BMULTSEL_enum_DREG_ADREG_0_connects_CED_CEAD_RSTD_GND  
grp_gdn_bf16_top_impl_fu_1036/grp_p_anonymous_namespace_phase5_output_tile_fu_3521/grp_p_anonymous_namespace_phase5_output_tile_Pipeline_phase5_bf16_output_terms_fu_446/floatingpoint_mul_32ns_32ns_32ns_32ns_32_3_1_U1520/gdn_bf16_top_floatingpoint_mul_32ns_32ns_32ns_32ns_32_3_1_ip_u/U0/i_synth/MULT.OP/i_non_prim.MULT/DSP48E1_SPD_SGL_VARIANT.FIX_MULT/DSP1/i_no_versal_es1_workaround.DSP: DSP48E2 is not using the D port (AMULTSEL = A and BMULTSEL = B). For improved power characteristics, set DREG and ADREG to '1', tie CED, CEAD, and RSTD to logic '0'.
Related violations: <none>

AVAL-155#14 Advisory
enum_AMULTSEL_BMULTSEL_enum_DREG_ADREG_0_connects_CED_CEAD_RSTD_GND  
grp_gdn_bf16_top_impl_fu_1036/grp_p_anonymous_namespace_phase5_output_tile_fu_3521/grp_p_anonymous_namespace_phase5_output_tile_Pipeline_phase5_bf16_output_terms_fu_446/floatingpoint_mul_32ns_32ns_32ns_32ns_32_3_1_U1520/gdn_bf16_top_floatingpoint_mul_32ns_32ns_32ns_32ns_32_3_1_ip_u/U0/i_synth/MULT.OP/i_non_prim.MULT/DSP48E1_SPD_SGL_VARIANT.FIX_MULT/DSP2/i_no_versal_es1_workaround.DSP: DSP48E2 is not using the D port (AMULTSEL = A and BMULTSEL = B). For improved power characteristics, set DREG and ADREG to '1', tie CED, CEAD, and RSTD to logic '0'.
Related violations: <none>

AVAL-155#15 Advisory
enum_AMULTSEL_BMULTSEL_enum_DREG_ADREG_0_connects_CED_CEAD_RSTD_GND  
grp_gdn_bf16_top_impl_fu_1036/grp_p_anonymous_namespace_phase5_output_tile_fu_3521/grp_p_anonymous_namespace_phase5_output_tile_Pipeline_phase5_bf16_output_terms_fu_446/floatingpoint_mul_32ns_32ns_32ns_32ns_32_3_1_U1520/gdn_bf16_top_floatingpoint_mul_32ns_32ns_32ns_32ns_32_3_1_ip_u/U0/i_synth/MULT.OP/i_non_prim.R_AND_R/LAT_OPT.FULL.R_AND_R/DSP48E1_SGL_EXP_IP.OLD_ADD.ADD/i_no_versal_es1_workaround.DSP: DSP48E2 is not using the D port (AMULTSEL = A and BMULTSEL = B). For improved power characteristics, set DREG and ADREG to '1', tie CED, CEAD, and RSTD to logic '0'.
Related violations: <none>

AVAL-156#1 Advisory
enum_USE_MULT_NONE__enum_DREG_ADREG_0_connects_CED_CEAD_RSTD_GND  
grp_gdn_bf16_top_impl_fu_1036/grp_p_anonymous_namespace_phase2_decay_predict_tile_fu_2183/grp_p_anonymous_namespace_phase2_decay_predict_tile_Pipeline_phase2_bf16_decay_rows_p_fu_776/floatingpoint_mul_32ns_32ns_32ns_32ns_32_3_1_U184/gdn_bf16_top_floatingpoint_mul_32ns_32ns_32ns_32ns_32_3_1_ip_u/U0/i_synth/MULT.OP/i_non_prim.R_AND_R/LAT_OPT.FULL.R_AND_R/DSP48E1_SGL_EXP_IP.OLD_ADD.ADD/i_no_versal_es1_workaround.DSP: DSP48E2 is not using the Multiplier (USE_MULT = NONE). For improved power characteristics, set DREG and ADREG to '1', tie CED, CEAD, and RSTD to logic '0'.
Related violations: <none>

AVAL-156#2 Advisory
enum_USE_MULT_NONE__enum_DREG_ADREG_0_connects_CED_CEAD_RSTD_GND  
grp_gdn_bf16_top_impl_fu_1036/grp_p_anonymous_namespace_phase2_decay_predict_tile_fu_2183/grp_p_anonymous_namespace_phase2_decay_predict_tile_Pipeline_phase2_bf16_prediction_t_fu_1293/floatingpoint_mul_32ns_32ns_32ns_32ns_32_3_1_U464/gdn_bf16_top_floatingpoint_mul_32ns_32ns_32ns_32ns_32_3_1_ip_u/U0/i_synth/MULT.OP/i_non_prim.R_AND_R/LAT_OPT.FULL.R_AND_R/DSP48E1_SGL_EXP_IP.OLD_ADD.ADD/i_no_versal_es1_workaround.DSP: DSP48E2 is not using the Multiplier (USE_MULT = NONE). For improved power characteristics, set DREG and ADREG to '1', tie CED, CEAD, and RSTD to logic '0'.
Related violations: <none>

AVAL-156#3 Advisory
enum_USE_MULT_NONE__enum_DREG_ADREG_0_connects_CED_CEAD_RSTD_GND  
grp_gdn_bf16_top_impl_fu_1036/grp_p_anonymous_namespace_phase3_delta_tile_fu_2712/floatingpoint_mul_32ns_32ns_32ns_32ns_32_3_1_U1078/gdn_bf16_top_floatingpoint_mul_32ns_32ns_32ns_32ns_32_3_1_ip_u/U0/i_synth/MULT.OP/i_non_prim.R_AND_R/LAT_OPT.FULL.R_AND_R/DSP48E1_SGL_EXP_IP.OLD_ADD.ADD/i_no_versal_es1_workaround.DSP: DSP48E2 is not using the Multiplier (USE_MULT = NONE). For improved power characteristics, set DREG and ADREG to '1', tie CED, CEAD, and RSTD to logic '0'.
Related violations: <none>

AVAL-156#4 Advisory
enum_USE_MULT_NONE__enum_DREG_ADREG_0_connects_CED_CEAD_RSTD_GND  
grp_gdn_bf16_top_impl_fu_1036/grp_p_anonymous_namespace_phase4_update_state_tile_fu_2738/floatingpoint_mul_32ns_32ns_32ns_32ns_32_3_1_U1104/gdn_bf16_top_floatingpoint_mul_32ns_32ns_32ns_32ns_32_3_1_ip_u/U0/i_synth/MULT.OP/i_non_prim.R_AND_R/LAT_OPT.FULL.R_AND_R/DSP48E1_SGL_EXP_IP.OLD_ADD.ADD/i_no_versal_es1_workaround.DSP: DSP48E2 is not using the Multiplier (USE_MULT = NONE). For improved power characteristics, set DREG and ADREG to '1', tie CED, CEAD, and RSTD to logic '0'.
Related violations: <none>

AVAL-156#5 Advisory
enum_USE_MULT_NONE__enum_DREG_ADREG_0_connects_CED_CEAD_RSTD_GND  
grp_gdn_bf16_top_impl_fu_1036/grp_p_anonymous_namespace_phase5_output_tile_fu_3521/grp_p_anonymous_namespace_phase5_output_tile_Pipeline_phase5_bf16_output_terms_fu_446/floatingpoint_mul_32ns_32ns_32ns_32ns_32_3_1_U1520/gdn_bf16_top_floatingpoint_mul_32ns_32ns_32ns_32ns_32_3_1_ip_u/U0/i_synth/MULT.OP/i_non_prim.R_AND_R/LAT_OPT.FULL.R_AND_R/DSP48E1_SGL_EXP_IP.OLD_ADD.ADD/i_no_versal_es1_workaround.DSP: DSP48E2 is not using the Multiplier (USE_MULT = NONE). For improved power characteristics, set DREG and ADREG to '1', tie CED, CEAD, and RSTD to logic '0'.
Related violations: <none>


